11-15 14:07:24.403  1865  1963 D WIFI    : got request NetworkRequest [ BACKGROUND_REQUEST id=2, [ Transports: CELLULAR Capabilities: INTERNET&NOT_RESTRICTED&TRUSTED&NOT_VPN Unwanted: ] ] with score 50
11-15 14:07:24.403  1865  1963 D WIFI_UT : got request NetworkRequest [ REQUEST id=1, [ Capabilities: INTERNET&NOT_RESTRICTED&TRUSTED&NOT_VPN Unwanted: ] ] with score 50
11-15 14:07:24.403  1865  1963 D WIFI_UT : got request NetworkRequest [ TRACK_DEFAULT id=7, [ Capabilities: INTERNET&NOT_RESTRICTED&TRUSTED Unwanted:  Uid: 1000] ] with score 50
11-15 14:07:24.403  1865  1963 D WIFI_UT : got request NetworkRequest [ TRACK_DEFAULT id=9, [ Capabilities: INTERNET&NOT_RESTRICTED&TRUSTED Unwanted:  Uid: 10028] ] with score 50
11-15 14:07:24.403  1865  1963 D WIFI_UT : got request NetworkRequest [ BACKGROUND_REQUEST id=2, [ Transports: CELLULAR Capabilities: INTERNET&NOT_RESTRICTED&TRUSTED&NOT_VPN Unwanted: ] ] with score 50
11-15 14:07:24.404  1865  1879 E memtrack: Couldn't load memtrack module
11-15 14:07:24.404  1865  1879 W android.os.Debug: failed to get memory consumption info: -1
11-15 14:07:24.406  1865  1879 E memtrack: Couldn't load memtrack module
11-15 14:07:24.406  1865  1879 W android.os.Debug: failed to get memory consumption info: -1
11-15 14:07:24.407  1865  1879 E memtrack: Couldn't load memtrack module
11-15 14:07:24.407  1865  1879 W android.os.Debug: failed to get memory consumption info: -1
11-15 14:07:24.409  1865  1879 E memtrack: Couldn't load memtrack module
11-15 14:07:24.409  1865  1879 W android.os.Debug: failed to get memory consumption info: -1
11-15 14:07:24.410  1865  1879 E memtrack: Couldn't load memtrack module
11-15 14:07:24.410  1865  1879 W android.os.Debug: failed to get memory consumption info: -1
11-15 14:07:24.411  1865  1882 I ActivityManager: Start proc 2426:com.google.android.gms/u0a8 for service com.google.android.gms/.chimera.GmsIntentOperationService
11-15 14:07:24.412  1865  1879 E memtrack: Couldn't load memtrack module
11-15 14:07:24.412  1865  1879 W android.os.Debug: failed to get memory consumption info: -1
11-15 14:07:24.413  1865  1879 E memtrack: Couldn't load memtrack module
11-15 14:07:24.413  1865  1879 W android.os.Debug: failed to get memory consumption info: -1
11-15 14:07:24.414  1865  1879 E memtrack: Couldn't load memtrack module
11-15 14:07:24.414  1865  1879 W android.os.Debug: failed to get memory consumption info: -1
11-15 14:07:24.415  1865  1879 E memtrack: Couldn't load memtrack module
11-15 14:07:24.415  1865  1879 W android.os.Debug: failed to get memory consumption info: -1
11-15 14:07:24.417  1865  1879 E memtrack: Couldn't load memtrack module
11-15 14:07:24.417  1865  1879 W android.os.Debug: failed to get memory consumption info: -1
11-15 14:07:24.418  1865  1879 E memtrack: Couldn't load memtrack module
11-15 14:07:24.418  1865  1879 W android.os.Debug: failed to get memory consumption info: -1
11-15 14:07:24.420  1865  1879 E memtrack: Couldn't load memtrack module
11-15 14:07:24.420  1865  1879 W android.os.Debug: failed to get memory consumption info: -1
11-15 14:07:24.421  1865  1879 E memtrack: Couldn't load memtrack module
11-15 14:07:24.421  1865  1879 W android.os.Debug: failed to get memory consumption info: -1
11-15 14:07:24.422  1865  1879 E memtrack: Couldn't load memtrack module
11-15 14:07:24.422  1865  1879 W android.os.Debug: failed to get memory consumption info: -1
11-15 14:07:24.423  1865  1879 E memtrack: Couldn't load memtrack module
11-15 14:07:24.423  1865  1879 W android.os.Debug: failed to get memory consumption info: -1
11-15 14:07:24.424  1865  1879 E memtrack: Couldn't load memtrack module
11-15 14:07:24.425  1865  1879 W android.os.Debug: failed to get memory consumption info: -1
11-15 14:07:24.426  1865  1879 E memtrack: Couldn't load memtrack module
11-15 14:07:24.426  1865  1879 W android.os.Debug: failed to get memory consumption info: -1
11-15 14:07:24.427  1865  1879 E memtrack: Couldn't load memtrack module
11-15 14:07:24.427  1865  1879 W android.os.Debug: failed to get memory consumption info: -1
11-15 14:07:24.428  1865  1879 E memtrack: Couldn't load memtrack module
11-15 14:07:24.428  1865  1879 W android.os.Debug: failed to get memory consumption info: -1
11-15 14:07:24.429  1865  1879 E memtrack: Couldn't load memtrack module
11-15 14:07:24.430  1865  1879 W android.os.Debug: failed to get memory consumption info: -1
11-15 14:07:24.430  1865  1879 E memtrack: Couldn't load memtrack module
11-15 14:07:24.430  1865  1879 W android.os.Debug: failed to get memory consumption info: -1
11-15 14:07:24.431  1865  1879 E memtrack: Couldn't load memtrack module
11-15 14:07:24.431  1865  1879 W android.os.Debug: failed to get memory consumption info: -1
11-15 14:07:24.432  1865  1879 E memtrack: Couldn't load memtrack module
11-15 14:07:24.432  1865  1879 W android.os.Debug: failed to get memory consumption info: -1
11-15 14:07:24.433  1865  1879 E memtrack: Couldn't load memtrack module
11-15 14:07:24.433  1865  1879 W android.os.Debug: failed to get memory consumption info: -1
11-15 14:07:24.433  2426  2426 W gle.android.gm: Unexpected CPU variant for X86 using defaults: x86
11-15 14:07:24.434  1865  1879 E memtrack: Couldn't load memtrack module
11-15 14:07:24.434  1865  1879 W android.os.Debug: failed to get memory consumption info: -1
11-15 14:07:24.434  2426  2426 E gle.android.gm: Not starting debugger since process cannot load the jdwp agent.
11-15 14:07:24.437  1865  1879 E memtrack: Couldn't load memtrack module
11-15 14:07:24.437  1865  1879 W android.os.Debug: failed to get memory consumption info: -1
11-15 14:07:24.437  1865  1879 E memtrack: Couldn't load memtrack module
11-15 14:07:24.437  1865  1879 W android.os.Debug: failed to get memory consumption info: -1
11-15 14:07:24.439  1865  1879 E memtrack: Couldn't load memtrack module
11-15 14:07:24.439  1865  1879 W android.os.Debug: failed to get memory consumption info: -1
11-15 14:07:24.439  1865  1879 E memtrack: Couldn't load memtrack module
11-15 14:07:24.440  1865  1879 W android.os.Debug: failed to get memory consumption info: -1
11-15 14:07:24.440  1865  1879 E memtrack: Couldn't load memtrack module
11-15 14:07:24.440  1865  1879 W android.os.Debug: failed to get memory consumption info: -1
11-15 14:07:24.441  1865  1879 E memtrack: Couldn't load memtrack module
11-15 14:07:24.441  1865  1879 W android.os.Debug: failed to get memory consumption info: -1
11-15 14:07:24.445  1865  1879 E memtrack: Couldn't load memtrack module
11-15 14:07:24.445  1865  1879 W android.os.Debug: failed to get memory consumption info: -1
11-15 14:07:24.453  2426  2426 I gle.android.gm: The ClassLoaderContext is a special shared library.
11-15 14:07:24.454  2426  2426 I chatty  : uid=10008(com.google.android.gms) identical 1 line
11-15 14:07:24.455  2426  2426 I gle.android.gm: The ClassLoaderContext is a special shared library.
11-15 14:07:24.455  1865  1879 E memtrack: Couldn't load memtrack module
11-15 14:07:24.455  1865  1879 W android.os.Debug: failed to get memory consumption info: -1
11-15 14:07:24.458  1865  1879 E memtrack: Couldn't load memtrack module
11-15 14:07:24.458  1865  1879 W android.os.Debug: failed to get memory consumption info: -1
11-15 14:07:24.460  1865  1879 E memtrack: Couldn't load memtrack module
11-15 14:07:24.460  1865  1879 W android.os.Debug: failed to get memory consumption info: -1
11-15 14:07:24.461  1865  1879 E memtrack: Couldn't load memtrack module
11-15 14:07:24.461  1865  1879 W android.os.Debug: failed to get memory consumption info: -1
11-15 14:07:24.462  1865  1879 E memtrack: Couldn't load memtrack module
11-15 14:07:24.463  1865  1879 W android.os.Debug: failed to get memory consumption info: -1
11-15 14:07:24.464  1865  1879 E memtrack: Couldn't load memtrack module
11-15 14:07:24.464  1865  1879 W android.os.Debug: failed to get memory consumption info: -1
11-15 14:07:24.466  1865  1879 E memtrack: Couldn't load memtrack module
11-15 14:07:24.466  1865  1879 W android.os.Debug: failed to get memory consumption info: -1
11-15 14:07:24.468  1865  1879 E memtrack: Couldn't load memtrack module
11-15 14:07:24.468  1865  1879 W android.os.Debug: failed to get memory consumption info: -1
11-15 14:07:24.470  1865  1879 E memtrack: Couldn't load memtrack module
11-15 14:07:24.470  1865  1879 W android.os.Debug: failed to get memory consumption info: -1
11-15 14:07:24.470  2426  2426 E ActivityThread: Failed to find provider info for com.google.android.gsf.gservices
11-15 14:07:24.473  1865  1879 E memtrack: Couldn't load memtrack module
11-15 14:07:24.473  1865  1879 W android.os.Debug: failed to get memory consumption info: -1
11-15 14:07:24.475  1865  1879 E memtrack: Couldn't load memtrack module
11-15 14:07:24.475  1865  1879 W android.os.Debug: failed to get memory consumption info: -1
11-15 14:07:24.476  1865  1879 E memtrack: Couldn't load memtrack module
11-15 14:07:24.476  1865  1879 W android.os.Debug: failed to get memory consumption info: -1
11-15 14:07:24.477  2426  2426 W DirectBootExitBR: User is in direct boot mode.
11-15 14:07:24.477  1865  1879 E memtrack: Couldn't load memtrack module
11-15 14:07:24.477  1865  1879 W android.os.Debug: failed to get memory consumption info: -1
11-15 14:07:24.478  1865  1879 E memtrack: Couldn't load memtrack module
11-15 14:07:24.478  1865  1879 W android.os.Debug: failed to get memory consumption info: -1
11-15 14:07:24.481  1865  1879 E memtrack: Couldn't load memtrack module
11-15 14:07:24.481  1865  1879 W android.os.Debug: failed to get memory consumption info: -1
11-15 14:07:24.482  2426  2426 W DynamiteModule: Local module descriptor class for providerinstaller not found.
11-15 14:07:24.482  1865  1879 E memtrack: Couldn't load memtrack module
11-15 14:07:24.482  1865  1879 W android.os.Debug: failed to get memory consumption info: -1
11-15 14:07:24.484  1865  1879 E memtrack: Couldn't load memtrack module
11-15 14:07:24.484  1865  1879 W android.os.Debug: failed to get memory consumption info: -1
11-15 14:07:24.484  1865  1879 E memtrack: Couldn't load memtrack module
11-15 14:07:24.484  1865  1879 W android.os.Debug: failed to get memory consumption info: -1
11-15 14:07:24.485  1865  1879 E memtrack: Couldn't load memtrack module
11-15 14:07:24.485  1865  1879 W android.os.Debug: failed to get memory consumption info: -1
11-15 14:07:24.486  1865  1879 E memtrack: Couldn't load memtrack module
11-15 14:07:24.486  1865  1879 W android.os.Debug: failed to get memory consumption info: -1
11-15 14:07:24.486  2426  2426 W ProviderHelper: Unknown dynamite feature providerinstaller
11-15 14:07:24.486  1865  1879 E memtrack: Couldn't load memtrack module
11-15 14:07:24.486  1865  1879 W android.os.Debug: failed to get memory consumption info: -1
11-15 14:07:24.487  1865  1879 E memtrack: Couldn't load memtrack module
11-15 14:07:24.487  1865  1879 W android.os.Debug: failed to get memory consumption info: -1
11-15 14:07:24.487  2426  2426 I DynamiteModule: Considering local module providerinstaller:0 and remote module providerinstaller:0
11-15 14:07:24.487  2426  2426 W ProviderInstaller: Failed to load providerinstaller module: No acceptable module found. Local version is 0 and remote version is 0.
11-15 14:07:24.487  1865  1879 E memtrack: Couldn't load memtrack module
11-15 14:07:24.487  1865  1879 W android.os.Debug: failed to get memory consumption info: -1
11-15 14:07:24.488  1865  1879 E memtrack: Couldn't load memtrack module
11-15 14:07:24.488  1865  1879 W android.os.Debug: failed to get memory consumption info: -1
11-15 14:07:24.489  1865  1879 E memtrack: Couldn't load memtrack module
11-15 14:07:24.489  1865  1879 W android.os.Debug: failed to get memory consumption info: -1
11-15 14:07:24.489  1865  1879 E memtrack: Couldn't load memtrack module
11-15 14:07:24.489  1865  1879 W android.os.Debug: failed to get memory consumption info: -1
11-15 14:07:24.490  2426  2426 V NativeCrypto: Registering com/google/android/gms/org/conscrypt/NativeCrypto's 286 native methods...
11-15 14:07:24.490  1865  1879 E memtrack: Couldn't load memtrack module
11-15 14:07:24.490  1865  1879 W android.os.Debug: failed to get memory consumption info: -1
11-15 14:07:24.492  1865  1879 E memtrack: Couldn't load memtrack module
11-15 14:07:24.492  1865  1879 W android.os.Debug: failed to get memory consumption info: -1
11-15 14:07:24.497  2426  2426 D NetworkSecurityConfig: Using Network Security Config from resource network_security_config debugBuild: false
11-15 14:07:24.498  2426  2426 I ProviderInstaller: Installed default security provider GmsCore_OpenSSL
11-15 14:07:24.500  2426  2426 I Safeboot: Checking safeboot...
11-15 14:07:24.500  2426  2426 I Safeboot: Not entering safeboot; wrong process.
11-15 14:07:24.501  1865  1879 E memtrack: Couldn't load memtrack module
11-15 14:07:24.502  1865  1879 W android.os.Debug: failed to get memory consumption info: -1
11-15 14:07:24.502  1865  1879 E memtrack: Couldn't load memtrack module
11-15 14:07:24.503  1865  1879 W android.os.Debug: failed to get memory consumption info: -1
11-15 14:07:24.503  1865  1879 E memtrack: Couldn't load memtrack module
11-15 14:07:24.503  1865  1879 W android.os.Debug: failed to get memory consumption info: -1
11-15 14:07:24.502  2426  2426 I chatty  : uid=10008(com.google.android.gms) identical 26 lines
11-15 14:07:24.503  2426  2426 E ActivityThread: Failed to find provider info for com.google.android.gsf.gservices
11-15 14:07:24.503  2426  2445 E ActivityThread: Failed to find provider info for com.google.android.gsf.gservices
11-15 14:07:24.507  2426  2445 I chatty  : uid=10008(com.google.android.gms) identical 8 lines
11-15 14:07:24.508  2426  2445 E ActivityThread: Failed to find provider info for com.google.android.gsf.gservices
11-15 14:07:24.508  2426  2426 E ActivityThread: Failed to find provider info for com.google.android.gsf.gservices
11-15 14:07:24.514  1865  1879 E memtrack: Couldn't load memtrack module
11-15 14:07:24.514  1865  1879 W android.os.Debug: failed to get memory consumption info: -1
11-15 14:07:24.524  1865  1879 E memtrack: Couldn't load memtrack module
11-15 14:07:24.524  1865  1879 W android.os.Debug: failed to get memory consumption info: -1
11-15 14:07:24.531  2426  2426 W Primes  : Primes not initialized, returning default (no-op) Primes instance which will ignore all calls. Please call Primes.initialize(...) before using any Primes API.
11-15 14:07:24.531  2426  2426 I chatty  : uid=10008(com.google.android.gms) identical 32 lines
11-15 14:07:24.531  2426  2426 E ActivityThread: Failed to find provider info for com.google.android.gsf.gservices
11-15 14:07:24.532  1865  1886 W Looper  : Slow dispatch took 164ms android.fg h=com.android.server.usb.UsbDeviceManager$UsbHandlerLegacy c=null m=4
11-15 14:07:24.532  1563  1567 D vold    : e4crypt_prepare_user_storage for volume null, user 0, serial 0, flags 2
11-15 14:07:24.533  1563  1567 D vold    : Preparing: /data/system_ce/0
11-15 14:07:24.533  1563  1567 D vold    : Preparing: /data/misc_ce/0
11-15 14:07:24.533  1563  1567 D vold    : Preparing: /data/vendor_ce/0
11-15 14:07:24.533  1563  1567 D vold    : Preparing: /data/media/0
11-15 14:07:24.533  1563  1567 D vold    : Preparing: /data/data
11-15 14:07:24.533  1563  1567 V vold    : Starting restorecon of /data/system_ce/0
11-15 14:07:24.534  1865  1879 E memtrack: Couldn't load memtrack module
11-15 14:07:24.534  1865  1879 W android.os.Debug: failed to get memory consumption info: -1
11-15 14:07:24.537  2426  2426 E ActivityThread: Failed to find provider info for com.google.android.gsf.gservices
11-15 14:07:24.546  1865  1879 E memtrack: Couldn't load memtrack module
11-15 14:07:24.546  1865  1879 W android.os.Debug: failed to get memory consumption info: -1
11-15 14:07:24.541  2426  2426 I chatty  : uid=10008(com.google.android.gms) identical 1 line
11-15 14:07:24.551  2426  2426 E ActivityThread: Failed to find provider info for com.google.android.gsf.gservices
11-15 14:07:24.556  2426  2450 E ActivityThread: Failed to find provider info for com.google.android.gsf.gservices
11-15 14:07:24.556  1865  1879 E memtrack: Couldn't load memtrack module
11-15 14:07:24.556  1865  1879 W android.os.Debug: failed to get memory consumption info: -1
11-15 14:07:24.560  1563  1567 V vold    : Finished restorecon of /data/system_ce/0
11-15 14:07:24.560  1563  1567 V vold    : Starting restorecon of /data/misc_ce/0
11-15 14:07:24.561  2426  2452 E ActivityThread: Failed to find provider info for com.google.android.gsf.gservices
11-15 14:07:24.569  1865  1879 E memtrack: Couldn't load memtrack module
11-15 14:07:24.569  1865  1879 W android.os.Debug: failed to get memory consumption info: -1
11-15 14:07:24.580  1865  1879 E memtrack: Couldn't load memtrack module
11-15 14:07:24.580  1865  1879 W android.os.Debug: failed to get memory consumption info: -1
11-15 14:07:24.610  1563  1567 V vold    : Finished restorecon of /data/misc_ce/0
11-15 14:07:24.610  1563  1567 V vold    : /system/bin/vold_prepare_subdirs
11-15 14:07:24.610  1563  1567 V vold    :     prepare
11-15 14:07:24.610  1563  1567 V vold    :     
11-15 14:07:24.610  1563  1567 V vold    :     0
11-15 14:07:24.610  1563  1567 V vold    :     2
11-15 14:07:24.621  2426  2452 E ActivityThread: Failed to find provider info for com.google.android.gsf.gservices
11-15 14:07:24.621  2454  2454 I adbd    : Calling send_auth_request...
11-15 14:07:24.622  2426  2452 E GservicesValue: Gservices key not whitelisted for directboot access: gms:chimera:dev_module_blacklist
11-15 14:07:24.624  1563  1567 I vold_prepare_subdirs: SELinux: Loaded file_contexts
11-15 14:07:24.626  2455  2455 D vold_prepare_subdirs: Setting up mode 700 uid 0 gid 0 context u:object_r:vold_data_file:s0 on path: /data/misc_ce/0/vold
11-15 14:07:24.627  2426  2452 I GmsModuleFndr: Beginning GMS chimera module scan
11-15 14:07:24.628  2455  2455 D vold_prepare_subdirs: Setting up mode 700 uid 0 gid 0 context u:object_r:storaged_data_file:s0 on path: /data/misc_ce/0/storaged
11-15 14:07:24.628  2454  2454 I adbd    : Loading keys from /data/misc/adb/adb_keys
11-15 14:07:24.625  2426  2452 I chatty  : uid=10008(com.google.android.gms) identical 4 lines
11-15 14:07:24.627  2426  2452 E ActivityThread: Failed to find provider info for com.google.android.gsf.gservices
11-15 14:07:24.629  1865  1886 V UserDataPreparer: Found /data/user/0 with serial number 0
11-15 14:07:24.629  1865  1886 V UserDataPreparer: Found /data/system_ce/0 with serial number 0
11-15 14:07:24.629  1865  1886 D UserDataPreparer: Setting property: sys.user.0.ce_available=true
11-15 14:07:24.629  1865  1886 V PackageManager: reconcileAppsData for null u0 0x2 migrateAppData=false
11-15 14:07:24.630  2454  2454 I adbd    : adb client authorized
11-15 14:07:24.633  1865  1879 E memtrack: Couldn't load memtrack module
11-15 14:07:24.633  1865  1879 W android.os.Debug: failed to get memory consumption info: -1
11-15 14:07:24.647  1865  1879 E memtrack: Couldn't load memtrack module
11-15 14:07:24.647  1865  1879 W android.os.Debug: failed to get memory consumption info: -1
11-15 14:07:24.667  2426  2452 I ModuleSetMgr: Computing pending module set with APKs: [file:///data/app/com.google.android.gms-KiP97V5qtyjJeeEuoYGIzw%3D%3D/base.apk, zapp:/AdsFdrDynamite.integ/21001000000, zapp:/Payments.integ/19677002000700, zapp:/PaymentsDynamite.integ/19677002000700, zapp:/VisionFace.optional/19629000700, zapp:/VisionOcr.optional/19629000700]
11-15 14:07:24.668  2426  2452 E ActivityThread: Failed to find provider info for com.google.android.gsf.gservices
11-15 14:07:24.673  1865  1879 E memtrack: Couldn't load memtrack module
11-15 14:07:24.673  1865  1879 W android.os.Debug: failed to get memory consumption info: -1
11-15 14:07:24.675  1728  1941 W cutils  : Expected path /data/data/com.google.android.gms with mode 700 but found 711
11-15 14:07:24.671  2426  2452 I chatty  : uid=10008(com.google.android.gms) identical 6 lines
11-15 14:07:24.671  2426  2452 E ActivityThread: Failed to find provider info for com.google.android.gsf.gservices
11-15 14:07:24.697  1865  1886 V PackageManager: reconcileAppsData finished 109 packages
11-15 14:07:24.697  1865  1886 I ActivityManager: User 0 state changed from RUNNING_LOCKED to RUNNING_UNLOCKING
11-15 14:07:24.697  1865  1886 D ActivityManager: Unlocking user 0 progress 20
11-15 14:07:24.698  1865  1880 I SystemServiceManager: Calling onUnlockUser u0
11-15 14:07:24.700  1865  1886 W Looper  : Slow dispatch took 167ms android.fg h=android.os.Handler c=com.android.server.am.-$$Lambda$UserController$o6oQFjGYYIfx-I94cSakTLPLt6s@f49b9e3 m=0
11-15 14:07:24.700  1865  1886 W Looper  : Slow delivery took 312ms android.fg h=com.android.server.AppStateTracker$MyHandler c=null m=11
11-15 14:07:24.701  1865  1880 D StorageManagerService: onUnlockUser 0
11-15 14:07:24.701  1563  1567 D vold    : Linking /storage/emulated/0 to /mnt/user/0/primary
11-15 14:07:24.703  1865  1955 D StorageManagerService: Volume public:253,80 broadcasting mounted to UserHandle{0}
11-15 14:07:24.703  1865  1955 D StorageManagerService: Volume emulated broadcasting mounted to UserHandle{0}
11-15 14:07:24.704  1865  1886 W Looper  : Drained
11-15 14:07:24.837  2426  2452 I ModuleSetMgr: Pending container Zapp APKs: [zapp:/VisionFace.optional/19629000700, zapp:/VisionOcr.optional/19629000700]
11-15 14:07:24.837  2426  2452 I ModuleSetMgr: Pending non-container Zapp APKs: [zapp:/AdsFdrDynamite.integ/21001000000, zapp:/Payments.integ/19677002000700, zapp:/PaymentsDynamite.integ/19677002000700]
11-15 14:07:24.868  1865  1882 I ActivityManager: Start proc 2465:com.google.process.gservices/u0a8 for content provider com.google.android.gsf/.gservices.GservicesProvider
11-15 14:07:24.870  2465  2465 W ocess.gservice: Unexpected CPU variant for X86 using defaults: x86
11-15 14:07:24.872  2465  2465 E ocess.gservice: Not starting debugger since process cannot load the jdwp agent.
11-15 14:07:24.895  2465  2465 I ocess.gservice: The ClassLoaderContext is a special shared library.
11-15 14:07:24.905  2465  2465 I ocess.gservice: The ClassLoaderContext is a special shared library.
11-15 14:07:24.926  2465  2465 I GservicesProvider: Gservices pushing to system: true; secure/global: true
11-15 14:07:24.937  1865  1880 W SystemServiceManager: Service com.android.server.TextServicesManagerService$Lifecycle took 233 ms in onUnlockUser 
11-15 14:07:24.939  1865  1963 D WifiConfigStore: Reading from user store completed in 2 ms.
11-15 14:07:24.939  1865  1963 D WakeupConfigStoreData: WifiWake user data has been read
11-15 14:07:24.943  1865  2480 V BackupManagerService: Starting with transport com.google.android.gms/.backup.BackupTransportService
11-15 14:07:24.949  1865  2480 I SELinux : SELinux: Loaded file_contexts
11-15 14:07:24.950  1865  1963 D WifiConfigStore: Writing to stores completed in 10 ms.
11-15 14:07:24.951  1865  2480 E BackupPasswordManager: Unable to read backup pw version
11-15 14:07:24.951  1865  2480 E BackupPasswordManager: Unable to read saved backup pw hash
11-15 14:07:24.953  1865  2480 V BackupManagerService: No ancestral data
11-15 14:07:24.960  1865  2480 I BackupManagerService: Unlocking system user; mService=com.android.server.backup.BackupManagerService@8d4351a
11-15 14:07:24.961  1865  2480 I BackupManagerService: Backup enabled => false
11-15 14:07:24.975  1865  2480 V BackupManagerConstants: getKeyValueBackupIntervalMilliseconds(...) returns 14400000
11-15 14:07:24.975  1865  2480 V BackupManagerConstants: getKeyValueBackupFuzzMilliseconds(...) returns 600000
11-15 14:07:24.975  1865  2480 V BackupManagerConstants: getKeyValueBackupRequiredNetworkType(...) returns 1
11-15 14:07:24.975  1865  2480 V BackupManagerConstants: getKeyValueBackupRequireCharging(...) returns true
11-15 14:07:24.975  1865  2480 V KeyValueBackupJob: Scheduling k/v pass in 246 minutes
11-15 14:07:24.995  1865  1880 W SystemServiceManager: Service com.android.server.voiceinteraction.VoiceInteractionManagerService took 54 ms in onUnlockUser 
11-15 14:07:25.001  1865  1880 I ActivityManager: User 0 state changed from RUNNING_UNLOCKING to RUNNING_UNLOCKED
11-15 14:07:25.001  1865  1880 D SystemServerTiming: SystemUserUnlock took to complete: 621ms
11-15 14:07:25.013  1865  1880 V ActivityManager: Skipping ContentProviderInfo{name=com.google.android.gms.fileprovider className=com.google.android.gms.common.app.GmsFileProvider}
11-15 14:07:25.015  2482  2482 W hbox:interacto: Unexpected CPU variant for X86 using defaults: x86
11-15 14:07:25.016  1865  1880 V ActivityManager: Skipping ContentProviderInfo{name=com.google.android.gms.appstate className=com.google.android.gms.appstate.provider.AppStateContentProvider}
11-15 14:07:25.016  1865  1880 V ActivityManager: Installing ContentProviderInfo{name=com.google.android.gms.auth.accountstate className=com.google.android.gms.auth.account.be.accountstate.AccountStateContentProvider}
11-15 14:07:25.017  1865  1880 V ActivityManager: Installing ContentProviderInfo{name=com.google.android.gms.auth.confirm className=com.google.android.gms.auth.account.be.accountstate.CredentialStateContentProvider}
11-15 14:07:25.017  1865  1880 V ActivityManager: Installing ContentProviderInfo{name=com.google.android.gms.auth.accounts className=com.google.android.gms.auth.account.be.legacy.AccountContentProvider}
11-15 14:07:25.017  1865  1880 V ActivityManager: Skipping ContentProviderInfo{name=com.google.android.gms.auth.proximity.multidevice.settings.provider className=com.google.android.gms.auth.proximity.multidevice.SettingsContentProvider}
11-15 14:07:25.017  1865  1880 V ActivityManager: Skipping ContentProviderInfo{name=com.google.android.location.drivingmode.provider;com.google.android.gms.carsetup.drivingmode.provider className=com.google.android.gms.carsetup.DrivingModeProvider}
11-15 14:07:25.017  1865  1880 V ActivityManager: Skipping ContentProviderInfo{name=com.google.android.gms.chromesync className=com.google.android.gms.chromesync.sync.SyncContentProvider}
11-15 14:07:25.017  1865  1880 V ActivityManager: Skipping ContentProviderInfo{name=com.google.android.gms.download className=com.google.android.gms.common.download.provider.DownloadsProvider}
11-15 14:07:25.018  1865  1880 V ActivityManager: Skipping ContentProviderInfo{name=com.google.android.gms.common.stats.net.contentprovider className=com.google.android.gms.common.stats.net.contentprovider.NetworkUsageContentProvider}
11-15 14:07:25.018  1865  1880 V ActivityManager: Skipping ContentProviderInfo{name=com.google.android.gms className=com.google.android.gms.app.search.GmsSearchIndexablesProvider}
11-15 14:07:25.022  1865  1880 V ActivityManager: Skipping ContentProviderInfo{name=com.google.android.gms.drive.sync className=com.google.android.gms.drive.metadata.sync.syncadapter.StubContentProvider}
11-15 14:07:25.022  1865  1880 V ActivityManager: Installing ContentProviderInfo{name=com.google.android.gms.fitness className=com.google.android.gms.fitness.sync.FitnessContentProvider}
11-15 14:07:25.022  1865  1880 V ActivityManager: Skipping ContentProviderInfo{name=com.google.android.gms.fonts className=com.google.android.gms.fonts.provider.FontsProvider}
11-15 14:07:25.022  1865  1880 V ActivityManager: Skipping ContentProviderInfo{name=com.google.android.gms.games.background className=com.google.android.gms.games.chimera.GamesContentProviderProxy}
11-15 14:07:25.022  1865  1880 V ActivityManager: Skipping ContentProviderInfo{name=com.google.android.gms.games className=com.google.android.gms.games.provider.NotificationStubContentProvider}
11-15 14:07:25.022  1865  1880 V ActivityManager: Skipping ContentProviderInfo{name=com.google.android.gms.icing.indexapi className=com.google.android.gms.icing.indexapi.IndexApiContentProvider}
11-15 14:07:25.022  1865  1880 V ActivityManager: Skipping ContentProviderInfo{name=com.google.android.gms.icing.proxy.sms className=com.google.android.gms.icing.proxy.SmsContentProvider}
11-15 14:07:25.022  1865  1880 V ActivityManager: Skipping ContentProviderInfo{name=com.google.android.gms.icing.proxy.apps className=com.google.android.gms.icing.proxy.AppsContentProvider}
11-15 14:07:25.022  1865  1880 V ActivityManager: Skipping ContentProviderInfo{name=com.google.android.gms.icing.proxy className=com.google.android.gms.icing.proxy.InternalIcingCorporaProvider}
11-15 14:07:25.022  1865  1880 V ActivityManager: Installing ContentProviderInfo{name=com.google.android.gms.instantapps.provider.api className=com.google.android.gms.instantapps.routing.InstantAppsContentProvider}
11-15 14:07:25.022  1865  1880 V ActivityManager: Installing ContentProviderInfo{name=com.google.android.gms.location.preferences className=com.google.android.gms.location.preferences.LocationPreferencesContentProvider}
11-15 14:07:25.022  1865  1880 V ActivityManager: Installing ContentProviderInfo{name=com.google.android.location.internal className=com.google.android.location.internal.LocationContentProvider}
11-15 14:07:25.024  1865  1880 V ActivityManager: Installing ContentProviderInfo{name=com.google.android.location.reporting className=com.google.android.location.reporting.service.utils.ReportingContentProvider}
11-15 14:07:25.025  1865  1880 V ActivityManager: Skipping ContentProviderInfo{name=com.google.android.gms.matchstick.dataprovider className=com.google.android.gms.matchstick.data.DatabaseProvider}
11-15 14:07:25.026  2482  2482 E hbox:interacto: Not starting debugger since process cannot load the jdwp agent.
11-15 14:07:25.026  1865  1865 W InputMethodManagerService: Illegal subtype state: old subtype = null, new subtype = android.view.inputmethod.InputMethodSubtype@70bfcd7e
11-15 14:07:25.026  1865  1880 V ActivityManager: Skipping ContentProviderInfo{name=com.google.android.gms.matchstick.appdataprovider className=com.google.android.gms.matchstick.data.AppDataProvider}
11-15 14:07:25.026  1865  1880 V ActivityManager: Skipping ContentProviderInfo{name=com.google.android.gms.lighter.data className=com.google.android.gms.matchstick.data.LighterContentProvider}
11-15 14:07:25.026  1865  1880 V ActivityManager: Skipping ContentProviderInfo{name=com.google.android.gms.update.phone className=com.google.android.gms.update.OtaSuggestionSummaryProvider}
11-15 14:07:25.026  1865  1880 V ActivityManager: Skipping ContentProviderInfo{name=com.google.android.gms.people className=com.google.android.gms.people.service.PeopleContentProvider}
11-15 14:07:25.027  1865  1880 V ActivityManager: Skipping ContentProviderInfo{name=com.google.android.gms.plus;com.google.android.gms.plus.action className=com.google.android.gms.plus.provider.PlusProvider}
11-15 14:07:25.027  1865  1880 V ActivityManager: Skipping ContentProviderInfo{name=com.google.android.gms.reminders className=com.google.android.gms.reminders.provider.RemindersProvider}
11-15 14:07:25.027  1865  1880 V ActivityManager: Installing ContentProviderInfo{name=com.google.android.gms.security.provider className=com.google.android.gms.security.provider.SecurityProvider}
11-15 14:07:25.027  1865  1880 V ActivityManager: Skipping ContentProviderInfo{name=com.google.android.gms.subscribedfeeds className=com.google.android.gms.subscribedfeeds.GmsSubscribedFeedsProvider}
11-15 14:07:25.027  1865  1880 V ActivityManager: Skipping ContentProviderInfo{name=com.google.android.gms.thunderbird.config className=com.google.android.gms.thunderbird.config.EmergencyConfigContentProvider}
11-15 14:07:25.028  1865  1880 V ActivityManager: Skipping ContentProviderInfo{name=com.google.android.gms.thunderbird.settings className=com.google.android.gms.thunderbird.settings.ThunderbirdSettingsContentProvider}
11-15 14:07:25.028  1865  1880 V ActivityManager: Installing ContentProviderInfo{name=com.google.android.gms.trustagent.framework.model.be.provider className=com.google.android.gms.trustagent.framework.model.be.ModelContentProvider}
11-15 14:07:25.029  1865  1880 V ActivityManager: Skipping ContentProviderInfo{name=com.google.android.gms.wallet className=com.google.android.gms.wallet.setupwizard.PaymentsSetupWizardSuggestionStateProvider}
11-15 14:07:25.029  1865  1880 V ActivityManager: Skipping ContentProviderInfo{name=com.google.android.gms.chimera.container.sharedmoduleprovider className=com.google.android.gms.chimera.container.SharedModuleProvider}
11-15 14:07:25.029  1865  1880 V ActivityManager: Installing ContentProviderInfo{name=com.google.android.gms.lifecycle-process className=android.arch.lifecycle.ProcessLifecycleOwnerInitializer}
11-15 14:07:25.029  1865  1880 V ActivityManager: Installing ContentProviderInfo{name=com.google.android.dialer.cacheprovider className=com.google.android.apps.dialer.phonenumbercache.PhoneNumberCacheProvider}
11-15 14:07:25.029  1865  1880 V ActivityManager: Installing ContentProviderInfo{name=com.google.android.dialer.blocking.filterednumberprovider className=com.android.dialer.blocking.FilteredNumberProvider}
11-15 14:07:25.030  1865  1880 V ActivityManager: Installing ContentProviderInfo{name=com.google.android.dialer.files className=android.support.v4.content.FileProvider}
11-15 14:07:25.031  1865  1880 V ActivityManager: Installing ContentProviderInfo{name=com.google.android.dialer.annotatedcalllog className=com.android.dialer.calllog.database.AnnotatedCallLogContentProvider}
11-15 14:07:25.031  1865  1880 V ActivityManager: Installing ContentProviderInfo{name=com.google.android.dialer.phonelookuphistory className=com.android.dialer.phonelookup.database.PhoneLookupHistoryContentProvider}
11-15 14:07:25.031  1865  1880 V ActivityManager: Installing ContentProviderInfo{name=com.google.android.dialer.preferredsimfallback className=com.android.dialer.preferredsim.impl.PreferredSimFallbackProvider}
11-15 14:07:25.032  1865  1865 W Looper  : Slow dispatch took 331ms main h=android.os.Handler c=null m=5000
11-15 14:07:25.032  1865  1880 V ActivityManager: Installing ContentProviderInfo{name=contacts;com.android.contacts className=com.android.providers.contacts.ContactsProvider2}
11-15 14:07:25.032  1865  1880 V ActivityManager: Installing ContentProviderInfo{name=call_log className=com.android.providers.contacts.CallLogProvider}
11-15 14:07:25.032  1865  1880 V ActivityManager: Installing ContentProviderInfo{name=com.android.voicemail className=com.android.providers.contacts.VoicemailContentProvider}
11-15 14:07:25.032  1865  1880 V ActivityManager: Installing ContentProviderInfo{name=com.android.contacts.metadata className=com.android.providers.contacts.ContactMetadataProvider}
11-15 14:07:25.032  1865  1880 V ActivityManager: Installing ContentProviderInfo{name=com.android.contacts.dumpfile className=com.android.providers.contacts.debug.DumpFileProvider}
11-15 14:07:25.033  1865  1880 V ActivityManager: Installing ContentProviderInfo{name=com.google.android.inputmethod.latin.fileprovider className=com.google.android.libraries.inputmethod.fileprovider.CrashResistantFileProvider}
11-15 14:07:25.034  1865  1880 V ActivityManager: Installing ContentProviderInfo{name=com.google.android.inputmethod.latin className=com.google.android.apps.inputmethod.latin.preference.SettingsSearchIndexablesProvider}
11-15 14:07:25.034  1865  1880 V ActivityManager: Installing ContentProviderInfo{name=com.google.android.inputmethod.latin.clipboard_content className=com.google.android.apps.inputmethod.libs.clipboard.ClipboardContentProvider}
11-15 14:07:25.034  1865  1880 V ActivityManager: Skipping ContentProviderInfo{name=com.google.android.inputmethod.latin.dvrnn.trainingservice.provider className=com.google.android.apps.inputmethod.libs.dvrnn.trainingservice.ProcessNameInitializerContentProvider}
11-15 14:07:25.034  1865  1880 V ActivityManager: Installing ContentProviderInfo{name=com.google.android.inputmethod.latin.expressivestickers.megamodefileprovider className=com.google.android.libraries.stickers.megamode.MegamodeFileProvider}
11-15 14:07:25.035  1865  1880 I ActivityManager: Sending BOOT_COMPLETE user #0
11-15 14:07:25.035  1865  1882 I ActivityManager: Start proc 2482:com.google.android.googlequicksearchbox:interactor/u0a39 for service com.google.android.googlequicksearchbox/com.google.android.voiceinteraction.GsaVoiceInteractionService
11-15 14:07:25.040  2115  2115 D CarrierSvcBindHelper: Received android.intent.action.USER_UNLOCKED
11-15 14:07:25.050  1865  1865 W Looper  : Slow delivery took 329ms main h=android.os.Handler c=com.android.server.locksettings.LockSettingsService$1@1784a3b m=0
11-15 14:07:25.061  2126  2126 D FallbackHome: User unlocked and real home found; let's go!
11-15 14:07:25.061  1865  1882 I ActivityManager: Start proc 2498:com.android.se/1068 for added application com.android.se
11-15 14:07:25.062  2498  2498 W com.android.se: Unexpected CPU variant for X86 using defaults: x86
11-15 14:07:25.077  2115  2115 D CarrierSvcBindHelper: No carrier app for: 0
11-15 14:07:25.077  2115  2115 D IntentBroadcaster: Rebroadcasting intent android.intent.action.SIM_STATE_CHANGED LOADED for slotId 0
11-15 14:07:25.080  2498  2498 E com.android.se: Not starting debugger since process cannot load the jdwp agent.
11-15 14:07:25.098  1992  1992 W putmethod.lati: Accessing hidden method Landroid/os/storage/StorageManager;->inCryptKeeperBounce()Z (dark greylist, reflection)
11-15 14:07:25.101  1865  1865 W NotificationListeners: Not binding notification listener service ComponentInfo{com.google.android.apps.restore/com.google.android.apps.pixelmigrate.component.NotificationConsolidatorService}: service not found
11-15 14:07:25.101  1865  1865 V NotificationAssistants: disabling notification assistant for user 0: ComponentInfo{com.google.android.ext.services/android.ext.services.notification.Assistant}
11-15 14:07:25.101  1865  1865 D NotificationListeners: Removing active service ComponentInfo{com.google.android.ext.services/android.ext.services.notification.Assistant}
11-15 14:07:25.105  1992  1992 W UserUnlockMonitor: Cannot find StorageManager.inCryptKeeperBounce()
11-15 14:07:25.105  1992  1992 W UserUnlockMonitor: java.lang.NoSuchMethodException: inCryptKeeperBounce []
11-15 14:07:25.105  1992  1992 W UserUnlockMonitor: 	at java.lang.Class.getMethod(Class.java:2068)
11-15 14:07:25.105  1992  1992 W UserUnlockMonitor: 	at java.lang.Class.getMethod(Class.java:1690)
11-15 14:07:25.105  1992  1992 W UserUnlockMonitor: 	at khl.b(PG:10)
11-15 14:07:25.105  1992  1992 W UserUnlockMonitor: 	at khk.onReceive(PG:4)
11-15 14:07:25.105  1992  1992 W UserUnlockMonitor: 	at android.app.LoadedApk$ReceiverDispatcher$Args.lambda$getRunnable$0(LoadedApk.java:1391)
11-15 14:07:25.105  1992  1992 W UserUnlockMonitor: 	at android.app.-$$Lambda$LoadedApk$ReceiverDispatcher$Args$_BumDX2UKsnxLVrE6UJsJZkotuA.run(Unknown Source:2)
11-15 14:07:25.105  1992  1992 W UserUnlockMonitor: 	at android.os.Handler.handleCallback(Handler.java:873)
11-15 14:07:25.105  1992  1992 W UserUnlockMonitor: 	at android.os.Handler.dispatchMessage(Handler.java:99)
11-15 14:07:25.105  1992  1992 W UserUnlockMonitor: 	at android.os.Looper.loop(Looper.java:193)
11-15 14:07:25.105  1992  1992 W UserUnlockMonitor: 	at android.app.ActivityThread.main(ActivityThread.java:6669)
11-15 14:07:25.105  1992  1992 W UserUnlockMonitor: 	at java.lang.reflect.Method.invoke(Native Method)
11-15 14:07:25.105  1992  1992 W UserUnlockMonitor: 	at com.android.internal.os.RuntimeInit$MethodAndArgsCaller.run(RuntimeInit.java:493)
11-15 14:07:25.105  1992  1992 W UserUnlockMonitor: 	at com.android.internal.os.ZygoteInit.main(ZygoteInit.java:858)
11-15 14:07:25.110  1865  1882 W ActivityManager: Slow operation: 73ms so far, now at startProcess: returned from zygote!
11-15 14:07:25.119  1865  1875 I ActivityManager: START u0 {act=android.intent.action.MAIN cat=[android.intent.category.HOME] flg=0x10000100 cmp=com.google.android.apps.nexuslauncher/.NexusLauncherActivity} from uid 0
11-15 14:07:25.123  2519  2519 W d.process.medi: Unexpected CPU variant for X86 using defaults: x86
11-15 14:07:25.125  2519  2519 E d.process.medi: Not starting debugger since process cannot load the jdwp agent.
11-15 14:07:25.128  2482  2482 I hbox:interacto: The ClassLoaderContext is a special shared library.
11-15 14:07:25.154  1865  1874 I system_server: Background concurrent copying GC freed 79205(3MB) AllocSpace objects, 38(1912KB) LOS objects, 35% free, 10MB/16MB, paused 24us total 195.644ms
11-15 14:07:25.155  2362  2518 D ContactsDatabaseHelper: WAL enabled for contacts2.db: true
11-15 14:07:25.227  2362  2518 I ContactLocale: AddressBook Labels [[en_US]]: [, A, B, C, D, E, F, G, H, I, J, K, L, M, N, O, P, Q, R, S, T, U, V, W, X, Y, Z, , , , , , , , , , , , , , , , , , , , , , , , , , , , , , , , , , , , , , , , , , , , , , , , , , , , , , , , , , , , , , , , , , , , , , , , , , , , , , , , , , , , , , , , , , , , , , , , , , , , , , , , , , , , , , , , , , , , , , , , , , , , , , , , , , , , , , , , , , , , , , , , , , , , , , , , , , , , , , , , , , , , , , , , , , , , , , , , , , , , , , , , , , , #, ]
11-15 14:07:25.247  2362  2518 D ContactsDatabaseHelper: WAL enabled for profile.db: false
11-15 14:07:25.251  1865  1882 W ActivityManager: Slow operation: 214ms so far, now at startProcess: done updating battery stats
11-15 14:07:25.251  1865  1882 W ActivityManager: Slow operation: 214ms so far, now at startProcess: building log message
11-15 14:07:25.251  1865  1865 V NotificationAssistants: enabling notification assistant for 0: ComponentInfo{com.google.android.ext.services/android.ext.services.notification.Assistant}
11-15 14:07:25.251  1865  1882 I ActivityManager: Start proc 2519:android.process.media/u0a7 for broadcast com.android.providers.downloads/.DownloadReceiver
11-15 14:07:25.251  1865  1882 W ActivityManager: Slow operation: 214ms so far, now at startProcess: starting to update pids map
11-15 14:07:25.251  1865  1882 W ActivityManager: Slow operation: 214ms so far, now at startProcess: done updating pids map
11-15 14:07:25.251  1865  1882 W ActivityManager: Slow operation: 188ms so far, now at startProcess: asking zygote to start proc
11-15 14:07:25.260  1865  1865 V NotificationAssistants: binding: Intent { act=android.service.notification.NotificationAssistantService cmp=com.google.android.ext.services/android.ext.services.notification.Assistant (has extras) }
11-15 14:07:25.261  1865  1865 W Looper  : Slow dispatch took 160ms main h=android.app.ActivityThread$H c=android.app.-$$Lambda$LoadedApk$ReceiverDispatcher$Args$_BumDX2UKsnxLVrE6UJsJZkotuA@655f8f6 m=0
11-15 14:07:25.266  1865  1882 W ActivityManager: Slow operation: 202ms so far, now at startProcess: returned from zygote!
11-15 14:07:25.266  1865  1882 W ActivityManager: Slow operation: 202ms so far, now at startProcess: done updating battery stats
11-15 14:07:25.266  1865  1882 W ActivityManager: Slow operation: 202ms so far, now at startProcess: building log message
11-15 14:07:25.266  1865  1882 I ActivityManager: Start proc 2544:com.google.android.googlequicksearchbox:search/u0a39 for broadcast com.google.android.googlequicksearchbox/com.google.android.apps.gsa.broadcastreceiver.external.PixelLauncherBroadcastReceiver
11-15 14:07:25.266  1865  1882 W ActivityManager: Slow operation: 202ms so far, now at startProcess: starting to update pids map
11-15 14:07:25.266  1865  1882 W ActivityManager: Slow operation: 202ms so far, now at startProcess: done updating pids map
11-15 14:07:25.266  1865  1882 W ActivityManager: Slow operation: 198ms so far, now at startProcess: asking zygote to start proc
11-15 14:07:25.272  2544  2544 W earchbox:searc: Unexpected CPU variant for X86 using defaults: x86
11-15 14:07:25.278  2362  2362 I ContactsPerf: VoicemailContentProvider.onCreate start
11-15 14:07:25.283  2362  2362 I ContactsPerf: VoicemailContentProvider.onCreate finish
11-15 14:07:25.285  1865  1865 I AccountManagerService: User 0 is unlocked - opening CE database
11-15 14:07:25.290  2300  2300 I NetRec  : [2] NetworkRecommendationService.onCreate: Creating service.
11-15 14:07:25.302  2498  2498 I com.android.se: The ClassLoaderContext is a special shared library.
11-15 14:07:25.306  2519  2519 I d.process.medi: The ClassLoaderContext is a special shared library.
11-15 14:07:25.312  2544  2544 E earchbox:searc: Not starting debugger since process cannot load the jdwp agent.
11-15 14:07:25.283  1992  1992 I TransientFileCleaner: Deleting 0 files
11-15 14:07:25.338  1992  2086 I LauncherIconVisibilityInitializerBase: doUpdate() : Visible = false
11-15 14:07:25.362  2544  2544 I earchbox:searc: The ClassLoaderContext is a special shared library.
11-15 14:07:25.372  2519  2519 I d.process.medi: The ClassLoaderContext is a special shared library.
11-15 14:07:25.394  1992  1992 I UrgentSignalsProcessor: getInstance(): Creating UrgentSignalsProcessor instance
11-15 14:07:25.405  2498  2498 I SecureElementService: main onCreate
11-15 14:07:25.408  1554  1554 W hwservicemanager: getTransport: Cannot find entry android.hardware.secure_element@1.0::ISecureElement/eSE1 in either framework or device manifest.
11-15 14:07:25.408  2498  2498 I SecureElementService: No HAL implementation for eSE1
11-15 14:07:25.409  1554  1554 W hwservicemanager: getTransport: Cannot find entry android.hardware.secure_element@1.0::ISecureElement/SIM1 in either framework or device manifest.
11-15 14:07:25.409  2498  2498 I SecureElementService: No HAL implementation for SIM1
11-15 14:07:25.417  1865  1882 W ActivityManager: Slow operation: 349ms so far, now at startProcess: returned from zygote!
11-15 14:07:25.417  1865  1882 W ActivityManager: Slow operation: 349ms so far, now at startProcess: done updating battery stats
11-15 14:07:25.417  1865  1882 W ActivityManager: Slow operation: 349ms so far, now at startProcess: building log message
11-15 14:07:25.417  1865  1882 I ActivityManager: Start proc 2569:com.google.android.apps.nexuslauncher/u0a40 for service com.google.android.apps.nexuslauncher/com.android.quickstep.TouchInteractionService
11-15 14:07:25.417  1865  1882 W ActivityManager: Slow operation: 349ms so far, now at startProcess: starting to update pids map
11-15 14:07:25.417  1865  1882 W ActivityManager: Slow operation: 349ms so far, now at startProcess: done updating pids map
11-15 14:07:25.417  1865  1882 W ActivityManager: Slow operation: 325ms so far, now at startProcess: asking zygote to start proc
11-15 14:07:25.418  2569  2569 W s.nexuslaunche: Unexpected CPU variant for X86 using defaults: x86
11-15 14:07:25.420  2569  2569 E s.nexuslaunche: Not starting debugger since process cannot load the jdwp agent.
11-15 14:07:25.420  1992  1992 W TiresiasImpl: Tiresias set up
11-15 14:07:25.424  1992  1992 W ExecutorUtils: createScheduledExecutorService(): name[PhenotypeExpConfig] exceeds limit
11-15 14:07:25.444  2300  2300 W NetRec  : [2] alac.a: Extended dumpsys support disabled.
11-15 14:07:25.449  2300  2300 I NetRec  : [2] alae.a: Starting service.
11-15 14:07:25.450  2300  2300 I NetRec  : [2] alcz.a: Now the active scorer.
11-15 14:07:25.456  1992  1992 W PhenotypeExperimentConfiguration: Type of flag access_points_order should be [5], got [4]
11-15 14:07:25.457  1992  1992 W PhenotypeExperimentConfiguration: Type of flag content_suggestion_language_tag_whitelist should be [5], got [4]
11-15 14:07:25.457  1992  1992 W PhenotypeExperimentConfiguration: Type of flag conv2query_extension_locales should be [5], got [4]
11-15 14:07:25.457  1992  1992 W PhenotypeExperimentConfiguration: Type of flag delight_apps_metadata_uri should be [5], got [4]
11-15 14:07:25.457  1992  1992 W PhenotypeExperimentConfiguration: Type of flag delight_metadata_launch_tag should be [5], got [4]
11-15 14:07:25.457  1992  1992 W PhenotypeExperimentConfiguration: Type of flag delight_metadata_uri should be [5], got [4]
11-15 14:07:25.457  1992  1992 W PhenotypeExperimentConfiguration: Type of flag delight_overrides_metadata_uri should be [5], got [4]
11-15 14:07:25.464  1992  1992 W PhenotypeExperimentConfiguration: Type of flag key_locale_cutout_switches_lm should be [5], got [4]
11-15 14:07:25.465  1992  1992 W PhenotypeExperimentConfiguration: Type of flag key_locale_cutout_switches_sm should be [5], got [4]
11-15 14:07:25.465  1992  1992 W PhenotypeExperimentConfiguration: Type of flag language_tags_excluded should be [5], got [4]
11-15 14:07:25.467  1992  1992 I UrgentSignalsProcessor: Received flagsUpdated for urgent signal
11-15 14:07:25.471  1865  1882 W ActivityManager: Slow operation: 379ms so far, now at startProcess: returned from zygote!
11-15 14:07:25.471  1865  1882 W ActivityManager: Slow operation: 379ms so far, now at startProcess: done updating battery stats
11-15 14:07:25.471  1865  1882 W ActivityManager: Slow operation: 379ms so far, now at startProcess: building log message
11-15 14:07:25.471  1865  1882 I ActivityManager: Start proc 2588:com.android.smspush/u0a46 for service com.android.smspush/.WapPushManager
11-15 14:07:25.471  1865  1882 W ActivityManager: Slow operation: 379ms so far, now at startProcess: starting to update pids map
11-15 14:07:25.471  1865  1882 W ActivityManager: Slow operation: 380ms so far, now at startProcess: done updating pids map
11-15 14:07:25.479  2569  2569 I s.nexuslaunche: The ClassLoaderContext is a special shared library.
11-15 14:07:25.480  2588  2588 W android.smspus: Unexpected CPU variant for X86 using defaults: x86
11-15 14:07:25.485  2588  2588 E android.smspus: Not starting debugger since process cannot load the jdwp agent.
11-15 14:07:25.489  1992  1992 W InputMethodEntryManager: Failed to load input method entry settings
11-15 14:07:25.489  1992  1992 W InputMethodEntryManager: java.util.concurrent.CancellationException: Task was cancelled.
11-15 14:07:25.489  1992  1992 W InputMethodEntryManager: 	at ojl.c(PG:114)
11-15 14:07:25.489  1992  1992 W InputMethodEntryManager: 	at ojl.get(PG:74)
