01-03 16:00:34.313  2307  2321 E ActivityThread: Failed to find provider info for com.google.android.gsf.gservices
01-03 16:00:34.314  2128  2312 D IccSmsInterfaceManager: [IccSmsInterfaceManager] Calling setGsmBroadcastConfig with 1 configurations
01-03 16:00:34.315  2128  2312 D IccSmsInterfaceManager: [IccSmsInterfaceManager] Failed to add GSM cell broadcast subscription for MID range 4370 to 4370 from client com.android.cellbroadcastreceiver
01-03 16:00:34.316  2128  2312 D IccSmsInterfaceManager: [IccSmsInterfaceManager] Calling setCdmaBroadcastConfig with 1 configurations
01-03 16:00:34.318  2128  2312 D IccSmsInterfaceManager: [IccSmsInterfaceManager] Failed to add cdma broadcast subscription for MID range 4096 to 4096 from client com.android.cellbroadcastreceiver
01-03 16:00:34.319  2016  2031 I ndroid.systemu: NativeAlloc concurrent copying GC freed 2384(230KB) AllocSpace objects, 0(0B) LOS objects, 50% free, 4MB/8MB, paused 22us total 186.692ms
01-03 16:00:34.319  2128  2312 D IccSmsInterfaceManager: [IccSmsInterfaceManager] Calling setGsmBroadcastConfig with 1 configurations
01-03 16:00:34.324  2128  2312 D IccSmsInterfaceManager: [IccSmsInterfaceManager] Failed to add GSM cell broadcast subscription for MID range 4383 to 4383 from client com.android.cellbroadcastreceiver
01-03 16:00:34.319  2307  2321 I chatty  : uid=10008(com.google.android.gms) Binder:2307_3 identical 3 lines
01-03 16:00:34.319  2307  2321 E ActivityThread: Failed to find provider info for com.google.android.gsf.gservices
01-03 16:00:34.337  2307  2425 E ActivityThread: Failed to find provider info for com.google.android.gsf.gservices
01-03 16:00:34.338  2128  2312 D IccSmsInterfaceManager: [IccSmsInterfaceManager] Calling setGsmBroadcastConfig with 1 configurations
01-03 16:00:34.342  2128  2312 D IccSmsInterfaceManager: [IccSmsInterfaceManager] Failed to add GSM cell broadcast subscription for MID range 4371 to 4372 from client com.android.cellbroadcastreceiver
01-03 16:00:34.346  1724  2356 D         : HostConnection::get() New Host Connection established 0xf0949dc0, tid 2356
01-03 16:00:34.347  1724  2356 D gralloc_ranchu: gralloc_unregister_buffer: exiting HostConnection (is buffer-handling thread)
01-03 16:00:34.349  1724  2356 D         : HostConnection::get() New Host Connection established 0xf0949dc0, tid 2356
01-03 16:00:34.349  1724  2356 D gralloc_ranchu: gralloc_unregister_buffer: exiting HostConnection (is buffer-handling thread)
01-03 16:00:34.350  1724  2356 D         : HostConnection::get() New Host Connection established 0xf0949dc0, tid 2356
01-03 16:00:34.350  2128  2312 D IccSmsInterfaceManager: [IccSmsInterfaceManager] Calling setCdmaBroadcastConfig with 1 configurations
01-03 16:00:34.351  1724  2356 D gralloc_ranchu: gralloc_unregister_buffer: exiting HostConnection (is buffer-handling thread)
01-03 16:00:34.353  1724  2356 D         : HostConnection::get() New Host Connection established 0xf0949dc0, tid 2356
01-03 16:00:34.354  1724  2356 D gralloc_ranchu: gralloc_unregister_buffer: exiting HostConnection (is buffer-handling thread)
01-03 16:00:34.354  1724  2356 D         : HostConnection::get() New Host Connection established 0xf0949dc0, tid 2356
01-03 16:00:34.354  1724  2356 D gralloc_ranchu: gralloc_unregister_buffer: exiting HostConnection (is buffer-handling thread)
01-03 16:00:34.355  1724  2356 D         : HostConnection::get() New Host Connection established 0xf0949dc0, tid 2356
01-03 16:00:34.355  1724  2356 D gralloc_ranchu: gralloc_unregister_buffer: exiting HostConnection (is buffer-handling thread)
01-03 16:00:34.358  2128  2312 D IccSmsInterfaceManager: [IccSmsInterfaceManager] Failed to add cdma broadcast subscription for MID range 4097 to 4097 from client com.android.cellbroadcastreceiver
01-03 16:00:34.358  1621  1664 D gralloc_ranchu: gralloc_alloc: Creating ashmem region of size 544768
01-03 16:00:34.367  2128  2415 D IccSmsInterfaceManager: [IccSmsInterfaceManager] Calling setGsmBroadcastConfig with 1 configurations
01-03 16:00:34.371  2128  2415 D IccSmsInterfaceManager: [IccSmsInterfaceManager] Failed to add GSM cell broadcast subscription for MID range 4384 to 4385 from client com.android.cellbroadcastreceiver
01-03 16:00:34.371  1621  1664 D gralloc_ranchu: gralloc_alloc: Creating ashmem region of size 24576
01-03 16:00:34.375  1621  1664 D gralloc_ranchu: gralloc_alloc: Creating ashmem region of size 24576
01-03 16:00:34.376  2128  2415 D IccSmsInterfaceManager: [IccSmsInterfaceManager] Calling setGsmBroadcastConfig with 1 configurations
01-03 16:00:34.378  2128  2139 W System  : A resource failed to call close. 
01-03 16:00:34.383  1621  1664 D gralloc_ranchu: gralloc_alloc: Creating ashmem region of size 24576
01-03 16:00:34.391  2128  2415 D IccSmsInterfaceManager: [IccSmsInterfaceManager] Failed to add GSM cell broadcast subscription for MID range 4373 to 4378 from client com.android.cellbroadcastreceiver
01-03 16:00:34.391  1621  1664 D gralloc_ranchu: gralloc_alloc: Creating ashmem region of size 24576
01-03 16:00:34.394  2128  2312 D IccSmsInterfaceManager: [IccSmsInterfaceManager] Calling setCdmaBroadcastConfig with 1 configurations
01-03 16:00:34.397  1621  1664 D gralloc_ranchu: gralloc_alloc: Creating ashmem region of size 8192
01-03 16:00:34.398  2128  2312 D IccSmsInterfaceManager: [IccSmsInterfaceManager] Failed to add cdma broadcast subscription for MID range 4098 to 4098 from client com.android.cellbroadcastreceiver
01-03 16:00:34.403  2128  2415 D IccSmsInterfaceManager: [IccSmsInterfaceManager] Calling setGsmBroadcastConfig with 1 configurations
01-03 16:00:34.403  1621  1664 D gralloc_ranchu: gralloc_alloc: Creating ashmem region of size 8192
01-03 16:00:34.405  2128  2415 D IccSmsInterfaceManager: [IccSmsInterfaceManager] Failed to add GSM cell broadcast subscription for MID range 4386 to 4391 from client com.android.cellbroadcastreceiver
01-03 16:00:34.408  2016  2268 D EGL_emulation: eglMakeCurrent: 0xd3b30300: ver 3 0 (tinfo 0xd3b33340)
01-03 16:00:34.412  2128  2415 D IccSmsInterfaceManager: [IccSmsInterfaceManager] Calling setGsmBroadcastConfig with 1 configurations
01-03 16:00:34.416  2128  2415 D IccSmsInterfaceManager: [IccSmsInterfaceManager] Failed to add GSM cell broadcast subscription for MID range 4379 to 4379 from client com.android.cellbroadcastreceiver
01-03 16:00:34.421  2128  2415 D IccSmsInterfaceManager: [IccSmsInterfaceManager] Calling setCdmaBroadcastConfig with 1 configurations
01-03 16:00:34.422  2128  2415 D IccSmsInterfaceManager: [IccSmsInterfaceManager] Failed to add cdma broadcast subscription for MID range 4099 to 4099 from client com.android.cellbroadcastreceiver
01-03 16:00:34.426  2128  2415 D IccSmsInterfaceManager: [IccSmsInterfaceManager] Calling setGsmBroadcastConfig with 1 configurations
01-03 16:00:34.428  2128  2415 D IccSmsInterfaceManager: [IccSmsInterfaceManager] Failed to add GSM cell broadcast subscription for MID range 4392 to 4392 from client com.android.cellbroadcastreceiver
01-03 16:00:34.435  2128  2312 D IccSmsInterfaceManager: [IccSmsInterfaceManager] Failed to remove GSM cell broadcast subscription for MID range 4380 to 4380 from client com.android.cellbroadcastreceiver
01-03 16:00:34.448  2128  2415 D IccSmsInterfaceManager: [IccSmsInterfaceManager] Failed to remove cdma broadcast subscription for MID range 4100 to 4100 from client com.android.cellbroadcastreceiver
01-03 16:00:34.451  2128  2415 D IccSmsInterfaceManager: [IccSmsInterfaceManager] Failed to remove GSM cell broadcast subscription for MID range 4393 to 4393 from client com.android.cellbroadcastreceiver
01-03 16:00:34.455  2128  2415 D IccSmsInterfaceManager: [IccSmsInterfaceManager] Failed to remove GSM cell broadcast subscription for MID range 4381 to 4381 from client com.android.cellbroadcastreceiver
01-03 16:00:34.456  2128  2415 D IccSmsInterfaceManager: [IccSmsInterfaceManager] Failed to remove GSM cell broadcast subscription for MID range 4394 to 4394 from client com.android.cellbroadcastreceiver
01-03 16:00:34.457  2128  2415 D IccSmsInterfaceManager: [IccSmsInterfaceManager] Failed to remove GSM cell broadcast subscription for MID range 4382 to 4382 from client com.android.cellbroadcastreceiver
01-03 16:00:34.458  2128  2415 D IccSmsInterfaceManager: [IccSmsInterfaceManager] Failed to remove GSM cell broadcast subscription for MID range 4395 to 4395 from client com.android.cellbroadcastreceiver
01-03 16:00:34.460  2128  2415 D IccSmsInterfaceManager: [IccSmsInterfaceManager] Calling setGsmBroadcastConfig with 1 configurations
01-03 16:00:34.462  2128  2415 D IccSmsInterfaceManager: [IccSmsInterfaceManager] Failed to add GSM cell broadcast subscription for MID range 4352 to 4354 from client com.android.cellbroadcastreceiver
01-03 16:00:34.467  1621  1664 D gralloc_ranchu: gralloc_alloc: Creating ashmem region of size 544768
01-03 16:00:34.467  2128  2415 D IccSmsInterfaceManager: [IccSmsInterfaceManager] Calling setGsmBroadcastConfig with 1 configurations
01-03 16:00:34.469  2128  2415 D IccSmsInterfaceManager: [IccSmsInterfaceManager] Failed to add GSM cell broadcast subscription for MID range 4356 to 4356 from client com.android.cellbroadcastreceiver
01-03 16:00:34.472  2128  2415 D IccSmsInterfaceManager: [IccSmsInterfaceManager] Failed to remove GSM cell broadcast subscription for MID range 4355 to 4355 from client com.android.cellbroadcastreceiver
01-03 16:00:34.472  2016  2268 I OpenGLRenderer: Davey! duration=1351ms; Flags=1, IntendedVsync=15772669956, Vsync=16956003242, OldestInputEvent=9223372036854775807, NewestInputEvent=0, HandleInputStart=16958718654, AnimationStart=16958732953, PerformTraversalsStart=16959061954, DrawStart=17021760538, SyncQueued=17061950851, SyncStart=17062880122, IssueDrawCommandsStart=17064959000, SwapBuffers=17115000419, FrameCompleted=17125267695, DequeueBufferDuration=3925000, QueueBufferDuration=703000, 
01-03 16:00:34.479  2307  2425 E GmsTaskScheduler: com.google.android.gms.clearcut.uploader.QosUploaderService is not available. This may cause the task to be lost.
01-03 16:00:34.492  2307  2425 I chatty  : uid=10008 com.google.android.gms.persistent identical 1 line
01-03 16:00:34.494  2307  2425 E GmsTaskScheduler: com.google.android.gms.clearcut.uploader.QosUploaderService is not available. This may cause the task to be lost.
01-03 16:00:34.509  2016  2268 D EGL_emulation: eglMakeCurrent: 0xd3b30300: ver 3 0 (tinfo 0xd3b33340)
01-03 16:00:34.543  2307  2425 I aobf    : No Heterodyne serving version in database [CONTEXT service_id=51 ]
01-03 16:00:34.568  2016  2268 I OpenGLRenderer: Davey! duration=1447ms; Flags=1, IntendedVsync=15772669956, Vsync=16956003242, OldestInputEvent=9223372036854775807, NewestInputEvent=0, HandleInputStart=16958718654, AnimationStart=16958732953, PerformTraversalsStart=16959061954, DrawStart=17160507735, SyncQueued=17162436537, SyncStart=17164039732, IssueDrawCommandsStart=17164182724, SwapBuffers=17214176772, FrameCompleted=17222185335, DequeueBufferDuration=1341000, QueueBufferDuration=2865000, 
01-03 16:00:34.571  2307  2425 I chatty  : uid=10008 com.google.android.gms.persistent identical 49 lines
01-03 16:00:34.571  2307  2425 E ActivityThread: Failed to find provider info for com.google.android.gsf.gservices
01-03 16:00:34.575  2307  2428 E ActivityThread: Failed to find provider info for com.google.android.gsf.gservices
01-03 16:00:34.590  2016  2016 E StatusBarSignalPolicy: Unexpected subscription 1
01-03 16:00:34.600  2016  2016 W KeyguardUpdateMonitor: invalid subId in handleServiceStateChange()
01-03 16:00:34.603  2016  2016 W KeyguardUpdateMonitor: invalid subId in handleSimStateChange()
01-03 16:00:34.608  2016  2016 W KeyguardUpdateMonitor: invalid subId in handleServiceStateChange()
01-03 16:00:34.688  2016  2016 I ImageWallpaper: Redrawing in rect: RectF(0.0, 0.0, 2330.625, 1920.0) with surface size: 1243x1920
01-03 16:00:34.689  2016  2268 D EGL_emulation: eglMakeCurrent: 0xd3b30300: ver 3 0 (tinfo 0xd3b33340)
01-03 16:00:34.691  2016  2016 I ImageWallpaper: Redrawing in rect: RectF(0.0, 0.0, 2330.625, 1920.0) with surface size: 1243x1920
01-03 16:00:34.693  1621  1664 D gralloc_ranchu: gralloc_alloc: Creating ashmem region of size 9547776
01-03 16:00:34.709  1724  2356 D         : HostConnection::get() New Host Connection established 0xf0949dc0, tid 2356
01-03 16:00:34.791  1868  1987 I GnssLocationProvider: WakeLock acquired by sendMessage(REPORT_SV_STATUS, 0, com.android.server.location.GnssLocationProvider$SvStatusInfo@804184b)
01-03 16:00:34.791  1868  1881 I GnssLocationProvider: WakeLock released by handleMessage(REPORT_SV_STATUS, 0, com.android.server.location.GnssLocationProvider$SvStatusInfo@804184b)
01-03 16:00:34.835  1896  1900 D gralloc_ranchu: gralloc_unregister_buffer: exiting HostConnection (is buffer-handling thread)
01-03 16:00:34.836  1896  1900 D         : HostConnection::get() New Host Connection established 0xec839000, tid 1900
01-03 16:00:34.837  1896  1900 D gralloc_ranchu: gralloc_unregister_buffer: exiting HostConnection (is buffer-handling thread)
01-03 16:00:34.837  1896  1900 D         : HostConnection::get() New Host Connection established 0xec839000, tid 1900
01-03 16:00:34.837  1896  1900 D gralloc_ranchu: gralloc_unregister_buffer: exiting HostConnection (is buffer-handling thread)
01-03 16:00:34.837  1896  1900 D         : HostConnection::get() New Host Connection established 0xec839000, tid 1900
01-03 16:00:34.838  1896  1900 D gralloc_ranchu: gralloc_unregister_buffer: exiting HostConnection (is buffer-handling thread)
01-03 16:00:34.838  1896  1900 D         : HostConnection::get() New Host Connection established 0xec839000, tid 1900
01-03 16:00:34.838  1896  1900 D gralloc_ranchu: gralloc_unregister_buffer: exiting HostConnection (is buffer-handling thread)
01-03 16:00:34.839  1896  1900 D         : HostConnection::get() New Host Connection established 0xec839000, tid 1900
01-03 16:00:34.840  1896  1900 D gralloc_ranchu: gralloc_unregister_buffer: exiting HostConnection (is buffer-handling thread)
01-03 16:00:34.843  1896  1900 D         : HostConnection::get() New Host Connection established 0xec839000, tid 1900
01-03 16:00:34.857  2016  2016 I ImageWallpaper: Redrawing in rect: RectF(0.0, 0.0, 2330.625, 1920.0) with surface size: 1243x1920
01-03 16:00:34.860  1868  1892 I WindowManager: ******* TELLING SURFACE FLINGER WE ARE BOOTED!
01-03 16:00:34.860  1724  1754 I SurfaceFlinger: Boot is finished (13352 ms)
01-03 16:00:34.862  1621  1664 D gralloc_ranchu: gralloc_alloc: Creating ashmem region of size 9547776
01-03 16:00:34.863  1868  1892 I SystemServiceManager: Starting phase 1000
01-03 16:00:34.868  1868  1890 I UsbDeviceManager: Setting USB config to adb
01-03 16:00:34.893  2016  2016 I ImageWallpaper: Redrawing in rect: RectF(0.0, 0.0, 2330.625, 1920.0) with surface size: 1243x1920
01-03 16:00:34.896  1868  1892 D ActivityManager: Finishing user boot 0
01-03 16:00:34.896  1868  1892 I ActivityManager: User 0 state changed from BOOTING to RUNNING_LOCKED
01-03 16:00:34.897  1868  1892 D ActivityManager: Started unlocking user 0
01-03 16:00:34.897  1868  1892 D ActivityManager: Unlocking user 0 progress 0
01-03 16:00:34.897  1868  1892 D ActivityManager: Unlocking user 0 progress 5
01-03 16:00:34.898  2274  2274 I AlarmClock: AlarmInitReceiver android.intent.action.LOCKED_BOOT_COMPLETED
01-03 16:00:34.901  1868  1969 D WifiConfigStore: Reading from stores completed in 2 ms.
01-03 16:00:34.903  1868  1969 D WIFI    : Registering NetworkFactory
01-03 16:00:34.903  1868  1969 D WIFI_UT : Registering NetworkFactory
01-03 16:00:34.903  1868  1973 D ConnectivityService: Got NetworkFactory Messenger for WIFI
01-03 16:00:34.903  1868  1973 D ConnectivityService: Got NetworkFactory Messenger for WIFI_UT
01-03 16:00:34.903  1868  1972 E WifiP2pService: Unhandled message { when=0 what=131203 target=com.android.internal.util.StateMachine$SmHandler }
01-03 16:00:34.903  1868  1969 D WIFI    : got request NetworkRequest [ TRACK_DEFAULT id=9, [ Capabilities: INTERNET&NOT_RESTRICTED&TRUSTED Unwanted:  Uid: 10028] ] with score 50
01-03 16:00:34.904  2274  2304 E ActivityThread: Failed to find provider info for com.google.android.gsf.gservices
01-03 16:00:34.904  2274  2304 I AlarmClock: Connected Dock: null
01-03 16:00:34.905  2274  2304 I AlarmClock: Removing AlarmClockInfo
01-03 16:00:34.908  1868  1969 D WifiConnectivityHelper: Firmware supported feature set: 19
01-03 16:00:34.908  1868  1969 D WifiConnectivityHelper: Firmware roaming is not supported
01-03 16:00:34.910  1868  1969 D WIFI    : got request NetworkRequest [ BACKGROUND_REQUEST id=2, [ Transports: CELLULAR Capabilities: INTERNET&NOT_RESTRICTED&TRUSTED&NOT_VPN Unwanted: ] ] with score 50
01-03 16:00:34.910  1868  1969 D WIFI    : got request NetworkRequest [ REQUEST id=1, [ Capabilities: INTERNET&NOT_RESTRICTED&TRUSTED&NOT_VPN Unwanted: ] ] with score 50
01-03 16:00:34.910  1868  1969 D WIFI    : got request NetworkRequest [ TRACK_DEFAULT id=6, [ Capabilities: INTERNET&NOT_RESTRICTED&TRUSTED Unwanted:  Uid: 1000] ] with score 50
01-03 16:00:34.910  1868  1969 D WIFI_UT : got request NetworkRequest [ TRACK_DEFAULT id=9, [ Capabilities: INTERNET&NOT_RESTRICTED&TRUSTED Unwanted:  Uid: 10028] ] with score 50
01-03 16:00:34.910  1868  1969 D WIFI_UT : got request NetworkRequest [ BACKGROUND_REQUEST id=2, [ Transports: CELLULAR Capabilities: INTERNET&NOT_RESTRICTED&TRUSTED&NOT_VPN Unwanted: ] ] with score 50
01-03 16:00:34.910  1868  1969 D WIFI_UT : got request NetworkRequest [ REQUEST id=1, [ Capabilities: INTERNET&NOT_RESTRICTED&TRUSTED&NOT_VPN Unwanted: ] ] with score 50
01-03 16:00:34.910  1868  1969 D WIFI_UT : got request NetworkRequest [ TRACK_DEFAULT id=6, [ Capabilities: INTERNET&NOT_RESTRICTED&TRUSTED Unwanted:  Uid: 1000] ] with score 50
01-03 16:00:34.920  2274  2304 E ActivityThread: Failed to find provider info for com.google.android.gsf.gservices
01-03 16:00:34.923  1565  1569 D vold    : e4crypt_prepare_user_storage for volume null, user 0, serial 0, flags 2
01-03 16:00:34.924  1565  1569 D vold    : Preparing: /data/system_ce/0
01-03 16:00:34.924  1565  1569 D vold    : Preparing: /data/misc_ce/0
01-03 16:00:34.924  1565  1569 D vold    : Preparing: /data/vendor_ce/0
01-03 16:00:34.924  1565  1569 D vold    : Preparing: /data/media/0
01-03 16:00:34.924  1565  1569 D vold    : Preparing: /data/data
01-03 16:00:34.924  1565  1569 V vold    : Starting restorecon of /data/system_ce/0
01-03 16:00:34.943  1621  1664 D gralloc_ranchu: gralloc_alloc: Creating ashmem region of size 9547776
01-03 16:00:34.943  1868  1881 E memtrack: Couldn't load memtrack module
01-03 16:00:34.943  1868  1881 W android.os.Debug: failed to get memory consumption info: -1
01-03 16:00:34.944  1868  1881 E memtrack: Couldn't load memtrack module
01-03 16:00:34.944  1868  1881 W android.os.Debug: failed to get memory consumption info: -1
01-03 16:00:34.945  1868  1881 E memtrack: Couldn't load memtrack module
01-03 16:00:34.945  1868  1881 W android.os.Debug: failed to get memory consumption info: -1
01-03 16:00:34.945  1868  1881 E memtrack: Couldn't load memtrack module
01-03 16:00:34.945  1868  1881 W android.os.Debug: failed to get memory consumption info: -1
01-03 16:00:34.945  1868  1881 E memtrack: Couldn't load memtrack module
01-03 16:00:34.945  1868  1881 W android.os.Debug: failed to get memory consumption info: -1
01-03 16:00:34.947  1868  1881 E memtrack: Couldn't load memtrack module
01-03 16:00:34.947  1868  1881 W android.os.Debug: failed to get memory consumption info: -1
01-03 16:00:34.948  1565  1569 V vold    : Finished restorecon of /data/system_ce/0
01-03 16:00:34.948  1565  1569 V vold    : Starting restorecon of /data/misc_ce/0
01-03 16:00:34.948  1868  1881 E memtrack: Couldn't load memtrack module
01-03 16:00:34.948  1868  1881 W android.os.Debug: failed to get memory consumption info: -1
01-03 16:00:34.950  1868  1881 E memtrack: Couldn't load memtrack module
01-03 16:00:34.950  1868  1881 W android.os.Debug: failed to get memory consumption info: -1
01-03 16:00:34.951  1868  1881 E memtrack: Couldn't load memtrack module
01-03 16:00:34.951  1868  1881 W android.os.Debug: failed to get memory consumption info: -1
01-03 16:00:34.952  1868  1881 E memtrack: Couldn't load memtrack module
01-03 16:00:34.952  1868  1881 W android.os.Debug: failed to get memory consumption info: -1
01-03 16:00:34.955  1868  1881 E memtrack: Couldn't load memtrack module
01-03 16:00:34.955  1868  1881 W android.os.Debug: failed to get memory consumption info: -1
01-03 16:00:34.956  1868  1881 E memtrack: Couldn't load memtrack module
01-03 16:00:34.956  1868  1881 W android.os.Debug: failed to get memory consumption info: -1
01-03 16:00:34.966  2016  2016 I Choreographer: Skipped 39 frames!  The application may be doing too much work on its main thread.
01-03 16:00:34.968  1868  1881 E memtrack: Couldn't load memtrack module
01-03 16:00:34.968  1868  1881 W android.os.Debug: failed to get memory consumption info: -1
01-03 16:00:34.978  1868  1884 W ActivityManager: Slow operation: 54ms so far, now at startProcess: returned from zygote!
01-03 16:00:34.979  1868  1884 W ActivityManager: Slow operation: 55ms so far, now at startProcess: done updating battery stats
01-03 16:00:34.980  1868  1884 W ActivityManager: Slow operation: 56ms so far, now at startProcess: building log message
01-03 16:00:34.980  1868  1884 I ActivityManager: Start proc 2435:com.google.android.gms/u0a8 for service com.google.android.gms/.chimera.GmsIntentOperationService
01-03 16:00:34.980  1868  1884 W ActivityManager: Slow operation: 56ms so far, now at startProcess: starting to update pids map
01-03 16:00:34.980  1868  1884 W ActivityManager: Slow operation: 56ms so far, now at startProcess: done updating pids map
01-03 16:00:34.980  1896  1900 D gralloc_ranchu: gralloc_unregister_buffer: exiting HostConnection (is buffer-handling thread)
01-03 16:00:34.982  1896  1900 D         : HostConnection::get() New Host Connection established 0xec839000, tid 1900
01-03 16:00:34.982  1896  1900 D gralloc_ranchu: gralloc_unregister_buffer: exiting HostConnection (is buffer-handling thread)
01-03 16:00:34.986  1896  1900 D         : HostConnection::get() New Host Connection established 0xec839000, tid 1900
01-03 16:00:34.988  1868  1881 E memtrack: Couldn't load memtrack module
01-03 16:00:34.988  1868  1881 W android.os.Debug: failed to get memory consumption info: -1
01-03 16:00:34.992  1868  1881 E memtrack: Couldn't load memtrack module
01-03 16:00:34.992  1868  1881 W android.os.Debug: failed to get memory consumption info: -1
01-03 16:00:34.993  1868  1881 E memtrack: Couldn't load memtrack module
01-03 16:00:34.993  1868  1881 W android.os.Debug: failed to get memory consumption info: -1
01-03 16:00:34.998  1868  1881 E memtrack: Couldn't load memtrack module
01-03 16:00:34.998  1868  1881 W android.os.Debug: failed to get memory consumption info: -1
01-03 16:00:34.998  2434  2434 I bootstat: Service started: /system/bin/bootstat --set_system_boot_reason --record_boot_complete --record_boot_reason --record_time_since_factory_reset -l 
01-03 16:00:34.999  2434  2434 I bootstat: Battery level at shutdown 100%
01-03 16:00:34.999  2434  2434 I bootstat: Canonical boot reason: reboot,userrequested
01-03 16:00:34.999  1868  1881 E memtrack: Couldn't load memtrack module
01-03 16:00:34.999  1868  1881 W android.os.Debug: failed to get memory consumption info: -1
01-03 16:00:35.001  1868  1881 E memtrack: Couldn't load memtrack module
01-03 16:00:35.001  1868  1881 W android.os.Debug: failed to get memory consumption info: -1
01-03 16:00:35.002  1868  1881 E memtrack: Couldn't load memtrack module
01-03 16:00:35.002  1868  1881 W android.os.Debug: failed to get memory consumption info: -1
01-03 16:00:35.003  1868  1881 E memtrack: Couldn't load memtrack module
01-03 16:00:35.003  1868  1881 W android.os.Debug: failed to get memory consumption info: -1
01-03 16:00:35.004  1868  1881 E memtrack: Couldn't load memtrack module
01-03 16:00:35.004  1868  1881 W android.os.Debug: failed to get memory consumption info: -1
01-03 16:00:35.007  2016  2268 D EGL_emulation: eglMakeCurrent: 0xd3b30300: ver 3 0 (tinfo 0xd3b33340)
01-03 16:00:35.007  1868  1881 E memtrack: Couldn't load memtrack module
01-03 16:00:35.007  1868  1881 W android.os.Debug: failed to get memory consumption info: -1
01-03 16:00:35.010  1868  1881 E memtrack: Couldn't load memtrack module
01-03 16:00:35.010  1868  1881 W android.os.Debug: failed to get memory consumption info: -1
01-03 16:00:35.011  1868  1881 E memtrack: Couldn't load memtrack module
01-03 16:00:35.011  1868  1881 W android.os.Debug: failed to get memory consumption info: -1
01-03 16:00:35.012  1868  1881 E memtrack: Couldn't load memtrack module
01-03 16:00:35.012  1868  1881 W android.os.Debug: failed to get memory consumption info: -1
01-03 16:00:35.014  1868  1881 E memtrack: Couldn't load memtrack module
01-03 16:00:35.014  1868  1881 W android.os.Debug: failed to get memory consumption info: -1
01-03 16:00:35.016  1868  1881 E memtrack: Couldn't load memtrack module
01-03 16:00:35.016  1868  1881 W android.os.Debug: failed to get memory consumption info: -1
01-03 16:00:35.019  1868  1881 E memtrack: Couldn't load memtrack module
01-03 16:00:35.019  1868  1881 W android.os.Debug: failed to get memory consumption info: -1
01-03 16:00:35.020  1868  1881 E memtrack: Couldn't load memtrack module
01-03 16:00:35.020  1868  1881 W android.os.Debug: failed to get memory consumption info: -1
01-03 16:00:35.026  1868  1881 E memtrack: Couldn't load memtrack module
01-03 16:00:35.026  1868  1881 W android.os.Debug: failed to get memory consumption info: -1
01-03 16:00:35.027  1868  1881 E memtrack: Couldn't load memtrack module
01-03 16:00:35.027  1868  1881 W android.os.Debug: failed to get memory consumption info: -1
01-03 16:00:35.029  1868  1881 E memtrack: Couldn't load memtrack module
01-03 16:00:35.029  1868  1881 W android.os.Debug: failed to get memory consumption info: -1
01-03 16:00:35.031  1868  1881 E memtrack: Couldn't load memtrack module
01-03 16:00:35.031  1868  1881 W android.os.Debug: failed to get memory consumption info: -1
01-03 16:00:35.031  1868  1881 E memtrack: Couldn't load memtrack module
01-03 16:00:35.031  1868  1881 W android.os.Debug: failed to get memory consumption info: -1
01-03 16:00:35.033  1868  1881 E memtrack: Couldn't load memtrack module
01-03 16:00:35.033  1868  1881 W android.os.Debug: failed to get memory consumption info: -1
01-03 16:00:35.038  1868  1881 E memtrack: Couldn't load memtrack module
01-03 16:00:35.039  1868  1881 W android.os.Debug: failed to get memory consumption info: -1
01-03 16:00:35.048  2016  2268 I OpenGLRenderer: Davey! duration=739ms; Flags=0, IntendedVsync=16961432328, Vsync=17611432302, OldestInputEvent=9223372036854775807, NewestInputEvent=0, HandleInputStart=17619473052, AnimationStart=17619493368, PerformTraversalsStart=17620055719, DrawStart=17659309564, SyncQueued=17659959559, SyncStart=17661459817, IssueDrawCommandsStart=17661747565, SwapBuffers=17691454903, FrameCompleted=17702114735, DequeueBufferDuration=1644000, QueueBufferDuration=3054000, 
01-03 16:00:35.055  1621  1664 D gralloc_ranchu: gralloc_alloc: Creating ashmem region of size 24576
01-03 16:00:35.062  1621  1664 I chatty  : uid=1000(system) HwBinder:1621_2 identical 1 line
01-03 16:00:35.069  1621  1664 D gralloc_ranchu: gralloc_alloc: Creating ashmem region of size 24576
01-03 16:00:35.070  1868  1881 E memtrack: Couldn't load memtrack module
01-03 16:00:35.070  1868  1881 W android.os.Debug: failed to get memory consumption info: -1
01-03 16:00:35.087  1621  1664 D gralloc_ranchu: gralloc_alloc: Creating ashmem region of size 24576
01-03 16:00:35.090  1868  1881 E memtrack: Couldn't load memtrack module
01-03 16:00:35.090  1868  1881 W android.os.Debug: failed to get memory consumption info: -1
01-03 16:00:35.101  1868  1881 E memtrack: Couldn't load memtrack module
01-03 16:00:35.101  1868  1881 W android.os.Debug: failed to get memory consumption info: -1
01-03 16:00:35.104  1621  1664 D gralloc_ranchu: gralloc_alloc: Creating ashmem region of size 8192
01-03 16:00:35.104  1868  1881 E memtrack: Couldn't load memtrack module
01-03 16:00:35.104  1868  1881 W android.os.Debug: failed to get memory consumption info: -1
01-03 16:00:35.106  1868  1881 E memtrack: Couldn't load memtrack module
01-03 16:00:35.106  1868  1881 W android.os.Debug: failed to get memory consumption info: -1
01-03 16:00:35.108  1868  1881 E memtrack: Couldn't load memtrack module
01-03 16:00:35.108  1868  1881 W android.os.Debug: failed to get memory consumption info: -1
01-03 16:00:35.109  1868  1881 E memtrack: Couldn't load memtrack module
01-03 16:00:35.109  1868  1881 W android.os.Debug: failed to get memory consumption info: -1
01-03 16:00:35.115  2435  2435 W gle.android.gm: Unexpected CPU variant for X86 using defaults: x86
01-03 16:00:35.117  1621  1664 D gralloc_ranchu: gralloc_alloc: Creating ashmem region of size 8192
01-03 16:00:35.118  1868  1881 E memtrack: Couldn't load memtrack module
01-03 16:00:35.118  1868  1881 W android.os.Debug: failed to get memory consumption info: -1
01-03 16:00:35.121  2432  2432 I adbd    : Calling send_auth_request...
01-03 16:00:35.124  1868  1881 E memtrack: Couldn't load memtrack module
01-03 16:00:35.124  1868  1881 W android.os.Debug: failed to get memory consumption info: -1
01-03 16:00:35.125  2016  2268 D EGL_emulation: eglMakeCurrent: 0xd3b30300: ver 3 0 (tinfo 0xd3b33340)
01-03 16:00:35.129  2435  2435 E gle.android.gm: Not starting debugger since process cannot load the jdwp agent.
01-03 16:00:35.130  1868  1881 E memtrack: Couldn't load memtrack module
01-03 16:00:35.130  1868  1881 W android.os.Debug: failed to get memory consumption info: -1
01-03 16:00:35.132  1565  1569 V vold    : Finished restorecon of /data/misc_ce/0
01-03 16:00:35.132  1565  1569 V vold    : /system/bin/vold_prepare_subdirs
01-03 16:00:35.132  1565  1569 V vold    :     prepare
01-03 16:00:35.132  1565  1569 V vold    :     
01-03 16:00:35.132  1565  1569 V vold    :     0
01-03 16:00:35.132  1565  1569 V vold    :     2
01-03 16:00:35.134  1868  1881 E memtrack: Couldn't load memtrack module
01-03 16:00:35.134  1868  1881 W android.os.Debug: failed to get memory consumption info: -1
01-03 16:00:35.142  2432  2432 I adbd    : Loading keys from /data/misc/adb/adb_keys
01-03 16:00:35.143  1621  1664 D gralloc_ranchu: gralloc_alloc: Creating ashmem region of size 544768
01-03 16:00:35.143  1868  1881 E memtrack: Couldn't load memtrack module
01-03 16:00:35.143  1868  1881 W android.os.Debug: failed to get memory consumption info: -1
01-03 16:00:35.146  1868  1881 E memtrack: Couldn't load memtrack module
01-03 16:00:35.146  1868  1881 W android.os.Debug: failed to get memory consumption info: -1
01-03 16:00:35.148  2016  2268 I OpenGLRenderer: Davey! duration=837ms; Flags=1, IntendedVsync=16961432328, Vsync=17611432302, OldestInputEvent=9223372036854775807, NewestInputEvent=0, HandleInputStart=17619473052, AnimationStart=17619493368, PerformTraversalsStart=17620055719, DrawStart=17707461790, SyncQueued=17778273890, SyncStart=17780610452, IssueDrawCommandsStart=17780701950, SwapBuffers=17789660415, FrameCompleted=17801672620, DequeueBufferDuration=4870000, QueueBufferDuration=631000, 
01-03 16:00:35.149  1868  1881 E memtrack: Couldn't load memtrack module
01-03 16:00:35.149  1868  1881 W android.os.Debug: failed to get memory consumption info: -1
01-03 16:00:35.149  2432  2432 I adbd    : adb client authorized
01-03 16:00:35.153  2016  2016 I ImageWallpaper: Redrawing in rect: RectF(0.0, 0.0, 2330.625, 1920.0) with surface size: 1243x1920
01-03 16:00:35.153  2016  2268 D EGL_emulation: eglMakeCurrent: 0xd3b30300: ver 3 0 (tinfo 0xd3b33340)
01-03 16:00:35.155  1868  1881 E memtrack: Couldn't load memtrack module
01-03 16:00:35.155  1868  1881 W android.os.Debug: failed to get memory consumption info: -1
01-03 16:00:35.161  1868  1881 E memtrack: Couldn't load memtrack module
01-03 16:00:35.161  1868  1881 W android.os.Debug: failed to get memory consumption info: -1
01-03 16:00:35.163  1868  1881 E memtrack: Couldn't load memtrack module
01-03 16:00:35.163  1868  1881 W android.os.Debug: failed to get memory consumption info: -1
01-03 16:00:35.164  1868  1881 E memtrack: Couldn't load memtrack module
01-03 16:00:35.164  1868  1881 W android.os.Debug: failed to get memory consumption info: -1
01-03 16:00:35.164  1565  1569 I vold_prepare_subdirs: SELinux: Loaded file_contexts
01-03 16:00:35.173  2449  2449 D vold_prepare_subdirs: Setting up mode 700 uid 0 gid 0 context u:object_r:vold_data_file:s0 on path: /data/misc_ce/0/vold
01-03 16:00:35.174  1868  1881 E memtrack: Couldn't load memtrack module
01-03 16:00:35.174  1868  1881 W android.os.Debug: failed to get memory consumption info: -1
01-03 16:00:35.175  2449  2449 D vold_prepare_subdirs: Setting up mode 700 uid 0 gid 0 context u:object_r:storaged_data_file:s0 on path: /data/misc_ce/0/storaged
01-03 16:00:35.176  1868  1881 E memtrack: Couldn't load memtrack module
01-03 16:00:35.176  1868  1881 W android.os.Debug: failed to get memory consumption info: -1
01-03 16:00:35.177  1868  1890 V UserDataPreparer: Found /data/user/0 with serial number 0
01-03 16:00:35.178  1868  1890 V UserDataPreparer: Found /data/system_ce/0 with serial number 0
01-03 16:00:35.178  1868  1890 D UserDataPreparer: Setting property: sys.user.0.ce_available=true
01-03 16:00:35.181  1868  1881 E memtrack: Couldn't load memtrack module
01-03 16:00:35.181  1868  1881 W android.os.Debug: failed to get memory consumption info: -1
01-03 16:00:35.182  1868  1881 E memtrack: Couldn't load memtrack module
01-03 16:00:35.183  1868  1881 W android.os.Debug: failed to get memory consumption info: -1
01-03 16:00:35.183  1868  1881 E memtrack: Couldn't load memtrack module
01-03 16:00:35.184  1868  1881 W android.os.Debug: failed to get memory consumption info: -1
01-03 16:00:35.186  1868  1881 E memtrack: Couldn't load memtrack module
01-03 16:00:35.186  1868  1881 W android.os.Debug: failed to get memory consumption info: -1
01-03 16:00:35.187  1868  1881 E memtrack: Couldn't load memtrack module
01-03 16:00:35.187  1868  1881 W android.os.Debug: failed to get memory consumption info: -1
01-03 16:00:35.188  1868  1881 E memtrack: Couldn't load memtrack module
01-03 16:00:35.188  1868  1881 W android.os.Debug: failed to get memory consumption info: -1
01-03 16:00:35.189  1868  1881 E memtrack: Couldn't load memtrack module
01-03 16:00:35.189  1868  1881 W android.os.Debug: failed to get memory consumption info: -1
01-03 16:00:35.191  2435  2435 I gle.android.gm: The ClassLoaderContext is a special shared library.
01-03 16:00:35.192  2435  2435 I chatty  : uid=10008(com.google.android.gms) identical 1 line
01-03 16:00:35.194  2435  2435 I gle.android.gm: The ClassLoaderContext is a special shared library.
01-03 16:00:35.194  1868  1881 E memtrack: Couldn't load memtrack module
01-03 16:00:35.194  1868  1881 W android.os.Debug: failed to get memory consumption info: -1
01-03 16:00:35.216  1868  1881 E memtrack: Couldn't load memtrack module
01-03 16:00:35.216  1868  1881 W android.os.Debug: failed to get memory consumption info: -1
01-03 16:00:35.219  1868  1890 V PackageManager: reconcileAppsData for null u0 0x2 migrateAppData=false
01-03 16:00:35.219  1868  1881 E memtrack: Couldn't load memtrack module
01-03 16:00:35.219  1868  1881 W android.os.Debug: failed to get memory consumption info: -1
01-03 16:00:35.223  2016  2016 I ImageWallpaper: Redrawing in rect: RectF(0.0, 0.0, 2330.625, 1920.0) with surface size: 1243x1920
01-03 16:00:35.246  1868  1881 E memtrack: Couldn't load memtrack module
01-03 16:00:35.246  1868  1881 W android.os.Debug: failed to get memory consumption info: -1
01-03 16:00:35.267  2435  2435 E ActivityThread: Failed to find provider info for com.google.android.gsf.gservices
01-03 16:00:35.278  1868  1881 E memtrack: Couldn't load memtrack module
01-03 16:00:35.278  1868  1881 W android.os.Debug: failed to get memory consumption info: -1
01-03 16:00:35.287  2016  2268 D EGL_emulation: eglMakeCurrent: 0xd3b30300: ver 3 0 (tinfo 0xd3b33340)
01-03 16:00:35.292  2016  2268 D EGL_emulation: eglMakeCurrent: 0xd3b30300: ver 3 0 (tinfo 0xd3b33340)
01-03 16:00:35.294  2435  2435 W DirectBootExitBR: User is in direct boot mode.
01-03 16:00:35.298  2016  2268 D EGL_emulation: eglMakeCurrent: 0xd3b30300: ver 3 0 (tinfo 0xd3b33340)
01-03 16:00:35.299  1868  1881 E memtrack: Couldn't load memtrack module
01-03 16:00:35.299  1868  1881 W android.os.Debug: failed to get memory consumption info: -1
01-03 16:00:35.309  2435  2435 W DynamiteModule: Local module descriptor class for providerinstaller not found.
01-03 16:00:35.312  1868  1881 E memtrack: Couldn't load memtrack module
01-03 16:00:35.312  1868  1881 W android.os.Debug: failed to get memory consumption info: -1
01-03 16:00:35.312  1729  1952 W cutils  : Expected path /data/data/com.google.android.gms with mode 700 but found 711
01-03 16:00:35.318  2435  2435 W ProviderHelper: Unknown dynamite feature providerinstaller
01-03 16:00:35.319  2435  2435 I DynamiteModule: Considering local module providerinstaller:0 and remote module providerinstaller:0
01-03 16:00:35.319  2435  2435 W ProviderInstaller: Failed to load providerinstaller module: No acceptable module found. Local version is 0 and remote version is 0.
01-03 16:00:35.329  1868  1881 E memtrack: Couldn't load memtrack module
01-03 16:00:35.329  1868  1881 W android.os.Debug: failed to get memory consumption info: -1
01-03 16:00:35.335  2435  2435 V NativeCrypto: Registering com/google/android/gms/org/conscrypt/NativeCrypto's 286 native methods...
01-03 16:00:35.319  2435  2435 I chatty  : uid=10008(com.google.android.gms) identical 14 lines
01-03 16:00:35.319  2435  2435 E ActivityThread: Failed to find provider info for com.google.android.gsf.gservices
01-03 16:00:35.347  1868  1890 V PackageManager: reconcileAppsData finished 110 packages
01-03 16:00:35.347  1868  1890 I ActivityManager: User 0 state changed from RUNNING_LOCKED to RUNNING_UNLOCKING
01-03 16:00:35.347  1868  1890 D ActivityManager: Unlocking user 0 progress 20
01-03 16:00:35.347  1868  1890 W Looper  : Slow dispatch took 423ms android.fg h=android.os.Handler c=com.android.server.am.-$$Lambda$UserController$o6oQFjGYYIfx-I94cSakTLPLt6s@a6fea9c m=0
01-03 16:00:35.347  1868  1890 W Looper  : Slow delivery took 449ms android.fg h=com.android.server.AppStateTracker$MyHandler c=null m=11
01-03 16:00:35.348  1868  1881 E memtrack: Couldn't load memtrack module
01-03 16:00:35.348  1868  1881 W android.os.Debug: failed to get memory consumption info: -1
01-03 16:00:35.349  1868  1882 I SystemServiceManager: Calling onUnlockUser u0
01-03 16:00:35.350  1868  1882 D StorageManagerService: onUnlockUser 0
01-03 16:00:35.350  1565  1569 D vold    : Linking /storage/emulated/0 to /mnt/user/0/primary
01-03 16:00:35.371  1868  1959 D StorageManagerService: Volume public:253,80 broadcasting mounted to UserHandle{0}
01-03 16:00:35.371  1868  1890 W Looper  : Drained
01-03 16:00:35.371  1868  1959 D StorageManagerService: Volume emulated broadcasting mounted to UserHandle{0}
01-03 16:00:35.373  2435  2435 D NetworkSecurityConfig: Using Network Security Config from resource network_security_config debugBuild: false
01-03 16:00:35.374  2435  2435 I ProviderInstaller: Installed default security provider GmsCore_OpenSSL
01-03 16:00:35.375  1868  1969 D WifiConfigStore: Reading from user store completed in 1 ms.
01-03 16:00:35.375  1868  1969 D WakeupConfigStoreData: WifiWake user data has been read
01-03 16:00:35.377  1868  1881 E memtrack: Couldn't load memtrack module
01-03 16:00:35.377  1868  1881 W android.os.Debug: failed to get memory consumption info: -1
01-03 16:00:35.380  1868  2464 V BackupManagerService: Starting with transport com.google.android.gms/.backup.BackupTransportService
01-03 16:00:35.391  1868  1884 I ActivityManager: Start proc 2466:com.google.process.gservices/u0a8 for content provider com.google.android.gsf/.gservices.GservicesProvider
01-03 16:00:35.392  1868  2464 I SELinux : SELinux: Loaded file_contexts
01-03 16:00:35.394  1868  2464 E BackupPasswordManager: Unable to read backup pw version
01-03 16:00:35.394  1868  2464 E BackupPasswordManager: Unable to read saved backup pw hash
01-03 16:00:35.395  1868  2464 V BackupManagerService: No ancestral data
01-03 16:00:35.396  2466  2466 W ocess.gservice: Unexpected CPU variant for X86 using defaults: x86
01-03 16:00:35.402  1868  1969 D WifiConfigStore: Writing to stores completed in 24 ms.
01-03 16:00:35.403  2466  2466 E ocess.gservice: Not starting debugger since process cannot load the jdwp agent.
01-03 16:00:35.409  1868  2464 I BackupManagerService: Unlocking system user; mService=com.android.server.backup.BackupManagerService@bac35cd
01-03 16:00:35.412  1868  2464 I BackupManagerService: Backup enabled => false
01-03 16:00:35.436  1868  1882 W SystemServiceManager: Service com.android.server.voiceinteraction.VoiceInteractionManagerService took 57 ms in onUnlockUser 
01-03 16:00:35.438  1868  2464 V BackupManagerConstants: getKeyValueBackupIntervalMilliseconds(...) returns 14400000
01-03 16:00:35.438  1868  2464 V BackupManagerConstants: getKeyValueBackupFuzzMilliseconds(...) returns 600000
01-03 16:00:35.438  1868  2464 V BackupManagerConstants: getKeyValueBackupRequiredNetworkType(...) returns 1
01-03 16:00:35.438  1868  2464 V BackupManagerConstants: getKeyValueBackupRequireCharging(...) returns true
01-03 16:00:35.438  1868  2464 V KeyValueBackupJob: Scheduling k/v pass in 248 minutes
01-03 16:00:35.438  1868  1881 E memtrack: Couldn't load memtrack module
01-03 16:00:35.438  1868  1881 W android.os.Debug: failed to get memory consumption info: -1
01-03 16:00:35.439  1868  1868 W InputMethodManagerService: Illegal subtype state: old subtype = null, new subtype = android.view.inputmethod.InputMethodSubtype@70bfcd7e
01-03 16:00:35.446  2466  2466 I ocess.gservice: The ClassLoaderContext is a special shared library.
01-03 16:00:35.446  2480  2480 W hbox:interacto: Unexpected CPU variant for X86 using defaults: x86
01-03 16:00:35.453  1868  1884 I ActivityManager: Start proc 2480:com.google.android.googlequicksearchbox:interactor/u0a39 for service com.google.android.googlequicksearchbox/com.google.android.voiceinteraction.GsaVoiceInteractionService
01-03 16:00:35.456  2480  2480 E hbox:interacto: Not starting debugger since process cannot load the jdwp agent.
01-03 16:00:35.458  1868  1868 W Looper  : Slow dispatch took 108ms main h=android.os.Handler c=null m=5000
01-03 16:00:35.476  2466  2466 I ocess.gservice: The ClassLoaderContext is a special shared library.
01-03 16:00:35.477  1868  1884 I ActivityManager: Start proc 2493:com.google.android.googlequicksearchbox:search/u0a39 for service com.google.android.googlequicksearchbox/com.google.android.apps.gsa.tasks.BackgroundTasksJobService
01-03 16:00:35.483  2493  2493 W earchbox:searc: Unexpected CPU variant for X86 using defaults: x86
01-03 16:00:35.489  2493  2493 E earchbox:searc: Not starting debugger since process cannot load the jdwp agent.
01-03 16:00:35.516  2480  2480 I hbox:interacto: The ClassLoaderContext is a special shared library.
01-03 16:00:35.561  2466  2466 I GservicesProvider: Gservices pushing to system: true; secure/global: true
01-03 16:00:35.575  2493  2493 I earchbox:searc: The ClassLoaderContext is a special shared library.
01-03 16:00:35.644  2435  2435 I Safeboot: Checking safeboot...
01-03 16:00:35.645  2435  2435 I Safeboot: Not entering safeboot; wrong process.
01-03 16:00:35.737  1868  1882 W SystemServiceManager: Service com.android.server.autofill.AutofillManagerService took 285 ms in onUnlockUser 
01-03 16:00:35.737  1868  1882 I ActivityManager: User 0 state changed from RUNNING_UNLOCKING to RUNNING_UNLOCKED
01-03 16:00:35.737  1868  1882 D SystemServerTiming: SystemUserUnlock took to complete: 840ms
01-03 16:00:35.738  1868  1882 V ActivityManager: Skipping ContentProviderInfo{name=com.google.android.gms.fileprovider className=com.google.android.gms.common.app.GmsFileProvider}
01-03 16:00:35.738  1868  1882 V ActivityManager: Skipping ContentProviderInfo{name=com.google.android.gms.appstate className=com.google.android.gms.appstate.provider.AppStateContentProvider}
01-03 16:00:35.738  1868  1882 V ActivityManager: Installing ContentProviderInfo{name=com.google.android.gms.auth.accountstate className=com.google.android.gms.auth.account.be.accountstate.AccountStateContentProvider}
01-03 16:00:35.738  1868  1882 V ActivityManager: Installing ContentProviderInfo{name=com.google.android.gms.auth.confirm className=com.google.android.gms.auth.account.be.accountstate.CredentialStateContentProvider}
01-03 16:00:35.739  1868  1882 V ActivityManager: Installing ContentProviderInfo{name=com.google.android.gms.auth.accounts className=com.google.android.gms.auth.account.be.legacy.AccountContentProvider}
01-03 16:00:35.739  1868  1882 V ActivityManager: Skipping ContentProviderInfo{name=com.google.android.gms.auth.proximity.multidevice.settings.provider className=com.google.android.gms.auth.proximity.multidevice.SettingsContentProvider}
01-03 16:00:35.739  1868  1882 V ActivityManager: Skipping ContentProviderInfo{name=com.google.android.gms.chromesync className=com.google.android.gms.chromesync.sync.SyncContentProvider}
01-03 16:00:35.739  1868  1882 V ActivityManager: Skipping ContentProviderInfo{name=com.google.android.gms.download className=com.google.android.gms.common.download.provider.DownloadsProvider}
01-03 16:00:35.739  1868  1882 V ActivityManager: Skipping ContentProviderInfo{name=com.google.android.gms.common.stats.net.contentprovider className=com.google.android.gms.common.stats.net.contentprovider.NetworkUsageContentProvider}
01-03 16:00:35.739  1868  1882 V ActivityManager: Skipping ContentProviderInfo{name=com.google.android.gms className=com.google.android.gms.app.search.GmsSearchIndexablesProvider}
01-03 16:00:35.739  1868  1882 V ActivityManager: Skipping ContentProviderInfo{name=com.google.android.gms.drive.sync className=com.google.android.gms.drive.metadata.sync.syncadapter.StubContentProvider}
01-03 16:00:35.739  1868  1882 V ActivityManager: Installing ContentProviderInfo{name=com.google.android.gms.fitness className=com.google.android.gms.fitness.sync.FitnessContentProvider}
01-03 16:00:35.739  1868  1882 V ActivityManager: Skipping ContentProviderInfo{name=com.google.android.gms.fonts className=com.google.android.gms.fonts.provider.FontsProvider}
01-03 16:00:35.739  1868  1882 V ActivityManager: Skipping ContentProviderInfo{name=com.google.android.gms.games.background className=com.google.android.gms.games.chimera.GamesContentProviderProxy}
01-03 16:00:35.739  1868  1882 V ActivityManager: Skipping ContentProviderInfo{name=com.google.android.gms.games className=com.google.android.gms.games.provider.NotificationStubContentProvider}
01-03 16:00:35.739  1868  1882 V ActivityManager: Skipping ContentProviderInfo{name=com.google.android.gms.icing.indexapi className=com.google.android.gms.icing.indexapi.IndexApiContentProvider}
01-03 16:00:35.739  1868  1882 V ActivityManager: Skipping ContentProviderInfo{name=com.google.android.gms.icing.proxy.sms className=com.google.android.gms.icing.proxy.SmsContentProvider}
01-03 16:00:35.739  1868  1882 V ActivityManager: Skipping ContentProviderInfo{name=com.google.android.gms.icing.proxy.apps className=com.google.android.gms.icing.proxy.AppsContentProvider}
01-03 16:00:35.739  1868  1882 V ActivityManager: Skipping ContentProviderInfo{name=com.google.android.gms.icing.proxy className=com.google.android.gms.icing.proxy.InternalIcingCorporaProvider}
01-03 16:00:35.739  1868  1882 V ActivityManager: Installing ContentProviderInfo{name=com.google.android.gms.instantapps.provider.api className=com.google.android.gms.instantapps.routing.InstantAppsContentProvider}
01-03 16:00:35.740  1868  1882 V ActivityManager: Installing ContentProviderInfo{name=com.google.android.gms.location.preferences className=com.google.android.gms.location.preferences.LocationPreferencesContentProvider}
01-03 16:00:35.740  1868  1882 V ActivityManager: Installing ContentProviderInfo{name=com.google.android.location.internal className=com.google.android.location.internal.LocationContentProvider}
01-03 16:00:35.740  1868  1882 V ActivityManager: Installing ContentProviderInfo{name=com.google.android.location.reporting className=com.google.android.location.reporting.service.utils.ReportingContentProvider}
01-03 16:00:35.740  1868  1882 V ActivityManager: Skipping ContentProviderInfo{name=com.google.android.gms.matchstick.dataprovider className=com.google.android.gms.matchstick.data.DatabaseProvider}
01-03 16:00:35.740  1868  1882 V ActivityManager: Skipping ContentProviderInfo{name=com.google.android.gms.matchstick.appdataprovider className=com.google.android.gms.matchstick.data.AppDataProvider}
01-03 16:00:35.740  1868  1882 V ActivityManager: Skipping ContentProviderInfo{name=com.google.android.gms.lighter.data className=com.google.android.gms.matchstick.data.LighterContentProvider}
01-03 16:00:35.742  1868  1882 V ActivityManager: Skipping ContentProviderInfo{name=com.google.android.gms.update.phone className=com.google.android.gms.update.OtaSuggestionSummaryProvider}
01-03 16:00:35.742  1868  1882 V ActivityManager: Skipping ContentProviderInfo{name=com.google.android.gms.people className=com.google.android.gms.people.service.PeopleContentProvider}
01-03 16:00:35.742  1868  1882 V ActivityManager: Skipping ContentProviderInfo{name=com.google.android.gms.people.gal.provider className=com.google.android.gms.people.service.galprovider.PeopleGalProvider}
