01-03 16:00:35.742  1868  1882 V ActivityManager: Skipping ContentProviderInfo{name=com.google.android.gms.plus;com.google.android.gms.plus.action className=com.google.android.gms.plus.provider.PlusProvider}
01-03 16:00:35.742  1868  1882 V ActivityManager: Skipping ContentProviderInfo{name=com.google.android.gms.reminders className=com.google.android.gms.reminders.provider.RemindersProvider}
01-03 16:00:35.742  1868  1882 V ActivityManager: Installing ContentProviderInfo{name=com.google.android.gms.security.provider className=com.google.android.gms.security.provider.SecurityProvider}
01-03 16:00:35.743  1868  1882 V ActivityManager: Skipping ContentProviderInfo{name=com.google.android.gms.subscribedfeeds className=com.google.android.gms.subscribedfeeds.GmsSubscribedFeedsProvider}
01-03 16:00:35.743  1868  1882 V ActivityManager: Skipping ContentProviderInfo{name=com.google.android.gms.thunderbird.config className=com.google.android.gms.thunderbird.config.EmergencyConfigContentProvider}
01-03 16:00:35.743  1868  1882 V ActivityManager: Skipping ContentProviderInfo{name=com.google.android.gms.thunderbird.settings className=com.google.android.gms.thunderbird.settings.ThunderbirdSettingsContentProvider}
01-03 16:00:35.743  1868  1882 V ActivityManager: Installing ContentProviderInfo{name=com.google.android.gms.trustagent.framework.model.be.provider className=com.google.android.gms.trustagent.framework.model.be.ModelContentProvider}
01-03 16:00:35.743  1868  1882 V ActivityManager: Skipping ContentProviderInfo{name=com.google.android.gms.wallet className=com.google.android.gms.wallet.setupwizard.PaymentsSetupWizardSuggestionStateProvider}
01-03 16:00:35.743  1868  1882 V ActivityManager: Skipping ContentProviderInfo{name=com.google.android.gms.chimera.container.sharedmoduleprovider className=com.google.android.gms.chimera.container.SharedModuleProvider}
01-03 16:00:35.743  1868  1882 V ActivityManager: Installing ContentProviderInfo{name=com.google.android.gms.lifecycle-process className=android.arch.lifecycle.ProcessLifecycleOwnerInitializer}
01-03 16:00:35.744  1868  1882 V ActivityManager: Installing ContentProviderInfo{name=com.google.android.dialer.provider className=com.google.android.apps.dialer.provider.DialerProvider}
01-03 16:00:35.744  1868  1882 V ActivityManager: Installing ContentProviderInfo{name=com.google.android.dialer.cacheprovider className=com.google.android.apps.dialer.phonenumbercache.PhoneNumberCacheProvider}
01-03 16:00:35.744  1868  1882 V ActivityManager: Installing ContentProviderInfo{name=com.google.android.dialer.blocking.filterednumberprovider className=com.android.dialer.blocking.FilteredNumberProvider}
01-03 16:00:35.744  1868  1882 V ActivityManager: Installing ContentProviderInfo{name=com.google.android.dialer.files className=android.support.v4.content.FileProvider}
01-03 16:00:35.744  1868  1882 V ActivityManager: Installing ContentProviderInfo{name=com.google.android.dialer.annotatedcalllog className=com.android.dialer.calllog.database.AnnotatedCallLogContentProvider}
01-03 16:00:35.744  1868  1882 V ActivityManager: Installing ContentProviderInfo{name=com.google.android.dialer.phonelookuphistory className=com.android.dialer.phonelookup.database.PhoneLookupHistoryContentProvider}
01-03 16:00:35.744  1868  1882 V ActivityManager: Installing ContentProviderInfo{name=com.google.android.dialer.preferredsimfallback className=com.android.dialer.preferredsim.impl.PreferredSimFallbackProvider}
01-03 16:00:35.745  1868  1882 V ActivityManager: Installing ContentProviderInfo{name=contacts;com.android.contacts className=com.android.providers.contacts.ContactsProvider2}
01-03 16:00:35.745  1868  1882 V ActivityManager: Installing ContentProviderInfo{name=call_log className=com.android.providers.contacts.CallLogProvider}
01-03 16:00:35.745  1868  1882 V ActivityManager: Installing ContentProviderInfo{name=com.android.voicemail className=com.android.providers.contacts.VoicemailContentProvider}
01-03 16:00:35.745  1868  1882 V ActivityManager: Installing ContentProviderInfo{name=com.android.contacts.metadata className=com.android.providers.contacts.ContactMetadataProvider}
01-03 16:00:35.745  1868  1882 V ActivityManager: Installing ContentProviderInfo{name=com.android.contacts.dumpfile className=com.android.providers.contacts.debug.DumpFileProvider}
01-03 16:00:35.745  1868  1882 V ActivityManager: Installing ContentProviderInfo{name=com.google.android.inputmethod.latin.fileprovider className=com.google.android.libraries.inputmethod.fileprovider.CrashResistantFileProvider}
01-03 16:00:35.745  1868  1882 V ActivityManager: Installing ContentProviderInfo{name=com.google.android.inputmethod.latin className=com.google.android.apps.inputmethod.latin.preference.SettingsSearchIndexablesProvider}
01-03 16:00:35.745  1868  1882 V ActivityManager: Installing ContentProviderInfo{name=com.google.android.inputmethod.latin.clipboard_content className=com.google.android.apps.inputmethod.libs.clipboard.ClipboardContentProvider}
01-03 16:00:35.746  1868  1882 V ActivityManager: Skipping ContentProviderInfo{name=com.google.android.inputmethod.latin.dvrnn.trainingservice.provider className=com.google.android.apps.inputmethod.libs.dvrnn.trainingservice.ProcessNameInitializerContentProvider}
01-03 16:00:35.746  1868  1882 V ActivityManager: Installing ContentProviderInfo{name=com.google.android.inputmethod.latin.expressivestickers.megamodefileprovider className=com.google.android.libraries.stickers.megamode.MegamodeFileProvider}
01-03 16:00:35.748  1868  1882 I ActivityManager: Sending BOOT_COMPLETE user #0
01-03 16:00:35.762  2144  2144 D FallbackHome: User unlocked and real home found; let's go!
01-03 16:00:35.765  2128  2128 D CarrierSvcBindHelper: Received android.intent.action.USER_UNLOCKED
01-03 16:00:35.770  2128  2128 D CarrierSvcBindHelper: No carrier app for: 0
01-03 16:00:35.770  2128  2128 D IntentBroadcaster: Rebroadcasting intent android.intent.action.SIM_STATE_CHANGED LOADED for slotId 0
01-03 16:00:35.776  1868  1868 V SettingsProvider: Notifying for 0: content://settings/global/network_recommendations_enabled
01-03 16:00:35.779  1868  1934 I ActivityManager: START u0 {act=android.intent.action.MAIN cat=[android.intent.category.HOME] flg=0x10000100 cmp=com.google.android.apps.nexuslauncher/.NexusLauncherActivity} from uid 0
01-03 16:00:35.783  1868  1868 W NotificationListeners: Not binding notification listener service ComponentInfo{com.google.android.apps.restore/com.google.android.apps.pixelmigrate.component.NotificationConsolidatorService}: service not found
01-03 16:00:35.783  1868  1868 V NotificationAssistants: disabling notification assistant for user 0: ComponentInfo{com.google.android.ext.services/android.ext.services.notification.Assistant}
01-03 16:00:35.783  1868  1868 D NotificationListeners: Removing active service ComponentInfo{com.google.android.ext.services/android.ext.services.notification.Assistant}
01-03 16:00:35.786  2520  2520 W com.android.se: Unexpected CPU variant for X86 using defaults: x86
01-03 16:00:35.790  1868  1987 I GnssLocationProvider: WakeLock acquired by sendMessage(REPORT_SV_STATUS, 0, com.android.server.location.GnssLocationProvider$SvStatusInfo@fb9b506)
01-03 16:00:35.790  2520  2520 E com.android.se: Not starting debugger since process cannot load the jdwp agent.
01-03 16:00:35.881  1868  1890 I AppWidgetServiceImpl: Async processing of onUserUnlocked u0 took 499 ms
01-03 16:00:35.881  1868  1884 W ActivityManager: Slow operation: 142ms so far, now at startProcess: done updating battery stats
01-03 16:00:35.881  1868  1884 W ActivityManager: Slow operation: 143ms so far, now at startProcess: building log message
01-03 16:00:35.881  1868  1884 I ActivityManager: Start proc 2520:com.android.se/1068 for added application com.android.se
01-03 16:00:35.881  1868  1884 W ActivityManager: Slow operation: 143ms so far, now at startProcess: starting to update pids map
01-03 16:00:35.881  1868  1884 W ActivityManager: Slow operation: 143ms so far, now at startProcess: done updating pids map
01-03 16:00:35.881  1868  1884 W ActivityManager: Slow operation: 130ms so far, now at startProcess: asking zygote to start proc
01-03 16:00:35.882  1868  1868 V NotificationAssistants: enabling notification assistant for 0: ComponentInfo{com.google.android.ext.services/android.ext.services.notification.Assistant}
01-03 16:00:35.895  1868  1890 W Looper  : Slow dispatch took 502ms android.fg h=android.os.Handler c=com.android.server.appwidget.-$$Lambda$AppWidgetService$HIwvoPMyKqEhLVIiysgUKH8QJg8@8becfaf m=0
01-03 16:00:35.895  1868  1890 W Looper  : Slow delivery took 409ms android.fg h=com.android.server.AppStateTracker$MyHandler c=null m=12
01-03 16:00:35.899  1868  1868 V NotificationAssistants: binding: Intent { act=android.service.notification.NotificationAssistantService cmp=com.google.android.ext.services/android.ext.services.notification.Assistant (has extras) }
01-03 16:00:35.901  1868  1868 W Looper  : Slow dispatch took 118ms main h=android.app.ActivityThread$H c=android.app.-$$Lambda$LoadedApk$ReceiverDispatcher$Args$_BumDX2UKsnxLVrE6UJsJZkotuA@3af96c1 m=0
01-03 16:00:35.903  2001  2001 W putmethod.lati: Accessing hidden method Landroid/os/storage/StorageManager;->inCryptKeeperBounce()Z (dark greylist, reflection)
01-03 16:00:35.906  1868  1881 W SearchableInfo: Invalid searchable metadata for com.google.android.gms/.nearby.sharing.ContactSelectActivity: Search label must be a resource reference.
01-03 16:00:35.905  1868  1890 I ActivityManager: Loading recents for user 0 into memory.
01-03 16:00:35.910  2001  2001 W UserUnlockMonitor: Cannot find StorageManager.inCryptKeeperBounce()
01-03 16:00:35.910  2001  2001 W UserUnlockMonitor: java.lang.NoSuchMethodException: inCryptKeeperBounce []
01-03 16:00:35.910  2001  2001 W UserUnlockMonitor: 	at java.lang.Class.getMethod(Class.java:2068)
01-03 16:00:35.910  2001  2001 W UserUnlockMonitor: 	at java.lang.Class.getMethod(Class.java:1690)
01-03 16:00:35.910  2001  2001 W UserUnlockMonitor: 	at khl.b(PG:10)
01-03 16:00:35.910  2001  2001 W UserUnlockMonitor: 	at khk.onReceive(PG:4)
01-03 16:00:35.910  2001  2001 W UserUnlockMonitor: 	at android.app.LoadedApk$ReceiverDispatcher$Args.lambda$getRunnable$0(LoadedApk.java:1391)
01-03 16:00:35.910  2001  2001 W UserUnlockMonitor: 	at android.app.-$$Lambda$LoadedApk$ReceiverDispatcher$Args$_BumDX2UKsnxLVrE6UJsJZkotuA.run(Unknown Source:2)
01-03 16:00:35.910  2001  2001 W UserUnlockMonitor: 	at android.os.Handler.handleCallback(Handler.java:873)
01-03 16:00:35.910  2001  2001 W UserUnlockMonitor: 	at android.os.Handler.dispatchMessage(Handler.java:99)
01-03 16:00:35.910  2001  2001 W UserUnlockMonitor: 	at android.os.Looper.loop(Looper.java:193)
01-03 16:00:35.910  2001  2001 W UserUnlockMonitor: 	at android.app.ActivityThread.main(ActivityThread.java:6669)
01-03 16:00:35.910  2001  2001 W UserUnlockMonitor: 	at java.lang.reflect.Method.invoke(Native Method)
01-03 16:00:35.910  2001  2001 W UserUnlockMonitor: 	at com.android.internal.os.RuntimeInit$MethodAndArgsCaller.run(RuntimeInit.java:493)
01-03 16:00:35.910  2001  2001 W UserUnlockMonitor: 	at com.android.internal.os.ZygoteInit.main(ZygoteInit.java:858)
01-03 16:00:35.919  1868  1884 W ActivityManager: Slow operation: 168ms so far, now at startProcess: returned from zygote!
01-03 16:00:35.919  2545  2545 W d.process.medi: Unexpected CPU variant for X86 using defaults: x86
01-03 16:00:35.938  2545  2545 E d.process.medi: Not starting debugger since process cannot load the jdwp agent.
01-03 16:00:35.939  2520  2520 I com.android.se: The ClassLoaderContext is a special shared library.
01-03 16:00:35.940  1868  1890 W ActivityManager: Removing auto-remove without activity: TaskRecord{ff0e7c0 #52 A=host.exp.exponent U=0 StackId=-1 sz=0}
01-03 16:00:35.941  1868  1868 I AccountManagerService: User 0 is unlocked - opening CE database
01-03 16:00:35.946  1868  1890 W Looper  : Drained
01-03 16:00:35.957  1868  1884 W ActivityManager: Slow operation: 206ms so far, now at startProcess: done updating battery stats
01-03 16:00:35.957  1868  1884 W ActivityManager: Slow operation: 206ms so far, now at startProcess: building log message
01-03 16:00:35.957  1868  1884 I ActivityManager: Start proc 2545:android.process.media/u0a7 for broadcast com.android.providers.downloads/.DownloadReceiver
01-03 16:00:35.957  1868  1884 W ActivityManager: Slow operation: 206ms so far, now at startProcess: starting to update pids map
01-03 16:00:35.957  1868  1884 W ActivityManager: Slow operation: 206ms so far, now at startProcess: done updating pids map
01-03 16:00:35.957  1868  1884 W ActivityManager: Slow operation: 180ms so far, now at startProcess: asking zygote to start proc
01-03 16:00:35.962  2435  2435 W Primes  : Primes not initialized, returning default (no-op) Primes instance which will ignore all calls. Please call Primes.initialize(...) before using any Primes API.
01-03 16:00:35.966  2520  2520 I SecureElementService: main onCreate
01-03 16:00:35.968  1556  1556 W hwservicemanager: getTransport: Cannot find entry android.hardware.secure_element@1.0::ISecureElement/eSE1 in either framework or device manifest.
01-03 16:00:35.968  2520  2520 I SecureElementService: No HAL implementation for eSE1
01-03 16:00:35.969  1556  1556 W hwservicemanager: getTransport: Cannot find entry android.hardware.secure_element@1.0::ISecureElement/SIM1 in either framework or device manifest.
01-03 16:00:35.969  2520  2520 I SecureElementService: No HAL implementation for SIM1
01-03 16:00:35.974  2359  2359 I ContactsPerf: VoicemailContentProvider.onCreate start
01-03 16:00:36.002  2307  2307 I NetRec  : [2] NetworkRecommendationService.onCreate: Creating service.
01-03 16:00:36.009  1868  1868 W Looper  : Slow dispatch took 108ms main h=android.app.ActivityThread$H c=android.app.-$$Lambda$LoadedApk$ReceiverDispatcher$Args$_BumDX2UKsnxLVrE6UJsJZkotuA@4d11533 m=0
01-03 16:00:36.009  1868  1868 W Looper  : Slow delivery took 247ms main h=com.android.server.power.Notifier$NotifierHandler c=null m=1
01-03 16:00:36.010  1868  1868 D WifiService: resetting networks because SIM was loaded
01-03 16:00:36.010  1868  1969 D WifiStateMachine: resetting EAP-SIM/AKA/AKA' networks since SIM was changed
01-03 16:00:36.018  2545  2545 I d.process.medi: The ClassLoaderContext is a special shared library.
01-03 16:00:36.041  2359  2359 I ContactsPerf: VoicemailContentProvider.onCreate finish
01-03 16:00:36.061  2545  2545 I d.process.medi: The ClassLoaderContext is a special shared library.
01-03 16:00:36.081  1868  1884 W ActivityManager: Slow operation: 304ms so far, now at startProcess: returned from zygote!
01-03 16:00:36.081  1868  1884 W ActivityManager: Slow operation: 304ms so far, now at startProcess: done updating battery stats
01-03 16:00:36.081  1868  1884 W ActivityManager: Slow operation: 304ms so far, now at startProcess: building log message
01-03 16:00:36.081  1868  1884 I ActivityManager: Start proc 2573:com.android.smspush/u0a46 for service com.android.smspush/.WapPushManager
01-03 16:00:36.081  1868  1884 W ActivityManager: Slow operation: 304ms so far, now at startProcess: starting to update pids map
01-03 16:00:36.081  1868  1884 W ActivityManager: Slow operation: 304ms so far, now at startProcess: done updating pids map
01-03 16:00:36.081  1868  1884 W ActivityManager: Slow operation: 207ms so far, now at startProcess: asking zygote to start proc
01-03 16:00:36.118  2001  2001 I TransientFileCleaner: Deleting 0 files
01-03 16:00:36.123  2573  2573 W android.smspus: Unexpected CPU variant for X86 using defaults: x86
01-03 16:00:36.124  2016  2016 I vol.Events: writeEvent dismiss_dialog timeout
01-03 16:00:36.126  2001  2096 I LauncherIconVisibilityInitializerBase: doUpdate() : Visible = false
01-03 16:00:36.133  2573  2573 E android.smspus: Not starting debugger since process cannot load the jdwp agent.
01-03 16:00:36.136  2359  2546 W d.process.acor: JNI critical lock held for 28.238ms on Thread[14,tid=2546,Runnable,Thread*=0xe8a6e000,peer=0x135c8718,"Worker-1"]
01-03 16:00:36.164  2001  2001 I UrgentSignalsProcessor: getInstance(): Creating UrgentSignalsProcessor instance
01-03 16:00:36.170  2359  2546 D ContactsDatabaseHelper: WAL enabled for contacts2.db: true
01-03 16:00:36.173  1868  1884 W ActivityManager: Slow operation: 299ms so far, now at startProcess: returned from zygote!
01-03 16:00:36.173  1868  1884 W ActivityManager: Slow operation: 300ms so far, now at startProcess: done updating battery stats
01-03 16:00:36.173  1868  1884 W ActivityManager: Slow operation: 300ms so far, now at startProcess: building log message
01-03 16:00:36.173  1868  1884 I ActivityManager: Start proc 2587:com.google.android.apps.nexuslauncher/u0a40 for activity com.google.android.apps.nexuslauncher/.NexusLauncherActivity
01-03 16:00:36.173  1868  1884 W ActivityManager: Slow operation: 300ms so far, now at startProcess: starting to update pids map
01-03 16:00:36.173  1868  1884 W ActivityManager: Slow operation: 300ms so far, now at startProcess: done updating pids map
01-03 16:00:36.173  1868  1884 W ActivityManager: Slow operation: 221ms so far, now at startProcess: asking zygote to start proc
01-03 16:00:36.174  1868  1868 W Looper  : Drained
01-03 16:00:36.186  2587  2587 W s.nexuslaunche: Unexpected CPU variant for X86 using defaults: x86
01-03 16:00:36.187  2001  2001 W TiresiasImpl: Tiresias set up
01-03 16:00:36.211  2001  2001 W ExecutorUtils: createScheduledExecutorService(): name[PhenotypeExpConfig] exceeds limit
01-03 16:00:36.211  2307  2307 W NetRec  : [2] albo.a: Extended dumpsys support disabled.
01-03 16:00:36.222  2587  2587 E s.nexuslaunche: Not starting debugger since process cannot load the jdwp agent.
01-03 16:00:36.226  2573  2573 I android.smspus: The ClassLoaderContext is a special shared library.
01-03 16:00:36.229  1868  1884 W ActivityManager: Slow operation: 276ms so far, now at startProcess: returned from zygote!
01-03 16:00:36.231  1868  1884 W ActivityManager: Slow operation: 279ms so far, now at startProcess: done updating battery stats
01-03 16:00:36.232  1868  1884 W ActivityManager: Slow operation: 279ms so far, now at startProcess: building log message
01-03 16:00:36.232  1868  1884 I ActivityManager: Start proc 2604:com.android.printspooler/u0a61 for service com.android.printspooler/.model.PrintSpoolerService
01-03 16:00:36.232  1868  1884 W ActivityManager: Slow operation: 279ms so far, now at startProcess: starting to update pids map
01-03 16:00:36.232  1868  1884 W ActivityManager: Slow operation: 279ms so far, now at startProcess: done updating pids map
01-03 16:00:36.233  2604  2604 W id.printspoole: Unexpected CPU variant for X86 using defaults: x86
01-03 16:00:36.244  2307  2307 I NetRec  : [2] albq.a: Starting service.
01-03 16:00:36.246  2307  2307 I NetRec  : [2] alel.a: Now the active scorer.
01-03 16:00:36.296  2480  2480 I MultiDex: VM with version 2.1.0 has multidex support
01-03 16:00:36.296  2480  2480 I MultiDex: install
01-03 16:00:36.296  2480  2480 I MultiDex: VM has multidex support, MultiDex support library is disabled.
01-03 16:00:36.301  2493  2493 I MultiDex: VM with version 2.1.0 has multidex support
01-03 16:00:36.301  2493  2493 I MultiDex: install
01-03 16:00:36.301  2493  2493 I MultiDex: VM has multidex support, MultiDex support library is disabled.
01-03 16:00:36.313  2480  2480 I InteractorInitializer: Initialized process com.google.android.googlequicksearchbox:interactor
01-03 16:00:36.322  2604  2604 E id.printspoole: Not starting debugger since process cannot load the jdwp agent.
01-03 16:00:36.374  2587  2587 I s.nexuslaunche: The ClassLoaderContext is a special shared library.
01-03 16:00:36.379  2359  2546 I ContactLocale: AddressBook Labels [[en_US]]: [, A, B, C, D, E, F, G, H, I, J, K, L, M, N, O, P, Q, R, S, T, U, V, W, X, Y, Z, , , , , , , , , , , , , , , , , , , , , , , , , , , , , , , , , , , , , , , , , , , , , , , , , , , , , , , , , , , , , , , , , , , , , , , , , , , , , , , , , , , , , , , , , , , , , , , , , , , , , , , , , , , , , , , , , , , , , , , , , , , , , , , , , , , , , , , , , , , , , , , , , , , , , , , , , , , , , , , , , , , , , , , , , , , , , , , , , , , , , , , , , , , #, ]
01-03 16:00:36.411  2545  2545 D MediaScannerReceiver: action: android.intent.action.MEDIA_MOUNTED path: /storage/18F5-130F
01-03 16:00:36.431  2359  2546 D ContactsDatabaseHelper: WAL enabled for profile.db: false
01-03 16:00:36.455  1868  1884 I ActivityManager: Start proc 2639:com.google.android.apps.photos/u0a77 for broadcast com.google.android.apps.photos/.sdcard.envcache.ExternalStorageStateChangeBroadcastReceiver
01-03 16:00:36.459  2639  2639 W oid.apps.photo: Unexpected CPU variant for X86 using defaults: x86
01-03 16:00:36.463  2604  2604 I id.printspoole: The ClassLoaderContext is a special shared library.
01-03 16:00:36.476  2001  2001 W PhenotypeExperimentConfiguration: Type of flag access_points_order should be [5], got [4]
01-03 16:00:36.477  2639  2639 E oid.apps.photo: Not starting debugger since process cannot load the jdwp agent.
01-03 16:00:36.478  2001  2001 W PhenotypeExperimentConfiguration: Type of flag content_suggestion_language_tag_whitelist should be [5], got [4]
01-03 16:00:36.478  2001  2001 W PhenotypeExperimentConfiguration: Type of flag conv2query_extension_locales should be [5], got [4]
01-03 16:00:36.478  2001  2001 W PhenotypeExperimentConfiguration: Type of flag delight_apps_metadata_uri should be [5], got [4]
01-03 16:00:36.478  2001  2001 W PhenotypeExperimentConfiguration: Type of flag delight_metadata_launch_tag should be [5], got [4]
01-03 16:00:36.479  2001  2001 W PhenotypeExperimentConfiguration: Type of flag delight_metadata_uri should be [5], got [4]
01-03 16:00:36.479  2001  2001 W PhenotypeExperimentConfiguration: Type of flag delight_overrides_metadata_uri should be [5], got [4]
01-03 16:00:36.479  2001  2001 W PhenotypeExperimentConfiguration: Type of flag key_locale_cutout_switches_lm should be [5], got [4]
01-03 16:00:36.479  2001  2001 W PhenotypeExperimentConfiguration: Type of flag key_locale_cutout_switches_sm should be [5], got [4]
01-03 16:00:36.479  2001  2001 W PhenotypeExperimentConfiguration: Type of flag language_tags_excluded should be [5], got [4]
01-03 16:00:36.498  2001  2001 I GoogleInputMethodService: Apply keyboard theme: theme_stylesheet_googleblue_materiallight_assets:theme_package_metadata_google_blue_light.binarypb_port
01-03 16:00:36.512  2001  2001 I GoogleInputMethodService: Apply keyboard theme: theme_stylesheet_googleblue_materiallight_assets:theme_package_metadata_google_blue_light.binarypb_port
01-03 16:00:36.542  2435  2602 I GmsModuleFndr: Beginning GMS chimera module scan
01-03 16:00:36.561  2001  2279 E AndroidIME: Error reading file: /data/user_de/0/com.google.android.inputmethod.latin/files/keyboard_def_cache_f99d9e0d422688586b0695514af6383d
01-03 16:00:36.561  2001  2279 E AndroidIME: java.nio.channels.ClosedByInterruptException
01-03 16:00:36.561  2001  2279 E AndroidIME: 	at java.nio.channels.spi.AbstractInterruptibleChannel.end(AbstractInterruptibleChannel.java:203)
01-03 16:00:36.561  2001  2279 E AndroidIME: 	at sun.nio.ch.FileChannelImpl.size(FileChannelImpl.java:354)
01-03 16:00:36.561  2001  2279 E AndroidIME: 	at dku.b(PG:11)
01-03 16:00:36.561  2001  2279 E AndroidIME: 	at dgh.call(PG:11)
01-03 16:00:36.561  2001  2279 E AndroidIME: 	at omd.b(PG:6)
01-03 16:00:36.561  2001  2279 E AndroidIME: 	at ole.run(PG:17)
01-03 16:00:36.561  2001  2279 E AndroidIME: 	at ome.run(PG:13)
01-03 16:00:36.561  2001  2279 E AndroidIME: 	at jqk.run(PG:21)
01-03 16:00:36.561  2001  2279 E AndroidIME: 	at java.util.concurrent.ThreadPoolExecutor.runWorker(ThreadPoolExecutor.java:1167)
01-03 16:00:36.561  2001  2279 E AndroidIME: 	at java.util.concurrent.ThreadPoolExecutor$Worker.run(ThreadPoolExecutor.java:641)
01-03 16:00:36.561  2001  2279 E AndroidIME: 	at java.lang.Thread.run(Thread.java:764)
01-03 16:00:36.561  2001  2279 E AndroidIME: 	at jqa.run(PG:6)
01-03 16:00:36.575  2001  2001 I UrgentSignalsProcessor: Received flagsUpdated for urgent signal
01-03 16:00:36.612  2587  2587 V Launcher: LauncherAppState initiated
01-03 16:00:36.621  2587  2587 D OpenGLRenderer: Skia GL Pipeline
01-03 16:00:36.629  2639  2639 I oid.apps.photo: The ClassLoaderContext is a special shared library.
01-03 16:00:36.629  2001  2667 I PhenotypeIme: RegisterTask.registerWithPhenotype() : com.google.android.inputmethod.latin : 26881015
01-03 16:00:36.638  2001  2658 I SuperDelight: initializeDelightSuperpacks()
01-03 16:00:36.641  2001  2658 I SuperDelight: getDelightMetadataUriAndVersion(): Phenotype : 2019110101 : https://www.gstatic.com/android/keyboard/dictionarypack/latest/metadata_staging.json
01-03 16:00:36.646  2435  2602 I ModuleSetMgr: Computing pending module set with APKs: [[VisionFace.optional:19831000700], [VisionOcr.optional:19831000700], [AdsFdrDynamite.integ:20461000000], [Cronetdynamite:19831100700], [Dynamiteloader:19831100700], [Dynamitemodulesa:19831100700], [Dynamitemodulesc:19831100700], [Googlecertificates:19831100700], [Mapsdynamite:19831100700], [Measurementdynamite:19831100700], [AdsFdrDynamite.integ:21001000000], [Payments.integ:19677002000700], [PaymentsDynamite.integ:19677002000700]]
01-03 16:00:36.650  1868  1884 W ActivityManager: Slow operation: 57ms so far, now at startProcess: returned from zygote!
01-03 16:00:36.650  1868  1884 W ActivityManager: Slow operation: 57ms so far, now at startProcess: done updating battery stats
01-03 16:00:36.650  1868  1884 W ActivityManager: Slow operation: 57ms so far, now at startProcess: building log message
01-03 16:00:36.650  1868  1884 I ActivityManager: Start proc 2671:com.android.keychain/1000 for service com.android.keychain/.KeyChainService
01-03 16:00:36.650  1868  1884 W ActivityManager: Slow operation: 58ms so far, now at startProcess: starting to update pids map
01-03 16:00:36.650  1868  1884 W ActivityManager: Slow operation: 58ms so far, now at startProcess: done updating pids map
01-03 16:00:36.659  2001  2001 I PhenotypeExperimentConfiguration: refreshConfiguration() : Force = true : UpdateAvailable = false : Age = 25984 minutes : MaxAge = 720 minutes
01-03 16:00:36.663  2001  2001 I DictionarySuperpacksManager: onEnabledInputMethodEntriesChanged
01-03 16:00:36.667  2671  2671 W ndroid.keychai: Unexpected CPU variant for X86 using defaults: x86
01-03 16:00:36.682  2001  2678 I SuperpacksManager: initializeInternal()
01-03 16:00:36.686  1868  1879 W WallpaperManagerService: Cannot extract colors because wallpaper could not be read.
01-03 16:00:36.686  1868  1879 W WallpaperManagerService: Cannot get theme colors because WallpaperColors is null.
01-03 16:00:36.691  2001  2001 I ConfigurationNotification: Get device mode by ui mode:1 and smallestScreenWidthDp:411
01-03 16:00:36.692  2001  2001 I chatty  : uid=10058(com.google.android.inputmethod.latin) identical 10 lines
01-03 16:00:36.693  2001  2001 I ConfigurationNotification: Get device mode by ui mode:1 and smallestScreenWidthDp:411
01-03 16:00:36.700  2001  2678 W DynamiteModule: Local module descriptor class for com.google.android.gms.googlecertificates not found.
01-03 16:00:36.703  2001  2001 I ConfigurationNotification: Get device mode by ui mode:1 and smallestScreenWidthDp:411
01-03 16:00:36.706  2001  2001 I chatty  : uid=10058(com.google.android.inputmethod.latin) identical 5 lines
01-03 16:00:36.706  2001  2001 I ConfigurationNotification: Get device mode by ui mode:1 and smallestScreenWidthDp:411
01-03 16:00:36.710  2671  2671 E ndroid.keychai: Not starting debugger since process cannot load the jdwp agent.
01-03 16:00:36.711  2001  2001 I ConfigurationNotification: Get device mode by ui mode:1 and smallestScreenWidthDp:411
01-03 16:00:36.711  2001  2001 I chatty  : uid=10058(com.google.android.inputmethod.latin) identical 1 line
01-03 16:00:36.711  2001  2001 I ConfigurationNotification: Get device mode by ui mode:1 and smallestScreenWidthDp:411
01-03 16:00:36.711  2639  2639 W oid.apps.photo: JIT profile information will not be recorded: profile file does not exits.
01-03 16:00:36.711  2639  2639 W oid.apps.photo: JIT profile information will not be recorded: profile file does not exits.
01-03 16:00:36.714  2001  2001 I ConfigurationNotification: Get device mode by ui mode:1 and smallestScreenWidthDp:411
01-03 16:00:36.714  2001  2001 I chatty  : uid=10058(com.google.android.inputmethod.latin) identical 1 line
01-03 16:00:36.715  2001  2001 I ConfigurationNotification: Get device mode by ui mode:1 and smallestScreenWidthDp:411
01-03 16:00:36.718  2001  2678 W putmethod.lati: Unsupported class loader
01-03 16:00:36.719  2001  2001 I ConfigurationNotification: Get device mode by ui mode:1 and smallestScreenWidthDp:411
01-03 16:00:36.765  2001  2001 I chatty  : uid=10058(com.google.android.inputmethod.latin) identical 17 lines
01-03 16:00:36.766  2001  2001 I ConfigurationNotification: Get device mode by ui mode:1 and smallestScreenWidthDp:411
01-03 16:00:36.768  2671  2671 I ndroid.keychai: The ClassLoaderContext is a special shared library.
01-03 16:00:36.768  2001  2001 I ConfigurationNotification: Get device mode by ui mode:1 and smallestScreenWidthDp:411
01-03 16:00:36.781  2001  2001 I chatty  : uid=10058(com.google.android.inputmethod.latin) identical 11 lines
01-03 16:00:36.781  2001  2001 I ConfigurationNotification: Get device mode by ui mode:1 and smallestScreenWidthDp:411
01-03 16:00:36.787  1868  1868 I FusedLocation: engine stopped (com.android.location.fused)
01-03 16:00:36.791  2001  2001 I ConfigurationNotification: Get device mode by ui mode:1 and smallestScreenWidthDp:411
01-03 16:00:36.791  2001  2001 I ConfigurationNotification: Get device mode by ui mode:1 and smallestScreenWidthDp:411
01-03 16:00:36.792  1868  1987 I GnssLocationProvider: WakeLock acquired by sendMessage(REPORT_SV_STATUS, 0, com.android.server.location.GnssLocationProvider$SvStatusInfo@c24709d)
01-03 16:00:36.792  2001  2001 I ConfigurationNotification: Get device mode by ui mode:1 and smallestScreenWidthDp:411
01-03 16:00:36.801  2001  2001 I chatty  : uid=10058(com.google.android.inputmethod.latin) identical 8 lines
01-03 16:00:36.802  2001  2001 I ConfigurationNotification: Get device mode by ui mode:1 and smallestScreenWidthDp:411
01-03 16:00:36.804  1868  1881 I GnssLocationProvider: WakeLock released by handleMessage(REPORT_SV_STATUS, 0, com.android.server.location.GnssLocationProvider$SvStatusInfo@fb9b506)
01-03 16:00:36.820  2001  2001 I ConfigurationNotification: Get device mode by ui mode:1 and smallestScreenWidthDp:411
01-03 16:00:36.820  2001  2001 I chatty  : uid=10058(com.google.android.inputmethod.latin) identical 1 line
01-03 16:00:36.820  2001  2001 I ConfigurationNotification: Get device mode by ui mode:1 and smallestScreenWidthDp:411
01-03 16:00:36.822  1868  1881 E GnssLocationProvider: no AGPS interface in set_agps_server
01-03 16:00:36.823  2001  2001 I ConfigurationNotification: Get device mode by ui mode:1 and smallestScreenWidthDp:411
01-03 16:00:36.835  1868  1884 I ActivityManager: Start proc 2703:com.google.process.gapps/u0a8 for content provider com.google.android.gsf/.settings.GoogleSettingsProvider
01-03 16:00:36.834  2001  2001 I chatty  : uid=10058(com.google.android.inputmethod.latin) identical 5 lines
01-03 16:00:36.835  2001  2001 I ConfigurationNotification: Get device mode by ui mode:1 and smallestScreenWidthDp:411
01-03 16:00:36.835  2435  2602 I ModuleSetMgr: Pending container module APKs: [[VisionFace.optional:19831000700], [VisionOcr.optional:19831000700]]
01-03 16:00:36.835  2435  2602 I ModuleSetMgr: Pending non-container module APKs: [[AdsFdrDynamite.integ:21001000000], [Payments.integ:19677002000700]]
01-03 16:00:36.837  2001  2001 I ConfigurationNotification: Get device mode by ui mode:1 and smallestScreenWidthDp:411
01-03 16:00:36.837  2001  2001 I chatty  : uid=10058(com.google.android.inputmethod.latin) identical 1 line
01-03 16:00:36.837  2001  2001 I ConfigurationNotification: Get device mode by ui mode:1 and smallestScreenWidthDp:411
01-03 16:00:36.841  1868  1881 I GnssLocationProvider: WakeLock released by handleMessage(REPORT_SV_STATUS, 0, com.android.server.location.GnssLocationProvider$SvStatusInfo@c24709d)
01-03 16:00:36.842  2001  2001 I ConfigurationNotification: Get device mode by ui mode:1 and smallestScreenWidthDp:411
01-03 16:00:36.846  2001  2001 I chatty  : uid=10058(com.google.android.inputmethod.latin) identical 4 lines
01-03 16:00:36.849  2001  2001 I ConfigurationNotification: Get device mode by ui mode:1 and smallestScreenWidthDp:411
01-03 16:00:36.849  2703  2703 W e.process.gapp: Unexpected CPU variant for X86 using defaults: x86
01-03 16:00:36.852  2001  2001 I ConfigurationNotification: Get device mode by ui mode:1 and smallestScreenWidthDp:411
01-03 16:00:36.853  2001  2001 I ConfigurationNotification: Get device mode by ui mode:1 and smallestScreenWidthDp:411
01-03 16:00:36.853  2703  2703 E e.process.gapp: Not starting debugger since process cannot load the jdwp agent.
01-03 16:00:36.865  2587  2702 D ProtoStore: no cached data
01-03 16:00:36.876  2001  2001 I ConfigurationNotification: Get device mode by ui mode:1 and smallestScreenWidthDp:411
01-03 16:00:36.877  2001  2678 W putmethod.lati: Skipping duplicate class check due to unsupported classloader
01-03 16:00:36.878  2001  2001 I ConfigurationNotification: Get device mode by ui mode:1 and smallestScreenWidthDp:411
01-03 16:00:36.882  2001  2001 I chatty  : uid=10058(com.google.android.inputmethod.latin) identical 18 lines
01-03 16:00:36.883  2001  2001 I ConfigurationNotification: Get device mode by ui mode:1 and smallestScreenWidthDp:411
01-03 16:00:36.884  1724  1754 E SurfaceFlinger: ro.sf.lcd_density must be defined as a build property
01-03 16:00:36.883  2001  2001 I ConfigurationNotification: Get device mode by ui mode:1 and smallestScreenWidthDp:411
01-03 16:00:36.890  2001  2001 I chatty  : uid=10058(com.google.android.inputmethod.latin) identical 7 lines
01-03 16:00:36.890  2001  2001 I ConfigurationNotification: Get device mode by ui mode:1 and smallestScreenWidthDp:411
01-03 16:00:36.889  2001  2678 I DynamiteModule: Considering local module com.google.android.gms.googlecertificates:0 and remote module com.google.android.gms.googlecertificates:4
01-03 16:00:36.896  2001  2678 I DynamiteModule: Selected remote version of com.google.android.gms.googlecertificates, version >= 4
01-03 16:00:36.920  1868  2126 W ActivityManager: Unable to start service Intent { act=com.google.android.apps.miphone.aiai.matchmaker.api.IScreenMatchmaker cmp=com.google.android.as/com.google.android.apps.miphone.aiai.matchmaker.MatchmakerService2 } U=0: not found
01-03 16:00:36.935  2587  2587 D TouchInteractionService: Touch service connected
01-03 16:00:36.943  2001  2001 I ConfigurationNotification: Get device mode by ui mode:1 and smallestScreenWidthDp:411
01-03 16:00:36.946  2001  2001 I chatty  : uid=10058(com.google.android.inputmethod.latin) identical 21 lines
01-03 16:00:36.946  2001  2001 I ConfigurationNotification: Get device mode by ui mode:1 and smallestScreenWidthDp:411
01-03 16:00:36.950  2001  2676 I ShortcutsDataManager: onContentChanged()
01-03 16:00:36.952  2703  2703 I e.process.gapp: The ClassLoaderContext is a special shared library.
01-03 16:00:36.952  2001  2001 I ConfigurationNotification: Get device mode by ui mode:1 and smallestScreenWidthDp:411
01-03 16:00:36.953  2001  2001 I chatty  : uid=10058(com.google.android.inputmethod.latin) identical 2 lines
01-03 16:00:36.953  2001  2001 I ConfigurationNotification: Get device mode by ui mode:1 and smallestScreenWidthDp:411
01-03 16:00:36.954  2001  2678 W putmethod.lati: Unsupported class loader
01-03 16:00:36.955  2001  2676 I ContactsDataManager: onContentChanged()
01-03 16:00:36.955  2001  2676 I EmailDataManager: onContentChanged()
01-03 16:00:36.955  2001  2001 I ConfigurationNotification: Get device mode by ui mode:1 and smallestScreenWidthDp:411
01-03 16:00:36.957  2001  2001 I chatty  : uid=10058(com.google.android.inputmethod.latin) identical 20 lines
01-03 16:00:36.957  2001  2001 I ConfigurationNotification: Get device mode by ui mode:1 and smallestScreenWidthDp:411
01-03 16:00:36.957  2703  2703 I e.process.gapp: The ClassLoaderContext is a special shared library.
01-03 16:00:36.959  2001  2001 I ConfigurationNotification: Get device mode by ui mode:1 and smallestScreenWidthDp:411
01-03 16:00:36.959  2480  2480 W PrimesInit: Primes instant initialization
01-03 16:00:36.959  2001  2001 I ConfigurationNotification: Get device mode by ui mode:1 and smallestScreenWidthDp:411
01-03 16:00:36.964  2001  2001 I chatty  : uid=10058(com.google.android.inputmethod.latin) identical 25 lines
01-03 16:00:36.964  2001  2001 I ConfigurationNotification: Get device mode by ui mode:1 and smallestScreenWidthDp:411
01-03 16:00:36.966  2001  2658 I SuperDelight: initializeDelightAppsSuperpacks()
01-03 16:00:36.968  2001  2678 W putmethod.lati: Skipping duplicate class check due to unsupported classloader
01-03 16:00:36.964  2001  2001 I ConfigurationNotification: Get device mode by ui mode:1 and smallestScreenWidthDp:411
01-03 16:00:36.971  2001  2001 I chatty  : uid=10058(com.google.android.inputmethod.latin) identical 4 lines
01-03 16:00:36.972  2001  2001 I ConfigurationNotification: Get device mode by ui mode:1 and smallestScreenWidthDp:411
01-03 16:00:36.972  2480  2480 I GsaVoiceInteractionSrv: Registering passthrough
01-03 16:00:36.972  2001  2001 I ConfigurationNotification: Get device mode by ui mode:1 and smallestScreenWidthDp:411
01-03 16:00:36.973  2001  2001 I chatty  : uid=10058(com.google.android.inputmethod.latin) identical 16 lines
01-03 16:00:36.974  2001  2001 I ConfigurationNotification: Get device mode by ui mode:1 and smallestScreenWidthDp:411
01-03 16:00:36.974  1621  1664 D gralloc_ranchu: gralloc_alloc: Creating ashmem region of size 24576
01-03 16:00:36.974  2001  2001 I ConfigurationNotification: Get device mode by ui mode:1 and smallestScreenWidthDp:411
01-03 16:00:36.974  2001  2001 I chatty  : uid=10058(com.google.android.inputmethod.latin) identical 4 lines
01-03 16:00:36.979  2001  2001 I ConfigurationNotification: Get device mode by ui mode:1 and smallestScreenWidthDp:411
01-03 16:00:36.989  2480  2724 W Primes  : background initialization
01-03 16:00:36.993  2587  2587 W ActionsController: content provider not found
01-03 16:00:36.993  2587  2587 W ActionsController: java.lang.SecurityException: Failed to find provider com.google.android.as.allapps.actionsuggestprovider for user 0; expected to find a valid ContentProvider for this authority
01-03 16:00:36.993  2587  2587 W ActionsController: 	at android.os.Parcel.createException(Parcel.java:1942)
01-03 16:00:36.993  2587  2587 W ActionsController: 	at android.os.Parcel.readException(Parcel.java:1910)
01-03 16:00:36.993  2587  2587 W ActionsController: 	at android.os.Parcel.readException(Parcel.java:1860)
01-03 16:00:36.993  2587  2587 W ActionsController: 	at android.content.IContentService$Stub$Proxy.registerContentObserver(IContentService.java:779)
01-03 16:00:36.993  2587  2587 W ActionsController: 	at android.content.ContentResolver.registerContentObserver(ContentResolver.java:1972)
01-03 16:00:36.993  2587  2587 W ActionsController: 	at android.content.ContentResolver.registerContentObserver(ContentResolver.java:1961)
01-03 16:00:36.993  2587  2587 W ActionsController: 	at com.google.android.apps.nexuslauncher.allapps.d.cY(SourceFile:193)
01-03 16:00:36.993  2587  2587 W ActionsController: 	at com.google.android.apps.nexuslauncher.allapps.d.<init>(SourceFile:156)
01-03 16:00:36.993  2587  2587 W ActionsController: 	at com.google.android.apps.nexuslauncher.allapps.d.c(SourceFile:116)
01-03 16:00:36.993  2587  2587 W ActionsController: 	at com.google.android.apps.nexuslauncher.allapps.ActionsRowView.onAttachedToWindow(SourceFile:162)
01-03 16:00:36.993  2587  2587 W ActionsController: 	at android.view.View.dispatchAttachedToWindow(View.java:18347)
01-03 16:00:36.993  2587  2587 W ActionsController: 	at android.view.ViewGroup.dispatchAttachedToWindow(ViewGroup.java:3397)
01-03 16:00:36.993  2587  2587 W ActionsController: 	at android.view.ViewGroup.dispatchAttachedToWindow(ViewGroup.java:3404)
01-03 16:00:36.993  2587  2587 W ActionsController: 	at android.view.ViewGroup.dispatchAttachedToWindow(ViewGroup.java:3404)
01-03 16:00:36.993  2587  2587 W ActionsController: 	at android.view.ViewGroup.dispatchAttachedToWindow(ViewGroup.java:3404)
01-03 16:00:36.993  2587  2587 W ActionsController: 	at android.view.ViewGroup.dispatchAttachedToWindow(ViewGroup.java:3404)
01-03 16:00:36.993  2587  2587 W ActionsController: 	at android.view.ViewGroup.dispatchAttachedToWindow(ViewGroup.java:3404)
01-03 16:00:36.993  2587  2587 W ActionsController: 	at android.view.ViewGroup.dispatchAttachedToWindow(ViewGroup.java:3404)
01-03 16:00:36.993  2587  2587 W ActionsController: 	at android.view.ViewGroup.dispatchAttachedToWindow(ViewGroup.java:3404)
01-03 16:00:36.993  2587  2587 W ActionsController: 	at android.view.ViewRootImpl.performTraversals(ViewRootImpl.java:1761)
01-03 16:00:36.993  2587  2587 W ActionsController: 	at android.view.ViewRootImpl.doTraversal(ViewRootImpl.java:1460)
01-03 16:00:36.993  2587  2587 W ActionsController: 	at android.view.ViewRootImpl$TraversalRunnable.run(ViewRootImpl.java:7183)
01-03 16:00:36.993  2587  2587 W ActionsController: 	at android.view.Choreographer$CallbackRecord.run(Choreographer.java:949)
01-03 16:00:36.993  2587  2587 W ActionsController: 	at android.view.Choreographer.doCallbacks(Choreographer.java:761)
01-03 16:00:36.993  2587  2587 W ActionsController: 	at android.view.Choreographer.doFrame(Choreographer.java:696)
01-03 16:00:36.993  2587  2587 W ActionsController: 	at android.view.Choreographer$FrameDisplayEventReceiver.run(Choreographer.java:935)
01-03 16:00:36.993  2587  2587 W ActionsController: 	at android.os.Handler.handleCallback(Handler.java:873)
01-03 16:00:36.993  2587  2587 W ActionsController: 	at android.os.Handler.dispatchMessage(Handler.java:99)
01-03 16:00:36.993  2587  2587 W ActionsController: 	at android.os.Looper.loop(Looper.java:193)
01-03 16:00:36.993  2587  2587 W ActionsController: 	at android.app.ActivityThread.main(ActivityThread.java:6669)
01-03 16:00:36.993  2587  2587 W ActionsController: 	at java.lang.reflect.Method.invoke(Native Method)
01-03 16:00:36.993  2587  2587 W ActionsController: 	at com.android.internal.os.RuntimeInit$MethodAndArgsCaller.run(RuntimeInit.java:493)
01-03 16:00:36.993  2587  2587 W ActionsController: 	at com.android.internal.os.ZygoteInit.main(ZygoteInit.java:858)
01-03 16:00:36.993  2587  2587 W ActionsController: Caused by: android.os.RemoteException: Remote stack trace:
01-03 16:00:36.993  2587  2587 W ActionsController: 	at com.android.server.content.ContentService.registerContentObserver(ContentService.java:340)
01-03 16:00:36.993  2587  2587 W ActionsController: 	at android.content.IContentService$Stub.onTransact(IContentService.java:76)
01-03 16:00:36.993  2587  2587 W ActionsController: 	at com.android.server.content.ContentService.onTransact(ContentService.java:262)
01-03 16:00:36.993  2587  2587 W ActionsController: 	at android.os.Binder.execTransact(Binder.java:731)
01-03 16:00:36.993  2587  2587 W ActionsController: 
01-03 16:00:36.993  2001  2001 I ConfigurationNotification: Get device mode by ui mode:1 and smallestScreenWidthDp:411
01-03 16:00:37.004  2001  2001 I chatty  : uid=10058(com.google.android.inputmethod.latin) identical 17 lines
01-03 16:00:37.005  2001  2001 I ConfigurationNotification: Get device mode by ui mode:1 and smallestScreenWidthDp:411
01-03 16:00:37.010  2703  2703 I GoogleHttpClient: GMS http client unavailable, use old client
01-03 16:00:37.022  2587  2715 D         : HostConnection::get() New Host Connection established 0xd585eb00, tid 2715
01-03 16:00:37.023  1621  1664 D gralloc_ranchu: gralloc_alloc: Creating ashmem region of size 8298496
01-03 16:00:37.042  1621  1664 D gralloc_ranchu: gralloc_alloc: Creating ashmem region of size 8298496
01-03 16:00:37.050  1621  1621 D gralloc_ranchu: gralloc_alloc: Creating ashmem region of size 8298496
01-03 16:00:37.052  2587  2715 I ConfigStore: android::hardware::configstore::V1_0::ISurfaceFlingerConfigs::hasWideColorDisplay retrieved: 0
01-03 16:00:37.052  2587  2715 I ConfigStore: android::hardware::configstore::V1_0::ISurfaceFlingerConfigs::hasHDRDisplay retrieved: 0
01-03 16:00:37.052  2587  2715 I OpenGLRenderer: Initialized EGL, version 1.4
01-03 16:00:37.052  2587  2715 D OpenGLRenderer: Swap behavior 1
01-03 16:00:37.053  2587  2715 W OpenGLRenderer: Failed to choose config with EGL_SWAP_BEHAVIOR_PRESERVED, retrying without...
01-03 16:00:37.053  2587  2715 D OpenGLRenderer: Swap behavior 0
01-03 16:00:37.057  2587  2715 D EGL_emulation: eglCreateContext: 0xd522eda0: maj 3 min 0 rcv 3
01-03 16:00:37.057  2587  2715 D EGL_emulation: eglMakeCurrent: 0xd522eda0: ver 3 0 (tinfo 0xd52316a0)
01-03 16:00:37.065  2001  2001 I ConfigurationNotification: Get device mode by ui mode:1 and smallestScreenWidthDp:411
01-03 16:00:37.069  1724  1992 E SurfaceFlinger: ro.sf.lcd_density must be defined as a build property
01-03 16:00:37.081  2480  2731 I BrdcstRcvrMsgr: sendMessage(): received broadcast pss_action_startup
01-03 16:00:37.152  2001  2001 I ConfigurationNotification: Get device mode by ui mode:1 and smallestScreenWidthDp:411
01-03 16:00:37.161  2001  2001 I chatty  : uid=10058(com.google.android.inputmethod.latin) identical 73 lines
01-03 16:00:37.161  2001  2001 I ConfigurationNotification: Get device mode by ui mode:1 and smallestScreenWidthDp:411
01-03 16:00:37.162  1621  1621 D gralloc_ranchu: gralloc_alloc: Creating ashmem region of size 24576
01-03 16:00:37.173  1621  1621 I chatty  : uid=1000(system) allocator@2.0-s identical 1 line
01-03 16:00:37.188  1621  1621 D gralloc_ranchu: gralloc_alloc: Creating ashmem region of size 24576
01-03 16:00:37.194  1621  1621 D gralloc_ranchu: gralloc_alloc: Creating ashmem region of size 8192
01-03 16:00:37.207  1621  1621 D gralloc_ranchu: gralloc_alloc: Creating ashmem region of size 8192
01-03 16:00:37.211  2016  2268 D EGL_emulation: eglMakeCurrent: 0xd3b30300: ver 3 0 (tinfo 0xd3b33340)
01-03 16:00:37.218  2001  2001 I ConfigurationNotification: Get device mode by ui mode:1 and smallestScreenWidthDp:411
01-03 16:00:37.226  2001  2001 I chatty  : uid=10058(com.google.android.inputmethod.latin) identical 57 lines
01-03 16:00:37.226  2001  2001 I ConfigurationNotification: Get device mode by ui mode:1 and smallestScreenWidthDp:411
01-03 16:00:37.228  2001  2678 D NetworkSecurityConfig: No Network Security Config specified, using platform default
01-03 16:00:37.230  2001  2001 I ConfigurationNotification: Get device mode by ui mode:1 and smallestScreenWidthDp:411
01-03 16:00:37.236  2001  2001 I chatty  : uid=10058(com.google.android.inputmethod.latin) identical 31 lines
01-03 16:00:37.236  2001  2001 I ConfigurationNotification: Get device mode by ui mode:1 and smallestScreenWidthDp:411
01-03 16:00:37.258  1621  1621 D gralloc_ranchu: gralloc_alloc: Creating ashmem region of size 81920
01-03 16:00:37.262  2587  2664 D LoaderTask: loadWorkspace: loading default favorites
01-03 16:00:37.269  2587  2715 D EGL_emulation: eglMakeCurrent: 0xd522eda0: ver 3 0 (tinfo 0xd52316a0)
01-03 16:00:37.321  2001  2678 I SuperpacksManager: Switched background task scheduler: false
01-03 16:00:37.323  2001  2001 I ConfigurationNotification: Get device mode by ui mode:1 and smallestScreenWidthDp:411
01-03 16:00:37.342  2001  2001 I chatty  : uid=10058(com.google.android.inputmethod.latin) identical 23 lines
01-03 16:00:37.343  2001  2001 I ConfigurationNotification: Get device mode by ui mode:1 and smallestScreenWidthDp:411
01-03 16:00:37.343  1621  1621 D gralloc_ranchu: gralloc_alloc: Creating ashmem region of size 90112
01-03 16:00:37.343  2001  2001 I ConfigurationNotification: Get device mode by ui mode:1 and smallestScreenWidthDp:411
01-03 16:00:37.345  2001  2678 I JobSchedulerImpl: Schedule task: superpacks-gc-task. Success.
01-03 16:00:37.345  2001  2001 I ConfigurationNotification: Get device mode by ui mode:1 and smallestScreenWidthDp:411
01-03 16:00:37.354  2001  2001 I chatty  : uid=10058(com.google.android.inputmethod.latin) identical 21 lines
01-03 16:00:37.355  2001  2001 I ConfigurationNotification: Get device mode by ui mode:1 and smallestScreenWidthDp:411
01-03 16:00:37.358  1868  1892 I ActivityManager: Displayed com.google.android.apps.nexuslauncher/.NexusLauncherActivity: +1s476ms
01-03 16:00:37.355  2001  2001 I ConfigurationNotification: Get device mode by ui mode:1 and smallestScreenWidthDp:411
01-03 16:00:37.395  2001  2001 I chatty  : uid=10058(com.google.android.inputmethod.latin) identical 35 lines
01-03 16:00:37.396  2001  2001 I ConfigurationNotification: Get device mode by ui mode:1 and smallestScreenWidthDp:411
01-03 16:00:37.413  2587  2587 D Committer: Committed to new configuration from Phenotype
01-03 16:00:37.440  2144  2187 D EGL_emulation: eglMakeCurrent: 0xed55cba0: ver 3 0 (tinfo 0xe9c939a0)
01-03 16:00:37.439  2001  2001 I ConfigurationNotification: Get device mode by ui mode:1 and smallestScreenWidthDp:411
01-03 16:00:37.450  2001  2001 I chatty  : uid=10058(com.google.android.inputmethod.latin) identical 24 lines
01-03 16:00:37.450  2001  2001 I ConfigurationNotification: Get device mode by ui mode:1 and smallestScreenWidthDp:411
01-03 16:00:37.454  2016  2028 D         : HostConnection::get() New Host Connection established 0xd3188300, tid 2028
