11-15 14:07:19.858  1605  1605 W AshmemAllocator: ashmem_create_region(32768) returning hidl_memory(0xec29c180, 32768)
11-15 14:07:19.865  1563  1567 V vold    : DISK mbr
11-15 14:07:19.865  1563  1567 V vold    : 
11-15 14:07:19.869  1734  1809 D CommandListener: Clearing all IP addresses on wlan0
11-15 14:07:19.870  1865  1963 D WifiConfigManager: Legacy store files not found. No migration needed!
11-15 14:07:19.871  1865  1963 D WifiStateMachine: Setting OUI to DA-A1-19
11-15 14:07:19.871  1865  1963 I WifiVendorHal: Driver: 1.0 Firmware: 1.0
11-15 14:07:19.873  1563  1567 W vold    : disk:253,80 has unknown partition table; trying entire device
11-15 14:07:19.873  1563  1567 V vold    : /system/bin/blkid
11-15 14:07:19.873  1563  1567 V vold    :     -c
11-15 14:07:19.873  1563  1567 V vold    :     /dev/null
11-15 14:07:19.873  1563  1567 V vold    :     -s
11-15 14:07:19.873  1563  1567 V vold    :     TYPE
11-15 14:07:19.873  1563  1567 V vold    :     -s
11-15 14:07:19.873  1563  1567 V vold    :     UUID
11-15 14:07:19.873  1563  1567 V vold    :     -s
11-15 14:07:19.873  1563  1567 V vold    :     LABEL
11-15 14:07:19.873  1563  1567 V vold    :     /dev/block/vold/disk:253,80
11-15 14:07:19.873  1992  1992 I GoogleInputMethodService: Apply keyboard theme: theme_stylesheet_googleblue_materiallight_assets:theme_package_metadata_google_blue_light.binarypb_port
11-15 14:07:19.875  1865  2169 I DefaultPermGrantPolicy: Revoking permissions from disabled data services for user:0
11-15 14:07:19.876  1865  2169 I DefaultPermGrantPolicy: Granting permissions to enabled data services for user:0
11-15 14:07:19.877  1865  1963 D WakeupController: reset()
11-15 14:07:19.877  1865  1963 I WifiStateMachine: disconnectedstate enter
11-15 14:07:19.879  1865  1884 E BatteryExternalStatsWorker: no controller energy info supplied for wifi
11-15 14:07:19.882  1723  1745 E SurfaceFlinger: ro.sf.lcd_density must be defined as a build property
11-15 14:07:19.881  1865  1884 E BatteryExternalStatsWorker: no controller energy info supplied for wifi
11-15 14:07:19.888  1563  1567 V vold    : /dev/block/vold/disk:253,80: LABEL="SDCARD" UUID="18F5-130F" TYPE="vfat" 
11-15 14:07:19.888  1563  1567 V vold    : 
11-15 14:07:19.889  1563  1567 V vold    : /system/bin/blkid
11-15 14:07:19.889  1563  1567 V vold    :     -c
11-15 14:07:19.889  1563  1567 V vold    :     /dev/null
11-15 14:07:19.889  1563  1567 V vold    :     -s
11-15 14:07:19.889  1563  1567 V vold    :     TYPE
11-15 14:07:19.889  1563  1567 V vold    :     -s
11-15 14:07:19.889  1563  1567 V vold    :     UUID
11-15 14:07:19.889  1563  1567 V vold    :     -s
11-15 14:07:19.889  1563  1567 V vold    :     LABEL
11-15 14:07:19.889  1563  1567 V vold    :     /dev/block/vold/public:253,80
11-15 14:07:19.889  1865  1865 D WifiP2pService: Wifi enabled=true, P2P Interface availability=true, Number of clients=0
11-15 14:07:19.890  1865  1865 D WifiP2pService: Wifi enabled=true, P2P Interface availability=true
11-15 14:07:19.890  1865  1964 I WifiScanningService: wifi driver unloaded
11-15 14:07:19.893  1865  1964 E WifiVendorHal: getBgScanCapabilities(l.671) failed {.code = ERROR_NOT_SUPPORTED, .description = }
11-15 14:07:19.896  1865  1964 I WifiScanningService: wifi driver loaded with scan capabilities: max buckets=16
11-15 14:07:19.900  1563  1567 V vold    : /dev/block/vold/public:253,80: LABEL="SDCARD" UUID="18F5-130F" TYPE="vfat" 
11-15 14:07:19.900  1563  1567 V vold    : 
11-15 14:07:19.901  1563  1567 V vold    : /system/bin/fsck_msdos
11-15 14:07:19.901  1563  1567 V vold    :     -p
11-15 14:07:19.901  1563  1567 V vold    :     -f
11-15 14:07:19.901  1563  1567 V vold    :     /dev/block/vold/public:253,80
11-15 14:07:19.908  1992  2200 I ModuleManager: Unexpected key 'com.google.android.backup.api_key' does not match 'module:'
11-15 14:07:19.916  1563  1567 I fsck_msdos: ** /dev/block/vold/public:253,80
11-15 14:07:19.917  1563  1567 I fsck_msdos: ** Phase 1 - Read and Compare FATs
11-15 14:07:19.917  1563  1567 I fsck_msdos: Attempting to allocate 1022 KB for FAT
11-15 14:07:19.917  1865  2169 I WifiService: getWifiServiceMessenger uid=10028
11-15 14:07:19.920  2115  2115 D ImsExternalCallTracker: Registering: Handler (com.android.internal.telephony.imsphone.ImsPhone) {bac415e}
11-15 14:07:19.920  1865  2162 D ConnectivityService: requestNetwork for uid/pid:10028/2002 NetworkRequest [ TRACK_DEFAULT id=9, [ Capabilities: INTERNET&NOT_RESTRICTED&TRUSTED Unwanted:  Uid: 10028] ]
11-15 14:07:19.922  1992  1992 I ShortcutsDataManager: startImportContentTask()
11-15 14:07:19.923  1992  1992 I ShortcutsDataManager: onImportAborted()
11-15 14:07:19.927  2115  2115 D PhoneSwitcherNetworkRequstListener: Registering NetworkFactory
11-15 14:07:19.927  1865  1966 D ConnectivityService: Got NetworkFactory Messenger for PhoneSwitcherNetworkRequstListener
11-15 14:07:19.934  1865  1966 D ConnectivityService: Got NetworkFactory Messenger for TelephonyNetworkFactory[0]
11-15 14:07:19.943  2115  2260 E ActivityThread: Failed to find provider info for com.android.contacts
11-15 14:07:19.943  2115  2260 W CallerInfoCache: cursor is null
11-15 14:07:19.945  2115  2115 D CarrierConfigLoader: CarrierConfigLoader has started
11-15 14:07:19.946  2115  2115 E BluetoothAdapter: Bluetooth binder is null
11-15 14:07:19.949  1563  1567 I fsck_msdos: Attempting to allocate 1022 KB for FAT
11-15 14:07:19.953  1992  2200 I ModuleManager: Unexpected key 'com.google.android.gms.version' does not match 'module:'
11-15 14:07:19.955  2115  2115 W ImsPhoneCallTracker: ImsManager is null when setting TTY mode
11-15 14:07:19.955  2115  2115 I TelecomFramework: TtyManager: updateUiTtyMode -1 -> 0
11-15 14:07:19.958  2115  2115 D ImsResolver: maybeAddedImsService, packageName: null
11-15 14:07:19.959  1554  1554 W hwservicemanager: getTransport: Cannot find entry android.hardware.radio.config@1.0::IRadioConfig/default in either framework or device manifest.
11-15 14:07:19.969  1865  2162 W WallpaperManagerService: Cannot extract colors because wallpaper could not be read.
11-15 14:07:19.969  1865  2162 W WallpaperManagerService: Cannot get theme colors because WallpaperColors is null.
11-15 14:07:19.971  1563  1567 I fsck_msdos: ** Phase 2 - Check Cluster Chains
11-15 14:07:19.969  1865  1875 W WallpaperManagerService: Cannot extract colors because wallpaper could not be read.
11-15 14:07:19.972  1865  1875 W WallpaperManagerService: Cannot get theme colors because WallpaperColors is null.
11-15 14:07:19.973  1563  1567 I fsck_msdos: ** Phase 3 - Checking Directories
11-15 14:07:19.974  1865  1875 D AlarmManagerService: Kernel timezone updated to 300 minutes west of GMT
11-15 14:07:19.975  1563  1567 I fsck_msdos: ** Phase 4 - Checking for Lost Files
11-15 14:07:19.976  1563  1567 I fsck_msdos: Next free cluster in FSInfo block (23) not free
11-15 14:07:19.976  1563  1567 I fsck_msdos: FIXED
11-15 14:07:19.976  1563  1567 I fsck_msdos: 22 files, 522186 free (261093 clusters)
11-15 14:07:19.976  1865  2169 D AlarmManagerService: Setting time of day to sec=1573844840
11-15 14:07:20.930  1865  2169 W AlarmManagerService: Unable to set rtc to 1573844840: No such device
11-15 14:07:20.931  1865  1865 D DevicePolicyManager: updateSystemUpdateFreezePeriodsRecord
11-15 14:07:20.931  1865  1865 W SyncManager: Clock is valid now.
11-15 14:07:20.931  1563  1567 I vold    : Filesystem check completed OK
11-15 14:07:20.931  1865  1865 D ConditionProviders.SCP: onReceive android.intent.action.TIME_SET
11-15 14:07:20.931  1865  1865 D ConditionProviders.SCP: evaluateSubscriptionLocked cal=ScheduleCalendar[mDays={1, 2, 3, 4, 5, 6, 7}, mSchedule=ScheduleInfo{days=[1, 2, 3, 4, 5, 6, 7], startHour=22, startMinute=0, endHour=7, endMinute=0, exitAtAlarm=true, nextAlarm=Wed Dec 31 19:00:00 EST 1969 (0)}], now=Fri Nov 15 14:07:20 EST 2019 (1573844840931), nextUserAlarmTime=Wed Dec 31 19:00:00 EST 1969 (0)
11-15 14:07:20.931  1865  1865 D ConditionProviders.SCP: notifyCondition condition://android/schedule?days=1.2.3.4.5.6.7&start=22.0&end=7.0&exitAtAlarm=true STATE_FALSE reason=!meetsSchedule
11-15 14:07:20.931  1865  1865 D ConditionProviders.SCP: Scheduling evaluate for Fri Nov 15 22:00:00 EST 2019 (1573873200000), in +7h52m39s69ms, now=Fri Nov 15 14:07:20 EST 2019 (1573844840931)
11-15 14:07:20.932  1865  1972 E ActivityThread: Failed to find provider info for com.android.calendar
11-15 14:07:20.932  1865  1972 E ActivityThread: Failed to find provider info for com.android.calendar
11-15 14:07:20.935  1563  1567 V vold    : Waiting for FUSE to spin up...
11-15 14:07:20.938  2265  2265 W droid.deskcloc: Unexpected CPU variant for X86 using defaults: x86
11-15 14:07:20.938  2002  2002 D StatusBar: disable<e i a s b h r c s > disable2<q i n >
11-15 14:07:20.938  1865  1875 I StatusBarManagerService: registerStatusBar bar=com.android.internal.statusbar.IStatusBar$Stub$Proxy@961bffa
11-15 14:07:20.940  2264  2264 W sdcard  : Device explicitly enabled sdcardfs
11-15 14:07:20.941  1865  1882 I ActivityManager: Start proc 2265:com.google.android.deskclock/u0a75 for broadcast com.google.android.deskclock/com.android.deskclock.AlarmInitReceiver
11-15 14:07:20.942  1992  2200 I ModuleManager: initializeModules() : WaitTime = 2 ms : RunTime = 274 ms
11-15 14:07:20.948  1992  2273 I ConfigurationNotification: Get device mode by ui mode:1 and smallestScreenWidthDp:411
11-15 14:07:20.949  2265  2265 E droid.deskcloc: Not starting debugger since process cannot load the jdwp agent.
11-15 14:07:20.976  2265  2265 I droid.deskcloc: The ClassLoaderContext is a special shared library.
11-15 14:07:20.982  1992  1992 I GoogleInputMethodService: Apply keyboard theme: theme_stylesheet_googleblue_materiallight_assets:theme_package_metadata_google_blue_light.binarypb_port
11-15 14:07:21.019  1865  1999 I Zygote  : Process: zygote socket ABSTRACT/com.android.internal.os.WebViewZygoteInit/5d285fd4-5ac6-43d8-b5f0-20ef5020565d opened, supported ABIS: x86
11-15 14:07:21.019  1865  1999 D WebViewZygote: Preloading package /data/app/com.android.chrome-BhcBbqQlycobohx7cQr5Yg==/base.apk:/data/app/com.android.chrome-BhcBbqQlycobohx7cQr5Yg==/split_config.en.apk /data/app/com.android.chrome-BhcBbqQlycobohx7cQr5Yg==/lib/x86:/data/app/com.android.chrome-BhcBbqQlycobohx7cQr5Yg==/base.apk!/lib/x86:/data/app/com.android.chrome-BhcBbqQlycobohx7cQr5Yg==/split_config.en.apk!/lib/x86
11-15 14:07:21.022  2002  2002 I CameraManagerGlobal: Connecting to camera service
11-15 14:07:21.031  1865  1999 I Zygote  : Process: zygote socket ABSTRACT/com.android.internal.os.WebViewZygoteInit/5d285fd4-5ac6-43d8-b5f0-20ef5020565d opened, supported ABIS: x86
11-15 14:07:21.037  2115  2115 I ImsExternalCallTracker: handleVideoCapabilitiesChanged : isVideoCapable = false
11-15 14:07:21.037  2115  2115 D ImsExternalCallTracker: refreshCallPullState
11-15 14:07:21.041  2115  2115 D PhoneSwitcherNetworkRequstListener: got request NetworkRequest [ REQUEST id=1, [ Capabilities: INTERNET&NOT_RESTRICTED&TRUSTED&NOT_VPN Unwanted: ] ] with score 0
11-15 14:07:21.041  2115  2115 D PhoneSwitcherNetworkRequstListener: got request NetworkRequest [ TRACK_DEFAULT id=7, [ Capabilities: INTERNET&NOT_RESTRICTED&TRUSTED Unwanted:  Uid: 1000] ] with score 0
11-15 14:07:21.041  2115  2115 D PhoneSwitcherNetworkRequstListener: got request NetworkRequest [ TRACK_DEFAULT id=9, [ Capabilities: INTERNET&NOT_RESTRICTED&TRUSTED Unwanted:  Uid: 10028] ] with score 0
11-15 14:07:21.041  2115  2115 D PhoneSwitcherNetworkRequstListener: got request NetworkRequest [ BACKGROUND_REQUEST id=2, [ Transports: CELLULAR Capabilities: INTERNET&NOT_RESTRICTED&TRUSTED&NOT_VPN Unwanted: ] ] with score 0
11-15 14:07:21.041  2115  2115 D TelephonyDebugService: TelephonyDebugService()
11-15 14:07:21.042  2037  2037 I WebViewZygoteInit: Beginning package preload
11-15 14:07:21.043  2115  2115 D CarrierConfigLoader: mHandler: 12 phoneId: 0
11-15 14:07:21.049  1727  1727 D incidentd: Start uploading backlogs in /data/misc/incidents/
11-15 14:07:21.050  1727  1727 D incidentd: Successfully uploaded 0 files to Dropbox.
11-15 14:07:21.058  2002  2002 D NotificationEntryMgr: heads up is enabled
11-15 14:07:21.069  1865  1876 I WifiService: WifiService trying to set country code to us
11-15 14:07:21.069  1865  1876 I WifiService: setCountryCode uid=1001
11-15 14:07:21.069  1865  1876 D WifiCountryCode: Succeeded to set country code to: US
11-15 14:07:21.071  1865  1960 W BestClock: java.time.DateTimeException: Missing NTP fix
11-15 14:07:21.071  1865  1960 W BestClock: java.time.DateTimeException: Missing NTP fix
11-15 14:07:21.074  2265  2265 W PrimesInit: Primes instant initialization
11-15 14:07:21.075  2265  2292 W Primes  : background initialization
11-15 14:07:21.079  2115  2252 D IntentBroadcaster: Broadcasting and adding intent for rebroadcast: android.intent.action.SIM_STATE_CHANGED READY for slotId 0
11-15 14:07:21.084  2265  2292 E ActivityThread: Failed to find provider info for com.google.android.gsf.gservices
11-15 14:07:21.085  2265  2293 I GAv4    : Google Analytics 18.5.89 is starting up. To enable debug logging on a device run:
11-15 14:07:21.085  2265  2293 I GAv4    :   adb shell setprop log.tag.GAv4 DEBUG
11-15 14:07:21.085  2265  2293 I GAv4    :   adb logcat -s GAv4
11-15 14:07:21.092  1865  1960 W BestClock: java.time.DateTimeException: Missing NTP fix
11-15 14:07:21.092  1865  1960 W BestClock: java.time.DateTimeException: Missing NTP fix
11-15 14:07:21.093  2265  2292 W Primes  : Primes failed to initialized in the background
11-15 14:07:21.093  2265  2292 W Primes  : java.lang.IllegalStateException: SharedPreferences in credential encrypted storage are not available until after user is unlocked
11-15 14:07:21.093  2265  2292 W Primes  : 	at android.app.ContextImpl.getSharedPreferences(ContextImpl.java:419)
11-15 14:07:21.093  2265  2292 W Primes  : 	at android.app.ContextImpl.getSharedPreferences(ContextImpl.java:404)
11-15 14:07:21.093  2265  2292 W Primes  : 	at android.content.ContextWrapper.getSharedPreferences(ContextWrapper.java:174)
11-15 14:07:21.093  2265  2292 W Primes  : 	at ctr.a(PG:4)
11-15 14:07:21.093  2265  2292 W Primes  : 	at ctl.run(PG:18)
11-15 14:07:21.093  2265  2292 W Primes  : 	at cti.run(PG:4)
11-15 14:07:21.093  2265  2292 W Primes  : 	at java.util.concurrent.Executors$RunnableAdapter.call(Executors.java:458)
11-15 14:07:21.093  2265  2292 W Primes  : 	at java.util.concurrent.FutureTask.run(FutureTask.java:266)
11-15 14:07:21.093  2265  2292 W Primes  : 	at java.util.concurrent.ThreadPoolExecutor.runWorker(ThreadPoolExecutor.java:1167)
11-15 14:07:21.093  2265  2292 W Primes  : 	at java.util.concurrent.ThreadPoolExecutor$Worker.run(ThreadPoolExecutor.java:641)
11-15 14:07:21.093  2265  2292 W Primes  : 	at cue.run(PG:5)
11-15 14:07:21.093  2265  2292 W Primes  : 	at java.lang.Thread.run(Thread.java:764)
11-15 14:07:21.095  2265  2265 I AlarmClock: AlarmInitReceiver android.intent.action.TIME_SET
11-15 14:07:21.103  2002  2002 E BluetoothAdapter: Bluetooth binder is null
11-15 14:07:21.105  2265  2298 E ActivityThread: Failed to find provider info for com.google.android.gsf.gservices
11-15 14:07:21.105  2265  2298 I AlarmClock: Connected Dock: null
11-15 14:07:21.106  2265  2298 I AlarmClock: Removing AlarmClockInfo
11-15 14:07:21.112  2002  2002 V WifiManager: registerSoftApCallback: callback=com.android.systemui.statusbar.policy.HotspotControllerImpl@b3c131, handler=Handler (android.os.Handler) {e4c6016}
11-15 14:07:21.113  2002  2035 V WifiManager: SoftApCallbackProxy: onStateChanged: state=11, failureReason=0
11-15 14:07:21.114  2002  2035 V WifiManager: SoftApCallbackProxy: onNumClientsChanged: numClients=0
11-15 14:07:21.120  2002  2248 D OpenGLRenderer: profile bars disabled
11-15 14:07:21.120  2002  2248 D OpenGLRenderer: ambientRatio = 1.50
11-15 14:07:21.106  2265  2298 E ActivityThread: Failed to find provider info for com.google.android.gsf.gservices
11-15 14:07:21.124  1865  1882 I ActivityManager: Start proc 2300:com.google.android.gms.persistent/u0a8 for broadcast com.google.android.gms/.chimera.GmsIntentOperationService$PersistentTrustedReceiver
11-15 14:07:21.124  2300  2300 W .gms.persisten: Unexpected CPU variant for X86 using defaults: x86
11-15 14:07:21.126  2037  2037 I WebViewZygoteInit: Package preload done
11-15 14:07:21.126  2300  2300 E .gms.persisten: Not starting debugger since process cannot load the jdwp agent.
11-15 14:07:21.129  2115  2115 D ServiceStateProvider: subId=-2
11-15 14:07:21.136  2002  2002 D StatusBar: disable<e i a s b h r c s > disable2<q i n >
11-15 14:07:21.136  2115  2115 E PhoneInterfaceManager: [PhoneIntfMgr] getIccId: No UICC
11-15 14:07:21.143  2115  2115 D OpenGLRenderer: Skia GL Pipeline
11-15 14:07:21.150  2002  2002 V WifiManager: registerSoftApCallback: callback=com.android.systemui.statusbar.policy.HotspotControllerImpl@b3c131, handler=Handler (android.os.Handler) {e4c6016}
11-15 14:07:21.150  2002  2251 V WifiManager: SoftApCallbackProxy: onStateChanged: state=11, failureReason=0
11-15 14:07:21.150  2002  2251 V WifiManager: SoftApCallbackProxy: onNumClientsChanged: numClients=0
11-15 14:07:21.151  2300  2300 I .gms.persisten: The ClassLoaderContext is a special shared library.
11-15 14:07:21.153  1865  2169 I Telecom : CallsManager: Sending phone-account ComponentInfo{com.android.phone/com.android.services.telephony.TelephonyConnectionService}, ***, UserHandle{0} registered intent as user: TSI.rPA@AAc
11-15 14:07:21.153  1865  2169 I Telecom : CallsManager: Sending phone-account registered intent to default dialer: TSI.rPA@AAc
11-15 14:07:21.156  2115  2115 I TelecomFramework: PstnIncomingCallNotifier: Registering: Handler (com.android.internal.telephony.GsmCdmaPhone) {4b223d1}
11-15 14:07:21.158  2115  2115 I TelecomFramework: TelecomAccountRegistry: Unregistering phone account ComponentInfo{com.android.phone/com.android.services.telephony.TelephonyConnectionService}, ***, UserHandle{0}.
11-15 14:07:21.156  2300  2300 I chatty  : uid=10008 com.google.android.gms.persistent identical 1 line
11-15 14:07:21.157  2300  2300 I .gms.persisten: The ClassLoaderContext is a special shared library.
11-15 14:07:21.159  2002  2143 I SecurityController: could not bind to KeyChainService
11-15 14:07:21.160  1865  1875 I Telecom : CallsManager: Sending phone-account ComponentInfo{com.android.phone/com.android.services.telephony.TelephonyConnectionService}, ***, UserHandle{0} unregistered intent as user: TSI.uPA@AAk
11-15 14:07:21.160  1865  1875 I Telecom : CallsManager: Sending phone-account unregistered intent to default dialer: TSI.uPA@AAk
11-15 14:07:21.172  2002  2002 W SystemUIService: Initialization of com.android.systemui.SystemBars took 1275 ms
11-15 14:07:21.174  2002  2257 E ActivityThread: Failed to find provider info for com.android.contacts
11-15 14:07:21.175  2002  2002 D StorageNotification: Notifying about private volume: VolumeInfo{private}:
11-15 14:07:21.175  2002  2002 D StorageNotification:     type=PRIVATE diskId=null partGuid=null mountFlags=0 mountUserId=-1 
11-15 14:07:21.175  2002  2002 D StorageNotification:     state=MOUNTED 
11-15 14:07:21.175  2002  2002 D StorageNotification:     fsType=null fsUuid=null fsLabel=null 
11-15 14:07:21.175  2002  2002 D StorageNotification:     path=/data internalPath=null 
11-15 14:07:21.176  2002  2002 D StorageNotification: Notifying about public volume: VolumeInfo{public:253,80}:
11-15 14:07:21.176  2002  2002 D StorageNotification:     type=PUBLIC diskId=disk:253,80 partGuid= mountFlags=VISIBLE mountUserId=0 
11-15 14:07:21.176  2002  2002 D StorageNotification:     state=MOUNTED 
11-15 14:07:21.176  2002  2002 D StorageNotification:     fsType=vfat fsUuid=18F5-130F fsLabel=SDCARD 
11-15 14:07:21.176  2002  2002 D StorageNotification:     path=/storage/18F5-130F internalPath=/mnt/media_rw/18F5-130F 
11-15 14:07:21.212  2115  2115 I TelecomFramework: PstnIncomingCallNotifier: Unregistering: Handler (com.android.internal.telephony.GsmCdmaPhone) {4b223d1}
11-15 14:07:21.212  2115  2115 E PhoneInterfaceManager: [PhoneIntfMgr] getIccId: No UICC
11-15 14:07:21.218  1865  1876 I Telecom : PhoneAccountRegistrar: Modify account: [ComponentInfo{com.android.phone/com.android.services.telephony.TelephonyConnectionService}, ***, UserHandle{0}]: TSI.rPA@AAw
11-15 14:07:21.221  2115  2115 I TelecomFramework: PstnIncomingCallNotifier: Registering: Handler (com.android.internal.telephony.GsmCdmaPhone) {4b223d1}
11-15 14:07:21.235  1865  2169 W LocalDisplayAdapter: Unable to find color mode 0, ignoring request.
11-15 14:07:21.236  1865  1953 I InputReader: Reconfiguring input devices.  changes=0x00000004
11-15 14:07:21.242  1618  1618 D gralloc_ranchu: gralloc_alloc: Creating ashmem region of size 544768
11-15 14:07:21.242  2002  2248 D         : HostConnection::get() New Host Connection established 0xd03f19c0, tid 2248
11-15 14:07:21.243  1723  1745 D         : HostConnection::get() New Host Connection established 0xf3118100, tid 1745
11-15 14:07:21.243  1618  1618 D gralloc_ranchu: gralloc_alloc: Creating ashmem region of size 544768
11-15 14:07:21.244  1618  1618 D gralloc_ranchu: gralloc_alloc: Creating ashmem region of size 544768
11-15 14:07:21.246  2002  2002 D ViewRootImpl[StatusBar]: changeCanvasOpacity: opaque=true
11-15 14:07:21.246  2002  2248 I ConfigStore: android::hardware::configstore::V1_0::ISurfaceFlingerConfigs::hasWideColorDisplay retrieved: 0
11-15 14:07:21.247  2002  2248 I ConfigStore: android::hardware::configstore::V1_0::ISurfaceFlingerConfigs::hasHDRDisplay retrieved: 0
11-15 14:07:21.247  2002  2248 I OpenGLRenderer: Initialized EGL, version 1.4
11-15 14:07:21.247  2002  2248 D OpenGLRenderer: Swap behavior 1
11-15 14:07:21.247  2002  2248 W OpenGLRenderer: Failed to choose config with EGL_SWAP_BEHAVIOR_PRESERVED, retrying without...
11-15 14:07:21.247  2002  2248 D OpenGLRenderer: Swap behavior 0
11-15 14:07:21.249  2115  2115 I ImsExternalCallTracker: handleVideoCapabilitiesChanged : isVideoCapable = false
11-15 14:07:21.249  2115  2115 D ImsExternalCallTracker: refreshCallPullState
11-15 14:07:21.249  2002  2248 D EGL_emulation: eglCreateContext: 0xe6dfcfa0: maj 3 min 0 rcv 3
11-15 14:07:21.249  2115  2115 I TelecomFramework: PstnPhoneCapabilitiesNotifier: handleVideoCapabilitesChanged. Video capability - false
11-15 14:07:21.251  2002  2248 D EGL_emulation: eglMakeCurrent: 0xe6dfcfa0: ver 3 0 (tinfo 0xd203b060)
11-15 14:07:21.254  1723  2196 E SurfaceFlinger: ro.sf.lcd_density must be defined as a build property
11-15 14:07:21.259  1865  1931 W LocalDisplayAdapter: Unable to find color mode 0, ignoring request.
11-15 14:07:21.269  1865  1953 I InputReader: Reconfiguring input devices.  changes=0x00000004
11-15 14:07:21.278  2115  2115 I ImsExternalCallTracker: handleVideoCapabilitiesChanged : isVideoCapable = false
11-15 14:07:21.278  2115  2115 D ImsExternalCallTracker: refreshCallPullState
11-15 14:07:21.278  2115  2115 I TelecomFramework: PstnPhoneCapabilitiesNotifier: handleVideoCapabilitesChanged. Video capability - false
11-15 14:07:21.279  2115  2115 E PhoneInterfaceManager: [PhoneIntfMgr] getIccId: No UICC
11-15 14:07:21.280  2002  2143 E ActivityThread: Failed to find provider info for com.android.contacts
11-15 14:07:21.295  1865  1875 I Telecom : PhoneAccountRegistrar: Modify account: [ComponentInfo{com.android.phone/com.android.services.telephony.TelephonyConnectionService}, ***, UserHandle{0}]: TSI.rPA@AA8
11-15 14:07:21.304  2115  2115 D MccTable: updateMccMncConfiguration mccmnc='310260' fromServiceState=false
11-15 14:07:21.306  2115  2115 D MccTable: updateMccMncConfiguration defaultMccMnc=
11-15 14:07:21.306  2115  2115 D MccTable: updateMccMncConfiguration: mcc=310, mnc=260
11-15 14:07:21.306  2115  2115 D MccTable: updateMccMncConfiguration updateConfig config={0.0 310mcc260mnc ?localeList ?layoutDir ?swdp ?wdp ?hdp ?density ?lsize ?long ?ldr ?wideColorGamut ?orien ?uimode ?night ?touch ?keyb/?/? ?nav/? winConfig={ mBounds=Rect(0, 0 - 0, 0) mAppBounds=null mWindowingMode=undefined mActivityType=undefined}}
11-15 14:07:21.306  1865  2169 I ActivityManager: Config changes=3 {1.0 310mcc260mnc [en_US] ldltr sw411dp w411dp h659dp 420dpi nrml port finger qwerty/v/v -nav/h winConfig={ mBounds=Rect(0, 0 - 0, 0) mAppBounds=Rect(0, 0 - 1080, 1794) mWindowingMode=fullscreen mActivityType=undefined} s.6}
11-15 14:07:21.310  1865  2169 I ActivityManager: Override config changes=3 {1.0 310mcc260mnc [en_US] ldltr sw411dp w411dp h659dp 420dpi nrml port finger qwerty/v/v -nav/h winConfig={ mBounds=Rect(0, 0 - 1080, 1794) mAppBounds=Rect(0, 0 - 1080, 1794) mWindowingMode=fullscreen mActivityType=undefined} s.6} for displayId=0
11-15 14:07:21.322  1992  1992 W GoogleInputMethodService: onConfigurationChanged() : NewConfig = {1.0 310mcc260mnc [en_US] ldltr sw411dp w411dp h659dp 420dpi nrml port finger qwerty/v/v -nav/h winConfig={ mBounds=Rect(0, 0 - 0, 0) mAppBounds=Rect(0, 0 - 1080, 1794) mWindowingMode=fullscreen mActivityType=undefined} s.6}
11-15 14:07:21.323  2002  2257 E ActivityThread: Failed to find provider info for com.android.contacts
11-15 14:07:21.326  1865  1970 D NotificationSQLiteLog: Pruned event entries: 0
11-15 14:07:21.332  1865  2321 W LocalDisplayAdapter: Unable to find color mode 0, ignoring request.
11-15 14:07:21.335  1865  1953 I InputReader: Reconfiguring input devices.  changes=0x00000004
11-15 14:07:21.337  2126  2174 D EGL_emulation: eglMakeCurrent: 0xe5b97d80: ver 3 0 (tinfo 0xe6e13970)
11-15 14:07:21.341  1723  1745 D gralloc_ranchu: gralloc_unregister_buffer: exiting HostConnection (is buffer-handling thread)
11-15 14:07:21.342  1723  1745 D         : HostConnection::get() New Host Connection established 0xf3118100, tid 1745
11-15 14:07:21.342  1723  1745 D gralloc_ranchu: gralloc_unregister_buffer: exiting HostConnection (is buffer-handling thread)
11-15 14:07:21.342  1723  1745 D         : HostConnection::get() New Host Connection established 0xf27c9880, tid 1745
11-15 14:07:21.342  1723  1745 D gralloc_ranchu: gralloc_unregister_buffer: exiting HostConnection (is buffer-handling thread)
11-15 14:07:21.342  1723  1745 D         : HostConnection::get() New Host Connection established 0xf27c9880, tid 1745
11-15 14:07:21.343  1723  1745 D gralloc_ranchu: gralloc_unregister_buffer: exiting HostConnection (is buffer-handling thread)
11-15 14:07:21.344  1618  1618 D gralloc_ranchu: gralloc_alloc: Creating ashmem region of size 8298496
11-15 14:07:21.351  1723  1749 D         : HostConnection::get() New Host Connection established 0xf27c9d40, tid 1749
11-15 14:07:21.358  2126  2174 D EGL_emulation: eglMakeCurrent: 0xe5b97d80: ver 3 0 (tinfo 0xe6e13970)
11-15 14:07:21.363  1618  1618 D gralloc_ranchu: gralloc_alloc: Creating ashmem region of size 8298496
11-15 14:07:21.371  1992  1992 I KeyboardViewUtil: systemKeyboardHeightRatio:1.000000; userKeyboardHeightRatio:1.000000.
11-15 14:07:21.372  1865  1960 W BestClock: java.time.DateTimeException: Missing NTP fix
11-15 14:07:21.373  1865  1960 W BestClock: java.time.DateTimeException: Missing NTP fix
11-15 14:07:21.374  2115  2115 D TelephonyProvider: subIdString = -2 subId = -2
11-15 14:07:21.376  1618  1618 D gralloc_ranchu: gralloc_alloc: Creating ashmem region of size 274432
11-15 14:07:21.379  1723  1745 D         : HostConnection::get() New Host Connection established 0xf27c90c0, tid 1745
11-15 14:07:21.380  1618  1618 D gralloc_ranchu: gralloc_alloc: Creating ashmem region of size 8298496
11-15 14:07:21.382  2115  2115 D TelephonyProvider: getPreferredApnIdFromApn: for subId -2
11-15 14:07:21.387  1618  1661 D gralloc_ranchu: gralloc_alloc: Creating ashmem region of size 274432
11-15 14:07:21.387  1618  1661 D         : HostConnection::get() New Host Connection established 0xeea23640, tid 1661
11-15 14:07:21.389  1723  2196 D         : HostConnection::get() New Host Connection established 0xf3118240, tid 2196
11-15 14:07:21.392  1618  1661 D gralloc_ranchu: gralloc_alloc: Creating ashmem region of size 274432
11-15 14:07:21.396  1865  1931 W LocalDisplayAdapter: Unable to find color mode 0, ignoring request.
11-15 14:07:21.396  1992  1992 I ShortcutsDataManager: startImportContentTask()
11-15 14:07:21.397  1992  1992 I DeviceStatusMonitor: onReceive() : Action = android.intent.action.CONFIGURATION_CHANGED
11-15 14:07:21.397  1992  1992 I ConfigurationNotification: Get device mode by ui mode:1 and smallestScreenWidthDp:411
11-15 14:07:21.397  1992  1992 I chatty  : uid=10058(com.google.android.inputmethod.latin) identical 1 line
11-15 14:07:21.397  1992  1992 I ConfigurationNotification: Get device mode by ui mode:1 and smallestScreenWidthDp:411
11-15 14:07:21.397  1865  1953 I InputReader: Reconfiguring input devices.  changes=0x00000004
11-15 14:07:21.397  1992  1992 I ConfigurationNotification: Get device mode by ui mode:1 and smallestScreenWidthDp:411
11-15 14:07:21.397  1992  1992 I ShortcutsDataManager: onImportAborted()
11-15 14:07:21.404  2115  2115 I TelecomFramework: PstnIncomingCallNotifier: Unregistering: Handler (com.android.internal.telephony.GsmCdmaPhone) {4b223d1}
11-15 14:07:21.405  2115  2115 E PhoneInterfaceManager: [PhoneIntfMgr] getIccId: No UICC
11-15 14:07:21.410  2002  2002 D StatusBar: disable<e i a s b h r c s > disable2<q i n >
11-15 14:07:21.412  1865  1962 D WifiService: New client listening to asynchronous messages
11-15 14:07:21.416  1865  2169 I Telecom : PhoneAccountRegistrar: Modify account: [ComponentInfo{com.android.phone/com.android.services.telephony.TelephonyConnectionService}, ***, UserHandle{0}(addr: tel:************ -> tel:)(subAddr: tel:************ -> tel:)]: TSI.rPA@ABA
11-15 14:07:21.418  2115  2115 I TelecomFramework: PstnIncomingCallNotifier: Registering: Handler (com.android.internal.telephony.GsmCdmaPhone) {4b223d1}
11-15 14:07:21.427  2115  2115 I ImsExternalCallTracker: handleVideoCapabilitiesChanged : isVideoCapable = false
11-15 14:07:21.427  2115  2115 D ImsExternalCallTracker: refreshCallPullState
11-15 14:07:21.427  2115  2115 I TelecomFramework: PstnPhoneCapabilitiesNotifier: handleVideoCapabilitesChanged. Video capability - false
11-15 14:07:21.428  2115  2115 E PhoneInterfaceManager: [PhoneIntfMgr] getIccId: No UICC
11-15 14:07:21.438  1865  2321 I Telecom : PhoneAccountRegistrar: Modify account: [ComponentInfo{com.android.phone/com.android.services.telephony.TelephonyConnectionService}, ***, UserHandle{0}]: TSI.rPA@ABM
11-15 14:07:21.445  2300  2300 W .gms.persisten: Verification of void rya.attachBaseContext(android.content.Context) took 127.307ms
11-15 14:07:21.453  2115  2252 D MccTable: updateMccMncConfiguration mccmnc='310260' fromServiceState=false
11-15 14:07:21.454  2115  2252 D MccTable: updateMccMncConfiguration defaultMccMnc=310260
11-15 14:07:21.454  2115  2252 D MccTable: updateMccMncConfiguration: mcc=310, mnc=260
11-15 14:07:21.454  2115  2252 D MccTable: updateMccMncConfiguration updateConfig config={0.0 310mcc260mnc ?localeList ?layoutDir ?swdp ?wdp ?hdp ?density ?lsize ?long ?ldr ?wideColorGamut ?orien ?uimode ?night ?touch ?keyb/?/? ?nav/? winConfig={ mBounds=Rect(0, 0 - 0, 0) mAppBounds=null mWindowingMode=undefined mActivityType=undefined}}
11-15 14:07:21.472  2115  2115 D TelephonyProvider: subIdString = 1 subId = 1
11-15 14:07:21.496  2115  2252 D MccTable: updateMccMncConfiguration mccmnc='310260' fromServiceState=false
11-15 14:07:21.497  1865  1960 W BestClock: java.time.DateTimeException: Missing NTP fix
11-15 14:07:21.504  2115  2252 D MccTable: updateMccMncConfiguration defaultMccMnc=310260
11-15 14:07:21.504  2115  2252 D MccTable: updateMccMncConfiguration: mcc=310, mnc=260
11-15 14:07:21.504  2115  2252 D MccTable: updateMccMncConfiguration updateConfig config={0.0 310mcc260mnc ?localeList ?layoutDir ?swdp ?wdp ?hdp ?density ?lsize ?long ?ldr ?wideColorGamut ?orien ?uimode ?night ?touch ?keyb/?/? ?nav/? winConfig={ mBounds=Rect(0, 0 - 0, 0) mAppBounds=null mWindowingMode=undefined mActivityType=undefined}}
11-15 14:07:21.509  2115  2115 I TelecomFramework: PstnIncomingCallNotifier: Unregistering: Handler (com.android.internal.telephony.GsmCdmaPhone) {4b223d1}
11-15 14:07:21.509  1865  1960 W BestClock: java.time.DateTimeException: Missing NTP fix
11-15 14:07:21.524  1865  1960 W BestClock: java.time.DateTimeException: Missing NTP fix
11-15 14:07:21.526  2300  2300 E ActivityThread: Failed to find provider info for com.google.android.gsf.gservices
11-15 14:07:21.528  1865  1960 W BestClock: java.time.DateTimeException: Missing NTP fix
11-15 14:07:21.535  1865  1960 W BestClock: java.time.DateTimeException: Missing NTP fix
11-15 14:07:21.533  2300  2300 E ActivityThread: Failed to find provider info for com.google.android.gsf.gservices
11-15 14:07:21.540  2300  2300 E ActivityThread: Failed to find provider info for com.google.android.gsf.gservices
11-15 14:07:21.540  2300  2300 E ActivityThread: Failed to find provider info for com.google.android.gsf.gservices
11-15 14:07:21.540  1865  1932 I Telecom : CallsManager: Sending phone-account ComponentInfo{com.android.phone/com.android.services.telephony.TelephonyConnectionService}, ***, UserHandle{0} registered intent as user: TSI.rPA@ABQ
11-15 14:07:21.541  1865  1932 I Telecom : CallsManager: Sending phone-account registered intent to default dialer: TSI.rPA@ABQ
11-15 14:07:21.541  2115  2115 I TelecomFramework: PstnIncomingCallNotifier: Registering: Handler (com.android.internal.telephony.GsmCdmaPhone) {4b223d1}
11-15 14:07:21.541  1865  1960 W BestClock: java.time.DateTimeException: Missing NTP fix
11-15 14:07:21.542  2115  2252 D IntentBroadcaster: Broadcasting and adding intent for rebroadcast: android.intent.action.SIM_STATE_CHANGED LOADED for slotId 0
11-15 14:07:21.542  2115  2115 I TelecomFramework: TelecomAccountRegistry: Unregistering phone account ComponentInfo{com.android.phone/com.android.services.telephony.TelephonyConnectionService}, ***, UserHandle{0}.
11-15 14:07:21.542  1865  1865 D WifiService: resetting networks because SIM was loaded
11-15 14:07:21.543  1865  1963 D WifiStateMachine: resetting EAP-SIM/AKA/AKA' networks since SIM was changed
11-15 14:07:21.545  1865  2321 I Telecom : CallsManager: Sending phone-account ComponentInfo{com.android.phone/com.android.services.telephony.TelephonyConnectionService}, ***, UserHandle{0} unregistered intent as user: TSI.uPA@ABY
11-15 14:07:21.545  1865  2321 I Telecom : CallsManager: Sending phone-account unregistered intent to default dialer: TSI.uPA@ABY
11-15 14:07:21.547  2300  2300 E ActivityThread: Failed to find provider info for com.google.android.gsf.gservices
11-15 14:07:21.551  2115  2252 D CarrierConfigLoader: update config for phoneId: 0 simState: LOADED
11-15 14:07:21.551  2115  2252 D CarrierSvcBindHelper: update binding for phoneId: 0 simState: LOADED
11-15 14:07:21.551  2300  2300 W DirectBootExitBR: User is in direct boot mode.
11-15 14:07:21.553  2300  2300 I chatty  : uid=10008 com.google.android.gms.persistent identical 2 lines
11-15 14:07:21.553  2300  2300 E ActivityThread: Failed to find provider info for com.google.android.gsf.gservices
11-15 14:07:21.555  2115  2115 I TelecomFramework: PstnIncomingCallNotifier: Unregistering: Handler (com.android.internal.telephony.GsmCdmaPhone) {4b223d1}
11-15 14:07:21.566  2300  2300 E ActivityThread: Failed to find provider info for com.google.android.gsf.gservices
11-15 14:07:21.571  2300  2300 I chatty  : uid=10008 com.google.android.gms.persistent identical 5 lines
11-15 14:07:21.572  2300  2300 E ActivityThread: Failed to find provider info for com.google.android.gsf.gservices
11-15 14:07:21.575  1865  1932 I Telecom : PhoneAccountRegistrar: Modify account: [ComponentInfo{com.android.phone/com.android.services.telephony.TelephonyConnectionService}, ***, UserHandle{0}]: TSI.rPA@ABg
11-15 14:07:21.577  2115  2115 I TelecomFramework: PstnIncomingCallNotifier: Registering: Handler (com.android.internal.telephony.GsmCdmaPhone) {4b223d1}
11-15 14:07:21.591  1865  1932 W ContextImpl: Calling a method in the system process without a qualified user: android.app.ContextImpl.sendBroadcastAsUserMultiplePermissions:1053 com.android.server.TelephonyRegistry.broadcastCallStateChanged:1602 com.android.server.TelephonyRegistry.notifyCallStateForPhoneId:793 com.android.internal.telephony.ITelephonyRegistry$Stub.onTransact:122 android.os.Binder.execTransact:731 
11-15 14:07:21.596  2300  2300 E ActivityThread: Failed to find provider info for com.google.android.gsf.gservices
11-15 14:07:21.602  1865  1960 W BestClock: java.time.DateTimeException: Missing NTP fix
11-15 14:07:21.606  1865  1960 W BestClock: java.time.DateTimeException: Missing NTP fix
11-15 14:07:21.611  2300  2300 W DynamiteModule: Local module descriptor class for providerinstaller not found.
11-15 14:07:21.615  2300  2300 W ProviderHelper: Unknown dynamite feature providerinstaller
11-15 14:07:21.617  2300  2300 I DynamiteModule: Considering local module providerinstaller:0 and remote module providerinstaller:0
11-15 14:07:21.617  2300  2300 W ProviderInstaller: Failed to load providerinstaller module: No acceptable module found. Local version is 0 and remote version is 0.
11-15 14:07:21.617  1865  1960 W BestClock: java.time.DateTimeException: Missing NTP fix
11-15 14:07:21.619  1865  1960 W BestClock: java.time.DateTimeException: Missing NTP fix
11-15 14:07:21.635  2115  2115 D TelephonyProvider: subIdString = 1 subId = 1
11-15 14:07:21.642  2300  2300 V NativeCrypto: Registering com/google/android/gms/org/conscrypt/NativeCrypto's 286 native methods...
11-15 14:07:21.665  2115  2115 D CallNotifier: updatePhoneStateListeners: update CF notifications.
11-15 14:07:21.616  2300  2300 I chatty  : uid=10008 com.google.android.gms.persistent identical 2 lines
11-15 14:07:21.616  2300  2300 E ActivityThread: Failed to find provider info for com.google.android.gsf.gservices
11-15 14:07:21.666  2115  2115 I TelecomFramework: PstnIncomingCallNotifier: Unregistering: Handler (com.android.internal.telephony.GsmCdmaPhone) {4b223d1}
11-15 14:07:21.668  2300  2300 D NetworkSecurityConfig: Using Network Security Config from resource network_security_config debugBuild: false
11-15 14:07:21.672  2300  2300 I ProviderInstaller: Installed default security provider GmsCore_OpenSSL
11-15 14:07:21.674  2300  2300 E ActivityThread: Failed to find provider info for com.google.android.gsf.gservices
11-15 14:07:21.678  2300  2300 I Safeboot: Checking safeboot...
11-15 14:07:21.680  2300  2300 I chatty  : uid=10008 com.google.android.gms.persistent identical 6 lines
11-15 14:07:21.681  2300  2300 E ActivityThread: Failed to find provider info for com.google.android.gsf.gservices
11-15 14:07:21.683  1865  2321 I Telecom : PhoneAccountRegistrar: Modify account: [ComponentInfo{com.android.phone/com.android.services.telephony.TelephonyConnectionService}, ***, UserHandle{0}]: TSI.rPA@ABs
11-15 14:07:21.683  2300  2300 E ActivityThread: Failed to find provider info for com.google.android.gsf.gservices
11-15 14:07:21.683  2300  2300 E ActivityThread: Failed to find provider info for com.google.android.gsf.gservices
11-15 14:07:21.684  2115  2115 I TelecomFramework: PstnIncomingCallNotifier: Registering: Handler (com.android.internal.telephony.GsmCdmaPhone) {4b223d1}
11-15 14:07:21.685  1854  1854 E hostapd : Using interface wlan1 with hwaddr 02:15:b2:00:01:00 and ssid "AndroidWifi"
11-15 14:07:21.685  1854  1854 I hostapd : wlan1: interface state HT_SCAN->ENABLED
11-15 14:07:21.685  1854  1854 I hostapd : wlan1: AP-ENABLED 
11-15 14:07:21.685  2300  2300 E ActivityThread: Failed to find provider info for com.google.android.gsf.gservices
11-15 14:07:21.692  2300  2300 I Safeboot Condition: No need to enter Safeboot.
11-15 14:07:21.696  2115  2115 D CallNotifier: updatePhoneStateListeners: update CF notifications.
11-15 14:07:21.695  2300  2300 I chatty  : uid=10008 com.google.android.gms.persistent identical 10 lines
11-15 14:07:21.695  2300  2300 E ActivityThread: Failed to find provider info for com.google.android.gsf.gservices
11-15 14:07:21.696  2115  2115 I TelecomFramework: PstnIncomingCallNotifier: Unregistering: Handler (com.android.internal.telephony.GsmCdmaPhone) {4b223d1}
11-15 14:07:21.697  2300  2331 E ActivityThread: Failed to find provider info for com.google.android.gsf.gservices
11-15 14:07:21.697  2300  2331 E ActivityThread: Failed to find provider info for com.google.android.gsf.gservices
11-15 14:07:21.707  1865  2169 I Telecom : PhoneAccountRegistrar: Modify account: [ComponentInfo{com.android.phone/com.android.services.telephony.TelephonyConnectionService}, ***, UserHandle{0}]: TSI.rPA@AB4
11-15 14:07:21.708  2115  2115 I TelecomFramework: PstnIncomingCallNotifier: Registering: Handler (com.android.internal.telephony.GsmCdmaPhone) {4b223d1}
11-15 14:07:21.710  2300  2300 E ActivityThread: Failed to find provider info for com.google.android.gsf.gservices
11-15 14:07:21.713  2115  2115 I ImsExternalCallTracker: handleVideoCapabilitiesChanged : isVideoCapable = false
11-15 14:07:21.713  2115  2115 D ImsExternalCallTracker: refreshCallPullState
11-15 14:07:21.712  2300  2300 E ActivityThread: Failed to find provider info for com.google.android.gsf.gservices
11-15 14:07:21.713  2115  2115 I TelecomFramework: PstnPhoneCapabilitiesNotifier: handleVideoCapabilitesChanged. Video capability - false
11-15 14:07:21.714  2300  2300 E ActivityThread: Failed to find provider info for com.google.android.gsf.gservices
11-15 14:07:21.717  2115  2115 D CarrierConfigLoader: mHandler: 7 phoneId: 0
11-15 14:07:21.720  2115  2115 D CarrierConfigLoader: Loaded config from XML. package=com.android.carrierconfig phoneId=0
11-15 14:07:21.720  2115  2115 D CarrierSvcBindHelper: mHandler: 0
11-15 14:07:21.720  2115  2115 D CarrierSvcBindHelper: Rebinding if necessary for phoneId: 0
11-15 14:07:21.730  2115  2115 D CarrierSvcBindHelper: No carrier app for: 0
11-15 14:07:21.731  2115  2115 D CallNotifier: updatePhoneStateListeners: update CF notifications.
11-15 14:07:21.732  2115  2115 I NotificationMgr: updateMwi(): subId 1 update to false
11-15 14:07:21.745  2115  2115 I CallNotifier: onCallForwardingIndicatorChanged(): subId=1, visible=N
11-15 14:07:21.755  2115  2115 D CallNotifier: updatePhoneStateListeners: update CF notifications.
11-15 14:07:21.755  2115  2115 I NotificationMgr: updateCfi: subId= 1, visible=N
11-15 14:07:21.757  2115  2115 I NotificationMgr: updateMwi(): subId 1 update to false
11-15 14:07:21.760  2335  2335 W .android.diale: Unexpected CPU variant for X86 using defaults: x86
11-15 14:07:21.764  2335  2335 E .android.diale: Not starting debugger since process cannot load the jdwp agent.
11-15 14:07:21.767  2115  2115 I ImsExternalCallTracker: handleVideoCapabilitiesChanged : isVideoCapable = false
11-15 14:07:21.767  2115  2115 D ImsExternalCallTracker: refreshCallPullState
11-15 14:07:21.739  2300  2300 I chatty  : uid=10008 com.google.android.gms.persistent identical 6 lines
11-15 14:07:21.759  2300  2300 E ActivityThread: Failed to find provider info for com.google.android.gsf.gservices
11-15 14:07:21.767  2115  2115 I TelecomFramework: PstnPhoneCapabilitiesNotifier: handleVideoCapabilitesChanged. Video capability - false
11-15 14:07:21.767  2115  2115 I CallNotifier: onCallForwardingIndicatorChanged(): subId=1, visible=N
11-15 14:07:21.768  2115  2115 D CallNotifier: updatePhoneStateListeners: update CF notifications.
11-15 14:07:21.768  2115  2115 I NotificationMgr: updateCfi: subId= 1, visible=N
11-15 14:07:21.768  1865  1932 I ActivityManager: Start proc 2335:com.google.android.dialer/u0a35 for broadcast com.google.android.dialer/com.android.dialer.app.voicemail.LegacyVoicemailNotificationReceiver
11-15 14:07:21.770  2115  2115 I NotificationMgr: updateMwi(): subId 1 update to false
11-15 14:07:21.773  2300  2300 I GmsApplication: Registering the BackgroundBroadcastReceiverSupport receiver.
11-15 14:07:21.776  1618  1661 D gralloc_ranchu: gralloc_alloc: Creating ashmem region of size 8298496
11-15 14:07:21.777  2002  2002 I ImageWallpaper: Redrawing in rect: RectF(0.0, 0.0, 2330.625, 1920.0) with surface size: 1243x1920
11-15 14:07:21.785  2115  2115 D CallNotifier: updatePhoneStateListeners: update CF notifications.
11-15 14:07:21.785  2115  2115 I NotificationMgr: updateCfi: subId= 1, visible=N
11-15 14:07:21.792  2115  2115 I NotificationMgr: updateMwi(): subId 1 update to false
11-15 14:07:21.796  2335  2335 W System  : ClassLoader referenced unknown path: /system/framework/com.google.android.dialer.support.jar
11-15 14:07:21.798  2300  2300 E ActivityThread: Failed to find provider info for com.google.android.gsf.gservices
11-15 14:07:21.799  2300  2300 E ActivityThread: Failed to find provider info for com.google.android.gsf.gservices
11-15 14:07:21.801  2115  2115 I TelecomFramework: PstnIncomingCallNotifier: Unregistering: Handler (com.android.internal.telephony.GsmCdmaPhone) {4b223d1}
11-15 14:07:21.808  2300  2300 I GmsReceiverSupport: Registered Receiver for 18+1 IntentFilters
11-15 14:07:21.816  2300  2300 E ActivityThread: Failed to find provider info for com.google.android.gsf.gservices
11-15 14:07:21.816  2300  2300 I chatty  : uid=10008 com.google.android.gms.persistent identical 1 line
11-15 14:07:21.817  2300  2300 E ActivityThread: Failed to find provider info for com.google.android.gsf.gservices
11-15 14:07:21.819  1865  2321 I Telecom : PhoneAccountRegistrar: Modify account: [ComponentInfo{com.android.phone/com.android.services.telephony.TelephonyConnectionService}, ***, UserHandle{0}]: TSI.rPA@ACk
11-15 14:07:21.820  2115  2115 I TelecomFramework: PstnIncomingCallNotifier: Registering: Handler (com.android.internal.telephony.GsmCdmaPhone) {4b223d1}
11-15 14:07:21.821  2300  2300 E ActivityThread: Failed to find provider info for com.google.android.gsf.gservices
11-15 14:07:21.823  2002  2248 D EGL_emulation: eglMakeCurrent: 0xe6dfcfa0: ver 3 0 (tinfo 0xd203b060)
11-15 14:07:21.825  2300  2300 I chatty  : uid=10008 com.google.android.gms.persistent identical 4 lines
11-15 14:07:21.826  2300  2300 E ActivityThread: Failed to find provider info for com.google.android.gsf.gservices
11-15 14:07:21.828  2115  2115 I TelecomFramework: PstnIncomingCallNotifier: Unregistering: Handler (com.android.internal.telephony.GsmCdmaPhone) {4b223d1}
11-15 14:07:21.833  2300  2300 E ActivityThread: Failed to find provider info for com.google.android.gsf.gservices
11-15 14:07:21.842  2300  2300 I chatty  : uid=10008 com.google.android.gms.persistent identical 11 lines
11-15 14:07:21.843  2300  2300 E ActivityThread: Failed to find provider info for com.google.android.gsf.gservices
11-15 14:07:21.843  1865  1931 W LocalDisplayAdapter: Unable to find color mode 0, ignoring request.
11-15 14:07:21.844  2300  2300 E ActivityThread: Failed to find provider info for com.google.android.gsf.gservices
11-15 14:07:21.844  1865  1953 I InputReader: Reconfiguring input devices.  changes=0x00000004
11-15 14:07:21.847  2300  2300 W Primes  : Primes not initialized, returning default (no-op) Primes instance which will ignore all calls. Please call Primes.initialize(...) before using any Primes API.
11-15 14:07:21.862  2002  2002 I Choreographer: Skipped 36 frames!  The application may be doing too much work on its main thread.
11-15 14:07:21.844  2300  2300 E ActivityThread: Failed to find provider info for com.google.android.gsf.gservices
11-15 14:07:21.866  1865  1931 W LocalDisplayAdapter: Unable to find color mode 0, ignoring request.
11-15 14:07:21.869  1865  1953 I InputReader: Reconfiguring input devices.  changes=0x00000004
11-15 14:07:21.873  2300  2300 E ActivityThread: Failed to find provider info for com.google.android.gsf.gservices
11-15 14:07:21.875  1865  2321 I Telecom : PhoneAccountRegistrar: Modify account: [ComponentInfo{com.android.phone/com.android.services.telephony.TelephonyConnectionService}, ***, UserHandle{0}]: TSI.rPA@ACw
11-15 14:07:21.885  2115  2115 I TelecomFramework: PstnIncomingCallNotifier: Registering: Handler (com.android.internal.telephony.GsmCdmaPhone) {4b223d1}
11-15 14:07:21.888  1618  1661 D gralloc_ranchu: gralloc_alloc: Creating ashmem region of size 8298496
11-15 14:07:21.894  2002  2015 I ndroid.systemu: NativeAlloc concurrent copying GC freed 49643(3MB) AllocSpace objects, 31(620KB) LOS objects, 50% free, 3MB/7MB, paused 179us total 118.991ms
11-15 14:07:21.896  2115  2115 D CallNotifier: updatePhoneStateListeners: update CF notifications.
11-15 14:07:21.896  2115  2115 I NotificationMgr: updateCfi: subId= 1, visible=N
11-15 14:07:21.902  2115  2115 I NotificationMgr: updateMwi(): subId 1 update to false
11-15 14:07:21.905  1618  1661 D gralloc_ranchu: gralloc_alloc: Creating ashmem region of size 24576
11-15 14:07:21.915  2300  2300 E ActivityThread: Failed to find provider info for com.google.android.gsf.gservices
11-15 14:07:21.912  1618  1661 D gralloc_ranchu: gralloc_alloc: Creating ashmem region of size 24576
11-15 14:07:21.920  2115  2115 D TelephonyProvider: subIdString = 1 subId = 1
11-15 14:07:21.921  1618  1661 D gralloc_ranchu: gralloc_alloc: Creating ashmem region of size 24576
11-15 14:07:21.925  2115  2115 D CarrierIdProvider: updateCarrierIdForSubId: 1
11-15 14:07:21.928  2115  2115 D CallNotifier: updatePhoneStateListeners: update CF notifications.
11-15 14:07:21.928  2115  2115 I NotificationMgr: updateCfi: subId= 1, visible=N
11-15 14:07:21.928  1618  1661 D gralloc_ranchu: gralloc_alloc: Creating ashmem region of size 24576
11-15 14:07:21.933  1618  1661 D gralloc_ranchu: gralloc_alloc: Creating ashmem region of size 8192
11-15 14:07:21.933  2115  2115 I NotificationMgr: updateMwi(): subId 1 update to false
11-15 14:07:21.937  1618  1661 D gralloc_ranchu: gralloc_alloc: Creating ashmem region of size 8192
11-15 14:07:21.940  2002  2248 D EGL_emulation: eglMakeCurrent: 0xe6dfcfa0: ver 3 0 (tinfo 0xd203b060)
