11-15 14:07:27.033  2569  2583 I s.nexuslaunche: Background concurrent copying GC freed 2630(236KB) AllocSpace objects, 13(9MB) LOS objects, 31% free, 13MB/19MB, paused 12us total 240.565ms
11-15 14:07:27.058  2426  2633 W DynamiteModule: Local module descriptor class for providerinstaller not found.
11-15 14:07:27.058  2426  2633 I DynamiteModule: Considering local module providerinstaller:0 and remote module providerinstaller:0
11-15 14:07:27.058  2426  2633 W ProviderInstaller: Failed to load providerinstaller module: No acceptable module found. Local version is 0 and remote version is 0.
11-15 14:07:27.065  2544  2747 I MicroDataManager: isInitializing-false locale not changed-false model not changed-false
11-15 14:07:26.800  1865  1865 W Thread-13: type=1400 audit(0.0:7): avc: denied { syslog_read } for scontext=u:r:system_server:s0 tcontext=u:r:kernel:s0 tclass=system permissive=0
11-15 14:07:27.095  1992  2201 I KeyboardGroupDefParser: parseKeyboardGroupDef() 2132148431 -> extension_emoji_search_extension_view_m2 : WaitTime = 123 ms : RunTime = 1 ms
11-15 14:07:27.096  1992  2201 I KeyboardGroupDefParser: parseKeyboardGroupDef() 2132148432 -> extension_emoji_search_keyboards_emojipicker15_m2 : WaitTime = 1 ms : RunTime = 0 ms
11-15 14:07:27.110  2544  2759 I GsaConfigFlagsSyncer: Flags already sync'ed.
11-15 14:07:27.113  2544  2718 I ModelDownloadListener: Schdedule model download
11-15 14:07:27.122  2519  2631 V MediaProvider: pruneThumbnails 
11-15 14:07:27.125  1992  1992 I GoogleInputMethodService: Apply keyboard theme: theme_stylesheet_googleblue_materiallight_assets:theme_package_metadata_google_blue_light.binarypb_port
11-15 14:07:27.134  2376  2401 I oadcastreceive: Waiting for a blocking GC ProfileSaver
11-15 14:07:27.144  2376  2401 I oadcastreceive: WaitForGcToComplete blocked ProfileSaver on HeapTrim for 10.062ms
11-15 14:07:27.167  1992  1992 I ShortcutsDataManager: startImportContentTask()
11-15 14:07:27.167  2777  2777 W id.partnersetu: Unexpected CPU variant for X86 using defaults: x86
11-15 14:07:27.169  1865  1882 I ActivityManager: Start proc 2777:com.google.android.partnersetup/u0a14 for content provider com.google.android.partnersetup/.RlzAppProvider
11-15 14:07:27.172  2519  2631 V MediaProvider: /pruneDeadThumbnailFiles... 
11-15 14:07:27.174  1992  2618 I ShortcutsDataManager: doInBackground()
11-15 14:07:27.174  1992  2618 I PersonalDictionaryDataHandler: LanguageTags = [en-US]
11-15 14:07:27.193  2777  2777 E id.partnersetu: Not starting debugger since process cannot load the jdwp agent.
11-15 14:07:27.220  2362  2362 I d.process.acor: The ClassLoaderContext is a special shared library.
11-15 14:07:27.231  2482  2482 E BrdcstRcvrServiceConn: binder null, could not send broadcast of action
11-15 14:07:27.240  2482  2482 W KeyphraseEnrollmentInfo: No enrollment application supports the given keyphrase/locale: 'X Google'/en_US
11-15 14:07:27.240  2482  2482 I GsaVoiceInteractionSrv: Creating AOHD: Keyphrase - X Google, Locale - en-US/en-US
11-15 14:07:27.260  2482  2482 I GsaVoiceInteractionSrv: onAvailabilityChanged -2
11-15 14:07:27.262  2544  2544 D OpenGLRenderer: Skia GL Pipeline
11-15 14:07:27.262  2482  2482 I chatty  : uid=10039 com.google.android.googlequicksearchbox:interactor identical 2 lines
11-15 14:07:27.262  2482  2482 W KeyphraseEnrollmentInfo: No enrollment application supports the given keyphrase/locale: 'X Google'/en_US
11-15 14:07:27.268  2569  2626 E ActivityThread: Failed to find provider info for com.google.android.as.allapps.actionsettingprovider
11-15 14:07:27.268  2569  2626 E ActionsController: write setting failed
11-15 14:07:27.268  2569  2626 E ActionsController: java.lang.IllegalArgumentException: Unknown URL content://com.google.android.as.allapps.actionsettingprovider
11-15 14:07:27.268  2569  2626 E ActionsController: 	at android.content.ContentResolver.insert(ContentResolver.java:1583)
11-15 14:07:27.268  2569  2626 E ActionsController: 	at com.google.android.apps.nexuslauncher.allapps.d.handleMessage(SourceFile:268)
11-15 14:07:27.268  2569  2626 E ActionsController: 	at android.os.Handler.dispatchMessage(Handler.java:102)
11-15 14:07:27.268  2569  2626 E ActionsController: 	at android.os.Looper.loop(Looper.java:193)
11-15 14:07:27.268  2569  2626 E ActionsController: 	at android.os.HandlerThread.run(HandlerThread.java:65)
11-15 14:07:27.272  1618  1661 D gralloc_ranchu: gralloc_alloc: Creating ashmem region of size 90112
11-15 14:07:27.274  2777  2777 I id.partnersetu: The ClassLoaderContext is a special shared library.
11-15 14:07:27.279  1618  1661 D gralloc_ranchu: gralloc_alloc: Creating ashmem region of size 90112
11-15 14:07:27.280  2544  2718 I OpaEligibilityChecker: send OpaEligibilityChange broadcast to CommonBroadcastReceiver
11-15 14:07:27.281  2115  2123 W System  : A resource failed to call close. 
11-15 14:07:27.281  1723  1745 E SurfaceFlinger: ro.sf.lcd_density must be defined as a build property
11-15 14:07:27.289  1618  1661 D gralloc_ranchu: gralloc_alloc: Creating ashmem region of size 90112
11-15 14:07:27.295  2777  2777 I id.partnersetu: The ClassLoaderContext is a special shared library.
11-15 14:07:27.296  1618  1661 D gralloc_ranchu: gralloc_alloc: Creating ashmem region of size 90112
11-15 14:07:27.298  2569  2687 D reflection: shortcut_neural_predictor
11-15 14:07:27.299  1865  1865 I Telecom : MissedCallNotifierImpl: reloadAfterBootComplete: user=0: TSBCR.oR@AD8
11-15 14:07:27.306  1618  1661 D gralloc_ranchu: gralloc_alloc: Creating ashmem region of size 90112
11-15 14:07:27.314  2115  2115 D CarrierConfigLoader: mHandler: 13 phoneId: 0
11-15 14:07:27.314  2115  2115 D CarrierConfigLoader: mHandler: 7 phoneId: 0
11-15 14:07:27.315  2115  2115 D CarrierConfigLoader: Loaded config from XML. package=com.android.carrierconfig phoneId=0
11-15 14:07:27.315  2115  2115 D CarrierConfigLoader: mHandler: 5 phoneId: 0
11-15 14:07:27.324  2115  2258 I CarrierInfoManager: using values for mnc, mcc: 260,310
11-15 14:07:27.325  2115  2258 D CarrierInfoManager: No rows found for keyType: 2
11-15 14:07:27.326  1618  1661 D gralloc_ranchu: gralloc_alloc: Creating ashmem region of size 90112
11-15 14:07:27.332  1618  1661 D gralloc_ranchu: gralloc_alloc: Creating ashmem region of size 90112
11-15 14:07:27.333  2376  2376 D CellBroadcastReceiver: onReceive Intent { act=android.intent.action.BOOT_COMPLETED flg=0x9000010 cmp=com.android.cellbroadcastreceiver/.CellBroadcastReceiver (has extras) }
11-15 14:07:27.333  2376  2376 D CellBroadcastReceiver: Start Cell Broadcast configuration.
11-15 14:07:27.336  1865  1865 I Telecom : PhoneAccountRegistrar: SimCallManager queried, returning: null: TSI.gSCMFU@AEA
11-15 14:07:27.342  2115  2115 I ImsResolver: Received Carrier Config Changed for SlotId: 0
11-15 14:07:27.347  2376  2376 D CellBroadcastReceiver: Default interval 0 did not change.
11-15 14:07:27.348  1618  1661 D gralloc_ranchu: gralloc_alloc: Creating ashmem region of size 90112
11-15 14:07:27.358  1618  1661 D gralloc_ranchu: gralloc_alloc: Creating ashmem region of size 90112
11-15 14:07:27.363  2115  2115 D CarrierKeyDownloadManager: Carrier Config changed: android.telephony.action.CARRIER_CONFIG_CHANGED
11-15 14:07:27.363  1618  1661 D gralloc_ranchu: gralloc_alloc: Creating ashmem region of size 90112
11-15 14:07:27.364  2115  2115 D CarrierKeyDownloadManager: Carrier not enabled or invalid values
11-15 14:07:27.364  2115  2115 D CarrierKeyDownloadManager: Cleaning up existing renewal alarms
11-15 14:07:27.366  2376  2801 D CellBroadcastConfigService: Enable CellBroadcast on sub 1
11-15 14:07:27.368  2544  2747 W SessionLifecycleManager: Client : AttachedClient[11190204169094680, ClientConfig[mFlags=[40000088001] mSuggestFlags=[0] mClientId=HOTWORD_SERVICE mSessionType=search publicSearchServiceCallerUid=-1]] has no associated SessionController
11-15 14:07:27.369  2115  2291 D IccSmsInterfaceManager: [IccSmsInterfaceManager] Calling setGsmBroadcastConfig with 1 configurations
11-15 14:07:27.372  1618  1661 D gralloc_ranchu: gralloc_alloc: Creating ashmem region of size 90112
11-15 14:07:27.373  2544  2747 W SearchServiceCore: Abort, client detached.
11-15 14:07:27.373  2544  2747 W SearchServiceCore: Abort, client detached.
11-15 14:07:27.373  1723  1723 D SurfaceFlinger: duplicate layer name: changing com.google.android.apps.nexuslauncher/com.google.android.apps.nexuslauncher.NexusLauncherActivity to com.google.android.apps.nexuslauncher/com.google.android.apps.nexuslauncher.NexusLauncherActivity#1
11-15 14:07:27.375  2544  2747 E BluetoothAdapter: Bluetooth binder is null
11-15 14:07:27.378  2426  2633 I GmsModuleFndr: Beginning GMS chimera module scan
11-15 14:07:27.378  2544  2793 D         : HostConnection::get() New Host Connection established 0xcbdb55c0, tid 2793
11-15 14:07:27.378  1618  1661 D gralloc_ranchu: gralloc_alloc: Creating ashmem region of size 8298496
11-15 14:07:27.382  2544  2793 I ConfigStore: android::hardware::configstore::V1_0::ISurfaceFlingerConfigs::hasWideColorDisplay retrieved: 0
11-15 14:07:27.382  1618  1618 D gralloc_ranchu: gralloc_alloc: Creating ashmem region of size 90112
11-15 14:07:27.382  2544  2793 I ConfigStore: android::hardware::configstore::V1_0::ISurfaceFlingerConfigs::hasHDRDisplay retrieved: 0
11-15 14:07:27.382  2544  2793 I OpenGLRenderer: Initialized EGL, version 1.4
11-15 14:07:27.382  2544  2793 D OpenGLRenderer: Swap behavior 1
11-15 14:07:27.383  2544  2793 W OpenGLRenderer: Failed to choose config with EGL_SWAP_BEHAVIOR_PRESERVED, retrying without...
11-15 14:07:27.383  2544  2793 D OpenGLRenderer: Swap behavior 0
11-15 14:07:27.384  2544  2747 W SearchServiceCore: Abort, client detached.
11-15 14:07:27.388  2544  2793 D EGL_emulation: eglCreateContext: 0xe8806560: maj 3 min 0 rcv 3
11-15 14:07:27.389  1618  1661 D gralloc_ranchu: gralloc_alloc: Creating ashmem region of size 8298496
11-15 14:07:27.392  2544  2793 D EGL_emulation: eglMakeCurrent: 0xe8806560: ver 3 0 (tinfo 0xe8803e20)
11-15 14:07:27.392  1618  1618 D gralloc_ranchu: gralloc_alloc: Creating ashmem region of size 8298496
11-15 14:07:27.396  1723  1749 E SurfaceFlinger: ro.sf.lcd_density must be defined as a build property
11-15 14:07:27.397  2426  2633 I ModuleSetMgr: Computing pending module set with APKs: [file:///data/app/com.google.android.gms-KiP97V5qtyjJeeEuoYGIzw%3D%3D/base.apk, zapp:/AdsFdrDynamite.integ/21001000000, zapp:/Payments.integ/19677002000700, zapp:/PaymentsDynamite.integ/19677002000700, zapp:/VisionFace.optional/19629000700, zapp:/VisionOcr.optional/19629000700]
11-15 14:07:27.400  2544  2544 I BgTaskExecutorImpl: Starting EXCLUSIVE background task UPDATE_HOTWORD_MODELS.
11-15 14:07:27.411  1618  1618 D gralloc_ranchu: gralloc_alloc: Creating ashmem region of size 90112
11-15 14:07:27.416  1618  1618 D gralloc_ranchu: gralloc_alloc: Creating ashmem region of size 90112
11-15 14:07:27.420  1723  1745 D gralloc_ranchu: gralloc_unregister_buffer: exiting HostConnection (is buffer-handling thread)
11-15 14:07:27.420  1723  1745 D         : HostConnection::get() New Host Connection established 0xf27c9e40, tid 1745
11-15 14:07:27.420  1723  1745 D gralloc_ranchu: gralloc_unregister_buffer: exiting HostConnection (is buffer-handling thread)
11-15 14:07:27.420  1723  1745 D         : HostConnection::get() New Host Connection established 0xf27c9e40, tid 1745
11-15 14:07:27.421  1723  1745 D gralloc_ranchu: gralloc_unregister_buffer: exiting HostConnection (is buffer-handling thread)
11-15 14:07:27.421  1723  1745 D         : HostConnection::get() New Host Connection established 0xf27c9e40, tid 1745
11-15 14:07:27.421  1723  1745 D gralloc_ranchu: gralloc_unregister_buffer: exiting HostConnection (is buffer-handling thread)
11-15 14:07:27.422  2115  2291 D IccSmsInterfaceManager: [IccSmsInterfaceManager] Failed to add GSM cell broadcast subscription for MID range 4370 to 4370 from client com.android.cellbroadcastreceiver
11-15 14:07:27.423  2115  2291 D IccSmsInterfaceManager: [IccSmsInterfaceManager] Calling setCdmaBroadcastConfig with 1 configurations
11-15 14:07:27.425  2115  2291 D IccSmsInterfaceManager: [IccSmsInterfaceManager] Failed to add cdma broadcast subscription for MID range 4096 to 4096 from client com.android.cellbroadcastreceiver
11-15 14:07:27.426  2115  2291 D IccSmsInterfaceManager: [IccSmsInterfaceManager] Calling setGsmBroadcastConfig with 1 configurations
11-15 14:07:27.426  2569  2687 D reflection: neural_predictor
11-15 14:07:27.426  2569  2687 D reflection: recency_event_predictor
11-15 14:07:27.426  2569  2687 D reflection: Rule_Based_Predictor
11-15 14:07:27.427  1992  2618 I ShortcutsDataManager: importRecords() : Success : Count = 0
11-15 14:07:27.429  1865  1882 W ActivityManager: Slow operation: 69ms so far, now at startProcess: returned from zygote!
11-15 14:07:27.429  1865  1882 W ActivityManager: Slow operation: 69ms so far, now at startProcess: done updating battery stats
11-15 14:07:27.429  1865  1882 W ActivityManager: Slow operation: 69ms so far, now at startProcess: building log message
11-15 14:07:27.429  1865  1882 I ActivityManager: Start proc 2804:com.android.contacts/u0a23 for broadcast com.android.contacts/.interactions.OnBootOrUpgradeReceiver
11-15 14:07:27.429  1865  1882 W ActivityManager: Slow operation: 69ms so far, now at startProcess: starting to update pids map
11-15 14:07:27.429  1865  1882 W ActivityManager: Slow operation: 69ms so far, now at startProcess: done updating pids map
11-15 14:07:27.429  1618  1618 D gralloc_ranchu: gralloc_alloc: Creating ashmem region of size 90112
11-15 14:07:27.440  2115  2291 D IccSmsInterfaceManager: [IccSmsInterfaceManager] Failed to add GSM cell broadcast subscription for MID range 4383 to 4383 from client com.android.cellbroadcastreceiver
11-15 14:07:27.440  2804  2804 W ndroid.contact: Unexpected CPU variant for X86 using defaults: x86
11-15 14:07:27.441  2115  2291 D IccSmsInterfaceManager: [IccSmsInterfaceManager] Calling setGsmBroadcastConfig with 1 configurations
11-15 14:07:27.444  2115  2291 D IccSmsInterfaceManager: [IccSmsInterfaceManager] Failed to add GSM cell broadcast subscription for MID range 4371 to 4372 from client com.android.cellbroadcastreceiver
11-15 14:07:27.447  2804  2804 E ndroid.contact: Not starting debugger since process cannot load the jdwp agent.
11-15 14:07:27.448  2115  2291 D IccSmsInterfaceManager: [IccSmsInterfaceManager] Calling setCdmaBroadcastConfig with 1 configurations
11-15 14:07:27.450  2115  2291 D IccSmsInterfaceManager: [IccSmsInterfaceManager] Failed to add cdma broadcast subscription for MID range 4097 to 4097 from client com.android.cellbroadcastreceiver
11-15 14:07:27.451  2115  2291 D IccSmsInterfaceManager: [IccSmsInterfaceManager] Calling setGsmBroadcastConfig with 1 configurations
11-15 14:07:27.452  2115  2291 D IccSmsInterfaceManager: [IccSmsInterfaceManager] Failed to add GSM cell broadcast subscription for MID range 4384 to 4385 from client com.android.cellbroadcastreceiver
11-15 14:07:27.453  2115  2291 D IccSmsInterfaceManager: [IccSmsInterfaceManager] Calling setGsmBroadcastConfig with 1 configurations
11-15 14:07:27.454  2115  2291 D IccSmsInterfaceManager: [IccSmsInterfaceManager] Failed to add GSM cell broadcast subscription for MID range 4373 to 4378 from client com.android.cellbroadcastreceiver
11-15 14:07:27.455  2115  2291 D IccSmsInterfaceManager: [IccSmsInterfaceManager] Calling setCdmaBroadcastConfig with 1 configurations
11-15 14:07:27.455  2115  2291 D IccSmsInterfaceManager: [IccSmsInterfaceManager] Failed to add cdma broadcast subscription for MID range 4098 to 4098 from client com.android.cellbroadcastreceiver
11-15 14:07:27.458  2426  2633 I ModuleSetMgr: Pending container Zapp APKs: [zapp:/VisionFace.optional/19629000700, zapp:/VisionOcr.optional/19629000700]
11-15 14:07:27.458  2426  2633 I ModuleSetMgr: Pending non-container Zapp APKs: [zapp:/AdsFdrDynamite.integ/21001000000, zapp:/Payments.integ/19677002000700, zapp:/PaymentsDynamite.integ/19677002000700]
11-15 14:07:27.460  2544  2793 D EGL_emulation: eglMakeCurrent: 0xe8806560: ver 3 0 (tinfo 0xe8803e20)
11-15 14:07:27.461  2115  2291 D IccSmsInterfaceManager: [IccSmsInterfaceManager] Calling setGsmBroadcastConfig with 1 configurations
11-15 14:07:27.462  2115  2291 D IccSmsInterfaceManager: [IccSmsInterfaceManager] Failed to add GSM cell broadcast subscription for MID range 4386 to 4391 from client com.android.cellbroadcastreceiver
11-15 14:07:27.464  2115  2291 D IccSmsInterfaceManager: [IccSmsInterfaceManager] Calling setGsmBroadcastConfig with 1 configurations
11-15 14:07:27.464  1618  1618 D gralloc_ranchu: gralloc_alloc: Creating ashmem region of size 90112
11-15 14:07:27.470  1618  1618 I chatty  : uid=1000(system) allocator@2.0-s identical 1 line
11-15 14:07:27.476  1618  1618 D gralloc_ranchu: gralloc_alloc: Creating ashmem region of size 90112
11-15 14:07:27.477  2115  2291 D IccSmsInterfaceManager: [IccSmsInterfaceManager] Failed to add GSM cell broadcast subscription for MID range 4379 to 4379 from client com.android.cellbroadcastreceiver
11-15 14:07:27.481  2115  2291 D IccSmsInterfaceManager: [IccSmsInterfaceManager] Calling setCdmaBroadcastConfig with 1 configurations
11-15 14:07:27.487  2569  2569 E SchedPolicy: set_timerslack_ns write failed: Operation not permitted
11-15 14:07:27.496  2115  2291 D IccSmsInterfaceManager: [IccSmsInterfaceManager] Failed to add cdma broadcast subscription for MID range 4099 to 4099 from client com.android.cellbroadcastreceiver
11-15 14:07:27.501  2115  2291 D IccSmsInterfaceManager: [IccSmsInterfaceManager] Calling setGsmBroadcastConfig with 1 configurations
11-15 14:07:27.503  2804  2804 I ndroid.contact: The ClassLoaderContext is a special shared library.
11-15 14:07:27.506  2115  2291 D IccSmsInterfaceManager: [IccSmsInterfaceManager] Failed to add GSM cell broadcast subscription for MID range 4392 to 4392 from client com.android.cellbroadcastreceiver
11-15 14:07:27.507  2115  2291 D IccSmsInterfaceManager: [IccSmsInterfaceManager] Failed to remove GSM cell broadcast subscription for MID range 4380 to 4380 from client com.android.cellbroadcastreceiver
11-15 14:07:27.508  2115  2291 D IccSmsInterfaceManager: [IccSmsInterfaceManager] Failed to remove cdma broadcast subscription for MID range 4100 to 4100 from client com.android.cellbroadcastreceiver
11-15 14:07:27.521  2115  2291 D IccSmsInterfaceManager: [IccSmsInterfaceManager] Failed to remove GSM cell broadcast subscription for MID range 4393 to 4393 from client com.android.cellbroadcastreceiver
11-15 14:07:27.523  1992  1992 I MaestroExtensionImpl: connectToAssistantIfAvailable() : Creating integration client.
11-15 14:07:27.525  2544  2747 I MicroDataManager: isInitializing-false locale not changed-true model not changed-true
11-15 14:07:27.525  2115  2798 D IccSmsInterfaceManager: [IccSmsInterfaceManager] Failed to remove GSM cell broadcast subscription for MID range 4381 to 4381 from client com.android.cellbroadcastreceiver
11-15 14:07:27.529  2115  2798 D IccSmsInterfaceManager: [IccSmsInterfaceManager] Failed to remove GSM cell broadcast subscription for MID range 4394 to 4394 from client com.android.cellbroadcastreceiver
11-15 14:07:27.539  2115  2798 D IccSmsInterfaceManager: [IccSmsInterfaceManager] Failed to remove GSM cell broadcast subscription for MID range 4382 to 4382 from client com.android.cellbroadcastreceiver
11-15 14:07:27.542  2115  2798 D IccSmsInterfaceManager: [IccSmsInterfaceManager] Failed to remove GSM cell broadcast subscription for MID range 4395 to 4395 from client com.android.cellbroadcastreceiver
11-15 14:07:27.544  2115  2798 D IccSmsInterfaceManager: [IccSmsInterfaceManager] Calling setGsmBroadcastConfig with 1 configurations
11-15 14:07:27.548  2115  2798 D IccSmsInterfaceManager: [IccSmsInterfaceManager] Failed to add GSM cell broadcast subscription for MID range 4352 to 4354 from client com.android.cellbroadcastreceiver
11-15 14:07:27.550  2115  2798 D IccSmsInterfaceManager: [IccSmsInterfaceManager] Calling setGsmBroadcastConfig with 1 configurations
11-15 14:07:27.550  2115  2798 D IccSmsInterfaceManager: [IccSmsInterfaceManager] Failed to add GSM cell broadcast subscription for MID range 4356 to 4356 from client com.android.cellbroadcastreceiver
11-15 14:07:27.552  2115  2798 D IccSmsInterfaceManager: [IccSmsInterfaceManager] Failed to remove GSM cell broadcast subscription for MID range 4355 to 4355 from client com.android.cellbroadcastreceiver
11-15 14:07:27.561  1992  2200 I KeyboardGroupDefParser: parseKeyboardGroupDef() 2132148447 -> extension_maestro_keyboards : WaitTime = 85 ms : RunTime = 3 ms
11-15 14:07:27.564  1865  2505 D ActivityManager: Raise procstate to external provider: ProcessRecord{1e1d0fa 2362:android.process.acore/u0a10}
11-15 14:07:27.564  1865  2503 W Binder  : Outgoing transactions from this process must be FLAG_ONEWAY
11-15 14:07:27.564  1865  2503 W Binder  : java.lang.Throwable
11-15 14:07:27.564  1865  2503 W Binder  : 	at android.os.BinderProxy.transact(Binder.java:1114)
11-15 14:07:27.564  1865  2503 W Binder  : 	at android.content.ContentProviderProxy.getType(ContentProviderNative.java:451)
11-15 14:07:27.564  1865  2503 W Binder  : 	at com.android.server.am.ActivityManagerService.getProviderMimeType(ActivityManagerService.java:12993)
11-15 14:07:27.564  1865  2503 W Binder  : 	at android.app.IActivityManager$Stub.onTransact(IActivityManager.java:1416)
11-15 14:07:27.564  1865  2503 W Binder  : 	at com.android.server.am.ActivityManagerService.onTransact(ActivityManagerService.java:3291)
11-15 14:07:27.564  1865  2503 W Binder  : 	at android.os.Binder.execTransact(Binder.java:731)
11-15 14:07:27.565  1992  2618 I ShortcutsDataManager: importContentData() : Ending import process
11-15 14:07:27.582  1865  1882 W ActivityManager: Slow operation: 52ms so far, now at startProcess: returned from zygote!
11-15 14:07:27.582  1865  1882 W ActivityManager: Slow operation: 53ms so far, now at startProcess: done updating battery stats
11-15 14:07:27.582  1865  1882 W ActivityManager: Slow operation: 53ms so far, now at startProcess: building log message
11-15 14:07:27.582  1865  1882 I ActivityManager: Start proc 2824:com.google.process.gapps/u0a8 for content provider com.google.android.gsf/.settings.GoogleSettingsProvider
11-15 14:07:27.582  1865  1882 W ActivityManager: Slow operation: 53ms so far, now at startProcess: starting to update pids map
11-15 14:07:27.582  1865  1882 W ActivityManager: Slow operation: 53ms so far, now at startProcess: done updating pids map
11-15 14:07:27.584  2544  2544 W ThreadPoolDumper: Queue length for executor EventBus is now 11. Perhaps some tasks are too long, or the pool is too small.
11-15 14:07:27.590  2824  2824 W e.process.gapp: Unexpected CPU variant for X86 using defaults: x86
11-15 14:07:27.594  2544  2762 I ModelDownloadController: requestHotwordModelUpdate modelType-2 modelLocale-en-US
11-15 14:07:27.597  2569  2687 D reflection: shortcut_neural_predictor
11-15 14:07:27.609  2824  2824 E e.process.gapp: Not starting debugger since process cannot load the jdwp agent.
11-15 14:07:27.617  2832  2832 W gedprovisionin: Unexpected CPU variant for X86 using defaults: x86
11-15 14:07:27.623  1865  1882 W ActivityManager: Slow operation: 52ms so far, now at startProcess: returned from zygote!
11-15 14:07:27.623  1865  1882 W ActivityManager: Slow operation: 52ms so far, now at startProcess: done updating battery stats
11-15 14:07:27.624  1865  1882 W ActivityManager: Slow operation: 52ms so far, now at startProcess: building log message
11-15 14:07:27.624  1865  1882 I ActivityManager: Start proc 2832:com.android.managedprovisioning/u0a9 for broadcast com.android.managedprovisioning/.preprovisioning.BootReminder
11-15 14:07:27.624  1865  1882 W ActivityManager: Slow operation: 52ms so far, now at startProcess: starting to update pids map
11-15 14:07:27.624  1865  1882 W ActivityManager: Slow operation: 52ms so far, now at startProcess: done updating pids map
11-15 14:07:27.625  2544  2718 E LauncherUtil: Failed to get system resource ID.
11-15 14:07:27.630  2544  2762 I ModelDownloadController: shouldDonwloadModel: modelLocale is en-US
11-15 14:07:27.630  2544  2762 I ModelDownloadController: We already downloaded model from given location.
11-15 14:07:27.630  2544  2762 I ModelDownloadController: Model download not requested.
11-15 14:07:27.637  2832  2832 E gedprovisionin: Not starting debugger since process cannot load the jdwp agent.
11-15 14:07:27.644  2824  2824 I e.process.gapp: The ClassLoaderContext is a special shared library.
11-15 14:07:27.645  1865  1879 E PackageManager: Optimistic bind failed.
11-15 14:07:27.645  1865  1879 E PackageManager: java.util.concurrent.TimeoutException: [Optimistic Bind] Didn't bind to resolver in time!
11-15 14:07:27.645  1865  1879 E PackageManager: 	at com.android.server.pm.InstantAppResolverConnection.waitForBindLocked(InstantAppResolverConnection.java:160)
11-15 14:07:27.645  1865  1879 E PackageManager: 	at com.android.server.pm.InstantAppResolverConnection.bind(InstantAppResolverConnection.java:225)
11-15 14:07:27.645  1865  1879 E PackageManager: 	at com.android.server.pm.InstantAppResolverConnection.lambda$optimisticBind$0(InstantAppResolverConnection.java:255)
11-15 14:07:27.645  1865  1879 E PackageManager: 	at com.android.server.pm.-$$Lambda$InstantAppResolverConnection$D-JKXi4qrYjnPQMOwj8UtfZenps.run(Unknown Source:2)
11-15 14:07:27.645  1865  1879 E PackageManager: 	at android.os.Handler.handleCallback(Handler.java:873)
11-15 14:07:27.645  1865  1879 E PackageManager: 	at android.os.Handler.dispatchMessage(Handler.java:99)
11-15 14:07:27.645  1865  1879 E PackageManager: 	at android.os.Looper.loop(Looper.java:193)
11-15 14:07:27.645  1865  1879 E PackageManager: 	at android.os.HandlerThread.run(HandlerThread.java:65)
11-15 14:07:27.645  2824  2824 I e.process.gapp: The ClassLoaderContext is a special shared library.
11-15 14:07:27.666  2300  2310 I .gms.persisten: Background concurrent copying GC freed 63642(4MB) AllocSpace objects, 35(840KB) LOS objects, 49% free, 2MB/5MB, paused 45us total 143.526ms
11-15 14:07:27.677  2569  2687 D reflection: neural_predictor
11-15 14:07:27.694  2519  2631 V MediaProvider: pruneThumbnails 
11-15 14:07:27.694  2832  2832 I gedprovisionin: The ClassLoaderContext is a special shared library.
11-15 14:07:27.696  2519  2631 V MediaProvider: /pruneDeadThumbnailFiles... 
11-15 14:07:27.720  2824  2824 I GoogleHttpClient: GMS http client unavailable, use old client
11-15 14:07:27.727  2115  2115 I VvmSimStateTracker: android.intent.action.BOOT_COMPLETED
11-15 14:07:27.728  2115  2115 I VvmSimStateTracker: Service connected on ComponentInfo{com.android.phone/com.android.services.telephony.TelephonyConnectionService}, ***, UserHandle{0}
11-15 14:07:27.729  2544  2759 W GCM     : GCM SDK is deprecated, com.google.android.googlequicksearchbox should update to use FCM
11-15 14:07:27.733  2544  2756 I MicroDataManager: isInitializing-false locale not changed-true model not changed-true
11-15 14:07:27.741  1865  1882 I ActivityManager: Start proc 2860:com.android.providers.calendar/u0a36 for broadcast com.android.providers.calendar/.CalendarReceiver
11-15 14:07:27.745  1992  2604 I PhenotypeIme: FetchConfigurationTask.fetchConfiguration() : com.google.android.inputmethod.latin
11-15 14:07:27.745  2544  2559 I earchbox:searc: Background concurrent copying GC freed 31978(3MB) AllocSpace objects, 11(416KB) LOS objects, 49% free, 5MB/11MB, paused 2.399ms total 486.796ms
11-15 14:07:27.747  2544  2756 I HotwordHelper: hasHotwordEverywhere-true
11-15 14:07:27.747  2115  2115 I RemoteVvmTaskManager: Binding to ComponentInfo{com.google.android.dialer/com.android.voicemail.impl.OmtpService}
11-15 14:07:27.754  2860  2860 W viders.calenda: Unexpected CPU variant for X86 using defaults: x86
11-15 14:07:27.757  2860  2860 E viders.calenda: Not starting debugger since process cannot load the jdwp agent.
11-15 14:07:27.780  2482  2482 E HwDetectorWithState: a: 3
11-15 14:07:27.780  2482  2482 I GsaVoiceInteractionSrv: #checkDspStatus
11-15 14:07:27.805  2860  2860 I viders.calenda: The ClassLoaderContext is a special shared library.
11-15 14:07:27.854  2860  2860 I CalendarProvider2: Created com.android.providers.calendar.CalendarAlarmManager@d2faaa1(com.android.providers.calendar.CalendarProvider2@ccee4c6)
11-15 14:07:27.856  2300  2300 W Settings: Setting airplane_mode_on has moved from android.provider.Settings.System to android.provider.Settings.Global, returning read-only value.
11-15 14:07:27.948  1992  2618 I PersonalLanguageModelUpdater: run() : Added 0 words and 0 shortcuts
11-15 14:07:27.949  1992  2618 I DynamicLanguageModelOperation: perform() : 4 : cib : Completed
11-15 14:07:27.956  2300  2797 W GCoreFlp: No location to return for getLastLocation()
11-15 14:07:27.964  1992  2203 I EmojiVariantsHelper: Successfully loaded emoji variant maps
11-15 14:07:27.972  1865  2514 D ConnectivityService: requestNetwork for uid/pid:10039/2544 NetworkRequest [ TRACK_DEFAULT id=12, [ Capabilities: INTERNET&NOT_RESTRICTED&TRUSTED Unwanted:  Uid: 10039] ]
11-15 14:07:27.973  1865  1963 D WIFI    : got request NetworkRequest [ TRACK_DEFAULT id=12, [ Capabilities: INTERNET&NOT_RESTRICTED&TRUSTED Unwanted:  Uid: 10039] ] with score 50
11-15 14:07:27.973  1865  1963 D WIFI_UT : got request NetworkRequest [ TRACK_DEFAULT id=12, [ Capabilities: INTERNET&NOT_RESTRICTED&TRUSTED Unwanted:  Uid: 10039] ] with score 50
11-15 14:07:27.974  2115  2115 D PhoneSwitcherNetworkRequstListener: got request NetworkRequest [ TRACK_DEFAULT id=12, [ Capabilities: INTERNET&NOT_RESTRICTED&TRUSTED Unwanted:  Uid: 10039] ] with score 50
11-15 14:07:27.997  2300  2797 W GCoreFlp: No location to return for getLastLocation()
11-15 14:07:28.002  2300  2300 E GmsRequestQueue: Tried to stop global GMSCore RequestQueue. This is likely unintended, so ignoring.
11-15 14:07:28.002  1865  1865 I TransportClient: LocalTransportService#0: Notifying [TransportManager.registerTransport()] transport = IBackupTransport
11-15 14:07:28.005  1865  2480 D BackupTransportManager: Transport android/com.android.internal.backup.LocalTransportService registered
11-15 14:07:28.005  1865  2480 D BackupManagerService: Transport android/com.android.internal.backup.LocalTransport registered 3045ms after first request (delay = 3000ms)
11-15 14:07:28.019  1865  1879 W Binder  : Outgoing transactions from this process must be FLAG_ONEWAY
11-15 14:07:28.019  1865  1879 W Binder  : java.lang.Throwable
11-15 14:07:28.019  1865  1879 W Binder  : 	at android.os.BinderProxy.transact(Binder.java:1114)
11-15 14:07:28.019  1865  1879 W Binder  : 	at com.android.internal.location.ILocationProvider$Stub$Proxy.getProperties(ILocationProvider.java:236)
11-15 14:07:28.019  1865  1879 W Binder  : 	at com.android.server.location.LocationProviderProxy$1$1.run(LocationProviderProxy.java:117)
11-15 14:07:28.019  1865  1879 W Binder  : 	at com.android.server.ServiceWatcher.runOnBinder(ServiceWatcher.java:425)
11-15 14:07:28.019  1865  1879 W Binder  : 	at com.android.server.location.LocationProviderProxy$1.run(LocationProviderProxy.java:111)
11-15 14:07:28.019  1865  1879 W Binder  : 	at android.os.Handler.handleCallback(Handler.java:873)
11-15 14:07:28.019  1865  1879 W Binder  : 	at android.os.Handler.dispatchMessage(Handler.java:99)
11-15 14:07:28.019  1865  1879 W Binder  : 	at android.os.Looper.loop(Looper.java:193)
11-15 14:07:28.019  1865  1879 W Binder  : 	at android.os.HandlerThread.run(HandlerThread.java:65)
11-15 14:07:28.025  1865  1879 W Binder  : Outgoing transactions from this process must be FLAG_ONEWAY
11-15 14:07:28.025  1865  1879 W Binder  : java.lang.Throwable
11-15 14:07:28.025  1865  1879 W Binder  : 	at android.os.BinderProxy.transact(Binder.java:1114)
11-15 14:07:28.025  1865  1879 W Binder  : 	at com.android.internal.location.ILocationProvider$Stub$Proxy.getProperties(ILocationProvider.java:236)
11-15 14:07:28.025  1865  1879 W Binder  : 	at com.android.server.location.LocationProviderProxy$1$1.run(LocationProviderProxy.java:117)
11-15 14:07:28.025  1865  1879 W Binder  : 	at com.android.server.ServiceWatcher.runOnBinder(ServiceWatcher.java:425)
11-15 14:07:28.025  1865  1879 W Binder  : 	at com.android.server.location.LocationProviderProxy$1.run(LocationProviderProxy.java:111)
11-15 14:07:28.025  1865  1879 W Binder  : 	at android.os.Handler.handleCallback(Handler.java:873)
11-15 14:07:28.025  1865  1879 W Binder  : 	at android.os.Handler.dispatchMessage(Handler.java:99)
11-15 14:07:28.025  1865  1879 W Binder  : 	at android.os.Looper.loop(Looper.java:193)
11-15 14:07:28.025  1865  1879 W Binder  : 	at android.os.HandlerThread.run(HandlerThread.java:65)
11-15 14:07:28.025  1992  1992 I ShortcutsDataManager: onPostExecute() : Result = [2,0]
11-15 14:07:28.025  1992  1992 I ShortcutsDataManager: onImportFinished() : Result = 2 : Count = 0
11-15 14:07:28.029  2544  2747 W SessionLifecycleManager: Client : AttachedClient[11190204169094690, ClientConfig[mFlags=[40000088001] mSuggestFlags=[0] mClientId=HOTWORD_SERVICE mSessionType=search publicSearchServiceCallerUid=-1]] has no associated SessionController
11-15 14:07:28.047  2300  2758 W GeofencerStateMachine: Received SM_HARDWARE_GEOFENCE_CHANGED_CMD in NotInitializedState
11-15 14:07:28.065  1865  2505 D WificondControl: Scan result ready event
11-15 14:07:28.075  2544  2747 E BluetoothAdapter: Bluetooth binder is null
11-15 14:07:28.075  1865  1963 D WifiStateMachine: CMD_START_CONNECT sup state UninitializedState my state DisconnectedState nid=0 roam=false
11-15 14:07:28.076  1865  1963 I WifiStateMachine: Connecting with 02:15:b2:00:00:00 as the mac address
11-15 14:07:28.076  1737  1737 W wificond: Scan is not started. Ignore abort request
11-15 14:07:28.076  1865  1963 D SupplicantStaIfaceHal: connectToNetwork "AndroidWifi"NONE
11-15 14:07:28.077  1865  1963 I SupplicantStaIfaceHal: addSupplicantStaNetwork via HIDL
11-15 14:07:28.079  2544  2743 W LocationOracle: No location history returned by ContextManager
11-15 14:07:28.097  1992  2608 I SuperDelight: SuperDelightDownloadMetadataParser#parse(delight): Manifest parsed with 884 packs
11-15 14:07:28.120  2909  2909 W android.traceu: Unexpected CPU variant for X86 using defaults: x86
11-15 14:07:28.129  2909  2909 E android.traceu: Not starting debugger since process cannot load the jdwp agent.
11-15 14:07:28.131  2300  2758 I GeofencerStateMachine: Network location disabled.
11-15 14:07:28.131  1865  1882 W ActivityManager: Slow operation: 51ms so far, now at startProcess: returned from zygote!
11-15 14:07:28.131  1865  1882 W ActivityManager: Slow operation: 51ms so far, now at startProcess: done updating battery stats
11-15 14:07:28.131  1865  1882 W ActivityManager: Slow operation: 51ms so far, now at startProcess: building log message
11-15 14:07:28.131  1865  1882 I ActivityManager: Start proc 2909:com.android.traceur/u0a45 for broadcast com.android.traceur/.Receiver
11-15 14:07:28.131  1865  1882 W ActivityManager: Slow operation: 51ms so far, now at startProcess: starting to update pids map
11-15 14:07:28.132  1865  1882 W ActivityManager: Slow operation: 51ms so far, now at startProcess: done updating pids map
11-15 14:07:28.156  2149  2149 I wpa_supplicant: wlan0: SME: Trying to authenticate with 02:15:b2:00:01:00 (SSID='AndroidWifi' freq=2447 MHz)
11-15 14:07:28.157  1992  2906 I SuperDelight: SuperDelightManager#registerAndUpgradeSuperpacks(delight): current 2019100800, required 2019100800
11-15 14:07:28.161  1992  2608 I SuperDelight: SuperDelightDownloadMetadataParser#parse(delight_apps): Manifest parsed with 2 packs
11-15 14:07:28.161  1854  1854 I hostapd : wlan1: STA 02:15:b2:00:00:00 IEEE 802.11: authenticated
11-15 14:07:28.161  1854  1854 I hostapd : wlan1: STA 02:15:b2:00:00:00 IEEE 802.11: authenticated
11-15 14:07:28.161  1992  2725 I SuperDelight: SuperDelightManager#registerAndUpgradeSuperpacks(delight_apps): current 2019081401, required 2019081401
11-15 14:07:28.162  1992  2906 I SuperDelight: SuperDelightManager#syncDownloadableLanguageModels(delight): [OnDevice] Syncing for version 2019100800
11-15 14:07:28.162  1992  2732 I SuperDelight: SuperDelightManager#registerAndUpgradeSuperpacks(delight_apps): current 2019081401, required 2019081401
11-15 14:07:28.162  1992  2732 I SuperDelight: SuperDelightManager#syncOverridesLanguageModels(delight_apps): Syncing for version 2019081401
11-15 14:07:28.163  1992  2732 I SuperDelight: SuperDelightManager#syncOverridesLanguageModels(delight_apps): Syncing for version 2019081401
11-15 14:07:28.164  2149  2149 I wpa_supplicant: wlan0: Trying to associate with 02:15:b2:00:01:00 (SSID='AndroidWifi' freq=2447 MHz)
11-15 14:07:28.185  2909  2909 I android.traceu: The ClassLoaderContext is a special shared library.
11-15 14:07:28.187  1854  1854 I hostapd : wlan1: STA 02:15:b2:00:00:00 IEEE 802.11: associated (aid 1)
11-15 14:07:28.187  1854  1854 I hostapd : wlan1: STA 02:15:b2:00:00:00 IEEE 802.11: associated (aid 1)
11-15 14:07:28.187  1854  1854 I hostapd : wlan1: AP-STA-CONNECTED 02:15:b2:00:00:00
11-15 14:07:28.195  2149  2149 I wpa_supplicant: wlan0: Associated with 02:15:b2:00:01:00
11-15 14:07:28.195  2149  2149 I wpa_supplicant: wlan0: CTRL-EVENT-CONNECTED - Connection to 02:15:b2:00:01:00 completed [id=0 id_str=%7B%22configKey%22%3A%22%5C%22AndroidWifi%5C%22NONE%22%2C%22creatorUid%22%3A%221000%22%7D]
11-15 14:07:28.195  2149  2149 I wpa_supplicant: wlan0: CTRL-EVENT-SUBNET-STATUS-UPDATE status=0
11-15 14:07:28.199  1865  1963 D ConnectivityService: registerNetworkAgent NetworkAgentInfo{ ni{[type: WIFI[], state: CONNECTING/CONNECTING, reason: (unspecified), extra: (none), failover: false, available: true, roaming: false]}  network{101}  nethandle{437197393933}  lp{{LinkAddresses: []  Routes: [] DnsAddresses: [] UsePrivateDns: false PrivateDnsServerName: null Domains: null MTU: 0}}  nc{[ Transports: WIFI Capabilities: NOT_METERED&INTERNET&NOT_RESTRICTED&TRUSTED&NOT_VPN&NOT_ROAMING&FOREGROUND&NOT_CONGESTED&NOT_SUSPENDED Unwanted:  LinkUpBandwidth>=1048576Kbps LinkDnBandwidth>=1048576Kbps SSID: "AndroidWifi"]}  Score{20}  everValidated{false}  lastValidated{false}  created{false} lingering{false} explicitlySelected{false} acceptUnvalidated{false} everCaptivePortalDetected{false} lastCaptivePortalDetected{false} clat{null} }
11-15 14:07:28.199  1865  1966 D ConnectivityService: NetworkAgentInfo [WIFI () - 101] EVENT_NETWORK_INFO_CHANGED, going from null to CONNECTING
11-15 14:07:28.203  2909  2909 I android.traceu: The ClassLoaderContext is a special shared library.
11-15 14:07:28.206  2426  2901 I Icing   : Storage manager: low false usage 2.33MB avail 4.19GB capacity 5.81GB
11-15 14:07:28.210  1865  1966 D ConnectivityService: NetworkAgentInfo [WIFI () - 101] EVENT_NETWORK_INFO_CHANGED, going from CONNECTING to CONNECTING
11-15 14:07:28.228  2544  2718 I cr_CronetLibraryLoader: Cronet version: 79.0.3945.18, arch: i686
11-15 14:07:28.251  1992  2608 I SuperDelight: OverridesSlicing#getSlices() : Locale = [en_US]
11-15 14:07:28.254  1992  2608 I SuperDelight: OverridesSlicing#getSlices(): result {slices=[delight_apps:main_en_us_com_google_android_googlequicksearchbox__20190814_1], last batch=true, sync metadata=false}
11-15 14:07:28.255  1992  2608 I SP      : Syncing delight_apps (2019081401) with slices: [main_en_us_com_google_android_googlequicksearchbox__20190814_1], metadata: false
11-15 14:07:28.283  1992  2608 I SuperDelight: DownloadSlicing#getSlices() : Locale = [en_US]
11-15 14:07:28.286  2544  2718 E DeviceStateChecker: DeviceStateChecker cancelled
11-15 14:07:28.289  2544  2544 W NowVeViewportMonitor: Attempting to report viewport hidden that is already hidden.
11-15 14:07:28.291  1865  2240 D DhcpClient: Broadcasting DHCPDISCOVER
11-15 14:07:28.292  1865  2944 D DhcpClient: Receive thread started
11-15 14:07:28.292  1865  2944 D DhcpClient: Received packet: 02:15:b2:00:00:00 OFFER, ip /192.168.232.2, mask /255.255.248.0, DNS servers: /10.0.2.3 , gateways [/192.168.232.1] lease time 1476526080, domain null
11-15 14:07:28.293  1865  2240 D DhcpClient: Got pending lease: IP address 192.168.232.2/21 Gateway 192.168.232.1  DNS servers: [ 10.0.2.3 ] Domains  DHCP server /192.168.232.1 Vendor info null lease 1476526080 seconds
11-15 14:07:28.293  1865  2240 D DhcpClient: Broadcasting DHCPREQUEST ciaddr=0.0.0.0 request=192.168.232.2 serverid=192.168.232.1
11-15 14:07:28.294  1865  2944 D DhcpClient: Received packet: 02:15:b2:00:00:00 ACK: your new IP /192.168.232.2, netmask /255.255.248.0, gateways [/192.168.232.1] DNS servers: /10.0.2.3 , lease time 1476526080
11-15 14:07:28.297  1865  2240 D DhcpClient: Confirmed lease: IP address 192.168.232.2/21 Gateway 192.168.232.1  DNS servers: [ 10.0.2.3 ] Domains  DHCP server /192.168.232.1 Vendor info null lease 1476526080 seconds
11-15 14:07:28.299  1734  1809 D CommandListener: Setting iface cfg
11-15 14:07:28.303  1865  1966 D ConnectivityService: NetworkAgentInfo [WIFI () - 101] EVENT_NETWORK_INFO_CHANGED, going from CONNECTING to CONNECTED
11-15 14:07:28.303  1734  1809 D TcpSocketMonitor: resuming tcpinfo polling (interval=30000ms)
11-15 14:07:28.303  1865  1966 W DnsManager: updatePrivateDns(101, PrivateDnsConfig{true:/[]})
11-15 14:07:28.303  1865  1966 D ConnectivityService: Setting DNS servers for network 101 to [/10.0.2.3]
11-15 14:07:28.303  1865  1966 D DnsManager: setDnsConfigurationForNetwork(101, [10.0.2.3], [], [1800, 25, 8, 64], , [10.0.2.3])
11-15 14:07:28.305  1865  1966 D ConnectivityService: Adding iface wlan0 to network 101
11-15 14:07:28.312  2300  2797 W GCoreFlp: No location to return for getLastLocation()
11-15 14:07:28.317  1865  1966 D ConnectivityService: Setting DNS servers for network 101 to [/10.0.2.3]
11-15 14:07:28.319  1865  1966 D DnsManager: setDnsConfigurationForNetwork(101, [10.0.2.3], [], [1800, 25, 8, 64], , [10.0.2.3])
11-15 14:07:28.324  1865  1884 E BatteryExternalStatsWorker: no controller energy info supplied for wifi
11-15 14:07:28.324  1625  1625 I qemu-props: tell the host boot completed
11-15 14:07:28.326  1865  2240 D DhcpClient: Scheduling renewal in 738263039s
11-15 14:07:28.326  1865  2240 D DhcpClient: Scheduling rebind in 1291960319s
11-15 14:07:28.326  1865  2240 D DhcpClient: Scheduling expiry in 1476526079s
11-15 14:07:28.330  2300  2797 W GCoreFlp: No location to return for getLastLocation()
11-15 14:07:28.364  1865  1882 I ActivityManager: Start proc 2952:com.android.vending/u0a32 for broadcast com.android.vending/com.google.android.finsky.boothandler.BootCompletedReceiver
11-15 14:07:28.372  2952  2952 W android.vendin: Unexpected CPU variant for X86 using defaults: x86
11-15 14:07:28.375  2300  2409 E ActivityThread: Failed to find provider info for instantapp-dev-manager
11-15 14:07:28.392  2952  2952 E android.vendin: Not starting debugger since process cannot load the jdwp agent.
11-15 14:07:28.394  2426  2436 I gle.android.gm: Background concurrent copying GC freed 68631(4MB) AllocSpace objects, 32(1392KB) LOS objects, 50% free, 2MB/4MB, paused 55us total 143.364ms
11-15 14:07:28.397  2002  2248 D EGL_emulation: eglMakeCurrent: 0xe6dfcfa0: ver 3 0 (tinfo 0xd203b060)
11-15 14:07:28.399  1865  1963 D WifiNetworkAgent: NetworkAgent: Received signal strength thresholds: []
11-15 14:07:28.403  1865  1963 E WifiVendorHal: stopRssiMonitoring(l.2404) failed {.code = ERROR_NOT_AVAILABLE, .description = }
11-15 14:07:28.434  1992  2845 W AssistantConfig: appIntegrationDataInBase64 is null
11-15 14:07:28.449  1992  2608 I SuperDelight: DownloadSlicing#getSlices(): result {slices=[delight:main_en_us_20190726_1], last batch=true, sync metadata=false}
11-15 14:07:28.450  1992  2608 I SP      : Syncing delight (2019100800) with slices: [main_en_us_20190726_1], metadata: false
11-15 14:07:28.451  1992  2608 I SuperDelight: OverridesSlicing#getSlices() : Locale = [en_US]
11-15 14:07:28.451  1992  2608 I SuperDelight: OverridesSlicing#getSlices(): result {slices=[delight_apps:main_en_us_com_google_android_googlequicksearchbox__20190814_1], last batch=true, sync metadata=false}
11-15 14:07:28.451  1992  2608 I SP      : Syncing delight_apps (2019081401) with slices: [main_en_us_com_google_android_googlequicksearchbox__20190814_1], metadata: false
11-15 14:07:28.453  2426  2977 I Icing   : IndexChimeraService.getServiceInterface callingPackage=com.google.android.googlequicksearchbox componentName=null serviceId=36
11-15 14:07:28.456  1992  2608 I SP      : GC for 'delight_apps' (10) with ttl of 0 ms took 1 ms (0/1/0)
11-15 14:07:28.456  1992  2608 I AbstractSyncResultCallback: onFailure(): delight_apps.sync cancelled; expected if new request supersedes pending one.
11-15 14:07:28.457  1992  2608 I SuperDelight: SuperDelightMergingStrategy#merge(): selected[[main_en_us_20190726_1]] synced[[main_en_us_20190726_1]]
11-15 14:07:28.458  1992  2608 I SP      : Sync for delight succeeded in 176 ms: no changes
11-15 14:07:28.458  1992  2608 I SP      : Sync for delight_apps succeeded in 177 ms: no changes
11-15 14:07:28.458  1992  2608 I SP      : GC for 'delight' (10) with ttl of 0 ms took 0 ms (0/0/0)
11-15 14:07:28.459  1992  2608 I SP      : GC for 'delight_apps' (10) with ttl of 0 ms took 0 ms (0/0/0)
11-15 14:07:28.462  1865  1874 I system_server: Background concurrent copying GC freed 82141(4MB) AllocSpace objects, 63(1992KB) LOS objects, 34% free, 11MB/17MB, paused 26us total 166.326ms
11-15 14:07:28.467  1865  2969 D NetworkMonitor/NetworkAgentInfo [WIFI () - 101]: PROBE_DNS connectivitycheck.gstatic.com 45ms OK 172.217.164.227
11-15 14:07:28.469  1992  1992 E MaestroExtensionImpl: getAssistantConfig() : onFailure
11-15 14:07:28.469  1992  1992 E MaestroExtensionImpl: java.lang.IllegalStateException: Failed to query to AGSA.
11-15 14:07:28.469  1992  1992 E MaestroExtensionImpl: 	at ixa.onPostExecute(PG:23)
11-15 14:07:28.469  1992  1992 E MaestroExtensionImpl: 	at android.os.AsyncTask.finish(AsyncTask.java:695)
11-15 14:07:28.469  1992  1992 E MaestroExtensionImpl: 	at android.os.AsyncTask.access$600(AsyncTask.java:180)
11-15 14:07:28.469  1992  1992 E MaestroExtensionImpl: 	at android.os.AsyncTask$InternalHandler.handleMessage(AsyncTask.java:712)
11-15 14:07:28.469  1992  1992 E MaestroExtensionImpl: 	at android.os.Handler.dispatchMessage(Handler.java:106)
11-15 14:07:28.469  1992  1992 E MaestroExtensionImpl: 	at android.os.Looper.loop(Looper.java:193)
11-15 14:07:28.469  1992  1992 E MaestroExtensionImpl: 	at android.app.ActivityThread.main(ActivityThread.java:6669)
11-15 14:07:28.469  1992  1992 E MaestroExtensionImpl: 	at java.lang.reflect.Method.invoke(Native Method)
11-15 14:07:28.469  1992  1992 E MaestroExtensionImpl: 	at com.android.internal.os.RuntimeInit$MethodAndArgsCaller.run(RuntimeInit.java:493)
11-15 14:07:28.469  1992  1992 E MaestroExtensionImpl: 	at com.android.internal.os.ZygoteInit.main(ZygoteInit.java:858)
11-15 14:07:28.470  1865  2967 D NetworkMonitor/NetworkAgentInfo [WIFI () - 101]: PROBE_DNS www.google.com 56ms OK 172.217.1.4
11-15 14:07:28.474  2952  2952 I android.vendin: The ClassLoaderContext is a special shared library.
11-15 14:07:28.488  1992  2567 W LatinMetricsProcessor: The new entry is equal to the old entry
11-15 14:07:28.499  2519  2889 W MediaScanner: Error opening directory '/oem/media/', skipping: No such file or directory.
11-15 14:07:28.499  2519  2889 W MediaScanner: Error opening directory '/product/media/', skipping: No such file or directory.
11-15 14:07:28.502  2300  2797 W GCoreFlp: No location to return for getLastLocation()
11-15 14:07:28.511  2300  2797 W GCoreFlp: No location to return for getLastLocation()
11-15 14:07:28.523  2519  2889 V MediaProvider: pruneThumbnails 
11-15 14:07:28.524  2519  2889 V MediaProvider: /pruneDeadThumbnailFiles... 
11-15 14:07:28.536  1865  2969 D NetworkMonitor/NetworkAgentInfo [WIFI () - 101]: PROBE_HTTP http://connectivitycheck.gstatic.com/generate_204 time=68ms ret=204 request={User-Agent=[Mozilla/5.0 (X11; Linux x86_64) AppleWebKit/537.36 (KHTML, like Gecko) Chrome/60.0.3112.32 Safari/537.36]} headers={null=[HTTP/1.1 204 No Content], Content-Length=[0], Date=[Fri, 15 Nov 2019 19:07:28 GMT], X-Android-Received-Millis=[1573844848536], X-Android-Response-Source=[NETWORK 204], X-Android-Selected-Protocol=[http/1.1], X-Android-Sent-Millis=[1573844848506]}
11-15 14:07:28.566  1865  2967 D NetworkMonitor/NetworkAgentInfo [WIFI () - 101]: PROBE_HTTPS https://www.google.com/generate_204 time=95ms ret=204 request={User-Agent=[Mozilla/5.0 (X11; Linux x86_64) AppleWebKit/537.36 (KHTML, like Gecko) Chrome/60.0.3112.32 Safari/537.36]} headers={null=[HTTP/1.1 204 No Content], Alt-Svc=[quic=":443"; ma=2592000; v="46,43",h3-Q050=":443"; ma=2592000,h3-Q049=":443"; ma=2592000,h3-Q048=":443"; ma=2592000,h3-Q046=":443"; ma=2592000,h3-Q043=":443"; ma=2592000], Content-Length=[0], Date=[Fri, 15 Nov 2019 19:07:28 GMT], X-Android-Received-Millis=[1573844848566], X-Android-Response-Source=[NETWORK 204], X-Android-Selected-Protocol=[http/1.1], X-Android-Sent-Millis=[1573844848539]}
11-15 14:07:28.567  2300  2797 W GCoreFlp: No location to return for getLastLocation()
11-15 14:07:28.567  1865  1966 D ConnectivityService: NetworkAgentInfo [WIFI () - 101] validation passed
