11-15 14:07:19.003  1865  1865 I SystemServer: MakeConnectivityServiceReady
11-15 14:07:19.004  1731  1796 W MediaExtractorFactory: couldn't dlopen(/system/lib/extractors/.) Is a directory
11-15 14:07:19.005  1865  1865 D PermissionMonitor: Monitoring
11-15 14:07:19.006  1865  1960 W NetworkPolicy: setRestrictBackgroundUL: already false
11-15 14:07:19.007  1865  1865 D PermissionMonitor: Users: 1, Apps: 91
11-15 14:07:19.008  1865  1882 I ActivityManager: Start proc 2002:com.android.systemui/u0a28 for service com.android.systemui/.SystemUIService
11-15 14:07:19.011  1865  1960 W BestClock: java.time.DateTimeException: Missing NTP fix
11-15 14:07:19.011  2002  2002 W ndroid.systemu: Unexpected CPU variant for X86 using defaults: x86
11-15 14:07:19.014  2002  2002 E ndroid.systemu: Not starting debugger since process cannot load the jdwp agent.
11-15 14:07:19.019  1865  1865 I SystemServer: MakeNetworkPolicyServiceReady
11-15 14:07:19.019  1865  1865 I SystemServer: StartWatchdog
11-15 14:07:19.019  1865  1865 I SystemServer: PhaseThirdPartyAppsCanStart
11-15 14:07:19.019  1865  1865 I SystemServiceManager: Starting phase 600
11-15 14:07:19.019  1731  1796 E linker  : library "/system/lib/extractors/.." ("/system/lib") needed or dlopened by "/system/lib/libstagefright.so" is not accessible for the namespace: [name="(default)", ld_library_paths="", default_library_paths="/system/lib", permitted_paths="/system/lib/drm:/system/lib/extractors:/system/lib/hw:/system/product/lib:/system/framework:/system/app:/system/priv-app:/vendor/framework:/vendor/app:/vendor/priv-app:/odm/framework:/odm/app:/odm/priv-app:/oem/app:/system/product/framework:/system/product/app:/system/product/priv-app:/data:/mnt/expand"]
11-15 14:07:19.019  1731  1796 W MediaExtractorFactory: couldn't dlopen(/system/lib/extractors/..) Is a directory
11-15 14:07:19.020  1865  1865 V WallpaperManagerService: bindWallpaperComponentLocked: componentName=ComponentInfo{com.android.systemui/com.android.systemui.ImageWallpaper}
11-15 14:07:19.021  1992  1992 E putmethod.lati: Not starting debugger since process cannot load the jdwp agent.
11-15 14:07:19.030  2021  2021 W WebViewLoader-: Unexpected CPU variant for X86 using defaults: x86
11-15 14:07:19.031  2021  2021 E WebViewLoader-: Not starting debugger since process cannot load the jdwp agent.
11-15 14:07:19.032  1865  1882 I ActivityManager: Start proc 2021:WebViewLoader-x86/1037 [android.webkit.WebViewLibraryLoader$RelroFileCreator] for 
11-15 14:07:19.045  1731  1796 E MediaExtractorFactory: couldn't opendir(/vendor/lib/extractors)
11-15 14:07:19.055  2021  2021 V WebViewLibraryLoader: RelroFileCreator (64bit = false), lib: /data/app/com.android.chrome-BhcBbqQlycobohx7cQr5Yg==/base.apk!/lib/x86/libmonochrome.so
11-15 14:07:19.055  1865  1999 W ZygoteProcess: Got error connecting to zygote, retrying. msg= Connection refused
11-15 14:07:19.059  2002  2002 I ndroid.systemu: The ClassLoaderContext is a special shared library.
11-15 14:07:19.063  1865  1865 I StatsCompanionService: Told statsd that StatsCompanionService is alive.
11-15 14:07:19.064  1865  1865 I SystemServer: MakeLocationServiceReady
11-15 14:07:19.069  1733  1823 D StagefrightPluginLoader: Failed to load library: libstagefright_ccodec.so (dlopen failed: library "libstagefright_ccodec.so" not found)
11-15 14:07:19.069  1733  1823 D StagefrightPluginLoader: Handle or CreateInputSurface symbol is null
11-15 14:07:19.069  1733  1823 D StagefrightPluginLoader: Handle or CreateBuilder symbol is null
11-15 14:07:19.069  1554  1554 W hwservicemanager: getTransport: Cannot find entry android.hardware.gnss@1.1::IGnss/default in either framework or device manifest.
11-15 14:07:19.071  2037  2037 I WebViewZygoteInit: Starting WebViewZygoteInit
11-15 14:07:19.072  1733  1823 I OMXClient: IOmx service obtained
11-15 14:07:19.072  2037  2037 I WebViewZygoteInit: --zygote-socket=com.android.internal.os.WebViewZygoteInit/5d285fd4-5ac6-43d8-b5f0-20ef5020565d
11-15 14:07:19.072  1738  1814 I OMXMaster: makeComponentInstance(OMX.google.aac.decoder) in omx@1.0-service process
11-15 14:07:19.072  1617  1617 I GnssHAL_GnssInterface: getExtensionXtra: GnssXtra interface not implemented by HAL
11-15 14:07:19.072  1617  1617 I GnssHAL_GnssInterface: getExtensionAGnssRil: GnssRil interface not implemented by HAL
11-15 14:07:19.072  1617  1617 E GnssHAL_GnssInterface: getExtensionAGnss: AGnss interface not implemented by HAL
11-15 14:07:19.072  1617  1617 I GnssHAL_GnssInterface: getExtensionGnssNavigationMessage: GnssNavigationMessage interface not implemented by HAL
11-15 14:07:19.072  1617  1617 E GnssHAL_GnssInterface: getExtensionGnssMeasurement: GnssMeasurement interface not implemented by HAL
11-15 14:07:19.072  1617  1617 I GnssHAL_GnssInterface: getExtensionGnssDebug: GnssDebug interface not implemented by HAL
11-15 14:07:19.072  1617  1617 I GnssHAL_GnssInterface: getExtensionGnssNi: GnssNi interface not implemented by HAL
11-15 14:07:19.072  1617  1617 E GnssHAL_GnssInterface: getExtensionGnssConfiguration: GnssConfiguration interface not implemented by HAL
11-15 14:07:19.072  1617  1617 E GnssHAL_GnssInterface: getExtensionGnssGeofencing: GnssGeofencing interface not implemented by HAL
11-15 14:07:19.072  1617  1617 E GnssHAL_GnssInterface: gnss flp hw_get_module failed: -2
11-15 14:07:19.072  1617  1617 E GnssHAL_GnssInterface: getExtensionGnssBatching: GnssBatching interface is not implemented by HAL
11-15 14:07:19.074  1865  1865 W LocationProviderProxy-network: Odd, no component found for service com.android.location.service.v3.NetworkLocationProvider
11-15 14:07:19.075  1865  1865 W GeocoderProxy: Odd, no component found for service com.android.location.service.GeocodeProvider
11-15 14:07:19.075  1865  1865 W GeofenceProxy: Odd, no component found for service com.android.location.service.GeofenceProvider
11-15 14:07:19.075  1865  1865 E ActivityRecognitionHardware: activity_recognition HAL is deprecated. is_supported is effectively a no-op
11-15 14:07:19.075  1865  1865 D LocationManagerService: Hardware Activity-Recognition not supported.
11-15 14:07:19.076  1865  1865 W ActivityRecognitionProxy: Odd, no component found for service com.android.location.service.ActivityRecognitionProvider
11-15 14:07:19.076  1865  1880 W BroadcastQueue: Background execution not allowed: receiving Intent { act=android.location.PROVIDERS_CHANGED flg=0x10 } to com.google.android.gms/.chimera.GmsIntentOperationService$PersistentTrustedReceiver
11-15 14:07:19.076  1865  1880 W BroadcastQueue: Background execution not allowed: receiving Intent { act=android.location.MODE_CHANGED flg=0x10 } to com.google.android.gms/.chimera.GmsIntentOperationService$PersistentTrustedReceiver
11-15 14:07:19.077  1865  1865 I SystemServer: MakeCountryDetectionServiceReady
11-15 14:07:19.077  1865  1865 I SystemServer: MakeNetworkTimeUpdateReady
11-15 14:07:19.083  1617  1617 W GnssHAL_GnssInterface: setCallback called more than once. Unexpected unless test.
11-15 14:07:19.083  1865  1879 E GnssBatchingProvider: Failed to initialize GNSS batching
11-15 14:07:19.086  1733  1823 I OMXClient: IOmx service obtained
11-15 14:07:19.086  1738  1814 I OMXMaster: makeComponentInstance(OMX.google.amrnb.decoder) in omx@1.0-service process
11-15 14:07:19.088  1865  1865 D ConnectivityService: requestNetwork for uid/pid:1000/1865 NetworkRequest [ TRACK_DEFAULT id=7, [ Capabilities: INTERNET&NOT_RESTRICTED&TRUSTED Unwanted:  Uid: 1000] ]
11-15 14:07:19.089  1865  1865 I SystemServer: MakeCommonTimeManagementServiceReady
11-15 14:07:19.089  1865  1865 I CommonTimeManagementService: No common time service detected on this platform.  Common time services will be unavailable.
11-15 14:07:19.089  1865  1865 I SystemServer: MakeInputManagerServiceReady
11-15 14:07:19.089  1865  1865 I SystemServer: MakeTelephonyRegistryReady
11-15 14:07:19.089  1865  1865 I SystemServer: MakeMediaRouterServiceReady
11-15 14:07:19.089  1865  1865 I SystemServer: MakeMmsServiceReady
11-15 14:07:19.089  1865  1865 I MmsServiceBroker: Delay connecting to MmsService until an API is called
11-15 14:07:19.089  1865  1865 I SystemServer: IncidentDaemonReady
11-15 14:07:19.091  1865  1953 I InputReader: Reconfiguring input devices.  changes=0x00000020
11-15 14:07:19.094  1865  1865 I SystemServiceManager: Calling onStartUser u0
11-15 14:07:19.094  1865  1953 I InputReader: Reconfiguring input devices.  changes=0x00000010
11-15 14:07:19.098  1865  1865 I ActivityManager: START u0 {act=android.intent.action.MAIN cat=[android.intent.category.HOME] flg=0x10000100 cmp=com.android.settings/.FallbackHome} from uid 0
11-15 14:07:19.099  1733  1823 I OMXClient: IOmx service obtained
11-15 14:07:19.099  1738  1814 I OMXMaster: makeComponentInstance(OMX.google.amrwb.decoder) in omx@1.0-service process
11-15 14:07:19.101  1733  1823 I OMXClient: IOmx service obtained
11-15 14:07:19.101  1738  1814 I OMXMaster: makeComponentInstance(OMX.google.flac.decoder) in omx@1.0-service process
11-15 14:07:19.119  1733  1823 I OMXClient: IOmx service obtained
11-15 14:07:19.119  1738  1814 I OMXMaster: makeComponentInstance(OMX.google.g711.alaw.decoder) in omx@1.0-service process
11-15 14:07:19.129  1733  1823 I OMXClient: IOmx service obtained
11-15 14:07:19.130  1738  1738 I OMXMaster: makeComponentInstance(OMX.google.g711.mlaw.decoder) in omx@1.0-service process
11-15 14:07:19.132  1733  1823 I OMXClient: IOmx service obtained
11-15 14:07:19.132  1738  1814 I OMXMaster: makeComponentInstance(OMX.google.gsm.decoder) in omx@1.0-service process
11-15 14:07:19.141  1733  1823 I OMXClient: IOmx service obtained
11-15 14:07:19.141  1738  1814 I OMXMaster: makeComponentInstance(OMX.google.mp3.decoder) in omx@1.0-service process
11-15 14:07:19.144  2021  2021 I WebViewLoader-: System.exit called, status: 0
11-15 14:07:19.144  2021  2021 I AndroidRuntime: VM exiting with result code 0, cleanup skipped.
11-15 14:07:19.148  1733  1823 I OMXClient: IOmx service obtained
11-15 14:07:19.148  1738  1814 I OMXMaster: makeComponentInstance(OMX.google.opus.decoder) in omx@1.0-service process
11-15 14:07:19.152  1724  1724 I Zygote  : Process 2021 exited cleanly (0)
11-15 14:07:19.157  1733  1823 I OMXClient: IOmx service obtained
11-15 14:07:19.157  1738  1738 I OMXMaster: makeComponentInstance(OMX.google.raw.decoder) in omx@1.0-service process
11-15 14:07:19.165  1618  1618 D gralloc_ranchu: gralloc_alloc: Creating ashmem region of size 8298496
11-15 14:07:19.165  1733  1823 I OMXClient: IOmx service obtained
11-15 14:07:19.165  1738  1738 I OMXMaster: makeComponentInstance(OMX.google.vorbis.decoder) in omx@1.0-service process
11-15 14:07:19.174  1733  1823 I OMXClient: IOmx service obtained
11-15 14:07:19.174  1738  1738 I OMXMaster: makeComponentInstance(OMX.google.aac.encoder) in omx@1.0-service process
11-15 14:07:19.188  1733  1823 I OMXClient: IOmx service obtained
11-15 14:07:19.189  1738  1814 I OMXMaster: makeComponentInstance(OMX.google.amrnb.encoder) in omx@1.0-service process
11-15 14:07:19.199  1733  1823 I OMXClient: IOmx service obtained
11-15 14:07:19.199  1738  1738 I OMXMaster: makeComponentInstance(OMX.google.amrwb.encoder) in omx@1.0-service process
11-15 14:07:19.206  1733  1823 I OMXClient: IOmx service obtained
11-15 14:07:19.206  1738  2063 I OMXMaster: makeComponentInstance(OMX.google.flac.encoder) in omx@1.0-service process
11-15 14:07:19.216  1733  1823 I OMXClient: IOmx service obtained
11-15 14:07:19.216  1738  2089 I OMXMaster: makeComponentInstance(OMX.google.h264.decoder) in omx@1.0-service process
11-15 14:07:19.224  1738  2063 E OMXNodeInstance: getExtensionIndex(0xf002c240:google.h264.decoder, OMX.google.android.index.configureVideoTunnelMode) ERROR: UnsupportedIndex(0x8000101a)
11-15 14:07:19.224  1738  2063 E OMXNodeInstance: getExtensionIndex(0xf002c240:google.h264.decoder, OMX.google.android.index.enableAndroidNativeBuffers) ERROR: UnsupportedIndex(0x8000101a)
11-15 14:07:19.229  1733  1823 I OMXClient: IOmx service obtained
11-15 14:07:19.229  1738  2089 I OMXMaster: makeComponentInstance(OMX.google.h263.decoder) in omx@1.0-service process
11-15 14:07:19.235  1738  2089 E OMXNodeInstance: getExtensionIndex(0xf002c300:google.h263.decoder, OMX.google.android.index.configureVideoTunnelMode) ERROR: UnsupportedIndex(0x8000101a)
11-15 14:07:19.235  1738  2089 E OMXNodeInstance: getExtensionIndex(0xf002c300:google.h263.decoder, OMX.google.android.index.enableAndroidNativeBuffers) ERROR: UnsupportedIndex(0x8000101a)
11-15 14:07:19.238  1733  1823 I OMXClient: IOmx service obtained
11-15 14:07:19.238  1738  2063 I OMXMaster: makeComponentInstance(OMX.google.hevc.decoder) in omx@1.0-service process
11-15 14:07:19.254  1738  2089 E OMXNodeInstance: getExtensionIndex(0xf002c240:google.hevc.decoder, OMX.google.android.index.configureVideoTunnelMode) ERROR: UnsupportedIndex(0x8000101a)
11-15 14:07:19.254  1738  2089 E OMXNodeInstance: getExtensionIndex(0xf002c240:google.hevc.decoder, OMX.google.android.index.enableAndroidNativeBuffers) ERROR: UnsupportedIndex(0x8000101a)
11-15 14:07:19.256  1733  1823 I OMXClient: IOmx service obtained
11-15 14:07:19.256  1738  2089 I OMXMaster: makeComponentInstance(OMX.google.mpeg4.decoder) in omx@1.0-service process
11-15 14:07:19.260  1738  2089 E OMXNodeInstance: getExtensionIndex(0xf002c240:google.mpeg4.decoder, OMX.google.android.index.configureVideoTunnelMode) ERROR: UnsupportedIndex(0x8000101a)
11-15 14:07:19.261  1738  2089 E OMXNodeInstance: getExtensionIndex(0xf002c240:google.mpeg4.decoder, OMX.google.android.index.enableAndroidNativeBuffers) ERROR: UnsupportedIndex(0x8000101a)
11-15 14:07:19.264  1733  1823 I OMXClient: IOmx service obtained
11-15 14:07:19.264  1738  2089 I OMXMaster: makeComponentInstance(OMX.google.vp8.decoder) in omx@1.0-service process
11-15 14:07:19.269  1738  2089 E OMXNodeInstance: getExtensionIndex(0xf002c240:google.vp8.decoder, OMX.google.android.index.configureVideoTunnelMode) ERROR: UnsupportedIndex(0x8000101a)
11-15 14:07:19.270  1738  2063 E OMXNodeInstance: getExtensionIndex(0xf002c240:google.vp8.decoder, OMX.google.android.index.enableAndroidNativeBuffers) ERROR: UnsupportedIndex(0x8000101a)
11-15 14:07:19.274  1733  1823 I OMXClient: IOmx service obtained
11-15 14:07:19.274  1738  2063 I OMXMaster: makeComponentInstance(OMX.google.vp9.decoder) in omx@1.0-service process
11-15 14:07:19.275  1738  1738 E OMXNodeInstance: getExtensionIndex(0xf002c240:google.vp9.decoder, OMX.google.android.index.configureVideoTunnelMode) ERROR: UnsupportedIndex(0x8000101a)
11-15 14:07:19.275  1738  1738 E OMXNodeInstance: getExtensionIndex(0xf002c240:google.vp9.decoder, OMX.google.android.index.enableAndroidNativeBuffers) ERROR: UnsupportedIndex(0x8000101a)
11-15 14:07:19.278  1733  1823 I OMXClient: IOmx service obtained
11-15 14:07:19.278  1738  1738 I OMXMaster: makeComponentInstance(OMX.google.h264.encoder) in omx@1.0-service process
11-15 14:07:19.289  1733  1823 W OMXUtils: do not know color format 0x7f000789 = 2130708361
11-15 14:07:19.293  1865  1865 I ActivityManager: Loaded persisted task ids for user 0
11-15 14:07:19.293  1733  1823 I OMXClient: IOmx service obtained
11-15 14:07:19.294  1738  1738 I OMXMaster: makeComponentInstance(OMX.google.h263.encoder) in omx@1.0-service process
11-15 14:07:19.300  1738  1738 I SoftMPEG4Encoder: Construct SoftMPEG4Encoder
11-15 14:07:19.301  1733  1823 W OMXUtils: do not know color format 0x7f000789 = 2130708361
11-15 14:07:19.301  1738  1738 E OMXNodeInstance: getConfig(0xf0726ae0:google.h263.encoder, ConfigAndroidIntraRefresh(0x6f60000a)) ERROR: Undefined(0x80001001)
11-15 14:07:19.302  1733  1823 I OMXClient: IOmx service obtained
11-15 14:07:19.302  1738  1738 I OMXMaster: makeComponentInstance(OMX.google.mpeg4.encoder) in omx@1.0-service process
11-15 14:07:19.302  1738  1738 I SoftMPEG4Encoder: Construct SoftMPEG4Encoder
11-15 14:07:19.305  1733  1823 W OMXUtils: do not know color format 0x7f000789 = 2130708361
11-15 14:07:19.305  1738  1738 E OMXNodeInstance: getConfig(0xf0726ae0:google.mpeg4.encoder, ConfigAndroidIntraRefresh(0x6f60000a)) ERROR: Undefined(0x80001001)
11-15 14:07:19.307  1733  1823 I OMXClient: IOmx service obtained
11-15 14:07:19.308  1738  2089 I OMXMaster: makeComponentInstance(OMX.google.vp8.encoder) in omx@1.0-service process
11-15 14:07:19.318  1733  1823 W OMXUtils: do not know color format 0x7f000789 = 2130708361
11-15 14:07:19.318  1738  2089 E OMXNodeInstance: getConfig(0xf002c2a0:google.vp8.encoder, ConfigAndroidIntraRefresh(0x6f60000a)) ERROR: Undefined(0x80001001)
11-15 14:07:19.318  1733  1823 D MediaCodecList: ignored a null builder
11-15 14:07:19.321  1865  2048 I OMXClient: IOmx service obtained
11-15 14:07:19.321  1738  2089 I OMXMaster: makeComponentInstance(OMX.google.vorbis.decoder) in omx@1.0-service process
11-15 14:07:19.322  1738  2089 E OMXNodeInstance: getConfig(0xf002c2a0:google.vorbis.decoder, ConfigAndroidVendorExtension(0x6f100004)) ERROR: Undefined(0x80001001)
11-15 14:07:19.324  1605  1605 W AshmemAllocator: ashmem_create_region(32768) returning hidl_memory(0xec29c180, 32768)
11-15 14:07:19.337  1865  1865 W system_server: Framework Matrix: Ignore file /system/etc/vintf/manifest.xml: 
11-15 14:07:19.337  1865  1865 W system_server: 
11-15 14:07:19.347  1605  1605 W AshmemAllocator: ashmem_create_region(32768) returning hidl_memory(0xec29c180, 32768)
11-15 14:07:19.348  1865  1882 W ActivityManager: Slow operation: 253ms so far, now at startProcess: asking zygote to start proc
11-15 14:07:19.349  1865  1881 W Looper  : Slow dispatch took 253ms android.ui h=com.android.server.am.ActivityManagerService$UiHandler c=null m=53
11-15 14:07:19.349  1865  1932 I ActivityManager: Process WebViewLoader-x86 (pid 2021) has died: psvc PER 
11-15 14:07:19.348  1605  1605 I chatty  : uid=1000(system) allocator@1.0-s identical 1 line
11-15 14:07:19.350  1605  1605 W AshmemAllocator: ashmem_create_region(32768) returning hidl_memory(0xec29c180, 32768)
11-15 14:07:19.351  1865  1883 W libprocessgroup: kill(-2021, 9) failed: No such process
11-15 14:07:19.351  1865  1883 I libprocessgroup: Successfully killed process cgroup uid 1037 pid 2021 in 1ms
11-15 14:07:19.351  1865  1865 D SystemServerInitThreadPool: Shutdown successful
11-15 14:07:19.352  1605  1605 W AshmemAllocator: ashmem_create_region(32768) returning hidl_memory(0xec29c180, 32768)
11-15 14:07:19.352  1605  1605 I chatty  : uid=1000(system) allocator@1.0-s identical 1 line
11-15 14:07:19.353  1605  1605 W AshmemAllocator: ashmem_create_region(32768) returning hidl_memory(0xec29c180, 32768)
11-15 14:07:19.353  2002  2002 W AlarmManager: Unrecognized alarm listener com.android.systemui.keyguard.-$$Lambda$KeyguardSliceProvider$IhzByd8TsqFuOrSyuGurVskyPLo@9fa92fa
11-15 14:07:19.354  1605  1605 W AshmemAllocator: ashmem_create_region(32768) returning hidl_memory(0xec29c180, 32768)
11-15 14:07:19.354  1865  1865 W Looper  : Slow delivery took 1213ms main h=android.os.Handler c=com.android.server.BatteryService$8@41ae7e6 m=0
11-15 14:07:19.355  1865  1879 W LocationProviderProxy-network: Odd, no component found for service com.android.location.service.v3.NetworkLocationProvider
11-15 14:07:19.356  1865  1879 W GeocoderProxy: Odd, no component found for service com.android.location.service.GeocodeProvider
11-15 14:07:19.356  1865  1879 W GeofenceProxy: Odd, no component found for service com.android.location.service.GeofenceProvider
11-15 14:07:19.356  1865  1879 W ActivityRecognitionProxy: Odd, no component found for service com.android.location.service.ActivityRecognitionProvider
11-15 14:07:19.359  1865  1882 W ActivityManager: Slow operation: 264ms so far, now at startProcess: returned from zygote!
11-15 14:07:19.359  1865  1882 W ActivityManager: Slow operation: 264ms so far, now at startProcess: done updating battery stats
11-15 14:07:19.359  1865  1882 W ActivityManager: Slow operation: 264ms so far, now at startProcess: building log message
11-15 14:07:19.359  1865  1882 I ActivityManager: Start proc 2115:com.android.phone/1001 for added application com.android.phone
11-15 14:07:19.359  1865  1882 W ActivityManager: Slow operation: 264ms so far, now at startProcess: starting to update pids map
11-15 14:07:19.359  1865  1882 W ActivityManager: Slow operation: 264ms so far, now at startProcess: done updating pids map
11-15 14:07:19.359  1865  1882 W ActivityManager: Slow operation: 57ms so far, now at startProcess: asking zygote to start proc
11-15 14:07:19.363  1605  1605 I chatty  : uid=1000(system) allocator@1.0-s identical 2 lines
11-15 14:07:19.364  1605  1605 W AshmemAllocator: ashmem_create_region(32768) returning hidl_memory(0xec29c180, 32768)
11-15 14:07:19.364  2115  2115 W m.android.phon: Unexpected CPU variant for X86 using defaults: x86
11-15 14:07:19.364  1605  1605 W AshmemAllocator: ashmem_create_region(32768) returning hidl_memory(0xec29c180, 32768)
11-15 14:07:19.366  2115  2115 E m.android.phon: Not starting debugger since process cannot load the jdwp agent.
11-15 14:07:19.371  1865  1882 W ActivityManager: Slow operation: 69ms so far, now at startProcess: returned from zygote!
11-15 14:07:19.372  1865  1882 W ActivityManager: Slow operation: 70ms so far, now at startProcess: done updating battery stats
11-15 14:07:19.372  1865  1882 W ActivityManager: Slow operation: 70ms so far, now at startProcess: building log message
11-15 14:07:19.372  1865  1882 I ActivityManager: Start proc 2126:com.android.settings/1000 for activity com.android.settings/.FallbackHome
11-15 14:07:19.372  1865  1882 W ActivityManager: Slow operation: 70ms so far, now at startProcess: starting to update pids map
11-15 14:07:19.372  1865  1882 W ActivityManager: Slow operation: 70ms so far, now at startProcess: done updating pids map
11-15 14:07:19.372  1865  1865 D ConditionProviders.SCP: onConnected
11-15 14:07:19.372  1865  1865 D ConditionProviders: Subscribing to condition://android/event?userId=-10000&calendar=&reply=1 with ComponentInfo{android/com.android.server.notification.EventConditionProvider}
11-15 14:07:19.372  1865  1865 D ConditionProviders: Subscribing to condition://android/schedule?days=1.2.3.4.5.6.7&start=22.0&end=7.0&exitAtAlarm=true with ComponentInfo{android/com.android.server.notification.ScheduleConditionProvider}
11-15 14:07:19.383  1865  1865 V FingerprintService: Done with client: android
11-15 14:07:19.383  1865  1865 V FingerprintService: clearEnumerateState()
11-15 14:07:19.384  1865  1865 V SettingsProvider: Notifying for 0: content://settings/secure/location_providers_allowed
11-15 14:07:19.387  1865  1964 I WifiScanningService: wifi driver unloaded
11-15 14:07:19.387  1865  1865 V SettingsProvider: Notifying for 0: content://settings/global/location_global_kill_switch
11-15 14:07:19.387  1865  1964 I WifiScanningService: wifi driver unloaded
11-15 14:07:19.391  2126  2126 W ndroid.setting: Unexpected CPU variant for X86 using defaults: x86
11-15 14:07:19.392  2002  2002 W AlarmManager: Unrecognized alarm listener com.android.systemui.keyguard.-$$Lambda$KeyguardSliceProvider$IhzByd8TsqFuOrSyuGurVskyPLo@cf1c5e4
11-15 14:07:19.402  2002  2002 D skia    : --- Failed to create image decoder with message 'unimplemented'
11-15 14:07:19.403  2126  2126 E ndroid.setting: Not starting debugger since process cannot load the jdwp agent.
11-15 14:07:19.408  2115  2115 I m.android.phon: The ClassLoaderContext is a special shared library.
11-15 14:07:19.411  1865  1962 D WifiController: DEFERRED_TOGGLE handled
11-15 14:07:19.411  1865  1962 D WifiController: StaEnabledState.enter()
11-15 14:07:19.412  1865  1963 D WifiStateMachinePrime: received a message in WifiDisabledState: { when=-1ms what=0 target=com.android.internal.util.StateMachine$SmHandler }
11-15 14:07:19.412  1865  1963 D WifiStateMachinePrime: Switching from WifiDisabledState to ClientMode
11-15 14:07:19.412  1865  1963 D WifiStateMachinePrime: Entering ClientModeActiveState
11-15 14:07:19.412  1865  1963 D WifiClientModeManager: entering IdleState
11-15 14:07:19.412  1865  1963 D WifiStateMachinePrime: State changed from client mode. state = 2
11-15 14:07:19.413  1854  1854 I hostapd : wlan1: interface state COUNTRY_UPDATE->HT_SCAN
11-15 14:07:19.414  1865  1865 I system_server: The ClassLoaderContext is a special shared library.
11-15 14:07:19.418  1623  1623 I android.hardware.wifi@1.0-service: Wifi HAL started
11-15 14:07:19.418  1865  1963 I WifiVendorHal: Vendor Hal started successfully
11-15 14:07:19.418  1865  1965 I WifiP2pNative: Registering for interface available listener
11-15 14:07:19.420  1865  1965 D WifiP2pNative: P2P InterfaceAvailableListener true
11-15 14:07:19.421  1865  1965 D WifiP2pService: Wifi enabled=false, P2P Interface availability=true, Number of clients=0
11-15 14:07:19.421  1865  1965 D WifiP2pService: Wifi enabled=false, P2P Interface availability=true
11-15 14:07:19.427  1865  2145 I OMXClient: IOmx service obtained
11-15 14:07:19.427  1738  1738 I OMXMaster: makeComponentInstance(OMX.google.vorbis.decoder) in omx@1.0-service process
11-15 14:07:19.428  1738  1738 E OMXNodeInstance: getConfig(0xf002c2a0:google.vorbis.decoder, ConfigAndroidVendorExtension(0x6f100004)) ERROR: Undefined(0x80001001)
11-15 14:07:19.428  1605  1605 W AshmemAllocator: ashmem_create_region(32768) returning hidl_memory(0xec29c180, 32768)
11-15 14:07:19.429  1605  1605 I chatty  : uid=1000(system) allocator@1.0-s identical 6 lines
11-15 14:07:19.430  1605  1605 W AshmemAllocator: ashmem_create_region(32768) returning hidl_memory(0xec29c180, 32768)
11-15 14:07:19.431  2002  2002 V SystemUIService: Starting SystemUI services for user 0.
11-15 14:07:19.431  2115  2115 I m.android.phon: The ClassLoaderContext is a special shared library.
11-15 14:07:19.432  2002  2143 D OpenGLRenderer: Skia GL Pipeline
11-15 14:07:19.441  2126  2126 I ndroid.setting: The ClassLoaderContext is a special shared library.
11-15 14:07:19.450  1865  1963 I android_os_HwBinder: HwBinder: Starting thread pool for default::android.hidl.manager@1.0::IServiceManager
11-15 14:07:19.452  2126  2126 I ndroid.setting: The ClassLoaderContext is a special shared library.
11-15 14:07:19.475  2002  2002 V MediaRouter: Adding route: RouteInfo{ name=Phone, description=null, status=null, category=RouteCategory{ name=System types=ROUTE_TYPE_LIVE_AUDIO ROUTE_TYPE_LIVE_VIDEO  groupable=false }, supportedTypes=ROUTE_TYPE_LIVE_AUDIO ROUTE_TYPE_LIVE_VIDEO , presentationDisplay=null }
11-15 14:07:19.477  2002  2002 V MediaRouter: Selecting route: RouteInfo{ name=Phone, description=null, status=null, category=RouteCategory{ name=System types=ROUTE_TYPE_LIVE_AUDIO ROUTE_TYPE_LIVE_VIDEO  groupable=false }, supportedTypes=ROUTE_TYPE_LIVE_AUDIO ROUTE_TYPE_LIVE_VIDEO , presentationDisplay=null }
11-15 14:07:19.508  1865  1865 W Looper  : Slow dispatch took 120ms main h=android.app.ActivityThread$H c=null m=114
11-15 14:07:19.531  1865  2154 I OMXClient: IOmx service obtained
11-15 14:07:19.531  1738  1738 I OMXMaster: makeComponentInstance(OMX.google.vorbis.decoder) in omx@1.0-service process
11-15 14:07:19.532  1738  1738 E OMXNodeInstance: getConfig(0xf002c2a0:google.vorbis.decoder, ConfigAndroidVendorExtension(0x6f100004)) ERROR: Undefined(0x80001001)
11-15 14:07:19.533  2002  2002 W SoundPool: Use of stream types is deprecated for operations other than volume control
11-15 14:07:19.536  1605  1605 W AshmemAllocator: ashmem_create_region(32768) returning hidl_memory(0xec29c180, 32768)
11-15 14:07:19.540  1605  1605 I chatty  : uid=1000(system) allocator@1.0-s identical 6 lines
11-15 14:07:19.540  1605  1605 W AshmemAllocator: ashmem_create_region(32768) returning hidl_memory(0xec29c180, 32768)
11-15 14:07:19.574  2115  2115 I m.android.phon: The ClassLoaderContext is a special shared library.
11-15 14:07:19.585  1865  2164 I OMXClient: IOmx service obtained
11-15 14:07:19.585  1738  2089 I OMXMaster: makeComponentInstance(OMX.google.vorbis.decoder) in omx@1.0-service process
11-15 14:07:19.585  1738  2089 E OMXNodeInstance: getConfig(0xf002c2a0:google.vorbis.decoder, ConfigAndroidVendorExtension(0x6f100004)) ERROR: Undefined(0x80001001)
11-15 14:07:19.586  1605  1605 W AshmemAllocator: ashmem_create_region(32768) returning hidl_memory(0xec29c180, 32768)
11-15 14:07:19.586  1605  1605 I chatty  : uid=1000(system) allocator@1.0-s identical 6 lines
11-15 14:07:19.586  1605  1605 W AshmemAllocator: ashmem_create_region(32768) returning hidl_memory(0xec29c180, 32768)
11-15 14:07:19.587  2126  2126 D OpenGLRenderer: Skia GL Pipeline
11-15 14:07:19.588  2002  2165 I OMXClient: IOmx service obtained
11-15 14:07:19.588  1738  2089 I OMXMaster: makeComponentInstance(OMX.google.vorbis.decoder) in omx@1.0-service process
11-15 14:07:19.592  1738  2089 E OMXNodeInstance: getConfig(0xf002c0c0:google.vorbis.decoder, ConfigAndroidVendorExtension(0x6f100004)) ERROR: Undefined(0x80001001)
11-15 14:07:19.593  1723  1905 E SurfaceFlinger: ro.sf.lcd_density must be defined as a build property
11-15 14:07:19.594  1605  1605 W AshmemAllocator: ashmem_create_region(32768) returning hidl_memory(0xec29c180, 32768)
11-15 14:07:19.597  1992  1992 W native  : cpu_feature_guard.cc:35 The TensorFlow library was compiled to use SSE instructions, but these aren't available on your machine.
11-15 14:07:19.597  1992  1992 W native  : cpu_feature_guard.cc:35 The TensorFlow library was compiled to use SSE2 instructions, but these aren't available on your machine.
11-15 14:07:19.597  1992  1992 W native  : cpu_feature_guard.cc:35 The TensorFlow library was compiled to use SSE3 instructions, but these aren't available on your machine.
11-15 14:07:19.597  1865  1876 W ActivityManager: Unable to start service Intent { act=android.intent.action.QUICKSTEP_SERVICE pkg=com.google.android.apps.nexuslauncher } U=0: not found
11-15 14:07:19.597  2002  2002 W OverviewProxyService: Failed to connect on attempt 1 will try again in 5000ms
11-15 14:07:19.600  2115  2115 D TelephonyProvider: dbh.onOpen: ok, queried table=siminfo
11-15 14:07:19.601  2115  2115 D TelephonyProvider: dbh.onOpen: ok, queried table=carriers
11-15 14:07:19.602  1605  1605 W AshmemAllocator: ashmem_create_region(32768) returning hidl_memory(0xec29c180, 32768)
11-15 14:07:19.602  1605  1605 I chatty  : uid=1000(system) allocator@1.0-s identical 1 line
11-15 14:07:19.603  1605  1605 W AshmemAllocator: ashmem_create_region(32768) returning hidl_memory(0xec29c180, 32768)
11-15 14:07:19.604  1865  1865 E BluetoothAdapter: Bluetooth binder is null
11-15 14:07:19.604  1605  1605 W AshmemAllocator: ashmem_create_region(32768) returning hidl_memory(0xec29c180, 32768)
11-15 14:07:19.605  1605  1605 I chatty  : uid=1000(system) allocator@1.0-s identical 2 lines
11-15 14:07:19.605  1605  1605 W AshmemAllocator: ashmem_create_region(32768) returning hidl_memory(0xec29c180, 32768)
11-15 14:07:19.607  1992  1992 I LatinApp: set BrellaInit fields for in-app training.
11-15 14:07:19.609  1605  1605 W AshmemAllocator: ashmem_create_region(32768) returning hidl_memory(0xec29c180, 32768)
11-15 14:07:19.614  1865  1865 I Telecom : SystemStateProvider: Registering car mode receiver: android.content.IntentFilter@e949acb: TS.init@AAA
11-15 14:07:19.609  1605  1605 I chatty  : uid=1000(system) allocator@1.0-s identical 2 lines
11-15 14:07:19.610  1605  1605 W AshmemAllocator: ashmem_create_region(32768) returning hidl_memory(0xec29c180, 32768)
11-15 14:07:19.621  2115  2115 D CarrierIdProvider: onCreate
11-15 14:07:19.628  2115  2115 D CarrierIdProvider: update database from pb file
11-15 14:07:19.629  1618  1618 D gralloc_ranchu: gralloc_alloc: Creating ashmem region of size 8298496
11-15 14:07:19.621  1992  1992 I DeviceStatusMonitor: getCurrentNetworkState(): no networks
11-15 14:07:19.631  2126  2174 D         : HostConnection::get() New Host Connection established 0xea65f800, tid 2174
11-15 14:07:19.633  1618  1618 D gralloc_ranchu: gralloc_alloc: Creating ashmem region of size 8298496
11-15 14:07:19.635  2126  2174 I ConfigStore: android::hardware::configstore::V1_0::ISurfaceFlingerConfigs::hasWideColorDisplay retrieved: 0
11-15 14:07:19.636  1618  1618 D gralloc_ranchu: gralloc_alloc: Creating ashmem region of size 8298496
11-15 14:07:19.637  2126  2174 I ConfigStore: android::hardware::configstore::V1_0::ISurfaceFlingerConfigs::hasHDRDisplay retrieved: 0
11-15 14:07:19.637  2126  2174 I OpenGLRenderer: Initialized EGL, version 1.4
11-15 14:07:19.637  2126  2174 D OpenGLRenderer: Swap behavior 1
11-15 14:07:19.639  2126  2174 W OpenGLRenderer: Failed to choose config with EGL_SWAP_BEHAVIOR_PRESERVED, retrying without...
11-15 14:07:19.639  2126  2174 D OpenGLRenderer: Swap behavior 0
11-15 14:07:19.641  2126  2174 D EGL_emulation: eglCreateContext: 0xe5b97d80: maj 3 min 0 rcv 3
11-15 14:07:19.640  1865  2183 I OMXClient: IOmx service obtained
11-15 14:07:19.641  1738  2063 I OMXMaster: makeComponentInstance(OMX.google.vorbis.decoder) in omx@1.0-service process
11-15 14:07:19.642  1738  2063 E OMXNodeInstance: getConfig(0xf002c180:google.vorbis.decoder, ConfigAndroidVendorExtension(0x6f100004)) ERROR: Undefined(0x80001001)
11-15 14:07:19.642  2126  2174 D EGL_emulation: eglMakeCurrent: 0xe5b97d80: ver 3 0 (tinfo 0xe6e13970)
11-15 14:07:19.644  1605  1605 W AshmemAllocator: ashmem_create_region(32768) returning hidl_memory(0xec29c180, 32768)
11-15 14:07:19.648  1605  1605 I chatty  : uid=1000(system) allocator@1.0-s identical 6 lines
11-15 14:07:19.649  1605  1605 W AshmemAllocator: ashmem_create_region(32768) returning hidl_memory(0xec29c180, 32768)
11-15 14:07:19.653  2149  2149 I wpa_supplicant: Processing hidl events on FD 3
11-15 14:07:19.654  2149  2149 I wpa_supplicant: Successfully initialized wpa_supplicant
11-15 14:07:19.659  1723  1905 E SurfaceFlinger: ro.sf.lcd_density must be defined as a build property
11-15 14:07:19.662  2149  2149 I wpa_supplicant: rfkill: Cannot open RFKILL control device
11-15 14:07:19.665  2115  2115 E CarrierIdProvider: read carrier list from ota pb failure: java.io.FileNotFoundException: /data/misc/carrierid/carrier_list.pb (No such file or directory)
11-15 14:07:19.671  1865  2187 I Telecom : Logging.Events: Non-call EVENT: AUDIO_ROUTE, Entering state QuiescentSpeakerRoute
11-15 14:07:19.674  2115  2115 D CarrierIdProvider: latest version: 4 need update: false
11-15 14:07:19.674  2002  2189 I OMXClient: IOmx service obtained
11-15 14:07:19.675  2115  2115 D CarrierProvider: onCreate
11-15 14:07:19.675  1738  1738 I OMXMaster: makeComponentInstance(OMX.google.vorbis.decoder) in omx@1.0-service process
11-15 14:07:19.679  1738  2063 E OMXNodeInstance: getConfig(0xf002c0c0:google.vorbis.decoder, ConfigAndroidVendorExtension(0x6f100004)) ERROR: Undefined(0x80001001)
11-15 14:07:19.681  1865  1865 I Telecom : MissedCallNotifierImpl: reloadFromDatabase: Boot not yet complete -- call log db may not be available. Deferring loading until boot complete for user 0: TS.init@AAA
11-15 14:07:19.682  1605  1605 W AshmemAllocator: ashmem_create_region(32768) returning hidl_memory(0xec29c180, 32768)
11-15 14:07:19.682  1605  1605 I chatty  : uid=1000(system) allocator@1.0-s identical 2 lines
11-15 14:07:19.682  1605  1605 W AshmemAllocator: ashmem_create_region(32768) returning hidl_memory(0xec29c180, 32768)
11-15 14:07:19.682  1865  1865 E BluetoothAdapter: Bluetooth binder is null
11-15 14:07:19.685  1865  1865 I Telecom : Class: TelecomSystem.INSTANCE being set
11-15 14:07:19.685  1605  1605 W AshmemAllocator: ashmem_create_region(32768) returning hidl_memory(0xec29c180, 32768)
11-15 14:07:19.685  1865  1865 E BluetoothAdapter: Bluetooth binder is null
11-15 14:07:19.685  1865  1865 W Looper  : Slow dispatch took 177ms main h=android.app.ActivityThread$H c=null m=121
11-15 14:07:19.685  1865  1865 W ContextImpl: Calling a method in the system process without a qualified user: android.app.ContextImpl.startService:1531 com.android.server.content.SyncManager$14.run:756 android.os.Handler.handleCallback:873 android.os.Handler.dispatchMessage:99 android.os.Looper.loop:193 
11-15 14:07:19.685  1605  1605 W AshmemAllocator: ashmem_create_region(32768) returning hidl_memory(0xec29c180, 32768)
11-15 14:07:19.686  1865  1865 V SettingsProvider: Notifying for 0: content://settings/global/boot_count
11-15 14:07:19.685  1605  1605 I chatty  : uid=1000(system) allocator@1.0-s identical 1 line
11-15 14:07:19.685  1605  1605 W AshmemAllocator: ashmem_create_region(32768) returning hidl_memory(0xec29c180, 32768)
11-15 14:07:19.686  1728  1937 D installd: Found quota mount /dev/block/dm-1 at /data
11-15 14:07:19.686  1728  1937 D installd: Found storage mount /data/media at /mnt/runtime/default/emulated
11-15 14:07:19.689  1992  1992 I TransientFileCleaner: Deleting 0 files
11-15 14:07:19.689  1865  1865 I system_server: The ClassLoaderContext is a special shared library.
11-15 14:07:19.691  2002  2002 I vol.Events: writeEvent collection_started
11-15 14:07:19.702  2002  2194 I vol.Events: writeEvent external_ringer_mode_changed normal
11-15 14:07:19.702  2002  2194 I vol.Events: writeEvent internal_ringer_mode_changed normal
11-15 14:07:19.707  2115  2115 I ImsResolver: Initializing cache and binding.
11-15 14:07:19.708  1992  1992 I TransientFileCleaner: Deleting 0 files
11-15 14:07:19.711  2115  2115 I android_os_HwBinder: HwBinder: Starting thread pool for slot1::android.hardware.radio@1.0::IRadio
11-15 14:07:19.711  1605  1605 W AshmemAllocator: ashmem_create_region(32768) returning hidl_memory(0xec29c180, 32768)
11-15 14:07:19.711  1605  1605 W AshmemAllocator: ashmem_create_region(32768) returning hidl_memory(0xec29c180, 32768)
11-15 14:07:19.714  1992  1992 I LatinApp: initialize()
11-15 14:07:19.721  1554  1554 W hwservicemanager: getTransport: Cannot find entry android.hardware.radio.deprecated@1.0::IOemHook/slot1 in either framework or device manifest.
11-15 14:07:19.724  1992  1992 I ConfigurationNotification: Get device mode by ui mode:1 and smallestScreenWidthDp:411
11-15 14:07:19.724  1992  1992 I ConfigurationNotification: Get device mode by ui mode:1 and smallestScreenWidthDp:411
11-15 14:07:19.724  1992  1992 I LatinApp: Getting imeListDef by xml parsing
11-15 14:07:19.726  1992  1992 I ConfigurationNotification: Get device mode by ui mode:1 and smallestScreenWidthDp:411
11-15 14:07:19.730  1851  1851 E ipv6proxy: Failed to forward Router Advertisement from eth0 to wlan1: Network is unreachable
11-15 14:07:19.742  2126  2174 D EGL_emulation: eglMakeCurrent: 0xe5b97d80: ver 3 0 (tinfo 0xe6e13970)
11-15 14:07:19.742  1992  2200 I ModuleManager: Unexpected key 'com.google.android.partnersetup.RLZ_BOUNTY_ACCESS_POINT' does not match 'module:'
11-15 14:07:19.745  1865  1865 I system_server: The ClassLoaderContext is a special shared library.
11-15 14:07:19.748  1992  1992 I ExperimentConfigurationManager: decontext == null false
11-15 14:07:19.751  1605  1605 W AshmemAllocator: ashmem_create_region(32768) returning hidl_memory(0xec29c180, 32768)
11-15 14:07:19.754  1865  1931 W LocalDisplayAdapter: Unable to find color mode 0, ignoring request.
11-15 14:07:19.757  1865  1880 W KeyguardServiceDelegate: onScreenTurningOn(): no keyguard service!
11-15 14:07:19.753  1605  1605 W AshmemAllocator: ashmem_create_region(32768) returning hidl_memory(0xec29c180, 32768)
11-15 14:07:19.758  1865  1888 I ActivityManager: Displayed com.android.settings/.FallbackHome: +452ms
11-15 14:07:19.764  1865  1953 I InputReader: Reconfiguring input devices.  changes=0x00000004
11-15 14:07:19.765  1865  2206 I OMXClient: IOmx service obtained
11-15 14:07:19.765  1738  1738 I OMXMaster: makeComponentInstance(OMX.google.vorbis.decoder) in omx@1.0-service process
11-15 14:07:19.766  1738  1738 E OMXNodeInstance: getConfig(0xf0726ae0:google.vorbis.decoder, ConfigAndroidVendorExtension(0x6f100004)) ERROR: Undefined(0x80001001)
11-15 14:07:19.768  1605  1605 W AshmemAllocator: ashmem_create_region(32768) returning hidl_memory(0xec29c180, 32768)
11-15 14:07:19.769  1865  1865 D GpsNetInitiatedHandler: location enabled :true
11-15 14:07:19.769  1865  1865 V WiredAccessoryManager: notifyWiredAccessoryChanged: when=0 bits= mask=54
11-15 14:07:19.769  1865  1865 V WiredAccessoryManager: newName=h2w newState=0 headsetState=0 prev headsetState=0
11-15 14:07:19.769  1865  1865 E WiredAccessoryManager: No state change.
11-15 14:07:19.769  1865  1865 V WiredAccessoryManager: init()
11-15 14:07:19.769  1605  1605 W AshmemAllocator: ashmem_create_region(32768) returning hidl_memory(0xec29c180, 32768)
11-15 14:07:19.774  1605  1605 I chatty  : uid=1000(system) allocator@1.0-s identical 5 lines
11-15 14:07:19.775  1605  1605 W AshmemAllocator: ashmem_create_region(32768) returning hidl_memory(0xec29c180, 32768)
11-15 14:07:19.779  2149  2149 I wpa_supplicant: rfkill: Cannot get wiphy information
11-15 14:07:19.783  1865  1938 I android_os_HwBinder: HwBinder: Starting thread pool for default::android.hardware.wifi.supplicant@1.0::ISupplicant
11-15 14:07:19.785  1865  1865 W NotificationListeners: Not binding notification listener service ComponentInfo{com.google.android.apps.restore/com.google.android.apps.pixelmigrate.component.NotificationConsolidatorService}: service not found
11-15 14:07:19.787  1865  1865 V NotificationAssistants: enabling notification assistant for 0: ComponentInfo{com.google.android.ext.services/android.ext.services.notification.Assistant}
11-15 14:07:19.787  1865  1865 V NotificationAssistants: binding: Intent { act=android.service.notification.NotificationAssistantService cmp=com.google.android.ext.services/android.ext.services.notification.Assistant (has extras) }
11-15 14:07:19.788  1865  1938 I SupplicantStaIfaceHal: Completed initialization of ISupplicant.
11-15 14:07:19.789  1608  1692 W DeviceHAL: Error from HAL Device in function set_mic_mute: Function not implemented
11-15 14:07:19.790  1623  1623 I android.hardware.wifi@1.0-service: Adding interface handle for wlan0
11-15 14:07:19.790  1623  1623 E android.hardware.wifi@1.0-service: Failed to register radio mode change callback
11-15 14:07:19.790  1623  1623 I android.hardware.wifi@1.0-service: Configured chip in mode 0
11-15 14:07:19.790  1623  1623 E android.hardware.wifi@1.0-service: Failed to set DFS flag; DFS channels may be unavailable.
11-15 14:07:19.793  1865  1865 W BroadcastQueue: Background execution not allowed: receiving Intent { act=android.intent.action.ACTION_POWER_DISCONNECTED flg=0x4000010 (has extras) } to com.google.android.gms/.chimera.GmsIntentOperationService$PersistentTrustedReceiver
11-15 14:07:19.793  1865  1865 D ConditionProviders.SCP: onSubscribe condition://android/schedule?days=1.2.3.4.5.6.7&start=22.0&end=7.0&exitAtAlarm=true
11-15 14:07:19.793  1865  1865 D ConditionProviders.SCP: setRegistered true
11-15 14:07:19.794  1865  1972 E ActivityThread: Failed to find provider info for com.android.calendar
11-15 14:07:19.800  1865  1963 D WificondControl: Setting up interface for client mode
11-15 14:07:19.794  1865  1972 E ActivityThread: Failed to find provider info for com.android.calendar
11-15 14:07:19.800  1865  1865 D ConditionProviders.SCP: evaluateSubscriptionLocked cal=ScheduleCalendar[mDays={1, 2, 3, 4, 5, 6, 7}, mSchedule=ScheduleInfo{days=[1, 2, 3, 4, 5, 6, 7], startHour=22, startMinute=0, endHour=7, endMinute=0, exitAtAlarm=true, nextAlarm=Wed Dec 31 19:00:00 EST 1969 (0)}], now=Fri Nov 15 14:07:19 EST 2019 (1573844839793), nextUserAlarmTime=Wed Dec 31 19:00:00 EST 1969 (0)
11-15 14:07:19.800  1865  1865 D ConditionProviders.SCP: notifyCondition condition://android/schedule?days=1.2.3.4.5.6.7&start=22.0&end=7.0&exitAtAlarm=true STATE_FALSE reason=!meetsSchedule
11-15 14:07:19.801  1865  1882 I ActivityManager: Start proc 2211:com.google.android.ext.services/u0a34 for service com.google.android.ext.services/android.ext.services.notification.Assistant
11-15 14:07:19.801  1737  1737 I wificond: create scanner for interface with index: 3
11-15 14:07:19.801  1865  1865 D ConditionProviders.SCP: Scheduling evaluate for Fri Nov 15 22:00:00 EST 2019 (1573873200000), in +7h52m40s207ms, now=Fri Nov 15 14:07:19 EST 2019 (1573844839793)
11-15 14:07:19.801  1737  1737 I wificond: subscribe scan result for interface with index: 3
11-15 14:07:19.801  2211  2211 W id.ext.service: Unexpected CPU variant for X86 using defaults: x86
11-15 14:07:19.801  1865  1965 E WifiP2pService: Unexpected disable request when WifiChannel is null
11-15 14:07:19.801  1865  1865 D WifiP2pService: Wifi enabled=false, P2P Interface availability=true
11-15 14:07:19.803  1563  1567 D vold    : Recognized experimental block major ID 253 as virtio-blk (emulator's virtual SD card device)
11-15 14:07:19.804  1563  1567 V vold    : /system/bin/sgdisk
11-15 14:07:19.804  1563  1567 V vold    :     --android-dump
11-15 14:07:19.804  1563  1567 V vold    :     /dev/block/vold/disk:253,80
11-15 14:07:19.804  1554  1554 W hwservicemanager: getTransport: Cannot find entry android.hardware.wifi.offload@1.0::IOffload/default in either framework or device manifest.
11-15 14:07:19.805  1605  1605 W AshmemAllocator: ashmem_create_region(32768) returning hidl_memory(0xec29c180, 32768)
11-15 14:07:19.805  1737  1737 E wificond: No Offload Service available
11-15 14:07:19.805  1737  1737 I wificond: Offload HAL not supported 
11-15 14:07:19.806  1605  1605 I chatty  : uid=1000(system) allocator@1.0-s identical 2 lines
11-15 14:07:19.807  1605  1605 W AshmemAllocator: ashmem_create_region(32768) returning hidl_memory(0xec29c180, 32768)
11-15 14:07:19.808  2211  2211 E id.ext.service: Not starting debugger since process cannot load the jdwp agent.
11-15 14:07:19.810  1865  1963 E SupplicantStaIfaceHal: Can't call setupIface, ISupplicantStaIface is null
11-15 14:07:19.811  2002  2194 I vol.Events: writeEvent level_changed STREAM_VOICE_CALL 4
11-15 14:07:19.811  2002  2194 I vol.Events: writeEvent level_changed STREAM_SYSTEM 5
11-15 14:07:19.812  2002  2194 I vol.Events: writeEvent level_changed STREAM_RING 5
11-15 14:07:19.813  2002  2194 I vol.Events: writeEvent level_changed STREAM_MUSIC 5
11-15 14:07:19.814  1865  1865 I Telecom : WiredHeadsetManager: ACTION_HEADSET_PLUG event, plugged in: false, : WHC.oADA@AAE
11-15 14:07:19.814  2002  2194 I vol.Events: writeEvent level_changed STREAM_ALARM 6
11-15 14:07:19.814  1865  1865 D MediaSessionService: Global priority session is changed from null to com.android.server.telecom/HeadsetMediaButton (userId=0)
11-15 14:07:19.815  1865  1987 I SyncManager: Got SyncJobService instance.
11-15 14:07:19.815  2002  2194 I vol.Events: writeEvent level_changed STREAM_BLUETOOTH_SCO 7
11-15 14:07:19.817  1865  1865 V SettingsProvider: Notifying for 0: content://settings/global/network_recommendations_enabled
11-15 14:07:19.817  1865  1865 I AutofillManagerService: Updating Autofill for user 0: disabled=false
11-15 14:07:19.817  1865  1865 E AutofillManagerServiceImpl: Bad AutofillService name: com.google.android.gms/.autofill.service.AutofillService
11-15 14:07:19.815  1865  1963 I android_os_HwBinder: HwBinder: Starting thread pool for default::android.hardware.wifi.supplicant@1.0::ISupplicant
11-15 14:07:19.817  1865  1865 E AutofillManagerServiceImpl: Bad AutofillService name: com.google.android.gms/.autofill.service.AutofillService
11-15 14:07:19.821  1865  1865 W Looper  : Drained
11-15 14:07:19.822  1865  1963 I android_os_HwBinder: HwBinder: Starting thread pool for default::android.hardware.wifi.supplicant@1.0::ISupplicant
11-15 14:07:19.823  2002  2194 I vol.Events: writeEvent zen_mode_config_changed [disallowAlarms=false disallowMedia=false disallowSystem=true disallowRinger=false]
11-15 14:07:19.825  1865  1963 I android_os_HwBinder: HwBinder: Starting thread pool for default::android.hardware.wifi.supplicant@1.0::ISupplicant
11-15 14:07:19.828  1865  1963 I WifiNative: Interface state changed on Iface:{Name=wlan0,Id=0,Type=STA}, isUp=true
11-15 14:07:19.828  1734  1809 D CommandListener: Clearing all IP addresses on wlan0
11-15 14:07:19.828  1865  1963 I WifiNative: Successfully setup Iface:{Name=wlan0,Id=0,Type=STA}
11-15 14:07:19.828  1865  1963 D WifiClientModeManager: sending scan available broadcast: false
11-15 14:07:19.829  1865  1963 D WifiClientModeManager: entering StartedState
11-15 14:07:19.830  2002  2233 I OMXClient: IOmx service obtained
11-15 14:07:19.830  1738  1738 I OMXMaster: makeComponentInstance(OMX.google.vorbis.decoder) in omx@1.0-service process
11-15 14:07:19.830  1865  1865 I FusedLocation: engine started (com.android.location.fused)
11-15 14:07:19.831  1865  1963 D WifiClientModeManager: Wifi is ready to use for client mode
11-15 14:07:19.831  1865  1963 D WifiClientModeManager: sending scan available broadcast: true
11-15 14:07:19.832  1992  2200 I ModuleManager: Unexpected key 'com.google.android.gms.phenotype.registration.xml:com.google.android.gms.learning' does not match 'module:'
11-15 14:07:19.837  1865  1963 D WifiStateMachinePrime: State changed from client mode. state = 3
11-15 14:07:19.837  1865  1963 D WifiStateMachinePrime: client mode active
11-15 14:07:19.838  1865  1963 D WifiStateMachine: entering ConnectModeState: ifaceName = wlan0
11-15 14:07:19.838  1865  1963 D WifiStateMachine: setupClientMode() ifacename = wlan0
11-15 14:07:19.839  1738  1738 E OMXNodeInstance: getConfig(0xf002c0c0:google.vorbis.decoder, ConfigAndroidVendorExtension(0x6f100004)) ERROR: Undefined(0x80001001)
11-15 14:07:19.841  1605  1605 W AshmemAllocator: ashmem_create_region(32768) returning hidl_memory(0xec29c180, 32768)
11-15 14:07:19.856  1605  1605 I chatty  : uid=1000(system) allocator@1.0-s identical 9 lines
11-15 14:07:19.856  1605  1605 W AshmemAllocator: ashmem_create_region(32768) returning hidl_memory(0xec29c180, 32768)
11-15 14:07:19.857  2211  2211 I id.ext.service: The ClassLoaderContext is a special shared library.
