01-03 16:00:25.293  1868  1868 I system_server: Explicit concurrent copying GC freed 46791(2MB) AllocSpace objects, 43(2MB) LOS objects, 42% free, 7MB/12MB, paused 13us total 46.042ms
01-03 16:00:25.294  1868  1868 I SystemServer: StartOtaDexOptService
01-03 16:00:25.295  1868  1868 D OTADexopt: No upgrade, skipping A/B artifacts check.
01-03 16:00:25.295  1868  1868 I SystemServer: StartUserManagerService
01-03 16:00:25.295  1868  1868 I SystemServiceManager: Starting com.android.server.pm.UserManagerService$LifeCycle
01-03 16:00:25.295  1868  1868 I SystemServer: InitAttributerCache
01-03 16:00:25.296  1868  1868 I SystemServer: SetSystemProcess
01-03 16:00:25.302  1634  1634 I lowmemorykiller: lmkd data connection established
01-03 16:00:25.309  1556  1556 W hwservicemanager: getTransport: Cannot find entry android.hardware.soundtrigger@2.0::ISoundTriggerHw/default in either framework or device manifest.
01-03 16:00:25.310  1633  1633 E SoundTriggerHwService: could not read implementation properties
01-03 16:00:25.327  1729  1758 W installd: Ignoring /data/user_de/0/com.android.bluetooth/lib with unexpected GID 0 instead of 1002
01-03 16:00:25.333  1868  1868 I SystemServer: StartOverlayManagerService
01-03 16:00:25.335  1868  1868 I SystemServer: StartBatteryService
01-03 16:00:25.335  1868  1868 I SystemServiceManager: Starting com.android.server.BatteryService
01-03 16:00:25.336  1868  1938 D SensorService: nuSensorService starting...
01-03 16:00:25.339  1868  1938 E SensorService: Reported power 0.000000 not deemed sane, clamping to 0.001000
01-03 16:00:25.341  1868  1868 I android_os_HwBinder: HwBinder: Starting thread pool for default::android.hardware.health@2.0::IHealth
01-03 16:00:25.343  1868  1944 D SensorService: new thread SensorEventAckReceiver
01-03 16:00:25.343  1868  1945 D SensorService: nuSensorService thread starting...
01-03 16:00:25.348  1868  1887 E BluetoothAdapter: Bluetooth binder is null
01-03 16:00:25.348  1868  1887 E BatteryExternalStatsWorker: no controller energy info supplied for telephony
01-03 16:00:25.348  1868  1887 E KernelUidCpuFreqTimeReader: Failed to read /proc/uid_time_in_state: java.io.FileNotFoundException: /proc/uid_time_in_state (No such file or directory)
01-03 16:00:25.349  1868  1887 E KernelUidCpuFreqTimeReader: Failed to read /proc/uid_time_in_state: java.io.FileNotFoundException: /proc/uid_time_in_state (No such file or directory)
01-03 16:00:25.349  1868  1887 I BatteryStatsImpl: Resetting battery stats: level=100 status=4 dischargeLevel=100 lowAmount=0 highAmount=0
01-03 16:00:25.350  1868  1868 I android_os_HwBinder: HwBinder: Starting thread pool for default::android.hidl.manager@1.0::IServiceManager
01-03 16:00:25.354  1737  1767 I storaged: storaged: Start
01-03 16:00:25.354  1868  1868 I HealthServiceWrapper: health: HealthServiceWrapper listening to instance default
01-03 16:00:25.354  1868  1868 I BatteryService: health: Waited 0ms and received the update.
01-03 16:00:25.355  1737  1767 E storaged: getDiskStats failed with result NOT_SUPPORTED and size 0
01-03 16:00:25.355  1868  1868 I SystemServer: StartUsageService
01-03 16:00:25.355  1868  1868 I SystemServiceManager: Starting com.android.server.usage.UsageStatsService
01-03 16:00:25.356  1868  1946 I android_os_HwBinder: HwBinder: Starting thread pool for default::android.hardware.health@2.0::IHealth
01-03 16:00:25.359  1868  1882 I BinderCallsStatsService: Resetting stats
01-03 16:00:25.379  1868  1868 I UsageStatsService: User[0] Rollover scheduled @ 2019-12-16 21:18:43(1576549123695)
01-03 16:00:25.379  1868  1868 I SystemServer: StartWebViewUpdateService
01-03 16:00:25.379  1868  1868 I SystemServiceManager: Starting com.android.server.webkit.WebViewUpdateService
01-03 16:00:25.383  1868  1868 I SystemServer: StartBinderCallsStatsService
01-03 16:00:25.384  1868  1868 I SystemServer: StartKeyAttestationApplicationIdProviderService
01-03 16:00:25.384  1868  1880 I SystemServer: SecondaryZygotePreload
01-03 16:00:25.386  1868  1868 I SystemServer: StartKeyChainSystemService
01-03 16:00:25.386  1868  1868 I SystemServiceManager: Starting com.android.server.security.KeyChainSystemService
01-03 16:00:25.387  1868  1868 I SystemServer: StartSchedulingPolicyService
01-03 16:00:25.387  1868  1868 I SystemServer: StartTelecomLoaderService
01-03 16:00:25.387  1868  1868 I SystemServiceManager: Starting com.android.server.telecom.TelecomLoaderService
01-03 16:00:25.389  1868  1938 I SchedulingPolicyService: Moving 1739 back to group default
01-03 16:00:25.389  1868  1868 I SystemServer: StartTelephonyRegistry
01-03 16:00:25.391  1868  1868 I SystemServer: StartEntropyMixer
01-03 16:00:25.395  1868  1880 I Zygote  : Process: zygote socket RESERVED/zygote opened, supported ABIS: x86
01-03 16:00:25.405  1868  1868 I EntropyMixer: Added HW RNG output to entropy pool
01-03 16:00:25.405  1868  1868 I EntropyMixer: Writing entropy...
01-03 16:00:25.410  1868  1868 I SystemServer: StartAccountManagerService
01-03 16:00:25.410  1868  1868 I SystemServiceManager: Starting com.android.server.accounts.AccountManagerService$Lifecycle
01-03 16:00:25.412  1868  1868 I SystemServer: StartContentService
01-03 16:00:25.412  1868  1868 I SystemServiceManager: Starting com.android.server.content.ContentService$Lifecycle
01-03 16:00:25.416  1868  1880 E SystemServer: Unable to preload default resources
01-03 16:00:25.417  1868  1868 I SystemServer: InstallSystemProviders
01-03 16:00:25.427  1868  1868 I system_server: The ClassLoaderContext is a special shared library.
01-03 16:00:25.443  1868  1868 I SystemServer: StartDropBoxManager
01-03 16:00:25.443  1868  1868 I SystemServiceManager: Starting com.android.server.DropBoxManagerService
01-03 16:00:25.443  1868  1868 I SystemServer: StartVibratorService
01-03 16:00:25.445  1556  1556 W hwservicemanager: getTransport: Cannot find entry android.hardware.vibrator@1.0::IVibrator/default in either framework or device manifest.
01-03 16:00:25.445  1556  1556 W hwservicemanager: getTransport: Cannot find entry android.hardware.vibrator@1.0::IVibrator/default in either framework or device manifest.
01-03 16:00:25.445  1868  1868 E VibratorService: vibratorOff command failed (1).
01-03 16:00:25.445  1556  1556 W hwservicemanager: getTransport: Cannot find entry android.hardware.vibrator@1.0::IVibrator/default in either framework or device manifest.
01-03 16:00:25.446  1868  1868 I SystemServer: StartConsumerIrService
01-03 16:00:25.446  1556  1556 W hwservicemanager: getTransport: Cannot find entry android.hardware.ir@1.0::IConsumerIr/default in either framework or device manifest.
01-03 16:00:25.447  1868  1868 I SystemServer: StartAlarmManagerService
01-03 16:00:25.447  1868  1868 I SystemServiceManager: Starting com.android.server.AlarmManagerService
01-03 16:00:25.447  1868  1868 W AlarmManagerService: no wall clock RTC found
01-03 16:00:25.447  1868  1868 D AlarmManagerService: Kernel timezone updated to 300 minutes west of GMT
01-03 16:00:25.448  1868  1868 I SystemServer: InitWatchdog
01-03 16:00:25.448  1868  1868 I SystemServer: StartInputManagerService
01-03 16:00:25.449  1868  1868 I InputManager: Initializing input manager, mUseDevInputEventForAudioJack=true
01-03 16:00:25.451  1868  1868 I SystemServer: StartWindowManagerService
01-03 16:00:25.460  1868  1892 I WindowManager: No existing display settings /data/system/display_settings.xml; starting empty
01-03 16:00:25.473  1868  1868 I SystemServer: SetWindowManagerService
01-03 16:00:25.507  1868  1868 I SystemServer: WindowManagerServiceOnInitReady
01-03 16:00:25.557  1729  1729 W cutils  : Expected path /data/data/com.google.android.gms with mode 700 but found 711
01-03 16:00:25.558  1729  1729 W cutils  : Expected path /data/user_de/0/com.google.android.gms with mode 700 but found 711
01-03 16:00:25.560  1729  1729 W cutils  : Expected path /data/data/com.google.android.gms with mode 700 but found 711
01-03 16:00:25.561  1729  1729 W cutils  : Expected path /data/user_de/0/com.google.android.gms with mode 700 but found 711
01-03 16:00:25.587  1868  1883 W ShortcutManager: Unable to add bookmark: com.google.android.talk/com.google.android.talk.SigningInActivity
01-03 16:00:25.587  1868  1883 W ShortcutManager: android.content.pm.PackageManager$NameNotFoundException: ComponentInfo{com.google.android.talk/com.google.android.talk.SigningInActivity}
01-03 16:00:25.587  1868  1883 W ShortcutManager: 	at android.app.ApplicationPackageManager.getActivityInfo(ApplicationPackageManager.java:435)
01-03 16:00:25.587  1868  1883 W ShortcutManager: 	at com.android.server.policy.ShortcutManager.loadShortcuts(ShortcutManager.java:142)
01-03 16:00:25.587  1868  1883 W ShortcutManager: 	at com.android.server.policy.ShortcutManager.<init>(ShortcutManager.java:62)
01-03 16:00:25.587  1868  1883 W ShortcutManager: 	at com.android.server.policy.PhoneWindowManager.init(PhoneWindowManager.java:2055)
01-03 16:00:25.587  1868  1883 W ShortcutManager: 	at com.android.server.wm.WindowManagerService$4.run(WindowManagerService.java:914)
01-03 16:00:25.587  1868  1883 W ShortcutManager: 	at android.os.Handler$BlockingRunnable.run(Handler.java:893)
01-03 16:00:25.587  1868  1883 W ShortcutManager: 	at android.os.Handler.handleCallback(Handler.java:873)
01-03 16:00:25.587  1868  1883 W ShortcutManager: 	at android.os.Handler.dispatchMessage(Handler.java:99)
01-03 16:00:25.587  1868  1883 W ShortcutManager: 	at android.os.Looper.loop(Looper.java:193)
01-03 16:00:25.587  1868  1883 W ShortcutManager: 	at android.os.HandlerThread.run(HandlerThread.java:65)
01-03 16:00:25.587  1868  1883 W ShortcutManager: 	at com.android.server.ServiceThread.run(ServiceThread.java:44)
01-03 16:00:25.587  1868  1883 W ShortcutManager: 	at com.android.server.UiThread.run(UiThread.java:43)
01-03 16:00:25.628  1868  1883 W Looper  : Slow dispatch took 121ms android.ui h=android.os.Handler c=android.os.Handler$BlockingRunnable@99f8c4c m=0
01-03 16:00:25.629  1868  1868 I SystemServer: StartVrManagerService
01-03 16:00:25.629  1868  1868 I SystemServiceManager: Starting com.android.server.vr.VrManagerService
01-03 16:00:25.631  1556  1556 W hwservicemanager: getTransport: Cannot find entry android.hardware.vr@1.0::IVr/default in either framework or device manifest.
01-03 16:00:25.631  1868  1868 W VrManagerService: init_native: Could not open IVr interface
01-03 16:00:25.631  1868  1868 I SystemServer: StartInputManager
01-03 16:00:25.631  1868  1868 I InputManager: Starting input manager
01-03 16:00:25.632  1868  1868 I SystemServer: DisplayManagerWindowManagerAndInputReady
01-03 16:00:25.632  1868  1868 I SystemServer: No Bluetooth Service (emulator)
01-03 16:00:25.632  1868  1868 I SystemServer: IpConnectivityMetrics
01-03 16:00:25.632  1868  1868 I SystemServiceManager: Starting com.android.server.connectivity.IpConnectivityMetrics
01-03 16:00:25.635  1868  1957 D EventHub: No input device configuration file found for device 'Power Button'.
01-03 16:00:25.636  1868  1868 I SystemServer: NetworkWatchlistService
01-03 16:00:25.636  1868  1868 I SystemServiceManager: Starting com.android.server.net.watchlist.NetworkWatchlistService$Lifecycle
01-03 16:00:25.637  1868  1931 I PackageManager: Deferred reconcileAppsData finished 92 packages
01-03 16:00:25.639  1868  1957 W EventHub: Unable to disable kernel key repeat for /dev/input/event0: Function not implemented
01-03 16:00:25.639  1868  1957 I EventHub: wakeMechanism=EPOLLWAKEUP, usingClockIoctl=true
01-03 16:00:25.639  1868  1957 I EventHub: New device: id=1, fd=106, path='/dev/input/event0', name='Power Button', classes=0x1, configuration='', keyLayout='/system/usr/keylayout/Generic.kl', keyCharacterMap='/system/usr/keychars/Generic.kcm', builtinKeyboard=false, 
01-03 16:00:25.642  1868  1957 W EventHub: Unable to disable kernel key repeat for /dev/input/event1: Function not implemented
01-03 16:00:25.642  1868  1957 I EventHub: wakeMechanism=EPOLLWAKEUP, usingClockIoctl=true
01-03 16:00:25.642  1868  1957 I EventHub: New device: id=2, fd=107, path='/dev/input/event1', name='qwerty2', classes=0x97, configuration='/system/usr/idc/qwerty2.idc', keyLayout='/system/usr/keylayout/qwerty.kl', keyCharacterMap='/system/usr/keychars/qwerty2.kcm', builtinKeyboard=true, 
01-03 16:00:25.642  1868  1957 E EventHub: could not get driver version for /dev/input/mice, Not a typewriter
01-03 16:00:25.645  1868  1868 I WatchlistConfig: Reload watchlist done
01-03 16:00:25.647  1868  1868 I WatchlistSettings: Reload watchlist settings done
01-03 16:00:25.647  1868  1958 I WatchlistLoggingHandler: Start aggregating watchlist records.
01-03 16:00:25.647  1868  1868 I SystemServer: PinnerService
01-03 16:00:25.648  1868  1868 I SystemServiceManager: Starting com.android.server.PinnerService
01-03 16:00:25.648  1868  1868 I SystemServer: StartInputMethodManagerLifecycle
01-03 16:00:25.648  1868  1868 I SystemServiceManager: Starting com.android.server.InputMethodManagerService$Lifecycle
01-03 16:00:25.655  1868  1868 I SystemServer: StartAccessibilityManagerService
01-03 16:00:25.659  1868  1868 I SystemServer: MakeDisplayReady
01-03 16:00:25.659  1868  1868 I ActivityManager: Config changes=20005df8 {1.0 ?mcc?mnc [en_US] ldltr sw411dp w411dp h731dp 420dpi nrml long port ?uimode ?night -touch -keyb/v/h -nav/h winConfig={ mBounds=Rect(0, 0 - 0, 0) mAppBounds=Rect(0, 0 - 1080, 1920) mWindowingMode=fullscreen mActivityType=undefined} s.2}
01-03 16:00:25.659  1868  1881 I UsageStatsService: User[0] Rolling over usage stats
01-03 16:00:25.660  1868  1881 I UsageStatsService: User[0] Flushing usage stats to disk
01-03 16:00:25.669  1868  1868 I ActivityManager: Override config changes=60007dfc {1.0 ?mcc?mnc [en_US] ldltr sw411dp w411dp h731dp 420dpi nrml long port ?uimode ?night -touch -keyb/v/h -nav/h winConfig={ mBounds=Rect(0, 0 - 1080, 1920) mAppBounds=Rect(0, 0 - 1080, 1920) mWindowingMode=fullscreen mActivityType=undefined} s.2} for displayId=0
01-03 16:00:25.673  1868  1868 W LocalDisplayAdapter: Unable to find color mode 0, ignoring request.
01-03 16:00:25.675  1868  1868 I ActivityManager: Config changes=20000500 {1.0 ?mcc?mnc [en_US] ldltr sw411dp w411dp h659dp 420dpi nrml port ?uimode ?night -touch -keyb/v/h -nav/h winConfig={ mBounds=Rect(0, 0 - 0, 0) mAppBounds=Rect(0, 0 - 1080, 1794) mWindowingMode=fullscreen mActivityType=undefined} s.3}
01-03 16:00:25.676  1868  1868 I ActivityManager: Override config changes=20000500 {1.0 ?mcc?mnc [en_US] ldltr sw411dp w411dp h659dp 420dpi nrml port ?uimode ?night -touch -keyb/v/h -nav/h winConfig={ mBounds=Rect(0, 0 - 1080, 1920) mAppBounds=Rect(0, 0 - 1080, 1794) mWindowingMode=fullscreen mActivityType=undefined} s.3} for displayId=0
01-03 16:00:25.678  1868  1868 W LocalDisplayAdapter: Unable to find color mode 0, ignoring request.
01-03 16:00:25.679  1868  1868 I SystemServer: StartStorageManagerService
01-03 16:00:25.679  1868  1868 I SystemServiceManager: Starting com.android.server.StorageManagerService$Lifecycle
01-03 16:00:25.684  1868  1957 I InputReader: Device added: id=-1, name='Virtual', sources=0x00000301
01-03 16:00:25.686  1868  1957 I InputReader:   Touch device 'qwerty2' could not query the properties of its associated display.  The device will be inoperable until the display size becomes available.
01-03 16:00:25.687  1868  1957 I InputReader: Device added: id=0, name='qwerty2', sources=0x80001103
01-03 16:00:25.687  1868  1957 I InputReader: Device added: id=1, name='Power Button', sources=0x00000101
01-03 16:00:25.687  1868  1957 I InputReader: Reconfiguring input devices.  changes=0x00000004
01-03 16:00:25.687  1868  1957 I InputReader: Device reconfigured: id=0, name='qwerty2', size 1080x1920, orientation 0, mode 1, display id 0
01-03 16:00:25.707  1868  1881 I UsageStatsService: User[0] Rollover scheduled @ 2020-01-04 16:00:25(1578171625659)
01-03 16:00:25.707  1868  1881 I UsageStatsService: User[0] Rolling over usage stats complete. Took 48 milliseconds
01-03 16:00:25.820  1868  1956 I ActivityManager: Config changes=38 {1.0 ?mcc?mnc [en_US] ldltr sw411dp w411dp h659dp 420dpi nrml port ?uimode ?night finger qwerty/v/v -nav/h winConfig={ mBounds=Rect(0, 0 - 0, 0) mAppBounds=Rect(0, 0 - 1080, 1794) mWindowingMode=fullscreen mActivityType=undefined} s.4}
01-03 16:00:25.822  1868  1956 I ActivityManager: Override config changes=38 {1.0 ?mcc?mnc [en_US] ldltr sw411dp w411dp h659dp 420dpi nrml port ?uimode ?night finger qwerty/v/v -nav/h winConfig={ mBounds=Rect(0, 0 - 1080, 1920) mAppBounds=Rect(0, 0 - 1080, 1794) mWindowingMode=fullscreen mActivityType=undefined} s.4} for displayId=0
01-03 16:00:25.825  1868  1868 W SystemServiceManager: Service com.android.server.StorageManagerService$Lifecycle took 146 ms in onStart
01-03 16:00:25.825  1868  1959 D StorageManagerService: Thinking about init, mSystemReady=false, mDaemonConnected=true
01-03 16:00:25.825  1868  1959 D StorageManagerService: Thinking about reset, mSystemReady=false, mDaemonConnected=true
01-03 16:00:25.826  1868  1868 I SystemServer: StartStorageStatsService
01-03 16:00:25.826  1868  1868 I SystemServiceManager: Starting com.android.server.usage.StorageStatsService$Lifecycle
01-03 16:00:25.826  1565  1569 E vold    : Failed to read field SystemLocale: No such file or directory
01-03 16:00:25.827  1729  1943 D installd: Found quota mount /dev/block/dm-1 at /data
01-03 16:00:25.827  1868  1959 E StorageManagerService: Failed to read field SystemLocale
01-03 16:00:25.827  1868  1959 E StorageManagerService: android.os.ServiceSpecificException: Failed to read field SystemLocale (code 2)
01-03 16:00:25.827  1868  1959 E StorageManagerService: 	at android.os.Parcel.createException(Parcel.java:1956)
01-03 16:00:25.827  1868  1959 E StorageManagerService: 	at android.os.Parcel.readException(Parcel.java:1910)
01-03 16:00:25.827  1868  1959 E StorageManagerService: 	at android.os.Parcel.readException(Parcel.java:1860)
01-03 16:00:25.827  1868  1959 E StorageManagerService: 	at android.os.IVold$Stub$Proxy.fdeGetField(IVold.java:1094)
01-03 16:00:25.827  1868  1959 E StorageManagerService: 	at com.android.server.StorageManagerService.getField(StorageManagerService.java:2408)
01-03 16:00:25.827  1868  1959 E StorageManagerService: 	at com.android.server.StorageManagerService.copyLocaleFromMountService(StorageManagerService.java:982)
01-03 16:00:25.827  1868  1959 E StorageManagerService: 	at com.android.server.StorageManagerService.handleDaemonConnected(StorageManagerService.java:975)
01-03 16:00:25.827  1868  1959 E StorageManagerService: 	at com.android.server.StorageManagerService.access$900(StorageManagerService.java:171)
01-03 16:00:25.827  1868  1959 E StorageManagerService: 	at com.android.server.StorageManagerService$StorageManagerServiceHandler.handleMessage(StorageManagerService.java:572)
01-03 16:00:25.827  1868  1959 E StorageManagerService: 	at android.os.Handler.dispatchMessage(Handler.java:106)
01-03 16:00:25.827  1868  1959 E StorageManagerService: 	at android.os.Looper.loop(Looper.java:193)
01-03 16:00:25.827  1868  1959 E StorageManagerService: 	at android.os.HandlerThread.run(HandlerThread.java:65)
01-03 16:00:25.828  1868  1868 I SystemServer: StartUiModeManager
01-03 16:00:25.828  1868  1868 I SystemServiceManager: Starting com.android.server.UiModeManagerService
01-03 16:00:25.829  1868  1868 I SystemServer: UpdatePackagesIfNeeded
01-03 16:00:25.829  1868  1868 I SystemServer: PerformFstrimIfNeeded
01-03 16:00:25.829  1868  1880 I ActivityManager: Config changes=200 {1.0 ?mcc?mnc [en_US] ldltr sw411dp w411dp h659dp 420dpi nrml port finger qwerty/v/v -nav/h winConfig={ mBounds=Rect(0, 0 - 0, 0) mAppBounds=Rect(0, 0 - 1080, 1794) mWindowingMode=fullscreen mActivityType=undefined} s.5}
01-03 16:00:25.831  1868  1880 I ActivityManager: Override config changes=200 {1.0 ?mcc?mnc [en_US] ldltr sw411dp w411dp h659dp 420dpi nrml port finger qwerty/v/v -nav/h winConfig={ mBounds=Rect(0, 0 - 1080, 1920) mAppBounds=Rect(0, 0 - 1080, 1794) mWindowingMode=fullscreen mActivityType=undefined} s.5} for displayId=0
01-03 16:00:25.832  1868  1868 W PackageManager: No disk maintenance in 1559524832; running immediately
01-03 16:00:25.832  1868  1868 I SystemServer: StartLockSettingsService
01-03 16:00:25.832  1868  1868 I SystemServiceManager: Starting com.android.server.locksettings.LockSettingsService$Lifecycle
01-03 16:00:25.832  1868  1959 I StorageManagerService: Running fstrim idle maintenance
01-03 16:00:25.834  1565  1960 D vold    : Starting trim of /data
01-03 16:00:25.835  1565  1960 W vold    : Trim failed on /data: Operation not supported on transport endpoint
01-03 16:00:25.827  1729  1943 D installd: Found quota mount /dev/block/dm-1 at /data
01-03 16:00:25.843  1556  1556 W hwservicemanager: getTransport: Cannot find entry android.hardware.oemlock@1.0::IOemLock/default in either framework or device manifest.
01-03 16:00:25.844  1868  1868 I OemLock : OemLock HAL not present on device
01-03 16:00:25.844  1868  1868 I SystemServer: StartDeviceIdleController
01-03 16:00:25.844  1868  1868 I SystemServiceManager: Starting com.android.server.DeviceIdleController
01-03 16:00:25.846  1868  1868 I SystemServer: StartDevicePolicyManager
01-03 16:00:25.846  1868  1868 I SystemServiceManager: Starting com.android.server.devicepolicy.DevicePolicyManagerService$Lifecycle
01-03 16:00:25.856  1868  1868 I SystemServer: StartStatusBarManagerService
01-03 16:00:25.857  1868  1868 I SystemServer: StartClipboardService
01-03 16:00:25.857  1868  1868 I SystemServiceManager: Starting com.android.server.clipboard.ClipboardService
01-03 16:00:25.858  1868  1868 I SystemServer: StartNetworkManagementService
01-03 16:00:25.860  1868  1963 I NetworkManagement: onDaemonConnected()
01-03 16:00:25.861  1868  1868 I SystemServer: StartIpSecService
01-03 16:00:25.862  1868  1868 I SystemServer: StartTextServicesManager
01-03 16:00:25.862  1868  1868 I SystemServiceManager: Starting com.android.server.TextServicesManagerService$Lifecycle
01-03 16:00:25.864  1868  1868 I SystemServer: StartTextClassificationManagerService
01-03 16:00:25.864  1868  1868 I SystemServiceManager: Starting com.android.server.textclassifier.TextClassificationManagerService$Lifecycle
01-03 16:00:25.865  1868  1868 I SystemServer: StartNetworkScoreService
01-03 16:00:25.865  1868  1868 I SystemServiceManager: Starting com.android.server.NetworkScoreService$Lifecycle
01-03 16:00:25.866  1868  1868 I NetworkScoreService: Registering network_score
01-03 16:00:25.866  1868  1868 I SystemServer: StartNetworkStatsService
01-03 16:00:25.868  1868  1868 I SystemServer: StartNetworkPolicyManagerService
01-03 16:00:25.872  1868  1868 I SystemServer: StartWifi
01-03 16:00:25.899  1868  1868 I SystemServiceManager: Starting com.android.server.wifi.WifiService
01-03 16:00:29.651  1856  1856 I hostapd : wlan1: interface state COUNTRY_UPDATE->HT_SCAN
01-03 16:00:29.654  1853  1853 E ipv6proxy: Failed to forward Router Advertisement from eth0 to wlan1: Network is unreachable
01-03 16:00:29.662  1621  1621 D gralloc_ranchu: gralloc_alloc: Creating ashmem region of size 8298496
01-03 16:00:29.712  1868  1868 D WifiApConfigStore: 2G band allowed channels are:1,6,11
01-03 16:00:29.727  1868  1868 I WifiScoringParams: rssi2=-85:-85:-73:-60,rssi5=-82:-82:-70:-57,pps=0:1:100,horizon=15,nud=8,expid=0
01-03 16:00:29.747  1868  1868 D WifiStateMachine: EnableConnectedMacRandomization Setting changed to false
01-03 16:00:29.748  1868  1868 E WifiStateMachine: getWifiLinkLayerStats called without an interface
01-03 16:00:29.748  1868  1868 D WifiStateMachinePrime: Starting Wifi in WifiDisabledState
01-03 16:00:29.748  1868  1969 D WifiStateMachinePrime: Entering WifiDisabledState
01-03 16:00:29.748  1868  1969 D ActiveModeManager: sending scan available broadcast: false
01-03 16:00:29.749  1868  1868 D WifiOpenNetworkNotifier: Settings toggle enabled=true
01-03 16:00:29.749  1868  1868 D WifiCarrierNetworkNotifier: Settings toggle enabled=true
01-03 16:00:29.749  1868  1868 D WakeupController: WifiWake enabled
01-03 16:00:29.752  1868  1868 D WifiController: isAirplaneModeOn = false, isWifiEnabled = true, isScanningAvailable = false, isLocationModeActive = false
01-03 16:00:29.754  1896  1901 D         : HostConnection::get() New Host Connection established 0xecc402c0, tid 1901
01-03 16:00:29.755  1868  1868 E SupplicantStaIfaceHal: Can't call setDebugParams, ISupplicant is null
01-03 16:00:29.756  1868  1868 W WifiDiags: no ring buffers found
01-03 16:00:29.756  1868  1868 W WifiDiags: Failed to start packet fate monitoring
01-03 16:00:29.756  1868  1868 I WifiService: Registering wifi
01-03 16:00:29.758  1868  1868 I SystemServer: StartWifiScanning
01-03 16:00:29.758  1868  1868 I SystemServiceManager: Starting com.android.server.wifi.scanner.WifiScanningService
01-03 16:00:29.758  1868  1868 I WifiScanningService: Creating wifiscanner
01-03 16:00:29.760  1868  1868 I WifiScanningService: Publishing wifiscanner
01-03 16:00:29.762  1868  1868 I SystemServer: StartWifiP2P
01-03 16:00:29.762  1868  1868 I SystemServiceManager: Starting com.android.server.wifi.p2p.WifiP2pService
01-03 16:00:29.775  1868  1868 W HalDevMgr: isWifiStarted called but mWifi is null!?
01-03 16:00:29.775  1868  1868 I WifiP2pService: Registering wifip2p
01-03 16:00:29.775  1868  1868 I SystemServer: StartConnectivityService
01-03 16:00:29.776  1868  1868 D ConnectivityService: ConnectivityService starting up
01-03 16:00:29.779  1868  1868 D ConnectivityService: wifiOnly=false
01-03 16:00:29.796  1868  1868 I SystemServer: StartNsdService
01-03 16:00:29.797  1868  1868 D NsdService: Network service discovery is enabled
01-03 16:00:29.799  1868  1868 I SystemServer: StartSystemUpdateManagerService
01-03 16:00:29.800  1868  1868 I SystemUpdateManagerService: No existing info file /data/system/system-update-info.xml
01-03 16:00:29.800  1868  1868 I SystemServer: StartUpdateLockService
01-03 16:00:29.801  1868  1868 I SystemServer: StartNotificationManager
01-03 16:00:29.802  1868  1868 I SystemServiceManager: Starting com.android.server.notification.NotificationManagerService
01-03 16:00:29.817  1868  1868 D ConditionProviders.SCP: new ScheduleConditionProvider()
01-03 16:00:29.830  1868  1868 I NotificationListeners: Read notification listener permissions from xml
01-03 16:00:29.830  1868  1868 I NotificationAssistants: Read notification assistant permissions from xml
01-03 16:00:29.831  1868  1868 I ConditionProviders: Read condition provider permissions from xml
01-03 16:00:29.831  1868  1868 I ConditionProviders: Read condition provider permissions from xml
01-03 16:00:29.838  1868  1868 I SystemServer: StartDeviceMonitor
01-03 16:00:29.839  1868  1868 I SystemServiceManager: Starting com.android.server.storage.DeviceStorageMonitorService
01-03 16:00:29.841  1868  1868 I SystemServer: StartLocationManagerService
01-03 16:00:29.843  1868  1868 I SystemServer: StartCountryDetectorService
01-03 16:00:29.845  1868  1868 I SystemServer: StartSearchManagerService
01-03 16:00:29.845  1868  1868 I SystemServiceManager: Starting com.android.server.search.SearchManagerService$Lifecycle
01-03 16:00:29.846  1868  1868 I SystemServer: StartWallpaperManagerService
01-03 16:00:29.846  1868  1868 I SystemServiceManager: Starting com.android.server.wallpaper.WallpaperManagerService$Lifecycle
01-03 16:00:29.848  1868  1868 I SystemServer: StartAudioService
01-03 16:00:29.848  1868  1868 I SystemServiceManager: Starting com.android.server.audio.AudioService$Lifecycle
01-03 16:00:29.858  1868  1868 W TelecomManager: Telecom Service not found.
01-03 16:00:29.864  1633  1674 D PermissionCache: checking android.permission.MODIFY_AUDIO_SETTINGS for uid=1000 => granted (934 us)
01-03 16:00:29.864  1633  1633 D PermissionCache: checking android.permission.MODIFY_AUDIO_ROUTING for uid=1000 => granted (1087 us)
01-03 16:00:29.866  1633  1696 W AudioFlinger: no wake lock to update, system not ready yet
01-03 16:00:29.869  1611  1611 W DeviceHAL: Error from HAL Device in function set_mic_mute: Function not implemented
01-03 16:00:29.892  1633  1633 D AudioFlinger: isLowRamDevice:false totalMemory:1567444992 mClientSharedHeapSize:4194304
01-03 16:00:29.893  1868  1868 I SystemServer: StartDockObserver
01-03 16:00:29.893  1868  1868 I SystemServiceManager: Starting com.android.server.DockObserver
01-03 16:00:29.893  1868  1868 W DockObserver: This kernel does not have dock station support
01-03 16:00:29.894  1868  1868 I SystemServer: StartWiredAccessoryManager
01-03 16:00:29.894  1868  1868 W WiredAccessoryManager: This kernel does not have usb audio support
01-03 16:00:29.894  1868  1868 W WiredAccessoryManager: This kernel does not have HDMI audio support
01-03 16:00:29.894  1868  1868 I SystemServer: StartMidiManager
01-03 16:00:29.894  1868  1868 I SystemServiceManager: Starting com.android.server.midi.MidiService$Lifecycle
01-03 16:00:29.913  1868  1868 I SystemServer: StartUsbService
01-03 16:00:29.913  1868  1868 I SystemServiceManager: Starting com.android.server.usb.UsbService$Lifecycle
01-03 16:00:29.917  1868  1868 E UsbDeviceManager: failed to write to /sys/class/android_usb/android0/f_rndis/ethaddr
01-03 16:00:29.919  1556  1556 W hwservicemanager: getTransport: Cannot find entry android.hardware.usb.gadget@1.0::IUsbGadget/default in either framework or device manifest.
01-03 16:00:29.932  1868  1868 I UsbDeviceManager: USB GADGET HAL not present in the device
01-03 16:00:29.932  1868  1868 I UsbDeviceManager: java.util.NoSuchElementException
01-03 16:00:29.932  1868  1868 I UsbDeviceManager: 	at android.os.HwBinder.getService(Native Method)
01-03 16:00:29.932  1868  1868 I UsbDeviceManager: 	at android.hardware.usb.gadget.V1_0.IUsbGadget.getService(IUsbGadget.java:40)
01-03 16:00:29.932  1868  1868 I UsbDeviceManager: 	at android.hardware.usb.gadget.V1_0.IUsbGadget.getService(IUsbGadget.java:44)
01-03 16:00:29.932  1868  1868 I UsbDeviceManager: 	at com.android.server.usb.UsbDeviceManager.<init>(UsbDeviceManager.java:267)
01-03 16:00:29.932  1868  1868 I UsbDeviceManager: 	at com.android.server.usb.UsbService.<init>(UsbService.java:139)
01-03 16:00:29.932  1868  1868 I UsbDeviceManager: 	at com.android.server.usb.UsbService$Lifecycle.onStart(UsbService.java:73)
01-03 16:00:29.932  1868  1868 I UsbDeviceManager: 	at com.android.server.SystemServiceManager.startService(SystemServiceManager.java:126)
01-03 16:00:29.932  1868  1868 I UsbDeviceManager: 	at com.android.server.SystemServiceManager.startService(SystemServiceManager.java:113)
01-03 16:00:29.932  1868  1868 I UsbDeviceManager: 	at com.android.server.SystemServiceManager.startService(SystemServiceManager.java:72)
01-03 16:00:29.932  1868  1868 I UsbDeviceManager: 	at com.android.server.SystemServer.startOtherServices(SystemServer.java:1299)
01-03 16:00:29.932  1868  1868 I UsbDeviceManager: 	at com.android.server.SystemServer.run(SystemServer.java:431)
01-03 16:00:29.932  1868  1868 I UsbDeviceManager: 	at com.android.server.SystemServer.main(SystemServer.java:294)
01-03 16:00:29.932  1868  1868 I UsbDeviceManager: 	at java.lang.reflect.Method.invoke(Native Method)
01-03 16:00:29.932  1868  1868 I UsbDeviceManager: 	at com.android.internal.os.RuntimeInit$MethodAndArgsCaller.run(RuntimeInit.java:493)
01-03 16:00:29.932  1868  1868 I UsbDeviceManager: 	at com.android.internal.os.ZygoteInit.main(ZygoteInit.java:838)
01-03 16:00:29.933  1868  1868 E UsbDeviceManagerJNI: could not open control for mtp No such file or directory
01-03 16:00:29.933  1868  1868 E UsbDeviceManager: Failed to open control for mtp
01-03 16:00:29.933  1868  1868 E UsbDeviceManagerJNI: could not open control for ptp No such file or directory
01-03 16:00:29.945  1868  1868 W StorageManagerService: No primary storage defined yet; hacking together a stub
01-03 16:00:29.948  1868  1868 E UsbDeviceManagerJNI: could not open /dev/usb_accessory
01-03 16:00:29.951  1868  1868 I android_os_HwBinder: HwBinder: Starting thread pool for default::android.hidl.manager@1.0::IServiceManager
01-03 16:00:29.953  1556  1556 W hwservicemanager: getTransport: Cannot find entry android.hardware.usb@1.0::IUsb/default in either framework or device manifest.
01-03 16:00:29.933  1868  1868 E UsbDeviceManager: Failed to open control for mtp
01-03 16:00:29.957  1868  1868 E UsbPortManager: connectToProxy: usb hal service not found. Did the service fail to start?
01-03 16:00:29.957  1868  1868 E UsbPortManager: java.util.NoSuchElementException
01-03 16:00:29.957  1868  1868 E UsbPortManager: 	at android.os.HwBinder.getService(Native Method)
01-03 16:00:29.957  1868  1868 E UsbPortManager: 	at android.os.HwBinder.getService(HwBinder.java:91)
01-03 16:00:29.957  1868  1868 E UsbPortManager: 	at android.hardware.usb.V1_0.IUsb.getService(IUsb.java:48)
01-03 16:00:29.957  1868  1868 E UsbPortManager: 	at android.hardware.usb.V1_0.IUsb.getService(IUsb.java:52)
01-03 16:00:29.957  1868  1868 E UsbPortManager: 	at com.android.server.usb.UsbPortManager.connectToProxy(UsbPortManager.java:531)
01-03 16:00:29.957  1868  1868 E UsbPortManager: 	at com.android.server.usb.UsbPortManager.<init>(UsbPortManager.java:137)
01-03 16:00:29.957  1868  1868 E UsbPortManager: 	at com.android.server.usb.UsbService.<init>(UsbService.java:142)
01-03 16:00:29.957  1868  1868 E UsbPortManager: 	at com.android.server.usb.UsbService$Lifecycle.onStart(UsbService.java:73)
01-03 16:00:29.957  1868  1868 E UsbPortManager: 	at com.android.server.SystemServiceManager.startService(SystemServiceManager.java:126)
01-03 16:00:29.957  1868  1868 E UsbPortManager: 	at com.android.server.SystemServiceManager.startService(SystemServiceManager.java:113)
01-03 16:00:29.957  1868  1868 E UsbPortManager: 	at com.android.server.SystemServiceManager.startService(SystemServiceManager.java:72)
01-03 16:00:29.957  1868  1868 E UsbPortManager: 	at com.android.server.SystemServer.startOtherServices(SystemServer.java:1299)
01-03 16:00:29.957  1868  1868 E UsbPortManager: 	at com.android.server.SystemServer.run(SystemServer.java:431)
01-03 16:00:29.957  1868  1868 E UsbPortManager: 	at com.android.server.SystemServer.main(SystemServer.java:294)
01-03 16:00:29.957  1868  1868 E UsbPortManager: 	at java.lang.reflect.Method.invoke(Native Method)
01-03 16:00:29.957  1868  1868 E UsbPortManager: 	at com.android.internal.os.RuntimeInit$MethodAndArgsCaller.run(RuntimeInit.java:493)
01-03 16:00:29.957  1868  1868 E UsbPortManager: 	at com.android.internal.os.ZygoteInit.main(ZygoteInit.java:838)
01-03 16:00:29.958  1868  1868 I SystemServer: StartSerialService
01-03 16:00:29.959  1868  1868 I SystemServer: StartHardwarePropertiesManagerService
01-03 16:00:29.960  1556  1556 W hwservicemanager: getTransport: Cannot find entry android.hardware.thermal@1.0::IThermal/default in either framework or device manifest.
01-03 16:00:29.960  1868  1868 E HardwarePropertiesManagerService-JNI: Unable to get Thermal service.
01-03 16:00:29.960  1868  1868 I SystemServer: StartTwilightService
01-03 16:00:29.961  1868  1868 I SystemServiceManager: Starting com.android.server.twilight.TwilightService
01-03 16:00:29.961  1868  1868 I SystemServer: StartJobScheduler
01-03 16:00:29.961  1868  1868 I SystemServiceManager: Starting com.android.server.job.JobSchedulerService
01-03 16:00:29.965  1868  1874 W System  : A resource was acquired at attached stack trace but never released. See java.io.Closeable for information on avoiding resource leaks.
01-03 16:00:29.965  1868  1874 W System  : java.lang.Throwable: Explicit termination method 'close' not called
01-03 16:00:29.965  1868  1874 W System  : 	at dalvik.system.CloseGuard.open(CloseGuard.java:221)
01-03 16:00:29.965  1868  1874 W System  : 	at java.io.FileInputStream.<init>(FileInputStream.java:168)
01-03 16:00:29.965  1868  1874 W System  : 	at com.android.internal.os.AtomicFile.openRead(AtomicFile.java:147)
01-03 16:00:29.965  1868  1874 W System  : 	at com.android.server.storage.CacheQuotaStrategy.setupQuotasFromFile(CacheQuotaStrategy.java:301)
01-03 16:00:29.965  1868  1874 W System  : 	at com.android.server.usage.StorageStatsService$H.handleMessage(StorageStatsService.java:508)
01-03 16:00:29.965  1868  1874 W System  : 	at android.os.Handler.dispatchMessage(Handler.java:106)
01-03 16:00:29.965  1868  1874 W System  : 	at android.os.Looper.loop(Looper.java:193)
01-03 16:00:29.965  1868  1874 W System  : 	at android.os.HandlerThread.run(HandlerThread.java:65)
01-03 16:00:29.965  1868  1874 W System  : 	at com.android.server.ServiceThread.run(ServiceThread.java:44)
01-03 16:00:29.967  1868  1868 D JobStore: Start tag: job-info
01-03 16:00:29.970  1868  1868 I JobStore: Read 88 jobs
01-03 16:00:29.974  1868  1868 I SystemServer: StartSoundTrigger
01-03 16:00:29.974  1868  1868 I SystemServiceManager: Starting com.android.server.soundtrigger.SoundTriggerService
01-03 16:00:29.975  1868  1868 I SystemServer: StartTrustManager
01-03 16:00:29.975  1868  1868 I SystemServiceManager: Starting com.android.server.trust.TrustManagerService
01-03 16:00:29.976  1868  1868 I SystemServer: StartBackupManager
01-03 16:00:29.976  1868  1868 I SystemServiceManager: Starting com.android.server.backup.BackupManagerService$Lifecycle
01-03 16:00:29.977  1868  1868 I SystemServer: StartAppWidgerService
01-03 16:00:29.977  1868  1868 I SystemServiceManager: Starting com.android.server.appwidget.AppWidgetService
01-03 16:00:29.981  1868  1868 D OpenGLRenderer: Skia GL Pipeline
01-03 16:00:29.983  1868  1868 I SystemServer: StartVoiceRecognitionManager
01-03 16:00:29.983  1868  1868 I SystemServiceManager: Starting com.android.server.voiceinteraction.VoiceInteractionManagerService
01-03 16:00:29.985  1868  1868 I SystemServer: StartGestureLauncher
01-03 16:00:29.985  1868  1868 I SystemServiceManager: Starting com.android.server.GestureLauncherService
01-03 16:00:29.985  1868  1868 I SystemServer: StartSensorNotification
01-03 16:00:29.985  1868  1868 I SystemServiceManager: Starting com.android.server.SensorNotificationService
01-03 16:00:29.985  1868  1868 I SystemServer: StartContextHubSystemService
01-03 16:00:29.985  1868  1868 I SystemServiceManager: Starting com.android.server.ContextHubSystemService
01-03 16:00:29.985  1868  1868 I SystemServer: StartDiskStatsService
01-03 16:00:29.987  1868  1868 I SystemServer: StartNetworkTimeUpdateService
01-03 16:00:29.988  1868  1868 I SystemServer: StartCommonTimeManagementService
01-03 16:00:29.989  1556  1556 W hwservicemanager: getTransport: Cannot find entry android.hardware.contexthub@1.0::IContexthub/default in either framework or device manifest.
01-03 16:00:29.989  1868  1868 I SystemServer: CertBlacklister
01-03 16:00:29.989  1868  1868 I SystemServer: StartEmergencyAffordanceService
01-03 16:00:29.989  1868  1937 I ContextHubService: Context Hub HAL service not found
01-03 16:00:29.989  1868  1868 I SystemServiceManager: Starting com.android.server.emergency.EmergencyAffordanceService
01-03 16:00:29.990  1868  1868 I SystemServer: StartDreamManager
01-03 16:00:29.990  1868  1868 I SystemServiceManager: Starting com.android.server.dreams.DreamManagerService
01-03 16:00:29.992  1868  1868 I SystemServer: AddGraphicsStatsService
01-03 16:00:29.995  1868  1868 I SystemServer: StartPrintManager
01-03 16:00:29.995  1868  1868 I SystemServiceManager: Starting com.android.server.print.PrintManagerService
01-03 16:00:29.996  1868  1868 I SystemServer: StartRestrictionManager
01-03 16:00:29.996  1868  1868 I SystemServiceManager: Starting com.android.server.restrictions.RestrictionsManagerService
01-03 16:00:29.998  1868  1868 I SystemServer: StartMediaSessionService
01-03 16:00:29.998  1868  1868 I SystemServiceManager: Starting com.android.server.media.MediaSessionService
01-03 16:00:30.003  1868  1868 I SystemServer: StartMediaUpdateService
01-03 16:00:30.004  1868  1868 I SystemServiceManager: Starting com.android.server.media.MediaUpdateService
01-03 16:00:30.004  1868  1868 I SystemServer: StartMediaResourceMonitor
01-03 16:00:30.004  1868  1868 I SystemServiceManager: Starting com.android.server.media.MediaResourceMonitorService
01-03 16:00:30.005  1868  1868 I SystemServer: StartMediaRouterService
01-03 16:00:30.006  1868  1868 I SystemServer: StartFingerprintSensor
01-03 16:00:30.006  1868  1868 I SystemServiceManager: Starting com.android.server.fingerprint.FingerprintService
01-03 16:00:30.009  1868  1868 I SystemServer: StartBackgroundDexOptService
01-03 16:00:30.010  1868  1938 V FingerprintService: mDaemon was null, reconnect to fingerprint
01-03 16:00:30.010  1868  1868 W BackgroundDexOptService: SysProp pm.dexopt.downgrade_after_inactive_days not set
01-03 16:00:30.010  1868  1868 I SystemServer: StartPruneInstantAppsJobService
01-03 16:00:30.011  1868  1868 I SystemServer: StartShortcutServiceLifecycle
01-03 16:00:30.011  1868  1868 I SystemServiceManager: Starting com.android.server.pm.ShortcutService$Lifecycle
01-03 16:00:30.012  1868  1868 I SystemServer: StartLauncherAppsService
01-03 16:00:30.012  1868  1868 I SystemServiceManager: Starting com.android.server.pm.LauncherAppsService
01-03 16:00:30.012  1868  1938 I android_os_HwBinder: HwBinder: Starting thread pool for default::android.hardware.biometrics.fingerprint@2.1::IBiometricsFingerprint
01-03 16:00:30.012  1868  1868 I SystemServer: StartCrossProfileAppsService
01-03 16:00:30.012  1868  1868 I SystemServiceManager: Starting com.android.server.pm.CrossProfileAppsService
01-03 16:00:30.013  1868  1868 I SystemServer: StartMediaProjectionManager
01-03 16:00:30.013  1868  1868 I SystemServiceManager: Starting com.android.server.media.projection.MediaProjectionManagerService
01-03 16:00:30.013  1868  1938 V FingerprintService: Fingerprint HAL id: 4066021376
01-03 16:00:30.014  1745  1745 D FingerprintHal: ----------------> fingerprint_set_active_group -----------------> path /data/vendor_de/0/fpdata
01-03 16:00:30.014  1745  1745 D FingerprintHal: ----------------> loadFingerprints ----------------->
01-03 16:00:30.014  1745  1745 E FingerprintHal: Could not load fingerprints from storage at /data/vendor_de/0/fpdata/emufp.bin; it has not yet been created.
01-03 16:00:30.015  1745  1745 D FingerprintHal: ----------------> loadAuthenticatorId ----------------->
01-03 16:00:30.016  1745  1745 D FingerprintHal: Read authenticator id (0x6b8b4567327b23c6)
01-03 16:00:30.017  1868  1868 V MediaRouter: Adding route: RouteInfo{ name=Phone, description=null, status=null, category=RouteCategory{ name=System types=ROUTE_TYPE_LIVE_AUDIO ROUTE_TYPE_LIVE_VIDEO  groupable=false }, supportedTypes=ROUTE_TYPE_LIVE_AUDIO ROUTE_TYPE_LIVE_VIDEO , presentationDisplay=null }
01-03 16:00:30.017  1868  1938 V FingerprintService: Enumerating user(0)
01-03 16:00:30.017  1868  1938 V FingerprintService: starting client InternalEnumerateClient(android), initiatedByClient = true
01-03 16:00:30.017  1745  1745 D FingerprintHal: ----------------> fingerprint_enumerate ----------------->
01-03 16:00:30.017  1745  1745 D android.hardware.biometrics.fingerprint@2.1-service: onEnumerate(fid=0, gid=0, rem=0)
01-03 16:00:30.019  1868  1868 V MediaRouter: Selecting route: RouteInfo{ name=Phone, description=null, status=null, category=RouteCategory{ name=System types=ROUTE_TYPE_LIVE_AUDIO ROUTE_TYPE_LIVE_VIDEO  groupable=false }, supportedTypes=ROUTE_TYPE_LIVE_AUDIO ROUTE_TYPE_LIVE_VIDEO , presentationDisplay=null }
01-03 16:00:30.019  1868  1868 I SystemServer: StartSliceManagerService
01-03 16:00:30.019  1868  1868 I SystemServiceManager: Starting com.android.server.slice.SliceManagerService$Lifecycle
01-03 16:00:30.022  1868  1868 I SystemServer: StartCameraServiceProxy
01-03 16:00:30.023  1868  1868 I SystemServiceManager: Starting com.android.server.camera.CameraServiceProxy
01-03 16:00:30.025  1868  1868 I SystemServer: StartStatsCompanionService
01-03 16:00:30.025  1868  1868 I SystemServiceManager: Starting com.android.server.stats.StatsCompanionService$Lifecycle
01-03 16:00:30.025  1868  1868 E KernelUidCpuFreqTimeReader: Failed to read /proc/uid_time_in_state: java.io.FileNotFoundException: /proc/uid_time_in_state (No such file or directory)
01-03 16:00:30.027  1868  1868 I WindowManager: SAFE MODE not enabled
01-03 16:00:30.027  1868  1868 I SystemServer: StartJitCompilation
01-03 16:00:30.027  1868  1868 I SystemServer: StartMmsService
01-03 16:00:30.027  1868  1868 I SystemServiceManager: Starting com.android.server.MmsServiceBroker
01-03 16:00:30.027  1868  1868 I SystemServer: StartAutoFillService
01-03 16:00:30.027  1868  1868 I SystemServiceManager: Starting com.android.server.autofill.AutofillManagerService
01-03 16:00:30.028  1868  1868 I AutofillManagerService: Setting debug to false
01-03 16:00:30.029  1868  1868 I SystemServer: MakeVibratorServiceReady
01-03 16:00:30.029  1868  1868 I SystemServer: MakeLockSettingsServiceReady
01-03 16:00:30.040  1556  1556 W hwservicemanager: getTransport: Cannot find entry android.hardware.weaver@1.0::IWeaver/default in either framework or device manifest.
01-03 16:00:30.040  1868  1868 I SyntheticPasswordManager: Device does not support weaver
01-03 16:00:30.040  1556  1556 W hwservicemanager: getTransport: Cannot find entry android.hardware.authsecret@1.0::IAuthSecret/default in either framework or device manifest.
01-03 16:00:30.041  1868  1868 I LockSettingsService: Device doesn't implement AuthSecret HAL
01-03 16:00:30.042  1868  1868 E LockSettingsStorage: Cannot read file java.io.FileNotFoundException: /data/system/gatekeeper.password.key: open failed: ENOENT (No such file or directory)
01-03 16:00:30.042  1868  1868 E LockSettingsStorage: Cannot read file java.io.FileNotFoundException: /data/system/password.key: open failed: ENOENT (No such file or directory)
01-03 16:00:30.043  1868  1868 E LockSettingsStorage: Cannot read file java.io.FileNotFoundException: /data/system/gatekeeper.pattern.key: open failed: ENOENT (No such file or directory)
01-03 16:00:30.043  1868  1868 E LockSettingsStorage: Cannot read file java.io.FileNotFoundException: /data/system/gatekeeper.gesture.key: open failed: ENOENT (No such file or directory)
01-03 16:00:30.043  1868  1868 E LockSettingsStorage: Cannot read file java.io.FileNotFoundException: /data/system/gesture.key: open failed: ENOENT (No such file or directory)
01-03 16:00:30.043  1868  1868 I SystemServer: StartBootPhaseLockSettingsReady
01-03 16:00:30.043  1868  1868 I SystemServiceManager: Starting phase 480
01-03 16:00:30.102  1868  1868 I DevicePolicyManager: Set ro.device_owner property to false
01-03 16:00:30.103  1868  1868 W SystemServiceManager: Service com.android.server.devicepolicy.DevicePolicyManagerService$Lifecycle took 59 ms in onBootPhase
01-03 16:00:30.106  1868  1868 I SystemServer: StartBootPhaseSystemServicesReady
01-03 16:00:30.106  1868  1868 I SystemServiceManager: Starting phase 500
01-03 16:00:30.109  1868  1887 E KernelUidCpuFreqTimeReader: Failed to read /proc/uid_time_in_state: java.io.FileNotFoundException: /proc/uid_time_in_state (No such file or directory)
01-03 16:00:30.110  1868  1868 D AppStandbyController: Setting app idle enabled state
01-03 16:00:30.112  1868  1868 I VrManagerService: No default vr listener service found.
01-03 16:00:30.117  1868  1868 I WifiService: WifiService starting up with Wi-Fi enabled
01-03 16:00:30.121  1868  1969 I android_os_HwBinder: HwBinder: Starting thread pool for default::android.hidl.manager@1.0::IServiceManager
01-03 16:00:30.122  1868  1987 D HalDevMgr: IWifi registration notification: fqName=android.hardware.wifi@1.0::IWifi, name=default, preexisting=true
01-03 16:00:30.126  1868  1969 I android_os_HwBinder: HwBinder: Starting thread pool for default::android.hardware.wifi@1.0::IWifi
01-03 16:00:30.128  1868  1969 D WificondControl: tearing down interfaces in wificond
01-03 16:00:30.137  1868  1868 D WifiService: setWifiEnabled: true pid=1868, uid=1000, package=android
01-03 16:00:30.137  1868  1868 I WifiService: setWifiEnabled package=android uid=1000 enable=true
01-03 16:00:30.137  1868  1868 I WifiScanningService: Starting wifiscanner
01-03 16:00:30.147  1633  1633 D PermissionCache: checking android.permission.CAPTURE_AUDIO_HOTWORD for uid=1000 => granted (1316 us)
01-03 16:00:30.148  1868  1868 W SoundTriggerHelper: listModules status=0, # of modules=0
01-03 16:00:30.149  1868  1868 D ContextHubSystemService: onBootPhase: PHASE_SYSTEM_SERVICES_READY
01-03 16:00:30.149  1868  1868 I SystemServer: MakeWindowManagerServiceReady
01-03 16:00:30.156  1868  1868 I android_os_HwBinder: HwBinder: Starting thread pool for default::android.hardware.configstore@1.0::ISurfaceFlingerConfigs
01-03 16:00:30.157  1868  1868 I SystemServer: MakePowerManagerServiceReady
01-03 16:00:30.183  1868  1969 D WifiStateMachinePrime: received a message in WifiDisabledState: { when=0 what=3 target=com.android.internal.util.StateMachine$SmHandler }
01-03 16:00:30.183  1868  1969 D WifiStateMachinePrime: Switching from WifiDisabledState to WifiDisabled
01-03 16:00:30.183  1868  1969 D WifiStateMachinePrime: Entering WifiDisabledState
01-03 16:00:30.183  1868  1969 D ActiveModeManager: sending scan available broadcast: false
01-03 16:00:30.184  1868  1868 I SystemServer: MakePackageManagerServiceReady
01-03 16:00:30.185  1868  1968 D WifiController: WifiController msg { when=-48ms what=155656 target=com.android.internal.util.StateMachine$SmHandler } deferred for 500ms
01-03 16:00:30.189  1868  1894 W KeyguardServiceDelegate: onScreenTurningOn(): no keyguard service!
01-03 16:00:30.204  1868  1868 V UserDataPreparer: Found /data/user_de/0 with serial number 0
01-03 16:00:30.204  1868  1868 V UserDataPreparer: Found /data/user/0 with serial number 0
01-03 16:00:30.204  1868  1868 V UserDataPreparer: Found /data/system_de/0 with serial number 0
01-03 16:00:30.204  1868  1868 V UserDataPreparer: Found /data/system_ce/0 with serial number 0
