01-03 16:00:30.204  1868  1868 V UserDataPreparer: Found /data/misc_ce/0 with serial number 0
01-03 16:00:30.205  1868  1868 I SystemServer: MakeDisplayManagerServiceReady
01-03 16:00:30.206  1868  1868 I SystemServer: StartDeviceSpecificServices
01-03 16:00:30.206  1868  1868 I SystemServer: StartBootPhaseDeviceSpecificServicesReady
01-03 16:00:30.206  1868  1868 I SystemServiceManager: Starting phase 520
01-03 16:00:30.210  1868  1868 W UsageStatsService: Event reported without a package name
01-03 16:00:30.216  1868  1868 I ActivityManager: System now ready
01-03 16:00:30.232  1868  1868 I SystemServer: Making services ready
01-03 16:00:30.233  1868  1868 I SystemServer: StartActivityManagerReadyPhase
01-03 16:00:30.233  1868  1868 I SystemServiceManager: Starting phase 550
01-03 16:00:30.234  1868  1868 W ActivityManager: Too early to start/bind service in system_server: Phase=550 ComponentInfo{com.android.server.telecom/com.android.server.telecom.components.TelecomService}
01-03 16:00:30.235  1868  1868 W ActivityManager: Too early to start/bind service in system_server: Phase=550 ComponentInfo{com.android.server.telecom/com.android.server.telecom.components.TelecomService}
01-03 16:00:30.341  1868  1868 W SystemServiceManager: Service com.android.server.InputMethodManagerService$Lifecycle took 72 ms in onBootPhase
01-03 16:00:30.341  1868  1959 D StorageManagerService: Thinking about init, mSystemReady=true, mDaemonConnected=true
01-03 16:00:30.341  1868  1959 D StorageManagerService: Setting up emulation state, initlocked=false
01-03 16:00:30.341  1565  1569 D vold    : e4crypt_unlock_user_key 0 serial=0 token_present=0
01-03 16:00:30.342  1868  1959 D StorageManagerService: Thinking about reset, mSystemReady=true, mDaemonConnected=true
01-03 16:00:30.342  1868  1882 I ActivityManager: Force stopping com.android.providers.media appid=10007 user=-1: vold reset
01-03 16:00:30.343  1868  1868 I WallpaperManagerService: No static wallpaper imagery; defaults will be shown
01-03 16:00:30.344  1868  1961 V StorageManagerService: Found primary storage at VolumeInfo{emulated}:
01-03 16:00:30.344  1868  1961 V StorageManagerService:     type=EMULATED diskId=null partGuid= mountFlags=0 mountUserId=-1 
01-03 16:00:30.344  1868  1961 V StorageManagerService:     state=UNMOUNTED 
01-03 16:00:30.344  1868  1961 V StorageManagerService:     fsType=null fsUuid=null fsLabel=null 
01-03 16:00:30.344  1868  1961 V StorageManagerService:     path=null internalPath=null 
01-03 16:00:30.352  1565  1569 V vold    : Waiting for FUSE to spin up...
01-03 16:00:30.360  1868  1868 E BitmapFactory: Unable to decode stream: java.io.FileNotFoundException: /data/system/users/0/wallpaper_orig (No such file or directory)
01-03 16:00:30.360  1868  1868 W WallpaperManagerService: Invalid wallpaper data
01-03 16:00:30.360  1868  1868 E WallpaperManagerService: Unable to apply new wallpaper
01-03 16:00:30.362  1868  1868 I SystemServer: StartObservingNativeCrashes
01-03 16:00:30.363  1868  1981 I AudioService: setBluetoothScoOnInt: false resetBluetoothSco
01-03 16:00:30.364  1868  1981 E BluetoothAdapter: Bluetooth binder is null
01-03 16:00:30.364  1868  1868 I SystemServer: StartSystemUI
01-03 16:00:30.364  1868  1880 I SystemServer: WebViewFactoryPreparation
01-03 16:00:30.366  1868  1868 I SystemServer: MakeNetworkManagementServiceReady
01-03 16:00:30.367  1868  1981 E BluetoothAdapter: Bluetooth binder is null
01-03 16:00:30.368  1633  1633 I AudioFlinger: systemReady
01-03 16:00:30.369  1868  1868 D NetworkManagement: enabling bandwidth control
01-03 16:00:30.386  1868  1868 W NetworkManagement: setDataSaverMode(): already false
01-03 16:00:30.387  1868  1868 I SystemServer: MakeIpSecServiceReady
01-03 16:00:30.389  1868  1868 D IpSecService: IpSecService is ready
01-03 16:00:30.389  1868  1868 I SystemServer: MakeNetworkStatsServiceReady
01-03 16:00:30.389  1868  1887 E BatteryExternalStatsWorker: no controller energy info supplied for wifi
01-03 16:00:30.389  1868  1887 E BatteryExternalStatsWorker: no controller energy info supplied for telephony
01-03 16:00:30.391  1868  1884 W ActivityManager: Slow operation: 53ms so far, now at startProcess: returned from zygote!
01-03 16:00:30.392  1868  1880 D WebViewLibraryLoader: Setting new address space to 156515720
01-03 16:00:30.392  1868  1884 W ActivityManager: Slow operation: 54ms so far, now at startProcess: done updating battery stats
01-03 16:00:30.392  1868  1884 W ActivityManager: Slow operation: 54ms so far, now at startProcess: building log message
01-03 16:00:30.392  1868  1884 I ActivityManager: Start proc 2001:com.google.android.inputmethod.latin/u0a58 for service com.google.android.inputmethod.latin/com.android.inputmethod.latin.LatinIME
01-03 16:00:30.392  1868  1884 W ActivityManager: Slow operation: 54ms so far, now at startProcess: starting to update pids map
01-03 16:00:30.392  1868  1884 W ActivityManager: Slow operation: 54ms so far, now at startProcess: done updating pids map
01-03 16:00:30.400  1868  1868 W BestClock: java.time.DateTimeException: Missing NTP fix
01-03 16:00:30.401  1868  1966 W NetworkPolicy: setRestrictBackgroundUL: already false
01-03 16:00:30.402  1565  1569 V vold    : Waiting for FUSE to spin up...
01-03 16:00:30.403  1996  1996 W sdcard  : Device explicitly enabled sdcardfs
01-03 16:00:30.406  1868  1966 W BestClock: java.time.DateTimeException: Missing NTP fix
01-03 16:00:30.406  2001  2001 W putmethod.lati: Unexpected CPU variant for X86 using defaults: x86
01-03 16:00:30.412  1868  1868 I SystemServer: MakeConnectivityServiceReady
01-03 16:00:30.413  1732  1771 W MediaExtractorFactory: couldn't dlopen(/system/lib/extractors/.) Is a directory
01-03 16:00:30.413  1868  1868 D PermissionMonitor: Monitoring
01-03 16:00:30.420  2001  2001 E putmethod.lati: Not starting debugger since process cannot load the jdwp agent.
01-03 16:00:30.421  1868  1868 D PermissionMonitor: Users: 1, Apps: 91
01-03 16:00:30.425  1868  1868 I SystemServer: MakeNetworkPolicyServiceReady
01-03 16:00:30.425  1868  1868 I SystemServer: StartWatchdog
01-03 16:00:30.425  1868  1868 I SystemServer: PhaseThirdPartyAppsCanStart
01-03 16:00:30.425  1868  1868 I SystemServiceManager: Starting phase 600
01-03 16:00:30.426  1868  1868 V WallpaperManagerService: bindWallpaperComponentLocked: componentName=ComponentInfo{com.android.systemui/com.android.systemui.ImageWallpaper}
01-03 16:00:30.435  1868  1884 W ActivityManager: Slow operation: 70ms so far, now at startProcess: returned from zygote!
01-03 16:00:30.435  1868  1884 W ActivityManager: Slow operation: 70ms so far, now at startProcess: done updating battery stats
01-03 16:00:30.435  1868  1884 W ActivityManager: Slow operation: 70ms so far, now at startProcess: building log message
01-03 16:00:30.436  1868  1884 I ActivityManager: Start proc 2016:com.android.systemui/u0a28 for service com.android.systemui/.SystemUIService
01-03 16:00:30.436  1868  1884 W ActivityManager: Slow operation: 71ms so far, now at startProcess: starting to update pids map
01-03 16:00:30.436  1868  1884 W ActivityManager: Slow operation: 71ms so far, now at startProcess: done updating pids map
01-03 16:00:30.436  1732  1771 E linker  : library "/system/lib/extractors/.." ("/system/lib") needed or dlopened by "/system/lib/libstagefright.so" is not accessible for the namespace: [name="(default)", ld_library_paths="", default_library_paths="/system/lib", permitted_paths="/system/lib/drm:/system/lib/extractors:/system/lib/hw:/system/product/lib:/system/framework:/system/app:/system/priv-app:/vendor/framework:/vendor/app:/vendor/priv-app:/odm/framework:/odm/app:/odm/priv-app:/oem/app:/system/product/framework:/system/product/app:/system/product/priv-app:/data:/mnt/expand"]
01-03 16:00:30.436  1732  1771 W MediaExtractorFactory: couldn't dlopen(/system/lib/extractors/..) Is a directory
01-03 16:00:30.441  1868  1965 W BestClock: java.time.DateTimeException: Missing NTP fix
01-03 16:00:30.442  2016  2016 W ndroid.systemu: Unexpected CPU variant for X86 using defaults: x86
01-03 16:00:30.451  1868  1965 W BestClock: java.time.DateTimeException: Missing NTP fix
01-03 16:00:30.454  1868  1966 W BestClock: java.time.DateTimeException: Missing NTP fix
01-03 16:00:30.459  1868  1868 I StatsCompanionService: Told statsd that StatsCompanionService is alive.
01-03 16:00:30.460  1868  1868 I SystemServer: MakeLocationServiceReady
01-03 16:00:30.461  2016  2016 E ndroid.systemu: Not starting debugger since process cannot load the jdwp agent.
01-03 16:00:30.461  1732  1771 E MediaExtractorFactory: couldn't opendir(/vendor/lib/extractors)
01-03 16:00:30.461  1556  1556 W hwservicemanager: getTransport: Cannot find entry android.hardware.gnss@1.1::IGnss/default in either framework or device manifest.
01-03 16:00:30.463  1868  1868 D GnssLocationProvider: gnssHal 1.1 was null, trying 1.0
01-03 16:00:30.471  1868  1868 I GnssLocationProvider: WakeLock acquired by sendMessage(INITIALIZE_HANDLER, 0, null)
01-03 16:00:30.471  1868  1881 D GnssLocationProvider: Link to death notification successful
01-03 16:00:30.472  1620  1620 I GnssHAL_GnssInterface: getExtensionXtra: GnssXtra interface not implemented by HAL
01-03 16:00:30.475  1868  1868 W LocationProviderProxy-network: Odd, no component found for service com.android.location.service.v3.NetworkLocationProvider
01-03 16:00:30.475  2033  2033 W WebViewLoader-: Unexpected CPU variant for X86 using defaults: x86
01-03 16:00:30.475  1868  1884 W ActivityManager: Slow operation: 74ms so far, now at startProcess: returned from zygote!
01-03 16:00:30.476  1620  1620 I GnssHAL_GnssInterface: getExtensionAGnssRil: GnssRil interface not implemented by HAL
01-03 16:00:30.476  1620  1620 E GnssHAL_GnssInterface: getExtensionAGnss: AGnss interface not implemented by HAL
01-03 16:00:30.476  1620  1620 I GnssHAL_GnssInterface: getExtensionGnssNavigationMessage: GnssNavigationMessage interface not implemented by HAL
01-03 16:00:30.476  1620  1620 E GnssHAL_GnssInterface: getExtensionGnssMeasurement: GnssMeasurement interface not implemented by HAL
01-03 16:00:30.476  1620  1620 I GnssHAL_GnssInterface: getExtensionGnssDebug: GnssDebug interface not implemented by HAL
01-03 16:00:30.476  1868  1884 W ActivityManager: Slow operation: 75ms so far, now at startProcess: done updating battery stats
01-03 16:00:30.477  1620  1620 I GnssHAL_GnssInterface: getExtensionGnssNi: GnssNi interface not implemented by HAL
01-03 16:00:30.477  1620  1620 E GnssHAL_GnssInterface: getExtensionGnssConfiguration: GnssConfiguration interface not implemented by HAL
01-03 16:00:30.478  1620  1620 E GnssHAL_GnssInterface: getExtensionGnssGeofencing: GnssGeofencing interface not implemented by HAL
01-03 16:00:30.479  1620  1620 E GnssHAL_GnssInterface: gnss flp hw_get_module failed: -2
01-03 16:00:30.479  1868  1884 W ActivityManager: Slow operation: 78ms so far, now at startProcess: building log message
01-03 16:00:30.479  1868  1884 I ActivityManager: Start proc 2033:WebViewLoader-x86/1037 [android.webkit.WebViewLibraryLoader$RelroFileCreator] for 
01-03 16:00:30.479  1620  1620 E GnssHAL_GnssInterface: getExtensionGnssBatching: GnssBatching interface is not implemented by HAL
01-03 16:00:30.479  1868  1884 W ActivityManager: Slow operation: 78ms so far, now at startProcess: starting to update pids map
01-03 16:00:30.479  1868  1884 W ActivityManager: Slow operation: 78ms so far, now at startProcess: done updating pids map
01-03 16:00:30.480  1868  1868 W GeocoderProxy: Odd, no component found for service com.android.location.service.GeocodeProvider
01-03 16:00:30.481  1868  1868 W GeofenceProxy: Odd, no component found for service com.android.location.service.GeofenceProvider
01-03 16:00:30.481  1868  1868 E ActivityRecognitionHardware: activity_recognition HAL is deprecated. is_supported is effectively a no-op
01-03 16:00:30.481  1868  1868 D LocationManagerService: Hardware Activity-Recognition not supported.
01-03 16:00:30.482  1868  1868 W ActivityRecognitionProxy: Odd, no component found for service com.android.location.service.ActivityRecognitionProvider
01-03 16:00:30.484  1868  1868 I GnssLocationProvider: WakeLock acquired by sendMessage(ENABLE, 1, null)
01-03 16:00:30.485  1868  1882 W BroadcastQueue: Background execution not allowed: receiving Intent { act=android.location.PROVIDERS_CHANGED flg=0x10 } to com.google.android.gms/.chimera.GmsIntentOperationService$PersistentTrustedReceiver
01-03 16:00:30.485  1868  1881 D GnssLocationProvider: gnssSetCapabilitesCb: 0u
01-03 16:00:30.486  1868  1882 W BroadcastQueue: Background execution not allowed: receiving Intent { act=android.location.MODE_CHANGED flg=0x10 } to com.google.android.gms/.chimera.GmsIntentOperationService$PersistentTrustedReceiver
01-03 16:00:30.487  1868  1868 I SystemServer: MakeCountryDetectionServiceReady
01-03 16:00:30.487  1868  1868 I SystemServer: MakeNetworkTimeUpdateReady
01-03 16:00:30.488  1868  1987 I GnssLocationProvider: WakeLock acquired by sendMessage(REPORT_SV_STATUS, 0, com.android.server.location.GnssLocationProvider$SvStatusInfo@c51ad3b)
01-03 16:00:30.489  1868  1881 D GnssLocationProvider: gnssSetSystemInfoCb: yearOfHw=2015
01-03 16:00:30.490  1868  1868 D ConnectivityService: requestNetwork for uid/pid:1000/1868 NetworkRequest [ TRACK_DEFAULT id=6, [ Capabilities: INTERNET&NOT_RESTRICTED&TRUSTED Unwanted:  Uid: 1000] ]
01-03 16:00:30.490  1868  1868 I SystemServer: MakeCommonTimeManagementServiceReady
01-03 16:00:30.490  1868  1881 E GnssLocationProvider: Unable to initialize GNSS Xtra interface
01-03 16:00:30.490  1868  1881 I GnssLocationProvider: Unable to Initialize AGnss interface
01-03 16:00:30.490  1868  1881 I GnssLocationProvider: Unable to initialize GNSS Geofencing interface
01-03 16:00:30.490  1868  1881 I GnssLocationProvider: Unable to initialize GNSS NI interface
01-03 16:00:30.490  1868  1881 I GnssLocationProvider: Unable to Initialize AGnss Ril interface
01-03 16:00:30.491  1868  1868 I CommonTimeManagementService: No common time service detected on this platform.  Common time services will be unavailable.
01-03 16:00:30.491  1868  1868 I SystemServer: MakeInputManagerServiceReady
01-03 16:00:30.491  1868  1868 I SystemServer: MakeTelephonyRegistryReady
01-03 16:00:30.492  1868  1868 I SystemServer: MakeMediaRouterServiceReady
01-03 16:00:30.492  1868  1868 I SystemServer: MakeMmsServiceReady
01-03 16:00:30.493  1868  1868 I MmsServiceBroker: Delay connecting to MmsService until an API is called
01-03 16:00:30.493  1868  1868 I SystemServer: IncidentDaemonReady
01-03 16:00:30.494  1868  1987 I GnssLocationProvider: WakeLock acquired by sendMessage(REPORT_SV_STATUS, 0, com.android.server.location.GnssLocationProvider$SvStatusInfo@b335921)
01-03 16:00:30.495  1868  1881 E GnssLocationProvider: no AGPS interface in set_agps_server
01-03 16:00:30.499  1868  1957 I InputReader: Reconfiguring input devices.  changes=0x00000020
01-03 16:00:30.499  1868  1868 I SystemServiceManager: Calling onStartUser u0
01-03 16:00:30.502  1734  1788 D StagefrightPluginLoader: Failed to load library: libstagefright_ccodec.so (dlopen failed: library "libstagefright_ccodec.so" not found)
01-03 16:00:30.502  1734  1788 D StagefrightPluginLoader: Handle or CreateInputSurface symbol is null
01-03 16:00:30.502  1734  1788 D StagefrightPluginLoader: Handle or CreateBuilder symbol is null
01-03 16:00:30.505  1868  1957 I InputReader: Reconfiguring input devices.  changes=0x00000010
01-03 16:00:30.505  2033  2033 E WebViewLoader-: Not starting debugger since process cannot load the jdwp agent.
01-03 16:00:30.507  1868  2007 W ZygoteProcess: Got error connecting to zygote, retrying. msg= Connection refused
01-03 16:00:30.510  1868  1868 I ActivityManager: START u0 {act=android.intent.action.MAIN cat=[android.intent.category.HOME] flg=0x10000100 cmp=com.android.settings/.FallbackHome} from uid 0
01-03 16:00:30.510  1734  1788 I OMXClient: IOmx service obtained
01-03 16:00:30.511  1739  1739 I OMXMaster: makeComponentInstance(OMX.google.aac.decoder) in omx@1.0-service process
01-03 16:00:30.514  2046  2046 I WebViewZygoteInit: Starting WebViewZygoteInit
01-03 16:00:30.514  2046  2046 I WebViewZygoteInit: --zygote-socket=com.android.internal.os.WebViewZygoteInit/634ca317-ee45-4311-bc3d-638d10244f35
01-03 16:00:30.540  2016  2016 I ndroid.systemu: The ClassLoaderContext is a special shared library.
01-03 16:00:30.548  1734  1788 I OMXClient: IOmx service obtained
01-03 16:00:30.548  1739  1739 I OMXMaster: makeComponentInstance(OMX.google.amrnb.decoder) in omx@1.0-service process
01-03 16:00:30.560  1734  1788 I OMXClient: IOmx service obtained
01-03 16:00:30.561  1739  1739 I OMXMaster: makeComponentInstance(OMX.google.amrwb.decoder) in omx@1.0-service process
01-03 16:00:30.562  1734  1788 I OMXClient: IOmx service obtained
01-03 16:00:30.562  1739  1814 I OMXMaster: makeComponentInstance(OMX.google.flac.decoder) in omx@1.0-service process
01-03 16:00:30.588  1734  1788 I OMXClient: IOmx service obtained
01-03 16:00:30.591  1739  1814 I OMXMaster: makeComponentInstance(OMX.google.g711.alaw.decoder) in omx@1.0-service process
01-03 16:00:30.604  1734  1788 I OMXClient: IOmx service obtained
01-03 16:00:30.604  1739  1739 I OMXMaster: makeComponentInstance(OMX.google.g711.mlaw.decoder) in omx@1.0-service process
01-03 16:00:30.610  1734  1788 I OMXClient: IOmx service obtained
01-03 16:00:30.610  1739  1739 I OMXMaster: makeComponentInstance(OMX.google.gsm.decoder) in omx@1.0-service process
01-03 16:00:30.615  1734  1788 I OMXClient: IOmx service obtained
01-03 16:00:30.615  1739  1814 I OMXMaster: makeComponentInstance(OMX.google.mp3.decoder) in omx@1.0-service process
01-03 16:00:30.630  1734  1788 I OMXClient: IOmx service obtained
01-03 16:00:30.632  1739  1814 I OMXMaster: makeComponentInstance(OMX.google.opus.decoder) in omx@1.0-service process
01-03 16:00:30.649  1734  1788 I OMXClient: IOmx service obtained
01-03 16:00:30.649  1739  1739 I OMXMaster: makeComponentInstance(OMX.google.raw.decoder) in omx@1.0-service process
01-03 16:00:30.658  1734  1788 I OMXClient: IOmx service obtained
01-03 16:00:30.658  1739  1739 I OMXMaster: makeComponentInstance(OMX.google.vorbis.decoder) in omx@1.0-service process
01-03 16:00:30.670  1734  1788 I OMXClient: IOmx service obtained
01-03 16:00:30.670  1739  1739 I OMXMaster: makeComponentInstance(OMX.google.aac.encoder) in omx@1.0-service process
01-03 16:00:30.691  1868  1968 D WifiController: DEFERRED_TOGGLE handled
01-03 16:00:30.691  1868  1968 D WifiController: StaEnabledState.enter()
01-03 16:00:30.691  1868  1969 D WifiStateMachinePrime: received a message in WifiDisabledState: { when=0 what=0 target=com.android.internal.util.StateMachine$SmHandler }
01-03 16:00:30.691  1868  1969 D WifiStateMachinePrime: Switching from WifiDisabledState to ClientMode
01-03 16:00:30.691  1868  1969 D WifiStateMachinePrime: Entering ClientModeActiveState
01-03 16:00:30.691  1868  1969 D WifiClientModeManager: entering IdleState
01-03 16:00:30.691  1868  1969 D WifiStateMachinePrime: State changed from client mode. state = 2
01-03 16:00:30.706  1734  1788 I OMXClient: IOmx service obtained
01-03 16:00:30.706  1739  1814 I OMXMaster: makeComponentInstance(OMX.google.amrnb.encoder) in omx@1.0-service process
01-03 16:00:30.712  1734  1788 I OMXClient: IOmx service obtained
01-03 16:00:30.713  1739  1814 I OMXMaster: makeComponentInstance(OMX.google.amrwb.encoder) in omx@1.0-service process
01-03 16:00:30.728  1734  1788 I OMXClient: IOmx service obtained
01-03 16:00:30.728  1739  1814 I OMXMaster: makeComponentInstance(OMX.google.flac.encoder) in omx@1.0-service process
01-03 16:00:30.737  1734  1788 I OMXClient: IOmx service obtained
01-03 16:00:30.737  1739  1814 I OMXMaster: makeComponentInstance(OMX.google.h264.decoder) in omx@1.0-service process
01-03 16:00:30.758  1739  1739 E OMXNodeInstance: getExtensionIndex(0xf20a6c00:google.h264.decoder, OMX.google.android.index.configureVideoTunnelMode) ERROR: UnsupportedIndex(0x8000101a)
01-03 16:00:30.760  1739  1739 E OMXNodeInstance: getExtensionIndex(0xf20a6c00:google.h264.decoder, OMX.google.android.index.enableAndroidNativeBuffers) ERROR: UnsupportedIndex(0x8000101a)
01-03 16:00:30.762  1734  1788 I OMXClient: IOmx service obtained
01-03 16:00:30.762  1739  1739 I OMXMaster: makeComponentInstance(OMX.google.h263.decoder) in omx@1.0-service process
01-03 16:00:30.769  1739  1814 E OMXNodeInstance: getExtensionIndex(0xf20a6c00:google.h263.decoder, OMX.google.android.index.configureVideoTunnelMode) ERROR: UnsupportedIndex(0x8000101a)
01-03 16:00:30.769  1739  1814 E OMXNodeInstance: getExtensionIndex(0xf20a6c00:google.h263.decoder, OMX.google.android.index.enableAndroidNativeBuffers) ERROR: UnsupportedIndex(0x8000101a)
01-03 16:00:30.774  1734  1788 I OMXClient: IOmx service obtained
01-03 16:00:30.774  1739  1739 I OMXMaster: makeComponentInstance(OMX.google.hevc.decoder) in omx@1.0-service process
01-03 16:00:30.796  1739  1739 E OMXNodeInstance: getExtensionIndex(0xf20a6ba0:google.hevc.decoder, OMX.google.android.index.configureVideoTunnelMode) ERROR: UnsupportedIndex(0x8000101a)
01-03 16:00:30.796  1739  1739 E OMXNodeInstance: getExtensionIndex(0xf20a6ba0:google.hevc.decoder, OMX.google.android.index.enableAndroidNativeBuffers) ERROR: UnsupportedIndex(0x8000101a)
01-03 16:00:30.797  1734  1788 I OMXClient: IOmx service obtained
01-03 16:00:30.797  1739  2079 I OMXMaster: makeComponentInstance(OMX.google.mpeg4.decoder) in omx@1.0-service process
01-03 16:00:30.798  1739  2079 E OMXNodeInstance: getExtensionIndex(0xf1c91060:google.mpeg4.decoder, OMX.google.android.index.configureVideoTunnelMode) ERROR: UnsupportedIndex(0x8000101a)
01-03 16:00:30.798  1739  2079 E OMXNodeInstance: getExtensionIndex(0xf1c91060:google.mpeg4.decoder, OMX.google.android.index.enableAndroidNativeBuffers) ERROR: UnsupportedIndex(0x8000101a)
01-03 16:00:30.799  1734  1788 I OMXClient: IOmx service obtained
01-03 16:00:30.799  1739  2079 I OMXMaster: makeComponentInstance(OMX.google.vp8.decoder) in omx@1.0-service process
01-03 16:00:30.812  1739  1739 E OMXNodeInstance: getExtensionIndex(0xf1c91120:google.vp8.decoder, OMX.google.android.index.configureVideoTunnelMode) ERROR: UnsupportedIndex(0x8000101a)
01-03 16:00:30.812  1739  1739 E OMXNodeInstance: getExtensionIndex(0xf1c91120:google.vp8.decoder, OMX.google.android.index.enableAndroidNativeBuffers) ERROR: UnsupportedIndex(0x8000101a)
01-03 16:00:30.813  1734  1788 I OMXClient: IOmx service obtained
01-03 16:00:30.813  1739  1739 I OMXMaster: makeComponentInstance(OMX.google.vp9.decoder) in omx@1.0-service process
01-03 16:00:30.814  1739  1739 E OMXNodeInstance: getExtensionIndex(0xf1c91120:google.vp9.decoder, OMX.google.android.index.configureVideoTunnelMode) ERROR: UnsupportedIndex(0x8000101a)
01-03 16:00:30.814  1739  1739 E OMXNodeInstance: getExtensionIndex(0xf1c91120:google.vp9.decoder, OMX.google.android.index.enableAndroidNativeBuffers) ERROR: UnsupportedIndex(0x8000101a)
01-03 16:00:30.816  1734  1788 I OMXClient: IOmx service obtained
01-03 16:00:30.816  1739  1739 I OMXMaster: makeComponentInstance(OMX.google.h264.encoder) in omx@1.0-service process
01-03 16:00:30.833  1734  1788 W OMXUtils: do not know color format 0x7f000789 = 2130708361
01-03 16:00:30.837  1734  1788 I OMXClient: IOmx service obtained
01-03 16:00:30.838  1739  1739 I OMXMaster: makeComponentInstance(OMX.google.h263.encoder) in omx@1.0-service process
01-03 16:00:30.840  1868  1868 I ActivityManager: Loaded persisted task ids for user 0
01-03 16:00:30.846  1739  1739 I SoftMPEG4Encoder: Construct SoftMPEG4Encoder
01-03 16:00:30.847  1734  1788 W OMXUtils: do not know color format 0x7f000789 = 2130708361
01-03 16:00:30.847  1739  2079 E OMXNodeInstance: getConfig(0xf1c91120:google.h263.encoder, ConfigAndroidIntraRefresh(0x6f60000a)) ERROR: Undefined(0x80001001)
01-03 16:00:30.848  1734  1788 I OMXClient: IOmx service obtained
01-03 16:00:30.849  1739  2079 I OMXMaster: makeComponentInstance(OMX.google.mpeg4.encoder) in omx@1.0-service process
01-03 16:00:30.849  1739  2079 I SoftMPEG4Encoder: Construct SoftMPEG4Encoder
01-03 16:00:30.850  1734  1788 W OMXUtils: do not know color format 0x7f000789 = 2130708361
01-03 16:00:30.850  1739  2079 E OMXNodeInstance: getConfig(0xf1c91120:google.mpeg4.encoder, ConfigAndroidIntraRefresh(0x6f60000a)) ERROR: Undefined(0x80001001)
01-03 16:00:30.852  1734  1788 I OMXClient: IOmx service obtained
01-03 16:00:30.852  1739  2079 I OMXMaster: makeComponentInstance(OMX.google.vp8.encoder) in omx@1.0-service process
01-03 16:00:30.864  1734  1788 W OMXUtils: do not know color format 0x7f000789 = 2130708361
01-03 16:00:30.866  1739  2079 E OMXNodeInstance: getConfig(0xf1c91120:google.vp8.encoder, ConfigAndroidIntraRefresh(0x6f60000a)) ERROR: Undefined(0x80001001)
01-03 16:00:30.866  1734  1788 D MediaCodecList: ignored a null builder
01-03 16:00:30.870  1868  2045 I OMXClient: IOmx service obtained
01-03 16:00:30.870  1739  2079 I OMXMaster: makeComponentInstance(OMX.google.vorbis.decoder) in omx@1.0-service process
01-03 16:00:30.873  1739  2079 E OMXNodeInstance: getConfig(0xf1c91120:google.vorbis.decoder, ConfigAndroidVendorExtension(0x6f100004)) ERROR: Undefined(0x80001001)
01-03 16:00:30.876  1608  1608 W AshmemAllocator: ashmem_create_region(32768) returning hidl_memory(0xeb21c180, 32768)
01-03 16:00:30.910  1608  1608 I chatty  : uid=1000(system) allocator@1.0-s identical 10 lines
01-03 16:00:30.910  1608  1608 W AshmemAllocator: ashmem_create_region(32768) returning hidl_memory(0xeb21c180, 32768)
01-03 16:00:30.913  1868  1868 W system_server: Framework Matrix: Ignore file /system/etc/vintf/manifest.xml: 
01-03 16:00:30.913  1868  1868 W system_server: 
01-03 16:00:30.923  1868  1883 W Looper  : Slow dispatch took 420ms android.ui h=com.android.server.am.ActivityManagerService$UiHandler c=null m=53
01-03 16:00:30.932  1868  1868 D SystemServerInitThreadPool: Shutdown successful
01-03 16:00:30.937  2033  2033 V WebViewLibraryLoader: RelroFileCreator (64bit = false), lib: /data/app/com.android.chrome-BhcBbqQlycobohx7cQr5Yg==/base.apk!/lib/x86/libmonochrome.so
01-03 16:00:30.939  1868  1884 W ActivityManager: Slow operation: 436ms so far, now at startProcess: asking zygote to start proc
01-03 16:00:30.940  2016  2016 W AlarmManager: Unrecognized alarm listener com.android.systemui.keyguard.-$$Lambda$KeyguardSliceProvider$IhzByd8TsqFuOrSyuGurVskyPLo@a6a567e
01-03 16:00:30.940  1626  1626 I android.hardware.wifi@1.0-service: Wifi HAL started
01-03 16:00:30.943  1868  1969 I WifiVendorHal: Vendor Hal started successfully
01-03 16:00:30.944  1868  1972 I WifiP2pNative: Registering for interface available listener
01-03 16:00:30.944  1868  1868 W Looper  : Slow delivery took 5589ms main h=android.os.Handler c=com.android.server.BatteryService$8@fc25c93 m=0
01-03 16:00:30.947  1868  1868 V SettingsProvider: Notifying for 0: content://settings/global/network_watchlist_last_report_time
01-03 16:00:30.948  1868  1868 D ConditionProviders.SCP: onConnected
01-03 16:00:30.949  1868  1881 I GnssLocationProvider: WakeLock released by handleMessage(INITIALIZE_HANDLER, 0, null)
01-03 16:00:30.949  1620  1620 W GnssHAL_GnssInterface: setCallback called more than once. Unexpected unless test.
01-03 16:00:30.949  1868  1881 D GnssLocationProvider: gnssSetSystemInfoCb: yearOfHw=2015
01-03 16:00:30.950  1868  1881 D GnssLocationProvider: gnssSetCapabilitesCb: 0u
01-03 16:00:30.950  1868  1881 D GnssLocationProvider: gnssSetSystemInfoCb: yearOfHw=2015
01-03 16:00:30.950  1868  1881 E GnssLocationProvider: Unable to initialize GNSS Xtra interface
01-03 16:00:30.950  1868  1881 I GnssLocationProvider: Unable to Initialize AGnss interface
01-03 16:00:30.950  1868  1881 I GnssLocationProvider: Unable to initialize GNSS Geofencing interface
01-03 16:00:30.950  1868  1881 I GnssLocationProvider: Unable to initialize GNSS NI interface
01-03 16:00:30.950  1868  1881 I GnssLocationProvider: Unable to Initialize AGnss Ril interface
01-03 16:00:30.950  1868  1881 E GnssLocationProvider: no AGPS interface in set_agps_server
01-03 16:00:30.951  1868  1881 E GnssBatchingProvider: Failed to initialize GNSS batching
01-03 16:00:30.951  1868  1881 I GnssLocationProvider: WakeLock released by handleMessage(ENABLE, 1, null)
01-03 16:00:30.951  1868  1881 I GnssLocationProvider: restartRequests
01-03 16:00:30.951  1868  1881 I GnssLocationProvider: WakeLock released by handleMessage(REPORT_SV_STATUS, 0, com.android.server.location.GnssLocationProvider$SvStatusInfo@c51ad3b)
01-03 16:00:30.951  1868  1868 D ConditionProviders: Subscribing to condition://android/event?userId=-10000&calendar=&reply=1 with ComponentInfo{android/com.android.server.notification.EventConditionProvider}
01-03 16:00:30.952  1868  1868 D ConditionProviders: Subscribing to condition://android/schedule?days=1.2.3.4.5.6.7&start=22.0&end=7.0&exitAtAlarm=true with ComponentInfo{android/com.android.server.notification.ScheduleConditionProvider}
01-03 16:00:30.952  1868  1881 I GnssLocationProvider: WakeLock released by handleMessage(REPORT_SV_STATUS, 0, com.android.server.location.GnssLocationProvider$SvStatusInfo@b335921)
01-03 16:00:30.952  1868  1972 D WifiP2pNative: P2P InterfaceAvailableListener true
01-03 16:00:30.953  1868  1972 D WifiP2pService: Wifi enabled=false, P2P Interface availability=true, Number of clients=0
01-03 16:00:30.953  1868  1972 D WifiP2pService: Wifi enabled=false, P2P Interface availability=true
01-03 16:00:30.957  1868  1881 W LocationProviderProxy-network: Odd, no component found for service com.android.location.service.v3.NetworkLocationProvider
01-03 16:00:30.961  1868  1881 W GeocoderProxy: Odd, no component found for service com.android.location.service.GeocodeProvider
01-03 16:00:30.961  1868  1881 W GeofenceProxy: Odd, no component found for service com.android.location.service.GeofenceProvider
01-03 16:00:30.961  1868  1881 W ActivityRecognitionProxy: Odd, no component found for service com.android.location.service.ActivityRecognitionProvider
01-03 16:00:30.962  1868  1881 I GnssLocationProvider: No GNSS Satellite Blacklist interface available
01-03 16:00:30.962  1868  1881 I GnssLocationProvider: restartRequests
01-03 16:00:30.964  1868  1868 V FingerprintService: Done with client: android
01-03 16:00:30.964  1868  1868 V FingerprintService: clearEnumerateState()
01-03 16:00:30.965  1868  1971 I WifiScanningService: wifi driver unloaded
01-03 16:00:30.965  1868  1868 V SettingsProvider: Notifying for 0: content://settings/secure/location_providers_allowed
01-03 16:00:30.965  1868  1868 V SettingsProvider: Notifying for 0: content://settings/global/location_global_kill_switch
01-03 16:00:30.965  1868  1971 I WifiScanningService: wifi driver unloaded
01-03 16:00:30.988  1868  1969 I android_os_HwBinder: HwBinder: Starting thread pool for default::android.hidl.manager@1.0::IServiceManager
01-03 16:00:30.995  1856  1856 E hostapd : Using interface wlan1 with hwaddr 02:15:b2:00:01:00 and ssid "AndroidWifi"
01-03 16:00:30.996  1856  1856 I hostapd : wlan1: interface state HT_SCAN->ENABLED
01-03 16:00:30.996  1856  1856 I hostapd : wlan1: AP-ENABLED 
01-03 16:00:30.998  1868  1884 W ActivityManager: Slow operation: 495ms so far, now at startProcess: returned from zygote!
01-03 16:00:30.998  1868  1884 W ActivityManager: Slow operation: 495ms so far, now at startProcess: done updating battery stats
01-03 16:00:30.998  1868  1884 W ActivityManager: Slow operation: 495ms so far, now at startProcess: building log message
01-03 16:00:30.998  1868  1884 I ActivityManager: Start proc 2128:com.android.phone/1001 for added application com.android.phone
01-03 16:00:30.998  1868  1884 W ActivityManager: Slow operation: 495ms so far, now at startProcess: starting to update pids map
01-03 16:00:30.998  1868  1884 W ActivityManager: Slow operation: 495ms so far, now at startProcess: done updating pids map
01-03 16:00:30.998  1868  1884 W ActivityManager: Slow operation: 137ms so far, now at startProcess: asking zygote to start proc
01-03 16:00:31.001  1868  2129 I OMXClient: IOmx service obtained
01-03 16:00:31.001  1739  2079 I OMXMaster: makeComponentInstance(OMX.google.vorbis.decoder) in omx@1.0-service process
01-03 16:00:31.006  1739  1739 E OMXNodeInstance: getConfig(0xf1c91120:google.vorbis.decoder, ConfigAndroidVendorExtension(0x6f100004)) ERROR: Undefined(0x80001001)
01-03 16:00:31.008  1608  1608 W AshmemAllocator: ashmem_create_region(32768) returning hidl_memory(0xeb21c180, 32768)
01-03 16:00:31.011  1608  1608 I chatty  : uid=1000(system) allocator@1.0-s identical 6 lines
01-03 16:00:31.012  1608  1608 W AshmemAllocator: ashmem_create_region(32768) returning hidl_memory(0xeb21c180, 32768)
01-03 16:00:31.012  2128  2128 W m.android.phon: Unexpected CPU variant for X86 using defaults: x86
01-03 16:00:31.020  2128  2128 E m.android.phon: Not starting debugger since process cannot load the jdwp agent.
01-03 16:00:31.033  1868  1868 I system_server: The ClassLoaderContext is a special shared library.
01-03 16:00:31.058  2016  2016 W AlarmManager: Unrecognized alarm listener com.android.systemui.keyguard.-$$Lambda$KeyguardSliceProvider$IhzByd8TsqFuOrSyuGurVskyPLo@35b6e48
01-03 16:00:31.062  1868  1884 W ActivityManager: Slow operation: 201ms so far, now at startProcess: returned from zygote!
01-03 16:00:31.062  1868  1884 W ActivityManager: Slow operation: 201ms so far, now at startProcess: done updating battery stats
01-03 16:00:31.062  1868  1884 W ActivityManager: Slow operation: 201ms so far, now at startProcess: building log message
01-03 16:00:31.062  1868  1884 I ActivityManager: Start proc 2144:com.android.settings/1000 for activity com.android.settings/.FallbackHome
01-03 16:00:31.062  1868  1884 W ActivityManager: Slow operation: 201ms so far, now at startProcess: starting to update pids map
01-03 16:00:31.062  1868  1884 W ActivityManager: Slow operation: 201ms so far, now at startProcess: done updating pids map
01-03 16:00:31.069  2144  2144 W ndroid.setting: Unexpected CPU variant for X86 using defaults: x86
01-03 16:00:31.073  2144  2144 E ndroid.setting: Not starting debugger since process cannot load the jdwp agent.
01-03 16:00:31.073  1868  2145 I OMXClient: IOmx service obtained
01-03 16:00:31.073  1739  2079 I OMXMaster: makeComponentInstance(OMX.google.vorbis.decoder) in omx@1.0-service process
01-03 16:00:31.074  1739  2079 E OMXNodeInstance: getConfig(0xf1c91180:google.vorbis.decoder, ConfigAndroidVendorExtension(0x6f100004)) ERROR: Undefined(0x80001001)
01-03 16:00:31.082  1608  1608 W AshmemAllocator: ashmem_create_region(32768) returning hidl_memory(0xeb21c180, 32768)
01-03 16:00:31.082  2016  2016 D skia    : --- Failed to create image decoder with message 'unimplemented'
01-03 16:00:31.083  1608  1608 W AshmemAllocator: ashmem_create_region(32768) returning hidl_memory(0xeb21c180, 32768)
01-03 16:00:31.102  1608  1608 I chatty  : uid=1000(system) allocator@1.0-s identical 4 lines
01-03 16:00:31.102  1608  1608 W AshmemAllocator: ashmem_create_region(32768) returning hidl_memory(0xeb21c180, 32768)
01-03 16:00:31.103  2128  2128 I m.android.phon: The ClassLoaderContext is a special shared library.
01-03 16:00:31.105  1608  1608 W AshmemAllocator: ashmem_create_region(32768) returning hidl_memory(0xeb21c180, 32768)
01-03 16:00:31.119  2033  2033 I WebViewLoader-: System.exit called, status: 0
01-03 16:00:31.119  2033  2033 I AndroidRuntime: VM exiting with result code 0, cleanup skipped.
01-03 16:00:31.126  1725  1725 I Zygote  : Process 2033 exited cleanly (0)
01-03 16:00:31.127  1868  1885 W libprocessgroup: kill(-2033, 9) failed: No such process
01-03 16:00:31.127  1868  1885 I libprocessgroup: Successfully killed process cgroup uid 1037 pid 2033 in 0ms
01-03 16:00:31.127  1868  1878 I ActivityManager: Process WebViewLoader-x86 (pid 2033) has died: psvc PER 
01-03 16:00:31.132  2128  2128 I m.android.phon: The ClassLoaderContext is a special shared library.
01-03 16:00:31.135  2144  2144 I ndroid.setting: The ClassLoaderContext is a special shared library.
01-03 16:00:31.142  1868  2167 I OMXClient: IOmx service obtained
01-03 16:00:31.142  1739  2079 I OMXMaster: makeComponentInstance(OMX.google.vorbis.decoder) in omx@1.0-service process
01-03 16:00:31.145  1739  2079 E OMXNodeInstance: getConfig(0xf1c91180:google.vorbis.decoder, ConfigAndroidVendorExtension(0x6f100004)) ERROR: Undefined(0x80001001)
01-03 16:00:31.146  2016  2016 V SystemUIService: Starting SystemUI services for user 0.
01-03 16:00:31.148  2016  2165 D OpenGLRenderer: Skia GL Pipeline
01-03 16:00:31.150  1608  1608 W AshmemAllocator: ashmem_create_region(32768) returning hidl_memory(0xeb21c180, 32768)
01-03 16:00:31.154  1868  1868 W Looper  : Slow dispatch took 189ms main h=android.app.ActivityThread$H c=null m=114
01-03 16:00:31.154  2144  2144 I ndroid.setting: The ClassLoaderContext is a special shared library.
01-03 16:00:31.162  1608  1608 W AshmemAllocator: ashmem_create_region(32768) returning hidl_memory(0xeb21c180, 32768)
01-03 16:00:31.166  1608  1608 I chatty  : uid=1000(system) allocator@1.0-s identical 5 lines
01-03 16:00:31.167  1608  1608 W AshmemAllocator: ashmem_create_region(32768) returning hidl_memory(0xeb21c180, 32768)
01-03 16:00:31.211  2016  2016 V MediaRouter: Adding route: RouteInfo{ name=Phone, description=null, status=null, category=RouteCategory{ name=System types=ROUTE_TYPE_LIVE_AUDIO ROUTE_TYPE_LIVE_VIDEO  groupable=false }, supportedTypes=ROUTE_TYPE_LIVE_AUDIO ROUTE_TYPE_LIVE_VIDEO , presentationDisplay=null }
01-03 16:00:31.212  2016  2016 V MediaRouter: Selecting route: RouteInfo{ name=Phone, description=null, status=null, category=RouteCategory{ name=System types=ROUTE_TYPE_LIVE_AUDIO ROUTE_TYPE_LIVE_VIDEO  groupable=false }, supportedTypes=ROUTE_TYPE_LIVE_AUDIO ROUTE_TYPE_LIVE_VIDEO , presentationDisplay=null }
01-03 16:00:31.243  1868  2172 I OMXClient: IOmx service obtained
01-03 16:00:31.243  1739  2079 I OMXMaster: makeComponentInstance(OMX.google.vorbis.decoder) in omx@1.0-service process
01-03 16:00:31.244  1739  2079 E OMXNodeInstance: getConfig(0xf1c91180:google.vorbis.decoder, ConfigAndroidVendorExtension(0x6f100004)) ERROR: Undefined(0x80001001)
01-03 16:00:31.258  1868  1868 E BluetoothAdapter: Bluetooth binder is null
01-03 16:00:31.259  1868  2175 I Telecom : BluetoothRouteManager: getBluetoothAudioConnectedDevice: no headset service available.
01-03 16:00:31.262  1608  1608 W AshmemAllocator: ashmem_create_region(32768) returning hidl_memory(0xeb21c180, 32768)
01-03 16:00:31.268  1868  1868 I Telecom : SystemStateProvider: Registering car mode receiver: android.content.IntentFilter@4d81169: TS.init@AAA
01-03 16:00:31.267  1608  1608 I chatty  : uid=1000(system) allocator@1.0-s identical 1 line
01-03 16:00:31.279  1608  1608 W AshmemAllocator: ashmem_create_region(32768) returning hidl_memory(0xeb21c180, 32768)
01-03 16:00:31.279  2127  2127 I wpa_supplicant: Processing hidl events on FD 3
01-03 16:00:31.280  1608  1608 W AshmemAllocator: ashmem_create_region(32768) returning hidl_memory(0xeb21c180, 32768)
01-03 16:00:31.281  1608  1608 I chatty  : uid=1000(system) allocator@1.0-s identical 3 lines
01-03 16:00:31.281  1608  1608 W AshmemAllocator: ashmem_create_region(32768) returning hidl_memory(0xeb21c180, 32768)
01-03 16:00:31.291  2127  2127 I wpa_supplicant: Successfully initialized wpa_supplicant
01-03 16:00:31.302  1868  2179 I Telecom : Logging.Events: Non-call EVENT: AUDIO_ROUTE, Entering state QuiescentSpeakerRoute
01-03 16:00:31.303  1868  2179 I Telecom : BluetoothRouteManager: getBluetoothAudioConnectedDevice: no headset service available.
01-03 16:00:31.307  1868  2180 I Telecom : CallAudioModeStateMachine: Message received: null.: TS.init->CAMSM.pM_1@AAA
01-03 16:00:31.308  1868  1868 I Telecom : MissedCallNotifierImpl: reloadFromDatabase: Boot not yet complete -- call log db may not be available. Deferring loading until boot complete for user 0: TS.init@AAA
01-03 16:00:31.309  1868  1868 E BluetoothAdapter: Bluetooth binder is null
01-03 16:00:31.311  1868  1868 I Telecom : Class: TelecomSystem.INSTANCE being set
01-03 16:00:31.311  1868  1868 W Looper  : Slow dispatch took 157ms main h=android.app.ActivityThread$H c=null m=121
01-03 16:00:31.311  1868  1868 W ContextImpl: Calling a method in the system process without a qualified user: android.app.ContextImpl.startService:1531 com.android.server.content.SyncManager$14.run:756 android.os.Handler.handleCallback:873 android.os.Handler.dispatchMessage:99 android.os.Looper.loop:193 
01-03 16:00:31.311  1868  1868 E BluetoothAdapter: Bluetooth binder is null
01-03 16:00:31.311  2128  2128 I m.android.phon: The ClassLoaderContext is a special shared library.
01-03 16:00:31.312  1868  1868 V SettingsProvider: Notifying for 0: content://settings/global/boot_count
01-03 16:00:31.313  2001  2001 W native  : cpu_feature_guard.cc:35 The TensorFlow library was compiled to use SSE instructions, but these aren't available on your machine.
01-03 16:00:31.313  2001  2001 W native  : cpu_feature_guard.cc:35 The TensorFlow library was compiled to use SSE2 instructions, but these aren't available on your machine.
01-03 16:00:31.313  2001  2001 W native  : cpu_feature_guard.cc:35 The TensorFlow library was compiled to use SSE3 instructions, but these aren't available on your machine.
01-03 16:00:31.315  1729  1943 D installd: Found quota mount /dev/block/dm-1 at /data
01-03 16:00:31.315  1729  1943 D installd: Found storage mount /data/media at /mnt/runtime/default/emulated
01-03 16:00:31.318  2127  2127 I wpa_supplicant: rfkill: Cannot open RFKILL control device
01-03 16:00:31.318  1868  1868 I system_server: The ClassLoaderContext is a special shared library.
01-03 16:00:31.325  2016  2016 W SoundPool: Use of stream types is deprecated for operations other than volume control
01-03 16:00:31.325  2016  2016 W SoundPool: See the documentation of SoundPool() for what to use instead with android.media.AudioAttributes to qualify your playback use case
01-03 16:00:31.326  2144  2144 D OpenGLRenderer: Skia GL Pipeline
01-03 16:00:31.329  1868  2184 I OMXClient: IOmx service obtained
01-03 16:00:31.329  1739  2079 I OMXMaster: makeComponentInstance(OMX.google.vorbis.decoder) in omx@1.0-service process
01-03 16:00:31.332  2001  2001 I LatinApp: set BrellaInit fields for in-app training.
01-03 16:00:31.331  2128  2128 D TelephonyProvider: dbh.onOpen: ok, queried table=siminfo
01-03 16:00:31.332  1868  1868 I system_server: The ClassLoaderContext is a special shared library.
01-03 16:00:31.332  2128  2128 D TelephonyProvider: dbh.onOpen: ok, queried table=carriers
01-03 16:00:31.340  1724  1910 E SurfaceFlinger: ro.sf.lcd_density must be defined as a build property
01-03 16:00:31.343  1739  1813 E OMXNodeInstance: getConfig(0xf1c91180:google.vorbis.decoder, ConfigAndroidVendorExtension(0x6f100004)) ERROR: Undefined(0x80001001)
01-03 16:00:31.344  1608  1608 W AshmemAllocator: ashmem_create_region(32768) returning hidl_memory(0xeb21c180, 32768)
01-03 16:00:31.346  1608  1608 I chatty  : uid=1000(system) allocator@1.0-s identical 6 lines
01-03 16:00:31.346  1608  1608 W AshmemAllocator: ashmem_create_region(32768) returning hidl_memory(0xeb21c180, 32768)
01-03 16:00:31.349  1868  1868 D GpsNetInitiatedHandler: location enabled :true
01-03 16:00:31.349  1868  1868 V WiredAccessoryManager: notifyWiredAccessoryChanged: when=0 bits= mask=54
01-03 16:00:31.349  1868  1868 V WiredAccessoryManager: newName=h2w newState=0 headsetState=0 prev headsetState=0
01-03 16:00:31.349  1868  1868 E WiredAccessoryManager: No state change.
01-03 16:00:31.349  1868  1868 V WiredAccessoryManager: init()
01-03 16:00:31.355  2001  2001 I DeviceStatusMonitor: getCurrentNetworkState(): no networks
01-03 16:00:31.355  2128  2128 D CarrierIdProvider: onCreate
01-03 16:00:31.358  2016  2191 I OMXClient: IOmx service obtained
01-03 16:00:31.359  1608  1608 W AshmemAllocator: ashmem_create_region(32768) returning hidl_memory(0xeb21c180, 32768)
01-03 16:00:31.359  1621  1621 D gralloc_ranchu: gralloc_alloc: Creating ashmem region of size 8298496
01-03 16:00:31.359  1608  1608 W AshmemAllocator: ashmem_create_region(32768) returning hidl_memory(0xeb21c180, 32768)
01-03 16:00:31.359  1608  1608 I chatty  : uid=1000(system) allocator@1.0-s identical 1 line
01-03 16:00:31.360  1608  1608 W AshmemAllocator: ashmem_create_region(32768) returning hidl_memory(0xeb21c180, 32768)
01-03 16:00:31.360  1739  1813 I OMXMaster: makeComponentInstance(OMX.google.vorbis.decoder) in omx@1.0-service process
01-03 16:00:31.361  2144  2187 D         : HostConnection::get() New Host Connection established 0xe9c26740, tid 2187
01-03 16:00:31.362  1739  1813 E OMXNodeInstance: getConfig(0xf1c91420:google.vorbis.decoder, ConfigAndroidVendorExtension(0x6f100004)) ERROR: Undefined(0x80001001)
01-03 16:00:31.366  2144  2187 I ConfigStore: android::hardware::configstore::V1_0::ISurfaceFlingerConfigs::hasWideColorDisplay retrieved: 0
01-03 16:00:31.366  2144  2187 I ConfigStore: android::hardware::configstore::V1_0::ISurfaceFlingerConfigs::hasHDRDisplay retrieved: 0
01-03 16:00:31.366  2144  2187 I OpenGLRenderer: Initialized EGL, version 1.4
01-03 16:00:31.366  2144  2187 D OpenGLRenderer: Swap behavior 1
01-03 16:00:31.366  2144  2187 W OpenGLRenderer: Failed to choose config with EGL_SWAP_BEHAVIOR_PRESERVED, retrying without...
01-03 16:00:31.366  2144  2187 D OpenGLRenderer: Swap behavior 0
01-03 16:00:31.367  1608  1608 W AshmemAllocator: ashmem_create_region(32768) returning hidl_memory(0xeb21c180, 32768)
01-03 16:00:31.375  2144  2187 D EGL_emulation: eglCreateContext: 0xed55cba0: maj 3 min 0 rcv 3
01-03 16:00:31.376  1621  1621 D gralloc_ranchu: gralloc_alloc: Creating ashmem region of size 8298496
01-03 16:00:31.376  2144  2187 D EGL_emulation: eglMakeCurrent: 0xed55cba0: ver 3 0 (tinfo 0xe9c939a0)
01-03 16:00:31.377  1868  1868 W NotificationListeners: Not binding notification listener service ComponentInfo{com.google.android.apps.restore/com.google.android.apps.pixelmigrate.component.NotificationConsolidatorService}: service not found
01-03 16:00:31.377  1868  1868 V NotificationAssistants: enabling notification assistant for 0: ComponentInfo{com.google.android.ext.services/android.ext.services.notification.Assistant}
01-03 16:00:31.377  1868  1868 V NotificationAssistants: binding: Intent { act=android.service.notification.NotificationAssistantService cmp=com.google.android.ext.services/android.ext.services.notification.Assistant (has extras) }
01-03 16:00:31.379  1608  1608 W AshmemAllocator: ashmem_create_region(32768) returning hidl_memory(0xeb21c180, 32768)
01-03 16:00:31.379  1608  1608 I chatty  : uid=1000(system) allocator@1.0-s identical 1 line
01-03 16:00:31.379  1608  1608 W AshmemAllocator: ashmem_create_region(32768) returning hidl_memory(0xeb21c180, 32768)
01-03 16:00:31.380  1724  1754 E SurfaceFlinger: ro.sf.lcd_density must be defined as a build property
01-03 16:00:31.382  2128  2128 D CarrierIdProvider: update database from pb file
01-03 16:00:31.382  1608  1608 W AshmemAllocator: ashmem_create_region(32768) returning hidl_memory(0xeb21c180, 32768)
01-03 16:00:31.382  1608  1608 I chatty  : uid=1000(system) allocator@1.0-s identical 2 lines
01-03 16:00:31.383  1608  1608 W AshmemAllocator: ashmem_create_region(32768) returning hidl_memory(0xeb21c180, 32768)
01-03 16:00:31.391  1621  1664 D gralloc_ranchu: gralloc_alloc: Creating ashmem region of size 8298496
01-03 16:00:31.392  1621  1664 D         : HostConnection::get() New Host Connection established 0xf43a3640, tid 1664
01-03 16:00:31.396  1868  1981 I AudioService: setBluetoothScoOnInt: false resetBluetoothSco
01-03 16:00:31.397  1611  1611 W DeviceHAL: Error from HAL Device in function set_mic_mute: Function not implemented
01-03 16:00:31.399  1608  1608 W AshmemAllocator: ashmem_create_region(32768) returning hidl_memory(0xeb21c180, 32768)
01-03 16:00:31.403  1608  1608 I chatty  : uid=1000(system) allocator@1.0-s identical 2 lines
01-03 16:00:31.404  1608  1608 W AshmemAllocator: ashmem_create_region(32768) returning hidl_memory(0xeb21c180, 32768)
01-03 16:00:31.408  1868  1868 D WifiP2pService: Wifi enabled=false, P2P Interface availability=true
01-03 16:00:31.408  1868  1972 E WifiP2pService: Unexpected disable request when WifiChannel is null
01-03 16:00:31.412  1868  1868 W BroadcastQueue: Background execution not allowed: receiving Intent { act=android.intent.action.ACTION_POWER_DISCONNECTED flg=0x4000010 (has extras) } to com.google.android.gms/.chimera.GmsIntentOperationService$PersistentTrustedReceiver
01-03 16:00:31.415  1868  1868 D ConditionProviders.SCP: onSubscribe condition://android/schedule?days=1.2.3.4.5.6.7&start=22.0&end=7.0&exitAtAlarm=true
01-03 16:00:31.420  1868  1868 D ConditionProviders.SCP: setRegistered true
01-03 16:00:31.422  1868  1979 E ActivityThread: Failed to find provider info for com.android.calendar
01-03 16:00:31.430  1868  2201 I GnssLocationProvider: WakeLock acquired by sendMessage(REPORT_SV_STATUS, 0, com.android.server.location.GnssLocationProvider$SvStatusInfo@affac3b)
01-03 16:00:31.430  1868  1881 I GnssLocationProvider: WakeLock released by handleMessage(REPORT_SV_STATUS, 0, com.android.server.location.GnssLocationProvider$SvStatusInfo@affac3b)
01-03 16:00:31.422  1868  1979 E ActivityThread: Failed to find provider info for com.android.calendar
01-03 16:00:31.447  1868  1868 D ConditionProviders.SCP: evaluateSubscriptionLocked cal=ScheduleCalendar[mDays={1, 2, 3, 4, 5, 6, 7}, mSchedule=ScheduleInfo{days=[1, 2, 3, 4, 5, 6, 7], startHour=22, startMinute=0, endHour=7, endMinute=0, exitAtAlarm=true, nextAlarm=Wed Dec 31 19:00:00 EST 1969 (0)}], now=Fri Jan 03 16:00:31 EST 2020 (1578085231417), nextUserAlarmTime=Wed Dec 31 19:00:00 EST 1969 (0)
