11-15 14:00:48.022  1864  1864 V UserDataPreparer: Found /data/system_de/0 with serial number 0
11-15 14:00:48.022  1864  1864 V UserDataPreparer: Found /data/system_ce/0 with serial number 0
11-15 14:00:48.022  1864  1864 V UserDataPreparer: Found /data/misc_ce/0 with serial number 0
11-15 14:00:48.023  1864  1864 I SystemServer: MakeDisplayManagerServiceReady
11-15 14:00:48.023  1864  1864 I SystemServer: StartDeviceSpecificServices
11-15 14:00:48.023  1864  1864 I SystemServer: StartBootPhaseDeviceSpecificServicesReady
11-15 14:00:48.023  1864  1864 I SystemServiceManager: Starting phase 520
11-15 14:00:48.025  1864  1864 W UsageStatsService: Event reported without a package name
11-15 14:00:48.025  1864  1962 D WifiStateMachinePrime: received a message in WifiDisabledState: { when=0 what=3 target=com.android.internal.util.StateMachine$SmHandler }
11-15 14:00:48.025  1864  1961 D WifiController: WifiController msg { when=-28ms what=155656 target=com.android.internal.util.StateMachine$SmHandler } deferred for 500ms
11-15 14:00:48.025  1864  1962 D WifiStateMachinePrime: Switching from WifiDisabledState to WifiDisabled
11-15 14:00:48.025  1864  1962 D WifiStateMachinePrime: Entering WifiDisabledState
11-15 14:00:48.025  1864  1962 D ActiveModeManager: sending scan available broadcast: false
11-15 14:00:48.026  1864  1864 I ActivityManager: System now ready
11-15 14:00:48.040  1864  1864 I SystemServer: Making services ready
11-15 14:00:48.040  1864  1864 I SystemServer: StartActivityManagerReadyPhase
11-15 14:00:48.040  1864  1864 I SystemServiceManager: Starting phase 550
11-15 14:00:48.041  1864  1864 W ActivityManager: Too early to start/bind service in system_server: Phase=550 ComponentInfo{com.android.server.telecom/com.android.server.telecom.components.TelecomService}
11-15 14:00:48.041  1864  1864 W ActivityManager: Too early to start/bind service in system_server: Phase=550 ComponentInfo{com.android.server.telecom/com.android.server.telecom.components.TelecomService}
11-15 14:00:48.071  1852  1852 I hostapd : wlan1: interface state COUNTRY_UPDATE->HT_SCAN
11-15 14:00:48.090  1864  1870 W System  : A resource was acquired at attached stack trace but never released. See java.io.Closeable for information on avoiding resource leaks.
11-15 14:00:48.091  1864  1870 W System  : java.lang.Throwable: Explicit termination method 'close' not called
11-15 14:00:48.091  1864  1870 W System  : 	at dalvik.system.CloseGuard.open(CloseGuard.java:221)
11-15 14:00:48.091  1864  1870 W System  : 	at java.io.FileInputStream.<init>(FileInputStream.java:168)
11-15 14:00:48.091  1864  1870 W System  : 	at com.android.internal.os.AtomicFile.openRead(AtomicFile.java:147)
11-15 14:00:48.091  1864  1870 W System  : 	at com.android.server.storage.CacheQuotaStrategy.setupQuotasFromFile(CacheQuotaStrategy.java:301)
11-15 14:00:48.091  1864  1870 W System  : 	at com.android.server.usage.StorageStatsService$H.handleMessage(StorageStatsService.java:508)
11-15 14:00:48.091  1864  1870 W System  : 	at android.os.Handler.dispatchMessage(Handler.java:106)
11-15 14:00:48.091  1864  1870 W System  : 	at android.os.Looper.loop(Looper.java:193)
11-15 14:00:48.091  1864  1870 W System  : 	at android.os.HandlerThread.run(HandlerThread.java:65)
11-15 14:00:48.091  1864  1870 W System  : 	at com.android.server.ServiceThread.run(ServiceThread.java:44)
11-15 14:00:48.099  1864  1953 D StorageManagerService: Thinking about init, mSystemReady=true, mDaemonConnected=true
11-15 14:00:48.099  1864  1953 D StorageManagerService: Setting up emulation state, initlocked=false
11-15 14:00:48.099  1563  1566 D vold    : e4crypt_unlock_user_key 0 serial=0 token_present=0
11-15 14:00:48.100  1864  1953 D StorageManagerService: Thinking about reset, mSystemReady=true, mDaemonConnected=true
11-15 14:00:48.100  1864  1864 I WallpaperManagerService: No static wallpaper imagery; defaults will be shown
11-15 14:00:48.100  1864  1878 I ActivityManager: Force stopping com.android.providers.media appid=10007 user=-1: vold reset
11-15 14:00:48.102  1864  1875 V StorageManagerService: Found primary storage at VolumeInfo{emulated}:
11-15 14:00:48.102  1864  1875 V StorageManagerService:     type=EMULATED diskId=null partGuid= mountFlags=0 mountUserId=-1 
11-15 14:00:48.102  1864  1875 V StorageManagerService:     state=UNMOUNTED 
11-15 14:00:48.102  1864  1875 V StorageManagerService:     fsType=null fsUuid=null fsLabel=null 
11-15 14:00:48.102  1864  1875 V StorageManagerService:     path=null internalPath=null 
11-15 14:00:48.102  1864  1864 E BitmapFactory: Unable to decode stream: java.io.FileNotFoundException: /data/system/users/0/wallpaper_orig (No such file or directory)
11-15 14:00:48.102  1864  1864 W WallpaperManagerService: Invalid wallpaper data
11-15 14:00:48.102  1864  1864 E WallpaperManagerService: Unable to apply new wallpaper
11-15 14:00:48.103  1864  1864 I SystemServer: StartObservingNativeCrashes
11-15 14:00:48.103  1563  1566 V vold    : Waiting for FUSE to spin up...
11-15 14:00:48.103  1864  1927 I SystemServer: WebViewFactoryPreparation
11-15 14:00:48.103  1864  1864 I SystemServer: StartSystemUI
11-15 14:00:48.104  1864  1973 E BluetoothAdapter: Bluetooth binder is null
11-15 14:00:48.104  1864  1864 I SystemServer: MakeNetworkManagementServiceReady
11-15 14:00:48.105  1864  1864 D NetworkManagement: enabling bandwidth control
11-15 14:00:48.105  1864  1973 E BluetoothAdapter: Bluetooth binder is null
11-15 14:00:48.114  1864  1864 W NetworkManagement: setDataSaverMode(): already false
11-15 14:00:48.114  1864  1880 I ActivityManager: Start proc 1990:com.google.android.inputmethod.latin/u0a58 for service com.google.android.inputmethod.latin/com.android.inputmethod.latin.LatinIME
11-15 14:00:48.115  1988  1988 W sdcard  : Device explicitly enabled sdcardfs
11-15 14:00:48.115  1990  1990 W putmethod.lati: Unexpected CPU variant for X86 using defaults: x86
11-15 14:00:48.116  1864  1864 I SystemServer: MakeIpSecServiceReady
11-15 14:00:48.117  1864  1864 D IpSecService: IpSecService is ready
11-15 14:00:48.117  1864  1864 I SystemServer: MakeNetworkStatsServiceReady
11-15 14:00:48.117  1864  1882 E BatteryExternalStatsWorker: no controller energy info supplied for wifi
11-15 14:00:48.117  1864  1882 E BatteryExternalStatsWorker: no controller energy info supplied for telephony
11-15 14:00:48.119  1864  1864 W BestClock: java.time.DateTimeException: Missing NTP fix
11-15 14:00:48.124  1864  1927 D WebViewLibraryLoader: Setting new address space to 156515720
11-15 14:00:48.126  1864  1959 W NetworkPolicy: setRestrictBackgroundUL: already false
11-15 14:00:48.126  1864  1864 I SystemServer: MakeConnectivityServiceReady
11-15 14:00:48.127  1990  1990 E putmethod.lati: Not starting debugger since process cannot load the jdwp agent.
11-15 14:00:48.129  1864  1864 D PermissionMonitor: Monitoring
11-15 14:00:48.131  1864  1864 D PermissionMonitor: Users: 1, Apps: 91
11-15 14:00:48.134  1864  1880 I ActivityManager: Start proc 2001:com.android.systemui/u0a28 for service com.android.systemui/.SystemUIService
11-15 14:00:48.135  1864  1959 W BestClock: java.time.DateTimeException: Missing NTP fix
11-15 14:00:48.136  2001  2001 W ndroid.systemu: Unexpected CPU variant for X86 using defaults: x86
11-15 14:00:48.142  1864  1864 I SystemServer: MakeNetworkPolicyServiceReady
11-15 14:00:48.143  1864  1864 I SystemServer: StartWatchdog
11-15 14:00:48.143  1864  1864 I SystemServer: PhaseThirdPartyAppsCanStart
11-15 14:00:48.143  1864  1864 I SystemServiceManager: Starting phase 600
11-15 14:00:48.144  1729  1791 W MediaExtractorFactory: couldn't dlopen(/system/lib/extractors/.) Is a directory
11-15 14:00:48.144  1618  1618 D gralloc_ranchu: gralloc_alloc: Creating ashmem region of size 8298496
11-15 14:00:48.144  2001  2001 E ndroid.systemu: Not starting debugger since process cannot load the jdwp agent.
11-15 14:00:48.145  2014  2014 W WebViewLoader-: Unexpected CPU variant for X86 using defaults: x86
11-15 14:00:48.147  1864  1880 I ActivityManager: Start proc 2014:WebViewLoader-x86/1037 [android.webkit.WebViewLibraryLoader$RelroFileCreator] for 
11-15 14:00:48.148  1721  1954 D         : HostConnection::get() New Host Connection established 0xe99c9580, tid 1954
11-15 14:00:48.151  2014  2014 E WebViewLoader-: Not starting debugger since process cannot load the jdwp agent.
11-15 14:00:48.151  1864  1864 V WallpaperManagerService: bindWallpaperComponentLocked: componentName=ComponentInfo{com.android.systemui/com.android.systemui.ImageWallpaper}
11-15 14:00:48.170  1729  1791 E linker  : library "/system/lib/extractors/.." ("/system/lib") needed or dlopened by "/system/lib/libstagefright.so" is not accessible for the namespace: [name="(default)", ld_library_paths="", default_library_paths="/system/lib", permitted_paths="/system/lib/drm:/system/lib/extractors:/system/lib/hw:/system/product/lib:/system/framework:/system/app:/system/priv-app:/vendor/framework:/vendor/app:/vendor/priv-app:/odm/framework:/odm/app:/odm/priv-app:/oem/app:/system/product/framework:/system/product/app:/system/product/priv-app:/data:/mnt/expand"]
11-15 14:00:48.171  1729  1791 W MediaExtractorFactory: couldn't dlopen(/system/lib/extractors/..) Is a directory
11-15 14:00:48.182  2001  2001 I ndroid.systemu: The ClassLoaderContext is a special shared library.
11-15 14:00:48.182  2014  2014 V WebViewLibraryLoader: RelroFileCreator (64bit = false), lib: /data/app/com.android.chrome-BhcBbqQlycobohx7cQr5Yg==/base.apk!/lib/x86/libmonochrome.so
11-15 14:00:48.189  1864  2011 W ZygoteProcess: Got error connecting to zygote, retrying. msg= Connection refused
11-15 14:00:48.192  1864  1864 I StatsCompanionService: Told statsd that StatsCompanionService is alive.
11-15 14:00:48.192  1864  1864 I SystemServer: MakeLocationServiceReady
11-15 14:00:48.195  1554  1554 W hwservicemanager: getTransport: Cannot find entry android.hardware.gnss@1.1::IGnss/default in either framework or device manifest.
11-15 14:00:48.198  1617  1617 I GnssHAL_GnssInterface: getExtensionXtra: GnssXtra interface not implemented by HAL
11-15 14:00:48.199  1617  1617 I GnssHAL_GnssInterface: getExtensionAGnssRil: GnssRil interface not implemented by HAL
11-15 14:00:48.199  1617  1617 E GnssHAL_GnssInterface: getExtensionAGnss: AGnss interface not implemented by HAL
11-15 14:00:48.199  1864  1864 W LocationProviderProxy-network: Odd, no component found for service com.android.location.service.v3.NetworkLocationProvider
11-15 14:00:48.199  1617  1617 I GnssHAL_GnssInterface: getExtensionGnssNavigationMessage: GnssNavigationMessage interface not implemented by HAL
11-15 14:00:48.199  1617  1617 E GnssHAL_GnssInterface: getExtensionGnssMeasurement: GnssMeasurement interface not implemented by HAL
11-15 14:00:48.199  1617  1617 I GnssHAL_GnssInterface: getExtensionGnssDebug: GnssDebug interface not implemented by HAL
11-15 14:00:48.199  1617  1617 I GnssHAL_GnssInterface: getExtensionGnssNi: GnssNi interface not implemented by HAL
11-15 14:00:48.199  1617  1617 E GnssHAL_GnssInterface: getExtensionGnssConfiguration: GnssConfiguration interface not implemented by HAL
11-15 14:00:48.199  1617  1617 E GnssHAL_GnssInterface: getExtensionGnssGeofencing: GnssGeofencing interface not implemented by HAL
11-15 14:00:48.199  1617  1617 E GnssHAL_GnssInterface: gnss flp hw_get_module failed: -2
11-15 14:00:48.199  1617  1617 E GnssHAL_GnssInterface: getExtensionGnssBatching: GnssBatching interface is not implemented by HAL
11-15 14:00:48.200  1864  1864 W GeocoderProxy: Odd, no component found for service com.android.location.service.GeocodeProvider
11-15 14:00:48.201  1864  1864 W GeofenceProxy: Odd, no component found for service com.android.location.service.GeofenceProvider
11-15 14:00:48.201  1864  1864 E ActivityRecognitionHardware: activity_recognition HAL is deprecated. is_supported is effectively a no-op
11-15 14:00:48.201  1864  1864 D LocationManagerService: Hardware Activity-Recognition not supported.
11-15 14:00:48.201  1864  1864 W ActivityRecognitionProxy: Odd, no component found for service com.android.location.service.ActivityRecognitionProvider
11-15 14:00:48.202  1864  1878 W BroadcastQueue: Background execution not allowed: receiving Intent { act=android.location.PROVIDERS_CHANGED flg=0x10 } to com.google.android.gms/.chimera.GmsIntentOperationService$PersistentTrustedReceiver
11-15 14:00:48.202  1864  1878 W BroadcastQueue: Background execution not allowed: receiving Intent { act=android.location.MODE_CHANGED flg=0x10 } to com.google.android.gms/.chimera.GmsIntentOperationService$PersistentTrustedReceiver
11-15 14:00:48.203  1864  1864 I SystemServer: MakeCountryDetectionServiceReady
11-15 14:00:48.203  1864  1864 I SystemServer: MakeNetworkTimeUpdateReady
11-15 14:00:48.204  1864  1864 D ConnectivityService: requestNetwork for uid/pid:1000/1864 NetworkRequest [ TRACK_DEFAULT id=7, [ Capabilities: INTERNET&NOT_RESTRICTED&TRUSTED Unwanted:  Uid: 1000] ]
11-15 14:00:48.204  1864  1864 I SystemServer: MakeCommonTimeManagementServiceReady
11-15 14:00:48.207  1617  1617 W GnssHAL_GnssInterface: setCallback called more than once. Unexpected unless test.
11-15 14:00:48.207  1864  1877 E GnssBatchingProvider: Failed to initialize GNSS batching
11-15 14:00:48.209  1864  1864 I CommonTimeManagementService: No common time service detected on this platform.  Common time services will be unavailable.
11-15 14:00:48.209  1864  1864 I SystemServer: MakeInputManagerServiceReady
11-15 14:00:48.210  1864  1864 I SystemServer: MakeTelephonyRegistryReady
11-15 14:00:48.210  1864  1864 I SystemServer: MakeMediaRouterServiceReady
11-15 14:00:48.210  1864  1864 I SystemServer: MakeMmsServiceReady
11-15 14:00:48.210  1864  1864 I MmsServiceBroker: Delay connecting to MmsService until an API is called
11-15 14:00:48.210  1864  1864 I SystemServer: IncidentDaemonReady
11-15 14:00:48.211  1864  1951 I InputReader: Reconfiguring input devices.  changes=0x00000020
11-15 14:00:48.212  2036  2036 I WebViewZygoteInit: Starting WebViewZygoteInit
11-15 14:00:48.212  2036  2036 I WebViewZygoteInit: --zygote-socket=com.android.internal.os.WebViewZygoteInit/5843fd53-32ca-45ab-bc89-e53286d045ac
11-15 14:00:48.213  1864  1951 I InputReader: Reconfiguring input devices.  changes=0x00000010
11-15 14:00:48.215  1864  1864 I SystemServiceManager: Calling onStartUser u0
11-15 14:00:48.218  1729  1791 E MediaExtractorFactory: couldn't opendir(/vendor/lib/extractors)
11-15 14:00:48.218  1864  1864 I ActivityManager: START u0 {act=android.intent.action.MAIN cat=[android.intent.category.HOME] flg=0x10000100 cmp=com.android.settings/.FallbackHome} from uid 0
11-15 14:00:48.253  1731  1799 D StagefrightPluginLoader: Failed to load library: libstagefright_ccodec.so (dlopen failed: library "libstagefright_ccodec.so" not found)
11-15 14:00:48.253  1731  1799 D StagefrightPluginLoader: Handle or CreateInputSurface symbol is null
11-15 14:00:48.253  1731  1799 D StagefrightPluginLoader: Handle or CreateBuilder symbol is null
11-15 14:00:48.255  1731  1799 I OMXClient: IOmx service obtained
11-15 14:00:48.255  1736  1736 I OMXMaster: makeComponentInstance(OMX.google.aac.decoder) in omx@1.0-service process
11-15 14:00:48.289  1731  1799 I OMXClient: IOmx service obtained
11-15 14:00:48.289  1736  1803 I OMXMaster: makeComponentInstance(OMX.google.amrnb.decoder) in omx@1.0-service process
11-15 14:00:48.306  2014  2014 I WebViewLoader-: System.exit called, status: 0
11-15 14:00:48.306  2014  2014 I AndroidRuntime: VM exiting with result code 0, cleanup skipped.
11-15 14:00:48.309  1731  1799 I OMXClient: IOmx service obtained
11-15 14:00:48.309  1736  1803 I OMXMaster: makeComponentInstance(OMX.google.amrwb.decoder) in omx@1.0-service process
11-15 14:00:48.317  1722  1722 I Zygote  : Process 2014 exited cleanly (0)
11-15 14:00:48.320  1731  1799 I OMXClient: IOmx service obtained
11-15 14:00:48.320  1736  2058 I OMXMaster: makeComponentInstance(OMX.google.flac.decoder) in omx@1.0-service process
11-15 14:00:48.338  1731  1799 I OMXClient: IOmx service obtained
11-15 14:00:48.338  1736  1736 I OMXMaster: makeComponentInstance(OMX.google.g711.alaw.decoder) in omx@1.0-service process
11-15 14:00:48.348  1731  1799 I OMXClient: IOmx service obtained
11-15 14:00:48.349  1736  2058 I OMXMaster: makeComponentInstance(OMX.google.g711.mlaw.decoder) in omx@1.0-service process
11-15 14:00:48.356  1731  1799 I OMXClient: IOmx service obtained
11-15 14:00:48.356  1736  2058 I OMXMaster: makeComponentInstance(OMX.google.gsm.decoder) in omx@1.0-service process
11-15 14:00:48.371  1731  1799 I OMXClient: IOmx service obtained
11-15 14:00:48.372  1736  2058 I OMXMaster: makeComponentInstance(OMX.google.mp3.decoder) in omx@1.0-service process
11-15 14:00:48.378  1731  1799 I OMXClient: IOmx service obtained
11-15 14:00:48.378  1736  1736 I OMXMaster: makeComponentInstance(OMX.google.opus.decoder) in omx@1.0-service process
11-15 14:00:48.389  1731  1799 I OMXClient: IOmx service obtained
11-15 14:00:48.389  1736  2058 I OMXMaster: makeComponentInstance(OMX.google.raw.decoder) in omx@1.0-service process
11-15 14:00:48.395  1731  1799 I OMXClient: IOmx service obtained
11-15 14:00:48.395  1736  2058 I OMXMaster: makeComponentInstance(OMX.google.vorbis.decoder) in omx@1.0-service process
11-15 14:00:48.403  1731  1799 I OMXClient: IOmx service obtained
11-15 14:00:48.403  1736  1736 I OMXMaster: makeComponentInstance(OMX.google.aac.encoder) in omx@1.0-service process
11-15 14:00:48.418  1731  1799 I OMXClient: IOmx service obtained
11-15 14:00:48.418  1736  1736 I OMXMaster: makeComponentInstance(OMX.google.amrnb.encoder) in omx@1.0-service process
11-15 14:00:48.426  1731  1799 I OMXClient: IOmx service obtained
11-15 14:00:48.426  1736  2058 I OMXMaster: makeComponentInstance(OMX.google.amrwb.encoder) in omx@1.0-service process
11-15 14:00:48.434  1731  1799 I OMXClient: IOmx service obtained
11-15 14:00:48.434  1736  2058 I OMXMaster: makeComponentInstance(OMX.google.flac.encoder) in omx@1.0-service process
11-15 14:00:48.440  1731  1799 I OMXClient: IOmx service obtained
11-15 14:00:48.441  1736  2058 I OMXMaster: makeComponentInstance(OMX.google.h264.decoder) in omx@1.0-service process
11-15 14:00:48.449  1736  2058 E OMXNodeInstance: getExtensionIndex(0xf4aa6cc0:google.h264.decoder, OMX.google.android.index.configureVideoTunnelMode) ERROR: UnsupportedIndex(0x8000101a)
11-15 14:00:48.450  1736  2058 E OMXNodeInstance: getExtensionIndex(0xf4aa6cc0:google.h264.decoder, OMX.google.android.index.enableAndroidNativeBuffers) ERROR: UnsupportedIndex(0x8000101a)
11-15 14:00:48.458  1731  1799 I OMXClient: IOmx service obtained
11-15 14:00:48.458  1736  2058 I OMXMaster: makeComponentInstance(OMX.google.h263.decoder) in omx@1.0-service process
11-15 14:00:48.465  1736  1736 E OMXNodeInstance: getExtensionIndex(0xf4aa6f60:google.h263.decoder, OMX.google.android.index.configureVideoTunnelMode) ERROR: UnsupportedIndex(0x8000101a)
11-15 14:00:48.468  1864  1864 I ActivityManager: Loaded persisted task ids for user 0
11-15 14:00:48.469  1736  1736 E OMXNodeInstance: getExtensionIndex(0xf4aa6f60:google.h263.decoder, OMX.google.android.index.enableAndroidNativeBuffers) ERROR: UnsupportedIndex(0x8000101a)
11-15 14:00:48.473  1731  1799 I OMXClient: IOmx service obtained
11-15 14:00:48.473  1736  2058 I OMXMaster: makeComponentInstance(OMX.google.hevc.decoder) in omx@1.0-service process
11-15 14:00:48.493  1736  1736 E OMXNodeInstance: getExtensionIndex(0xf469c120:google.hevc.decoder, OMX.google.android.index.configureVideoTunnelMode) ERROR: UnsupportedIndex(0x8000101a)
11-15 14:00:48.494  1736  1736 E OMXNodeInstance: getExtensionIndex(0xf469c120:google.hevc.decoder, OMX.google.android.index.enableAndroidNativeBuffers) ERROR: UnsupportedIndex(0x8000101a)
11-15 14:00:48.498  1731  1799 I OMXClient: IOmx service obtained
11-15 14:00:48.498  1736  1736 I OMXMaster: makeComponentInstance(OMX.google.mpeg4.decoder) in omx@1.0-service process
11-15 14:00:48.507  1736  1736 E OMXNodeInstance: getExtensionIndex(0xf469c120:google.mpeg4.decoder, OMX.google.android.index.configureVideoTunnelMode) ERROR: UnsupportedIndex(0x8000101a)
11-15 14:00:48.507  1736  1736 E OMXNodeInstance: getExtensionIndex(0xf469c120:google.mpeg4.decoder, OMX.google.android.index.enableAndroidNativeBuffers) ERROR: UnsupportedIndex(0x8000101a)
11-15 14:00:48.510  1731  1799 I OMXClient: IOmx service obtained
11-15 14:00:48.510  1736  1736 I OMXMaster: makeComponentInstance(OMX.google.vp8.decoder) in omx@1.0-service process
11-15 14:00:48.513  1864  1864 W system_server: Framework Matrix: Ignore file /system/etc/vintf/manifest.xml: 
11-15 14:00:48.513  1864  1864 W system_server: 
11-15 14:00:48.517  1736  1736 E OMXNodeInstance: getExtensionIndex(0xf469c120:google.vp8.decoder, OMX.google.android.index.configureVideoTunnelMode) ERROR: UnsupportedIndex(0x8000101a)
11-15 14:00:48.517  1736  1736 E OMXNodeInstance: getExtensionIndex(0xf469c120:google.vp8.decoder, OMX.google.android.index.enableAndroidNativeBuffers) ERROR: UnsupportedIndex(0x8000101a)
11-15 14:00:48.523  1864  1879 W Looper  : Slow dispatch took 306ms android.ui h=com.android.server.am.ActivityManagerService$UiHandler c=null m=53
11-15 14:00:48.523  1864  1880 W ActivityManager: Slow operation: 307ms so far, now at startProcess: asking zygote to start proc
11-15 14:00:48.524  1731  1799 I OMXClient: IOmx service obtained
11-15 14:00:48.524  1736  1736 I OMXMaster: makeComponentInstance(OMX.google.vp9.decoder) in omx@1.0-service process
11-15 14:00:48.524  1864  1875 I ActivityManager: Process WebViewLoader-x86 (pid 2014) has died: psvc PER 
11-15 14:00:48.524  1864  1881 W libprocessgroup: kill(-2014, 9) failed: No such process
11-15 14:00:48.524  1864  1881 I libprocessgroup: Successfully killed process cgroup uid 1037 pid 2014 in 0ms
11-15 14:00:48.524  1736  1736 E OMXNodeInstance: getExtensionIndex(0xf469c120:google.vp9.decoder, OMX.google.android.index.configureVideoTunnelMode) ERROR: UnsupportedIndex(0x8000101a)
11-15 14:00:48.524  1736  1736 E OMXNodeInstance: getExtensionIndex(0xf469c120:google.vp9.decoder, OMX.google.android.index.enableAndroidNativeBuffers) ERROR: UnsupportedIndex(0x8000101a)
11-15 14:00:48.525  1864  1864 D SystemServerInitThreadPool: Shutdown successful
11-15 14:00:48.527  1731  1799 I OMXClient: IOmx service obtained
11-15 14:00:48.527  1736  1736 I OMXMaster: makeComponentInstance(OMX.google.h264.encoder) in omx@1.0-service process
11-15 14:00:48.528  1864  1864 W Looper  : Slow delivery took 1077ms main h=android.os.Handler c=com.android.server.BatteryService$8@4b964b3 m=0
11-15 14:00:48.528  2001  2001 W AlarmManager: Unrecognized alarm listener com.android.systemui.keyguard.-$$Lambda$KeyguardSliceProvider$IhzByd8TsqFuOrSyuGurVskyPLo@d770653
11-15 14:00:48.530  1864  1877 W LocationProviderProxy-network: Odd, no component found for service com.android.location.service.v3.NetworkLocationProvider
11-15 14:00:48.530  1864  1877 W GeocoderProxy: Odd, no component found for service com.android.location.service.GeocodeProvider
11-15 14:00:48.530  1864  1877 W GeofenceProxy: Odd, no component found for service com.android.location.service.GeofenceProvider
11-15 14:00:48.530  1864  1877 W ActivityRecognitionProxy: Odd, no component found for service com.android.location.service.ActivityRecognitionProvider
11-15 14:00:48.531  1864  1864 D ConditionProviders.SCP: onConnected
11-15 14:00:48.531  1864  1961 D WifiController: DEFERRED_TOGGLE handled
11-15 14:00:48.531  1864  1961 D WifiController: StaEnabledState.enter()
11-15 14:00:48.531  1864  1962 D WifiStateMachinePrime: received a message in WifiDisabledState: { when=0 what=0 target=com.android.internal.util.StateMachine$SmHandler }
11-15 14:00:48.531  1864  1962 D WifiStateMachinePrime: Switching from WifiDisabledState to ClientMode
11-15 14:00:48.531  1864  1962 D WifiStateMachinePrime: Entering ClientModeActiveState
11-15 14:00:48.531  1864  1864 D ConditionProviders: Subscribing to condition://android/event?userId=-10000&calendar=&reply=1 with ComponentInfo{android/com.android.server.notification.EventConditionProvider}
11-15 14:00:48.531  1864  1864 D ConditionProviders: Subscribing to condition://android/schedule?days=1.2.3.4.5.6.7&start=22.0&end=7.0&exitAtAlarm=true with ComponentInfo{android/com.android.server.notification.ScheduleConditionProvider}
11-15 14:00:48.531  1864  1962 D WifiClientModeManager: entering IdleState
11-15 14:00:48.531  1864  1962 D WifiStateMachinePrime: State changed from client mode. state = 2
11-15 14:00:48.534  1864  1880 W ActivityManager: Slow operation: 318ms so far, now at startProcess: returned from zygote!
11-15 14:00:48.534  1864  1880 W ActivityManager: Slow operation: 318ms so far, now at startProcess: done updating battery stats
11-15 14:00:48.537  1864  1880 W ActivityManager: Slow operation: 321ms so far, now at startProcess: building log message
11-15 14:00:48.537  1864  1880 I ActivityManager: Start proc 2105:com.android.phone/1001 for added application com.android.phone
11-15 14:00:48.537  1864  1880 W ActivityManager: Slow operation: 321ms so far, now at startProcess: starting to update pids map
11-15 14:00:48.537  1864  1880 W ActivityManager: Slow operation: 321ms so far, now at startProcess: done updating pids map
11-15 14:00:48.537  1864  1880 W ActivityManager: Slow operation: 61ms so far, now at startProcess: asking zygote to start proc
11-15 14:00:48.537  1623  1623 I android.hardware.wifi@1.0-service: Wifi HAL started
11-15 14:00:48.539  1864  1962 I WifiVendorHal: Vendor Hal started successfully
11-15 14:00:48.539  1864  1964 I WifiP2pNative: Registering for interface available listener
11-15 14:00:48.544  1731  1799 W OMXUtils: do not know color format 0x7f000789 = 2130708361
11-15 14:00:48.544  1864  1864 V FingerprintService: Done with client: android
11-15 14:00:48.544  1864  1864 V FingerprintService: clearEnumerateState()
11-15 14:00:48.544  2105  2105 W m.android.phon: Unexpected CPU variant for X86 using defaults: x86
11-15 14:00:48.545  1864  1963 I WifiScanningService: wifi driver unloaded
11-15 14:00:48.545  1864  1864 V SettingsProvider: Notifying for 0: content://settings/secure/location_providers_allowed
11-15 14:00:48.545  1864  1864 V SettingsProvider: Notifying for 0: content://settings/global/location_global_kill_switch
11-15 14:00:48.545  1864  1962 I android_os_HwBinder: HwBinder: Starting thread pool for default::android.hidl.manager@1.0::IServiceManager
11-15 14:00:48.545  1864  1963 I WifiScanningService: wifi driver unloaded
11-15 14:00:48.547  1864  1964 D WifiP2pNative: P2P InterfaceAvailableListener true
11-15 14:00:48.547  1864  1964 D WifiP2pService: Wifi enabled=false, P2P Interface availability=true, Number of clients=0
11-15 14:00:48.547  1864  1964 D WifiP2pService: Wifi enabled=false, P2P Interface availability=true
11-15 14:00:48.548  2105  2105 E m.android.phon: Not starting debugger since process cannot load the jdwp agent.
11-15 14:00:48.553  1731  1799 I OMXClient: IOmx service obtained
11-15 14:00:48.553  1736  1736 I OMXMaster: makeComponentInstance(OMX.google.h263.encoder) in omx@1.0-service process
11-15 14:00:48.557  1736  1736 I SoftMPEG4Encoder: Construct SoftMPEG4Encoder
11-15 14:00:48.557  1731  1799 W OMXUtils: do not know color format 0x7f000789 = 2130708361
11-15 14:00:48.560  1736  1736 E OMXNodeInstance: getConfig(0xf469c120:google.h263.encoder, ConfigAndroidIntraRefresh(0x6f60000a)) ERROR: Undefined(0x80001001)
11-15 14:00:48.565  1731  1799 I OMXClient: IOmx service obtained
11-15 14:00:48.565  1736  1736 I OMXMaster: makeComponentInstance(OMX.google.mpeg4.encoder) in omx@1.0-service process
11-15 14:00:48.566  1736  1736 I SoftMPEG4Encoder: Construct SoftMPEG4Encoder
11-15 14:00:48.566  1731  1799 W OMXUtils: do not know color format 0x7f000789 = 2130708361
11-15 14:00:48.566  1736  1736 E OMXNodeInstance: getConfig(0xf469c120:google.mpeg4.encoder, ConfigAndroidIntraRefresh(0x6f60000a)) ERROR: Undefined(0x80001001)
11-15 14:00:48.567  1864  1880 W ActivityManager: Slow operation: 91ms so far, now at startProcess: returned from zygote!
11-15 14:00:48.567  2122  2122 W ndroid.setting: Unexpected CPU variant for X86 using defaults: x86
11-15 14:00:48.568  1864  1864 I system_server: The ClassLoaderContext is a special shared library.
11-15 14:00:48.573  2122  2122 E ndroid.setting: Not starting debugger since process cannot load the jdwp agent.
11-15 14:00:48.573  1864  1880 W ActivityManager: Slow operation: 97ms so far, now at startProcess: done updating battery stats
11-15 14:00:48.573  1864  1880 W ActivityManager: Slow operation: 97ms so far, now at startProcess: building log message
11-15 14:00:48.573  1864  1880 I ActivityManager: Start proc 2122:com.android.settings/1000 for activity com.android.settings/.FallbackHome
11-15 14:00:48.573  1864  1880 W ActivityManager: Slow operation: 97ms so far, now at startProcess: starting to update pids map
11-15 14:00:48.573  1864  1880 W ActivityManager: Slow operation: 97ms so far, now at startProcess: done updating pids map
11-15 14:00:48.583  1731  1799 I OMXClient: IOmx service obtained
11-15 14:00:48.587  1736  1736 I OMXMaster: makeComponentInstance(OMX.google.vp8.encoder) in omx@1.0-service process
11-15 14:00:48.593  2001  2001 W AlarmManager: Unrecognized alarm listener com.android.systemui.keyguard.-$$Lambda$KeyguardSliceProvider$IhzByd8TsqFuOrSyuGurVskyPLo@666fcb5
11-15 14:00:48.599  2001  2001 D skia    : --- Failed to create image decoder with message 'unimplemented'
11-15 14:00:48.600  1731  1799 W OMXUtils: do not know color format 0x7f000789 = 2130708361
11-15 14:00:48.600  1736  1736 E OMXNodeInstance: getConfig(0xf469c120:google.vp8.encoder, ConfigAndroidIntraRefresh(0x6f60000a)) ERROR: Undefined(0x80001001)
11-15 14:00:48.601  1731  1799 D MediaCodecList: ignored a null builder
11-15 14:00:48.603  1864  2054 I OMXClient: IOmx service obtained
11-15 14:00:48.603  2105  2105 I m.android.phon: The ClassLoaderContext is a special shared library.
11-15 14:00:48.603  1736  1736 I OMXMaster: makeComponentInstance(OMX.google.vorbis.decoder) in omx@1.0-service process
11-15 14:00:48.607  1736  2058 E OMXNodeInstance: getConfig(0xf469c120:google.vorbis.decoder, ConfigAndroidVendorExtension(0x6f100004)) ERROR: Undefined(0x80001001)
11-15 14:00:48.608  1605  1605 W AshmemAllocator: ashmem_create_region(32768) returning hidl_memory(0xe721c180, 32768)
11-15 14:00:48.620  2122  2122 I ndroid.setting: The ClassLoaderContext is a special shared library.
11-15 14:00:48.623  1605  1605 W AshmemAllocator: ashmem_create_region(32768) returning hidl_memory(0xe721c180, 32768)
11-15 14:00:48.626  1605  1605 I chatty  : uid=1000(system) allocator@1.0-s identical 5 lines
11-15 14:00:48.626  1605  1605 W AshmemAllocator: ashmem_create_region(32768) returning hidl_memory(0xe721c180, 32768)
11-15 14:00:48.630  2001  2001 V SystemUIService: Starting SystemUI services for user 0.
11-15 14:00:48.632  1605  1605 W AshmemAllocator: ashmem_create_region(32768) returning hidl_memory(0xe721c180, 32768)
11-15 14:00:48.632  1605  1605 I chatty  : uid=1000(system) allocator@1.0-s identical 2 lines
11-15 14:00:48.632  1605  1605 W AshmemAllocator: ashmem_create_region(32768) returning hidl_memory(0xe721c180, 32768)
11-15 14:00:48.635  2122  2122 I ndroid.setting: The ClassLoaderContext is a special shared library.
11-15 14:00:48.637  2105  2105 I m.android.phon: The ClassLoaderContext is a special shared library.
11-15 14:00:48.660  2001  2145 D OpenGLRenderer: Skia GL Pipeline
11-15 14:00:48.689  2001  2001 V MediaRouter: Adding route: RouteInfo{ name=Phone, description=null, status=null, category=RouteCategory{ name=System types=ROUTE_TYPE_LIVE_AUDIO ROUTE_TYPE_LIVE_VIDEO  groupable=false }, supportedTypes=ROUTE_TYPE_LIVE_AUDIO ROUTE_TYPE_LIVE_VIDEO , presentationDisplay=null }
11-15 14:00:48.694  2001  2001 V MediaRouter: Selecting route: RouteInfo{ name=Phone, description=null, status=null, category=RouteCategory{ name=System types=ROUTE_TYPE_LIVE_AUDIO ROUTE_TYPE_LIVE_VIDEO  groupable=false }, supportedTypes=ROUTE_TYPE_LIVE_AUDIO ROUTE_TYPE_LIVE_VIDEO , presentationDisplay=null }
11-15 14:00:48.703  1864  1864 E BluetoothAdapter: Bluetooth binder is null
11-15 14:00:48.708  2112  2112 I wpa_supplicant: Processing hidl events on FD 3
11-15 14:00:48.708  2112  2112 I wpa_supplicant: Successfully initialized wpa_supplicant
11-15 14:00:48.712  1864  2151 I OMXClient: IOmx service obtained
11-15 14:00:48.712  1736  1736 I OMXMaster: makeComponentInstance(OMX.google.vorbis.decoder) in omx@1.0-service process
11-15 14:00:48.712  1864  1864 I Telecom : SystemStateProvider: Registering car mode receiver: android.content.IntentFilter@faf5d54: TS.init@AAA
11-15 14:00:48.714  2112  2112 I wpa_supplicant: rfkill: Cannot open RFKILL control device
11-15 14:00:48.723  1736  1736 E OMXNodeInstance: getConfig(0xf4aa6f60:google.vorbis.decoder, ConfigAndroidVendorExtension(0x6f100004)) ERROR: Undefined(0x80001001)
11-15 14:00:48.724  1605  1605 W AshmemAllocator: ashmem_create_region(32768) returning hidl_memory(0xe721c180, 32768)
11-15 14:00:48.727  1605  1605 I chatty  : uid=1000(system) allocator@1.0-s identical 6 lines
11-15 14:00:48.727  1605  1605 W AshmemAllocator: ashmem_create_region(32768) returning hidl_memory(0xe721c180, 32768)
11-15 14:00:48.737  2001  2001 W SoundPool: Use of stream types is deprecated for operations other than volume control
11-15 14:00:48.746  1864  2162 I Telecom : Logging.Events: Non-call EVENT: AUDIO_ROUTE, Entering state QuiescentSpeakerRoute
11-15 14:00:48.752  1864  1864 I Telecom : MissedCallNotifierImpl: reloadFromDatabase: Boot not yet complete -- call log db may not be available. Deferring loading until boot complete for user 0: TS.init@AAA
11-15 14:00:48.752  1864  1864 E BluetoothAdapter: Bluetooth binder is null
11-15 14:00:48.753  1864  1864 I Telecom : Class: TelecomSystem.INSTANCE being set
11-15 14:00:48.754  1864  1864 E BluetoothAdapter: Bluetooth binder is null
11-15 14:00:48.754  1864  1864 W Looper  : Slow dispatch took 115ms main h=android.app.ActivityThread$H c=null m=121
11-15 14:00:48.754  1864  1864 W ContextImpl: Calling a method in the system process without a qualified user: android.app.ContextImpl.startService:1531 com.android.server.content.SyncManager$14.run:756 android.os.Handler.handleCallback:873 android.os.Handler.dispatchMessage:99 android.os.Looper.loop:193 
11-15 14:00:48.754  1864  1864 V SettingsProvider: Notifying for 0: content://settings/global/boot_count
11-15 14:00:48.755  1726  1755 D installd: Found quota mount /dev/block/dm-1 at /data
11-15 14:00:48.755  1726  1755 D installd: Found storage mount /data/media at /mnt/runtime/default/emulated
11-15 14:00:48.755  2001  2167 I OMXClient: IOmx service obtained
11-15 14:00:48.756  1736  1736 I OMXMaster: makeComponentInstance(OMX.google.vorbis.decoder) in omx@1.0-service process
11-15 14:00:48.756  1864  1864 I system_server: The ClassLoaderContext is a special shared library.
11-15 14:00:48.758  1736  1736 E OMXNodeInstance: getConfig(0xf469c2a0:google.vorbis.decoder, ConfigAndroidVendorExtension(0x6f100004)) ERROR: Undefined(0x80001001)
11-15 14:00:48.760  1605  1605 W AshmemAllocator: ashmem_create_region(32768) returning hidl_memory(0xe721c180, 32768)
11-15 14:00:48.762  2122  2122 D OpenGLRenderer: Skia GL Pipeline
11-15 14:00:48.763  1605  1605 W AshmemAllocator: ashmem_create_region(32768) returning hidl_memory(0xe721c180, 32768)
11-15 14:00:48.766  1605  1605 I chatty  : uid=1000(system) allocator@1.0-s identical 5 lines
11-15 14:00:48.766  1605  1605 W AshmemAllocator: ashmem_create_region(32768) returning hidl_memory(0xe721c180, 32768)
11-15 14:00:48.775  1864  2163 W ActivityManager: Unable to start service Intent { act=android.intent.action.QUICKSTEP_SERVICE pkg=com.google.android.apps.nexuslauncher } U=0: not found
11-15 14:00:48.775  1721  2096 E SurfaceFlinger: ro.sf.lcd_density must be defined as a build property
11-15 14:00:48.776  2001  2001 W OverviewProxyService: Failed to connect on attempt 1 will try again in 5000ms
11-15 14:00:48.781  1605  1605 W AshmemAllocator: ashmem_create_region(32768) returning hidl_memory(0xe721c180, 32768)
11-15 14:00:48.781  1605  1605 I chatty  : uid=1000(system) allocator@1.0-s identical 2 lines
11-15 14:00:48.781  1605  1605 W AshmemAllocator: ashmem_create_region(32768) returning hidl_memory(0xe721c180, 32768)
11-15 14:00:48.785  2105  2105 I m.android.phon: The ClassLoaderContext is a special shared library.
11-15 14:00:48.788  1864  1864 I system_server: The ClassLoaderContext is a special shared library.
11-15 14:00:48.795  1618  1618 D gralloc_ranchu: gralloc_alloc: Creating ashmem region of size 8298496
11-15 14:00:48.797  2122  2175 D         : HostConnection::get() New Host Connection established 0xe19a3d40, tid 2175
11-15 14:00:48.799  1721  2096 D         : HostConnection::get() New Host Connection established 0xea318280, tid 2096
11-15 14:00:48.799  1618  1618 D gralloc_ranchu: gralloc_alloc: Creating ashmem region of size 8298496
11-15 14:00:48.800  1864  2176 I OMXClient: IOmx service obtained
11-15 14:00:48.801  1736  2058 I OMXMaster: makeComponentInstance(OMX.google.vorbis.decoder) in omx@1.0-service process
11-15 14:00:48.802  2122  2175 I ConfigStore: android::hardware::configstore::V1_0::ISurfaceFlingerConfigs::hasWideColorDisplay retrieved: 0
11-15 14:00:48.802  2122  2175 I ConfigStore: android::hardware::configstore::V1_0::ISurfaceFlingerConfigs::hasHDRDisplay retrieved: 0
11-15 14:00:48.802  2122  2175 I OpenGLRenderer: Initialized EGL, version 1.4
11-15 14:00:48.802  2122  2175 D OpenGLRenderer: Swap behavior 1
11-15 14:00:48.802  1618  1659 D gralloc_ranchu: gralloc_alloc: Creating ashmem region of size 8298496
11-15 14:00:48.802  2122  2175 W OpenGLRenderer: Failed to choose config with EGL_SWAP_BEHAVIOR_PRESERVED, retrying without...
11-15 14:00:48.802  2122  2175 D OpenGLRenderer: Swap behavior 0
11-15 14:00:48.803  1618  1659 D         : HostConnection::get() New Host Connection established 0xecf23640, tid 1659
11-15 14:00:48.803  1864  1864 D GpsNetInitiatedHandler: location enabled :true
11-15 14:00:48.803  1864  1864 V WiredAccessoryManager: notifyWiredAccessoryChanged: when=0 bits= mask=54
11-15 14:00:48.803  1864  1864 V WiredAccessoryManager: newName=h2w newState=0 headsetState=0 prev headsetState=0
11-15 14:00:48.803  1864  1864 E WiredAccessoryManager: No state change.
11-15 14:00:48.803  1864  1864 V WiredAccessoryManager: init()
11-15 14:00:48.804  2122  2175 D EGL_emulation: eglCreateContext: 0xe3405120: maj 3 min 0 rcv 3
11-15 14:00:48.805  1736  2058 E OMXNodeInstance: getConfig(0xf4aa6f60:google.vorbis.decoder, ConfigAndroidVendorExtension(0x6f100004)) ERROR: Undefined(0x80001001)
11-15 14:00:48.808  2122  2175 D EGL_emulation: eglMakeCurrent: 0xe3405120: ver 3 0 (tinfo 0xe3403210)
11-15 14:00:48.811  1605  1605 W AshmemAllocator: ashmem_create_region(32768) returning hidl_memory(0xe721c180, 32768)
11-15 14:00:48.815  1605  1605 I chatty  : uid=1000(system) allocator@1.0-s identical 4 lines
11-15 14:00:48.816  1605  1605 W AshmemAllocator: ashmem_create_region(32768) returning hidl_memory(0xe721c180, 32768)
11-15 14:00:48.816  1721  2096 E SurfaceFlinger: ro.sf.lcd_density must be defined as a build property
11-15 14:00:48.817  1605  1605 W AshmemAllocator: ashmem_create_region(32768) returning hidl_memory(0xe721c180, 32768)
11-15 14:00:48.817  1605  1605 W AshmemAllocator: ashmem_create_region(32768) returning hidl_memory(0xe721c180, 32768)
11-15 14:00:48.829  2112  2112 I wpa_supplicant: rfkill: Cannot get wiphy information
11-15 14:00:48.832  1864  1864 W NotificationListeners: Not binding notification listener service ComponentInfo{com.google.android.apps.restore/com.google.android.apps.pixelmigrate.component.NotificationConsolidatorService}: service not found
11-15 14:00:48.832  1864  1864 V NotificationAssistants: enabling notification assistant for 0: ComponentInfo{com.google.android.ext.services/android.ext.services.notification.Assistant}
11-15 14:00:48.832  1864  1864 V NotificationAssistants: binding: Intent { act=android.service.notification.NotificationAssistantService cmp=com.google.android.ext.services/android.ext.services.notification.Assistant (has extras) }
11-15 14:00:48.833  1608  1608 W DeviceHAL: Error from HAL Device in function set_mic_mute: Function not implemented
11-15 14:00:48.838  1864  1979 I android_os_HwBinder: HwBinder: Starting thread pool for default::android.hardware.wifi.supplicant@1.0::ISupplicant
11-15 14:00:48.838  1864  1979 I SupplicantStaIfaceHal: Completed initialization of ISupplicant.
11-15 14:00:48.845  2105  2105 D TelephonyProvider: dbh.onOpen: ok, queried table=siminfo
11-15 14:00:48.846  2105  2105 D TelephonyProvider: dbh.onOpen: ok, queried table=carriers
11-15 14:00:48.848  1864  1880 I ActivityManager: Start proc 2183:com.google.android.ext.services/u0a34 for service com.google.android.ext.services/android.ext.services.notification.Assistant
11-15 14:00:48.849  1623  1623 I android.hardware.wifi@1.0-service: Adding interface handle for wlan0
11-15 14:00:48.849  1623  1623 E android.hardware.wifi@1.0-service: Failed to register radio mode change callback
11-15 14:00:48.849  1623  1623 I android.hardware.wifi@1.0-service: Configured chip in mode 0
11-15 14:00:48.850  1864  1864 W BroadcastQueue: Background execution not allowed: receiving Intent { act=android.intent.action.ACTION_POWER_DISCONNECTED flg=0x4000010 (has extras) } to com.google.android.gms/.chimera.GmsIntentOperationService$PersistentTrustedReceiver
11-15 14:00:48.851  1623  1623 E android.hardware.wifi@1.0-service: Failed to set DFS flag; DFS channels may be unavailable.
11-15 14:00:48.853  1864  1864 D ConditionProviders.SCP: onSubscribe condition://android/schedule?days=1.2.3.4.5.6.7&start=22.0&end=7.0&exitAtAlarm=true
11-15 14:00:48.853  1864  1864 D ConditionProviders.SCP: setRegistered true
11-15 14:00:48.857  2183  2183 W id.ext.service: Unexpected CPU variant for X86 using defaults: x86
11-15 14:00:48.859  1864  1962 D WificondControl: Setting up interface for client mode
11-15 14:00:48.860  1735  1735 I wificond: create scanner for interface with index: 3
11-15 14:00:48.860  1735  1735 I wificond: subscribe scan result for interface with index: 3
11-15 14:00:48.860  1864  1971 E ActivityThread: Failed to find provider info for com.android.calendar
11-15 14:00:48.861  1864  1971 E ActivityThread: Failed to find provider info for com.android.calendar
11-15 14:00:48.861  1554  1554 W hwservicemanager: getTransport: Cannot find entry android.hardware.wifi.offload@1.0::IOffload/default in either framework or device manifest.
11-15 14:00:48.861  1735  1735 E wificond: No Offload Service available
11-15 14:00:48.861  1735  1735 I wificond: Offload HAL not supported 
11-15 14:00:48.861  2183  2183 E id.ext.service: Not starting debugger since process cannot load the jdwp agent.
11-15 14:00:48.862  2001  2188 I OMXClient: IOmx service obtained
11-15 14:00:48.863  1736  1736 I OMXMaster: makeComponentInstance(OMX.google.vorbis.decoder) in omx@1.0-service process
11-15 14:00:48.865  1736  1736 E OMXNodeInstance: getConfig(0xf469c2a0:google.vorbis.decoder, ConfigAndroidVendorExtension(0x6f100004)) ERROR: Undefined(0x80001001)
11-15 14:00:48.869  1864  1962 E SupplicantStaIfaceHal: Can't call setupIface, ISupplicantStaIface is null
11-15 14:00:48.869  2105  2105 D CarrierIdProvider: onCreate
11-15 14:00:48.872  1864  1864 D ConditionProviders.SCP: evaluateSubscriptionLocked cal=ScheduleCalendar[mDays={1, 2, 3, 4, 5, 6, 7}, mSchedule=ScheduleInfo{days=[1, 2, 3, 4, 5, 6, 7], startHour=22, startMinute=0, endHour=7, endMinute=0, exitAtAlarm=true, nextAlarm=Wed Dec 31 19:00:00 EST 1969 (0)}], now=Fri Nov 15 14:00:48 EST 2019 (1573844448853), nextUserAlarmTime=Wed Dec 31 19:00:00 EST 1969 (0)
11-15 14:00:48.872  1864  1864 D ConditionProviders.SCP: notifyCondition condition://android/schedule?days=1.2.3.4.5.6.7&start=22.0&end=7.0&exitAtAlarm=true STATE_FALSE reason=!meetsSchedule
11-15 14:00:48.874  1864  1864 D ConditionProviders.SCP: Scheduling evaluate for Fri Nov 15 22:00:00 EST 2019 (1573873200000), in +7h59m11s147ms, now=Fri Nov 15 14:00:48 EST 2019 (1573844448853)
11-15 14:00:48.874  1864  1864 D WifiP2pService: Wifi enabled=false, P2P Interface availability=true
11-15 14:00:48.875  1864  1964 E WifiP2pService: Unexpected disable request when WifiChannel is null
11-15 14:00:48.875  1605  1605 W AshmemAllocator: ashmem_create_region(32768) returning hidl_memory(0xe721c180, 32768)
11-15 14:00:48.875  1864  1962 I android_os_HwBinder: HwBinder: Starting thread pool for default::android.hardware.wifi.supplicant@1.0::ISupplicant
11-15 14:00:48.878  1605  1605 W AshmemAllocator: ashmem_create_region(32768) returning hidl_memory(0xe721c180, 32768)
11-15 14:00:48.881  1605  1605 I chatty  : uid=1000(system) allocator@1.0-s identical 5 lines
11-15 14:00:48.881  1605  1605 W AshmemAllocator: ashmem_create_region(32768) returning hidl_memory(0xe721c180, 32768)
11-15 14:00:48.882  2105  2105 D CarrierIdProvider: update database from pb file
11-15 14:00:48.887  1605  1605 W AshmemAllocator: ashmem_create_region(32768) returning hidl_memory(0xe721c180, 32768)
11-15 14:00:48.887  1605  1605 I chatty  : uid=1000(system) allocator@1.0-s identical 2 lines
11-15 14:00:48.887  1605  1605 W AshmemAllocator: ashmem_create_region(32768) returning hidl_memory(0xe721c180, 32768)
11-15 14:00:48.892  1864  1962 I android_os_HwBinder: HwBinder: Starting thread pool for default::android.hardware.wifi.supplicant@1.0::ISupplicant
11-15 14:00:48.895  1864  2208 I OMXClient: IOmx service obtained
11-15 14:00:48.897  1736  2058 I OMXMaster: makeComponentInstance(OMX.google.vorbis.decoder) in omx@1.0-service process
11-15 14:00:48.898  1864  1962 I android_os_HwBinder: HwBinder: Starting thread pool for default::android.hardware.wifi.supplicant@1.0::ISupplicant
11-15 14:00:48.898  2183  2183 I id.ext.service: The ClassLoaderContext is a special shared library.
11-15 14:00:48.900  1736  2058 E OMXNodeInstance: getConfig(0xf469c060:google.vorbis.decoder, ConfigAndroidVendorExtension(0x6f100004)) ERROR: Undefined(0x80001001)
11-15 14:00:48.902  1605  1605 W AshmemAllocator: ashmem_create_region(32768) returning hidl_memory(0xe721c180, 32768)
11-15 14:00:48.903  1605  1605 I chatty  : uid=1000(system) allocator@1.0-s identical 2 lines
11-15 14:00:48.903  1605  1605 W AshmemAllocator: ashmem_create_region(32768) returning hidl_memory(0xe721c180, 32768)
11-15 14:00:48.906  1864  1962 I WifiNative: Interface state changed on Iface:{Name=wlan0,Id=0,Type=STA}, isUp=true
11-15 14:00:48.906  1605  1605 W AshmemAllocator: ashmem_create_region(32768) returning hidl_memory(0xe721c180, 32768)
11-15 14:00:48.906  1732  1816 D CommandListener: Clearing all IP addresses on wlan0
11-15 14:00:48.907  1605  1605 W AshmemAllocator: ashmem_create_region(32768) returning hidl_memory(0xe721c180, 32768)
11-15 14:00:48.908  1605  1605 I chatty  : uid=1000(system) allocator@1.0-s identical 1 line
11-15 14:00:48.908  1605  1605 W AshmemAllocator: ashmem_create_region(32768) returning hidl_memory(0xe721c180, 32768)
11-15 14:00:48.910  1864  1962 I WifiNative: Successfully setup Iface:{Name=wlan0,Id=0,Type=STA}
11-15 14:00:48.911  1864  1962 D WifiClientModeManager: sending scan available broadcast: false
11-15 14:00:48.913  1864  1962 D WifiClientModeManager: entering StartedState
11-15 14:00:48.914  1864  1962 D WifiClientModeManager: Wifi is ready to use for client mode
11-15 14:00:48.914  1864  1962 D WifiClientModeManager: sending scan available broadcast: true
11-15 14:00:48.914  1864  1962 D WifiStateMachinePrime: State changed from client mode. state = 3
11-15 14:00:48.914  1864  1962 D WifiStateMachinePrime: client mode active
11-15 14:00:48.915  1864  1962 D WifiStateMachine: entering ConnectModeState: ifaceName = wlan0
11-15 14:00:48.915  1864  1962 D WifiStateMachine: setupClientMode() ifacename = wlan0
11-15 14:00:48.919  1864  1864 I Telecom : WiredHeadsetManager: ACTION_HEADSET_PLUG event, plugged in: false, : WHC.oADA@AAE
11-15 14:00:48.920  1864  1864 D MediaSessionService: Global priority session is changed from null to com.android.server.telecom/HeadsetMediaButton (userId=0)
11-15 14:00:48.924  1732  1816 D CommandListener: Clearing all IP addresses on wlan0
11-15 14:00:48.925  1864  1962 D WifiConfigManager: Legacy store files not found. No migration needed!
11-15 14:00:48.926  1563  1566 D vold    : Recognized experimental block major ID 253 as virtio-blk (emulator's virtual SD card device)
11-15 14:00:48.926  1563  1566 V vold    : /system/bin/sgdisk
11-15 14:00:48.926  1563  1566 V vold    :     --android-dump
11-15 14:00:48.926  1563  1566 V vold    :     /dev/block/vold/disk:253,80
11-15 14:00:48.927  1864  1962 D WifiStateMachine: Setting OUI to DA-A1-19
11-15 14:00:48.927  1864  1962 I WifiVendorHal: Driver: 1.0 Firmware: 1.0
11-15 14:00:48.930  1864  1864 V SettingsProvider: Notifying for 0: content://settings/global/network_recommendations_enabled
11-15 14:00:48.930  1990  1990 W native  : cpu_feature_guard.cc:35 The TensorFlow library was compiled to use SSE instructions, but these aren't available on your machine.
11-15 14:00:48.930  1990  1990 W native  : cpu_feature_guard.cc:35 The TensorFlow library was compiled to use SSE2 instructions, but these aren't available on your machine.
11-15 14:00:48.930  1990  1990 W native  : cpu_feature_guard.cc:35 The TensorFlow library was compiled to use SSE3 instructions, but these aren't available on your machine.
11-15 14:00:48.931  1864  1864 I AutofillManagerService: Updating Autofill for user 0: disabled=false
11-15 14:00:48.931  2122  2175 D EGL_emulation: eglMakeCurrent: 0xe3405120: ver 3 0 (tinfo 0xe3403210)
