11-15 14:00:42.621  1723  1723 I CameraService: CameraService started (pid=1723)
11-15 14:00:42.621  1723  1723 I CameraService: CameraService process starting
11-15 14:00:42.621  1723  1723 W BatteryNotifier: batterystats service unavailable!
11-15 14:00:42.621  1723  1723 W BatteryNotifier: batterystats service unavailable!
11-15 14:00:42.622  1723  1723 I CameraProviderManager: Connecting to new camera provider: legacy/0, isRemote? 1
11-15 14:00:42.623  1723  1723 I CameraProviderManager: Enumerating new camera device: device@3.3/legacy/0
11-15 14:00:42.623  1723  1723 I CameraProviderManager: Enumerating new camera device: device@3.3/legacy/1
11-15 14:00:42.623  1723  1723 I CameraProviderManager: Camera provider legacy/0 ready with 2 camera devices
11-15 14:00:42.623  1554  1554 W hwservicemanager: getTransport: Cannot find entry android.hardware.camera.provider@2.4::ICameraProvider/external/0 in either framework or device manifest.
11-15 14:00:42.625  1723  1723 I CameraHardwareInterface: Opening camera 0
11-15 14:00:42.625  1723  1723 E CameraHardwareInterface: initialize: openSession failed! No such file or directory (-2)
11-15 14:00:42.625  1723  1723 E CameraFlashlight: connectCameraDevice: initializing camera 0 failed
11-15 14:00:42.625  1723  1723 I CameraHardwareInterface: Destroying camera 0
11-15 14:00:42.625  1723  1723 E CameraFlashlight: findFlashUnits: failed to check if camera 0 has a flash unit. No such file or directory (-2)
11-15 14:00:42.625  1723  1723 I CameraHardwareInterface: Opening camera 1
11-15 14:00:42.625  1723  1723 E CameraHardwareInterface: initialize: openSession failed! No such file or directory (-2)
11-15 14:00:42.625  1723  1723 E CameraFlashlight: connectCameraDevice: initializing camera 1 failed
11-15 14:00:42.625  1723  1723 I CameraHardwareInterface: Destroying camera 1
11-15 14:00:42.625  1723  1723 E CameraFlashlight: findFlashUnits: failed to check if camera 1 has a flash unit. No such file or directory (-2)
11-15 14:00:42.625  1723  1723 I CameraService: onDeviceStatusChanged: Status changed for cameraId=1, newStatus=1
11-15 14:00:42.625  1723  1723 I CameraService: onDeviceStatusChanged: Unknown camera ID 1, a new camera is added
11-15 14:00:42.626  1723  1723 I CameraService: onDeviceStatusChanged: Status changed for cameraId=0, newStatus=1
11-15 14:00:42.626  1723  1723 I CameraService: onDeviceStatusChanged: Unknown camera ID 0, a new camera is added
11-15 14:00:42.626  1723  1723 I         : Waiting for activity service
11-15 14:00:42.630  1723  1793 W CameraProviderManager: addProviderLocked: Camera provider HAL with name 'legacy/0' already registered
11-15 14:00:42.631  1723  1793 I CameraService: onDeviceStatusChanged: Status changed for cameraId=1, newStatus=1
11-15 14:00:42.631  1723  1793 E CameraService: onDeviceStatusChanged: State transition to the same status 0x1 not allowed
11-15 14:00:42.631  1723  1793 I CameraService: onDeviceStatusChanged: Status changed for cameraId=0, newStatus=1
11-15 14:00:42.631  1723  1793 E CameraService: onDeviceStatusChanged: State transition to the same status 0x1 not allowed
11-15 14:00:42.645  1732  1732 I Netd    : Creating child chains: 43.8ms
11-15 14:00:42.645  1732  1732 I Netd    : Setting up OEM hooks: 0.1ms
11-15 14:00:42.648  1732  1732 I Netd    : Setting up FirewallController hooks: 3.1ms
11-15 14:00:42.650  1732  1732 I Netd    : Setting up TetherController hooks: 1.4ms
11-15 14:00:42.650  1731  1731 I mediaserver: ServiceManager: 0xec29ab60
11-15 14:00:42.652  1732  1732 I Netd    : Setting up BandwidthController hooks: 2.1ms
11-15 14:00:42.652  1732  1732 I Netd    : Setting up IdletimerController hooks: 0.1ms
11-15 14:00:42.652  1732  1732 I Netd    : initializing traffic control: 0.0ms
11-15 14:00:42.653  1731  1731 W BatteryNotifier: batterystats service unavailable!
11-15 14:00:42.654  1732  1732 I Netd    : Disabling bandwidth control: 2.1ms
11-15 14:00:42.654  1730  1730 I mediametrics: ServiceManager: 0xec19a6e0
11-15 14:00:42.654  1730  1730 D MediaAnalyticsService: MediaAnalyticsService created
11-15 14:00:42.655  1736  1736 I media.codec: mediacodecservice starting
11-15 14:00:42.656  1736  1736 W media.codec: Could not read additional policy file '/vendor/etc/seccomp_policy/mediacodec.policy'
11-15 14:00:42.656  1736  1736 W media.codec: libminijail[1736]: failed to get path of fd 5: No such file or directory
11-15 14:00:42.656  1736  1736 W media.codec: libminijail[1736]: allowing syscall: socketcall
11-15 14:00:42.656  1736  1736 W media.codec: libminijail[1736]: allowing syscall: writev
11-15 14:00:42.656  1736  1736 W media.codec: libminijail[1736]: allowing syscall: fcntl64
11-15 14:00:42.656  1736  1736 W media.codec: libminijail[1736]: allowing syscall: clock_gettime
11-15 14:00:42.657  1736  1736 W media.codec: libminijail[1736]: logging seccomp filter failures
11-15 14:00:42.667  1736  1736 W MediaCodecsXmlParser: unable to open media codecs configuration xml file: /data/misc/media/media_codecs_profiling_results.xml
11-15 14:00:42.668  1736  1736 W MediaCodecsXmlParser: parseTopLevelXMLFile(/data/misc/media/media_codecs_profiling_results.xml) failed
11-15 14:00:42.669  1736  1736 I ServiceManagement: Removing namespace from process name android.hardware.media.omx@1.0-service to omx@1.0-service.
11-15 14:00:42.670  1736  1736 E vndksupport: Could not load libstagefrighthw.so from default namespace: dlopen failed: library "libstagefrighthw.so" not found.
11-15 14:00:42.671  1732  1732 E Netd    : cannot find interface dummy0
11-15 14:00:42.671  1736  1736 W MediaCodecsXmlParser: unable to open media codecs configuration xml file: /data/misc/media/media_codecs_profiling_results.xml
11-15 14:00:42.671  1736  1736 W MediaCodecsXmlParser: parseTopLevelXMLFile(/data/misc/media/media_codecs_profiling_results.xml) failed
11-15 14:00:42.671  1736  1736 I ServiceManagement: Removing namespace from process name android.hardware.media.omx@1.0-service to omx@1.0-service.
11-15 14:00:42.672  1736  1736 I media.codec: IOmx HAL service created.
11-15 14:00:42.672  1732  1732 I Netd    : Initializing RouteController: 17.9ms
11-15 14:00:42.672  1732  1732 D XfrmController: Sending Netlink XFRM Message: XFRM_MSG_FLUSHSA
11-15 14:00:42.672  1732  1732 D XfrmController: Sending Netlink XFRM Message: XFRM_MSG_FLUSHPOLICY
11-15 14:00:42.672  1732  1732 I Netd    : Initializing XfrmController: 0.1ms
11-15 14:00:42.672  1732  1732 E Netd    : Unable to create netlink socket: Protocol not supported
11-15 14:00:42.672  1732  1732 W Netd    : Unable to open qlog quota socket, check if xt_quota2 can send via UeventHandler
11-15 14:00:42.674  1732  1732 D MDnsDS  : MDnsSdListener::Hander starting up
11-15 14:00:42.675  1732  1812 D MDnsDS  : MDnsSdListener starting to monitor
11-15 14:00:42.675  1732  1812 D MDnsDS  : Going to poll with pollCount 1
11-15 14:00:42.675  1732  1732 I Netd    : Registering NetdNativeService: 0.6ms
11-15 14:00:42.675  1732  1732 I Netd    : Starting CommandListener: 0.1ms
11-15 14:00:42.676  1732  1732 I Netd    : Registering NetdHwService: 0.6ms
11-15 14:00:42.676  1732  1732 I Netd    : Netd started in 103ms
11-15 14:00:42.711  1820  1820 E netmgr  : Failed to open QEMU pipe 'qemud:network': Invalid argument
11-15 14:00:42.711  1820  1820 E netmgr  : WifiForwarder unable to open QEMU pipe: Invalid argument
11-15 14:00:43.059  1852  1852 E hostapd : Configuration file: /data/vendor/wifi/hostapd/hostapd.conf
11-15 14:00:43.064  1852  1852 I hostapd : rfkill: Cannot get wiphy information
11-15 14:00:43.065  1852  1852 I hostapd : wlan1: interface state UNINITIALIZED->COUNTRY_UPDATE
11-15 14:00:43.177  1722  1722 W zygote  : CheckJNI: method to register "write" not in the given class. This is slow, consider changing your RegisterNatives calls.
11-15 14:00:43.178  1722  1722 I chatty  : uid=0(root) main identical 42 lines
11-15 14:00:43.178  1722  1722 W zygote  : CheckJNI: method to register "write" not in the given class. This is slow, consider changing your RegisterNatives calls.
11-15 14:00:43.178  1722  1722 W zygote  : CheckJNI: method to register "write_non_chained" not in the given class. This is slow, consider changing your RegisterNatives calls.
11-15 14:00:43.179  1722  1722 I chatty  : uid=0(root) main identical 7 lines
11-15 14:00:43.179  1722  1722 W zygote  : CheckJNI: method to register "write_non_chained" not in the given class. This is slow, consider changing your RegisterNatives calls.
11-15 14:00:43.297  1722  1722 D Zygote  : begin preload
11-15 14:00:43.297  1722  1722 I Zygote  : Installing ICU cache reference pinning...
11-15 14:00:43.297  1722  1722 I Zygote  : Preloading ICU data...
11-15 14:00:43.346  1722  1722 I Zygote  : Preloading classes...
11-15 14:00:43.374  1722  1722 I PackageBackwardCompatibility: Loaded android.content.pm.OrgApacheHttpLegacyUpdater
11-15 14:00:43.374  1722  1722 I PackageBackwardCompatibility: Could not find android.content.pm.AndroidTestBaseUpdater, ignoring
11-15 14:00:43.458  1721  1721 W ServiceManagement: Waited one second for android.hardware.graphics.composer@2.1::IComposer/default. Waiting another...
11-15 14:00:43.538  1734  1797 I ServiceManager: Waiting for service package_native...
11-15 14:00:43.775  1722  1722 E ActivityRecognitionHardware: activity_recognition HAL is deprecated. class_init is effectively a no-op
11-15 14:00:43.851  1722  1722 I zygote  : Thread[1,tid=1722,Native,Thread*=0xe91f4000,peer=0x12cc0088,"main"] recursive attempt to load library "/system/lib/libmedia_jni.so"
11-15 14:00:43.851  1722  1722 D MtpDeviceJNI: register_android_mtp_MtpDevice
11-15 14:00:43.851  1722  1722 I zygote  : Thread[1,tid=1722,Native,Thread*=0xe91f4000,peer=0x12cc0088,"main"] recursive attempt to load library "/system/lib/libmedia_jni.so"
11-15 14:00:43.851  1722  1722 I zygote  : Thread[1,tid=1722,Native,Thread*=0xe91f4000,peer=0x12cc0088,"main"] recursive attempt to load library "/system/lib/libmedia_jni.so"
11-15 14:00:43.964  1722  1722 I Zygote  : ...preloaded 6535 classes in 618ms.
11-15 14:00:43.965  1722  1722 I zygote  : VMRuntime.preloadDexCaches starting
11-15 14:00:43.983  1722  1722 I zygote  : VMRuntime.preloadDexCaches strings total=339019 before=12306 after=12306
11-15 14:00:43.983  1722  1722 I zygote  : VMRuntime.preloadDexCaches types total=31350 before=7821 after=7822
11-15 14:00:43.983  1722  1722 I zygote  : VMRuntime.preloadDexCaches fields total=140736 before=9181 after=9181
11-15 14:00:43.983  1722  1722 I zygote  : VMRuntime.preloadDexCaches methods total=247731 before=12783 after=12783
11-15 14:00:43.983  1722  1722 I zygote  : VMRuntime.preloadDexCaches finished
11-15 14:00:44.062  1849  1849 E ipv6proxy: Failed to forward Router Advertisement from eth0 to wlan1: Network is unreachable
11-15 14:00:44.063  1849  1849 E ipv6proxy: Failed to forward Router Advertisement from eth0 to radio0-peer: Cannot assign requested address
11-15 14:00:44.182  1722  1722 I Zygote  : Preloading resources...
11-15 14:00:44.198  1722  1722 W Resources: Preloaded drawable resource #0x1080265 (android:drawable/dialog_background_material) that varies with configuration!!
11-15 14:00:44.210  1722  1722 I Zygote  : ...preloaded 64 resources in 28ms.
11-15 14:00:44.212  1722  1722 I Zygote  : ...preloaded 41 resources in 2ms.
11-15 14:00:44.216  1722  1722 D libEGL  : Emulator has host GPU support, qemu.gles is set to 1.
11-15 14:00:44.217  1722  1722 E vndksupport: Could not load /vendor/lib/egl/libGLES_emulation.so from sphal namespace: dlopen failed: library "/vendor/lib/egl/libGLES_emulation.so" not found.
11-15 14:00:44.217  1722  1722 E libEGL  : load_driver(/vendor/lib/egl/libGLES_emulation.so): unknown
11-15 14:00:44.218  1722  1722 D libEGL  : loaded /vendor/lib/egl/libEGL_emulation.so
11-15 14:00:44.219  1722  1722 D libEGL  : loaded /vendor/lib/egl/libGLESv1_CM_emulation.so
11-15 14:00:44.223  1722  1722 D libEGL  : loaded /vendor/lib/egl/libGLESv2_emulation.so
11-15 14:00:44.228  1722  1722 I Zygote  : Preloading shared libraries...
11-15 14:00:44.236  1722  1722 I Zygote  : Uninstalled ICU cache reference pinning...
11-15 14:00:44.238  1722  1722 I Zygote  : Installed AndroidKeyStoreProvider in 1ms.
11-15 14:00:44.242  1722  1722 I Zygote  : Warmed up JCA providers in 4ms.
11-15 14:00:44.242  1722  1722 D Zygote  : end preload
11-15 14:00:44.254  1722  1722 I zygote  : Explicit concurrent copying GC freed 17294(976KB) AllocSpace objects, 1(20KB) LOS objects, 72% free, 2MB/8MB, paused 16us total 11.932ms
11-15 14:00:44.261  1722  1722 I zygote  : Explicit concurrent copying GC freed 1674(97KB) AllocSpace objects, 0(0B) LOS objects, 73% free, 2MB/8MB, paused 9us total 6.271ms
11-15 14:00:44.322  1722  1722 I Zygote  : System server process 1864 has been created
11-15 14:00:44.326  1864  1864 E system_server: Not starting debugger since process cannot load the jdwp agent.
11-15 14:00:44.329  1722  1722 I Zygote  : Accepting command socket connections
11-15 14:00:44.351  1864  1864 I system_server: The ClassLoaderContext is a special shared library.
11-15 14:00:44.364  1864  1864 I chatty  : uid=1000 system_server identical 2 lines
11-15 14:00:44.365  1864  1864 I system_server: The ClassLoaderContext is a special shared library.
11-15 14:00:44.401  1864  1864 I SystemServer: InitBeforeStartServices
11-15 14:00:44.404  1864  1864 I SystemServer: Entered the Android system server!
11-15 14:00:44.459  1721  1721 W ServiceManagement: Waited one second for android.hardware.graphics.composer@2.1::IComposer/default. Waiting another...
11-15 14:00:44.522  1864  1864 E UsbAlsaJackDetectorJNI: Can't register UsbAlsaJackDetector native methods
11-15 14:00:44.542  1864  1864 I SystemServer: StartServices
11-15 14:00:44.542  1864  1864 I SystemServer: Reading configuration...
11-15 14:00:44.542  1864  1864 I SystemServer: ReadingSystemConfig
11-15 14:00:44.542  1864  1864 I SystemServer: StartInstaller
11-15 14:00:44.542  1864  1864 I SystemServiceManager: Starting com.android.server.pm.Installer
11-15 14:00:44.544  1734  1797 I ServiceManager: Waiting for service package_native...
11-15 14:00:44.548  1726  1755 D installd: Found quota mount /dev/block/dm-1 at /data
11-15 14:00:44.548  1864  1864 I SystemServer: DeviceIdentifiersPolicyService
11-15 14:00:44.548  1864  1864 I SystemServiceManager: Starting com.android.server.os.DeviceIdentifiersPolicyService
11-15 14:00:44.549  1864  1864 I SystemServer: StartActivityManager
11-15 14:00:44.549  1864  1864 I SystemServiceManager: Starting com.android.server.am.ActivityManagerService$Lifecycle
11-15 14:00:44.585  1864  1864 I ActivityManager: Memory class: 384
11-15 14:00:44.610  1864  1864 D BatteryStatsImpl: Reading daily items from /data/system/batterystats-daily.xml
11-15 14:00:44.626  1864  1882 E BluetoothAdapter: Bluetooth binder is null
11-15 14:00:44.632  1864  1882 E BatteryExternalStatsWorker: no controller energy info supplied for telephony
11-15 14:00:44.633  1864  1882 E KernelUidCpuFreqTimeReader: Failed to read /proc/uid_time_in_state: java.io.FileNotFoundException: /proc/uid_time_in_state (No such file or directory)
11-15 14:00:44.638  1864  1882 W KernelCpuProcReader: File not exist: /proc/uid_cpupower/concurrent_active_time
11-15 14:00:44.638  1864  1882 W KernelCpuProcReader: File not exist: /proc/uid_cpupower/concurrent_policy_time
11-15 14:00:44.639  1864  1882 W KernelMemoryBandwidthStats: No kernel memory bandwidth stats available
11-15 14:00:44.640  1864  1882 I PowerManagerService-JNI: Loaded power HAL 1.0 service
11-15 14:00:44.641  1864  1882 I PowerManagerService-JNI: Loaded power HAL 1.1 service
11-15 14:00:44.641  1864  1882 E KernelUidCpuFreqTimeReader: Failed to read /proc/uid_time_in_state: java.io.FileNotFoundException: /proc/uid_time_in_state (No such file or directory)
11-15 14:00:44.651  1554  1554 W hwservicemanager: getTransport: Cannot find entry android.hardware.memtrack@1.0::IMemtrack/default in either framework or device manifest.
11-15 14:00:44.651  1864  1864 E memtrack: Couldn't load memtrack module
11-15 14:00:44.651  1864  1864 W android.os.Debug: failed to get memory consumption info: -1
11-15 14:00:44.655  1864  1864 W AppOps  : Unknown attribute in 'op' tag: n
11-15 14:00:44.660  1864  1864 I chatty  : uid=1000 system_server identical 190 lines
11-15 14:00:44.660  1864  1864 W AppOps  : Unknown attribute in 'op' tag: n
11-15 14:00:44.683  1864  1864 I IntentFirewall: Read new rules (A:0 B:0 S:0)
11-15 14:00:44.693  1864  1864 W libprocessgroup: Failed to remove /acct/uid_0/pid_1184: Device or resource busy
11-15 14:00:44.693  1864  1864 W libprocessgroup: Failed to remove /acct/uid_0/pid_1563: Device or resource busy
11-15 14:00:44.693  1864  1864 W libprocessgroup: Failed to remove /acct/uid_0/pid_1606: Device or resource busy
11-15 14:00:44.693  1864  1864 W libprocessgroup: Failed to remove /acct/uid_0/pid_1625: Device or resource busy
11-15 14:00:44.693  1864  1864 W libprocessgroup: Failed to remove /acct/uid_0/pid_1627: Device or resource busy
11-15 14:00:44.693  1864  1864 W libprocessgroup: Failed to remove /acct/uid_0/pid_1722: Device or resource busy
11-15 14:00:44.693  1864  1864 W libprocessgroup: Failed to remove /acct/uid_0/pid_1726: Device or resource busy
11-15 14:00:44.693  1864  1864 W libprocessgroup: Failed to remove /acct/uid_0/pid_1732: Device or resource busy
11-15 14:00:44.693  1864  1864 W libprocessgroup: Failed to remove /acct/uid_0/pid_1734: Device or resource busy
11-15 14:00:44.693  1864  1864 W libprocessgroup: Failed to remove /acct/uid_0/pid_1738: Device or resource busy
11-15 14:00:44.693  1864  1864 W libprocessgroup: Failed to remove /acct/uid_0/pid_1820: Device or resource busy
11-15 14:00:44.693  1864  1864 W libprocessgroup: Failed to remove /acct/uid_0/pid_1840: Device or resource busy
11-15 14:00:44.693  1864  1864 W libprocessgroup: Failed to remove /acct/uid_0/pid_1849: Device or resource busy
11-15 14:00:44.693  1864  1864 W libprocessgroup: Failed to remove /acct/uid_0/pid_1852: Device or resource busy
11-15 14:00:44.693  1864  1864 W libprocessgroup: Failed to remove /acct/uid_0/pid_1854: Device or resource busy
11-15 14:00:44.693  1864  1864 W libprocessgroup: Failed to remove /acct/uid_0: Permission denied
11-15 14:00:44.693  1864  1864 W libprocessgroup: Failed to remove /acct/uid_1000/pid_1553: Device or resource busy
11-15 14:00:44.693  1864  1864 W libprocessgroup: Failed to remove /acct/uid_1000/pid_1554: Device or resource busy
11-15 14:00:44.693  1864  1864 W libprocessgroup: Failed to remove /acct/uid_1000/pid_1555: Device or resource busy
11-15 14:00:44.693  1864  1864 W libprocessgroup: Failed to remove /acct/uid_1000/pid_1562: Device or resource busy
11-15 14:00:44.693  1864  1864 W libprocessgroup: Failed to remove /acct/uid_1000/pid_1605: Device or resource busy
11-15 14:00:44.693  1864  1864 W libprocessgroup: Failed to remove /acct/uid_1000/pid_1607: Device or resource busy
11-15 14:00:44.693  1864  1864 W libprocessgroup: Failed to remove /acct/uid_1000/pid_1612: Device or resource busy
11-15 14:00:44.693  1864  1864 W libprocessgroup: Failed to remove /acct/uid_1000/pid_1616: Device or resource busy
11-15 14:00:44.693  1864  1864 W libprocessgroup: Failed to remove /acct/uid_1000/pid_1618: Device or resource busy
11-15 14:00:44.693  1864  1864 W libprocessgroup: Failed to remove /acct/uid_1000/pid_1620: Device or resource busy
11-15 14:00:44.693  1864  1864 W libprocessgroup: Failed to remove /acct/uid_1000/pid_1621: Device or resource busy
11-15 14:00:44.693  1864  1864 W libprocessgroup: Failed to remove /acct/uid_1000/pid_1622: Device or resource busy
11-15 14:00:44.693  1864  1864 W libprocessgroup: Failed to remove /acct/uid_1000/pid_1629: Device or resource busy
11-15 14:00:44.693  1864  1864 W libprocessgroup: Failed to remove /acct/uid_1000/pid_1721: Device or resource busy
11-15 14:00:44.693  1864  1864 W libprocessgroup: Failed to remove /acct/uid_1000/pid_1739: Device or resource busy
11-15 14:00:44.693  1864  1864 W libprocessgroup: Failed to remove /acct/uid_1000/pid_1742: Device or resource busy
11-15 14:00:44.693  1864  1864 W libprocessgroup: Failed to remove /acct/uid_1000: Permission denied
11-15 14:00:44.693  1864  1864 W libprocessgroup: Failed to remove /acct/uid_1001/pid_1737: Device or resource busy
11-15 14:00:44.693  1864  1864 W libprocessgroup: Failed to remove /acct/uid_1001: Permission denied
11-15 14:00:44.693  1864  1864 W libprocessgroup: Failed to remove /acct/uid_1003: Permission denied
11-15 14:00:44.694  1864  1864 W libprocessgroup: Failed to remove /acct/uid_1010/pid_1623: Device or resource busy
11-15 14:00:44.694  1864  1864 W libprocessgroup: Failed to remove /acct/uid_1010/pid_1735: Device or resource busy
11-15 14:00:44.694  1864  1864 W libprocessgroup: Failed to remove /acct/uid_1010: Permission denied
11-15 14:00:44.694  1864  1864 W libprocessgroup: Failed to remove /acct/uid_1013/pid_1611: Device or resource busy
11-15 14:00:44.694  1864  1864 W libprocessgroup: Failed to remove /acct/uid_1013/pid_1613: Device or resource busy
11-15 14:00:44.694  1864  1864 W libprocessgroup: Failed to remove /acct/uid_1013/pid_1614: Device or resource busy
11-15 14:00:44.694  1864  1864 W libprocessgroup: Failed to remove /acct/uid_1013/pid_1615: Device or resource busy
11-15 14:00:44.694  1864  1864 W libprocessgroup: Failed to remove /acct/uid_1013/pid_1728: Device or resource busy
11-15 14:00:44.694  1864  1864 W libprocessgroup: Failed to remove /acct/uid_1013/pid_1730: Device or resource busy
11-15 14:00:44.694  1864  1864 W libprocessgroup: Failed to remove /acct/uid_1013/pid_1731: Device or resource busy
11-15 14:00:44.694  1864  1864 W libprocessgroup: Failed to remove /acct/uid_1013: Permission denied
11-15 14:00:44.694  1864  1864 W libprocessgroup: Failed to remove /acct/uid_1017/pid_1727: Device or resource busy
11-15 14:00:44.694  1864  1864 W libprocessgroup: Failed to remove /acct/uid_1017: Permission denied
11-15 14:00:44.694  1864  1864 W libprocessgroup: Failed to remove /acct/uid_1019/pid_1724: Device or resource busy
11-15 14:00:44.694  1864  1864 W libprocessgroup: Failed to remove /acct/uid_1019: Permission denied
11-15 14:00:44.694  1864  1864 W libprocessgroup: Failed to remove /acct/uid_1021/pid_1617: Device or resource busy
11-15 14:00:44.694  1864  1864 W libprocessgroup: Failed to remove /acct/uid_1021: Permission denied
11-15 14:00:44.694  1864  1864 W libprocessgroup: Failed to remove /acct/uid_1036/pid_1552: Device or resource busy
11-15 14:00:44.694  1864  1864 W libprocessgroup: Failed to remove /acct/uid_1036: Permission denied
11-15 14:00:44.694  1864  1864 W libprocessgroup: Failed to remove /acct/uid_1040/pid_1729: Device or resource busy
11-15 14:00:44.694  1864  1864 W libprocessgroup: Failed to remove /acct/uid_1040: Permission denied
11-15 14:00:44.694  1864  1864 W libprocessgroup: Failed to remove /acct/uid_1041/pid_1608: Device or resource busy
11-15 14:00:44.694  1864  1864 W libprocessgroup: Failed to remove /acct/uid_1041/pid_1609: Device or resource busy
11-15 14:00:44.694  1864  1864 W libprocessgroup: Failed to remove /acct/uid_1041/pid_1626: Device or resource busy
11-15 14:00:44.694  1864  1864 W libprocessgroup: Failed to remove /acct/uid_1041: Permission denied
11-15 14:00:44.694  1864  1864 W libprocessgroup: Failed to remove /acct/uid_1046/pid_1736: Device or resource busy
11-15 14:00:44.694  1864  1864 W libprocessgroup: Failed to remove /acct/uid_1046: Permission denied
11-15 14:00:44.694  1864  1864 W libprocessgroup: Failed to remove /acct/uid_1047/pid_1610: Device or resource busy
11-15 14:00:44.694  1864  1864 W libprocessgroup: Failed to remove /acct/uid_1047/pid_1723: Device or resource busy
11-15 14:00:44.694  1864  1864 W libprocessgroup: Failed to remove /acct/uid_1047: Permission denied
11-15 14:00:44.694  1864  1864 W libprocessgroup: Failed to remove /acct/uid_1058/pid_1740: Device or resource busy
11-15 14:00:44.694  1864  1864 W libprocessgroup: Failed to remove /acct/uid_1058: Permission denied
11-15 14:00:44.694  1864  1864 W libprocessgroup: Failed to remove /acct/uid_1066/pid_1733: Device or resource busy
11-15 14:00:44.694  1864  1864 W libprocessgroup: Failed to remove /acct/uid_1066: Permission denied
11-15 14:00:44.694  1864  1864 W libprocessgroup: Failed to remove /acct/uid_1067/pid_1725: Device or resource busy
11-15 14:00:44.694  1864  1864 W libprocessgroup: Failed to remove /acct/uid_1067: Permission denied
11-15 14:00:44.695  1864  1864 W libprocessgroup: Failed to remove /acct/uid_9999/pid_1632: Device or resource busy
11-15 14:00:44.695  1864  1864 W libprocessgroup: Failed to remove /acct/uid_9999/pid_1633: Device or resource busy
11-15 14:00:44.695  1864  1864 W libprocessgroup: Failed to remove /acct/uid_9999: Permission denied
11-15 14:00:44.695  1864  1864 D AppOps  : AppOpsService published
11-15 14:00:44.695  1864  1864 I SystemServer: StartPowerManager
11-15 14:00:44.695  1864  1864 I SystemServiceManager: Starting com.android.server.power.PowerManagerService
11-15 14:00:44.708  1864  1864 I SystemServer: InitPowerManagement
11-15 14:00:44.709  1864  1864 I SystemServer: StartRecoverySystemService
11-15 14:00:44.709  1864  1864 I SystemServiceManager: Starting com.android.server.RecoverySystemService
11-15 14:00:44.713  1864  1864 W RescueParty: Noticed 1 events for UID 0 in last 5 sec
11-15 14:00:44.713  1864  1864 I SystemServer: StartLightsService
11-15 14:00:44.713  1864  1864 I SystemServiceManager: Starting com.android.server.lights.LightsService
11-15 14:00:44.717  1864  1864 I SystemServer: StartSidekickService
11-15 14:00:44.717  1864  1864 I SystemServer: StartDisplayManager
11-15 14:00:44.717  1864  1864 I SystemServiceManager: Starting com.android.server.display.DisplayManagerService
11-15 14:00:44.721  1864  1864 I SystemServer: WaitForDisplay
11-15 14:00:44.722  1864  1864 I SystemServiceManager: Starting phase 100
11-15 14:00:45.460  1721  1721 W ServiceManagement: Waited one second for android.hardware.graphics.composer@2.1::IComposer/default. Waiting another...
11-15 14:00:45.559  1734  1797 I ServiceManager: Waiting for service package_native...
11-15 14:00:45.640  1864  1886 I ServiceManager: Waiting for service SurfaceFlinger...
11-15 14:00:46.331  1891  1891 D         : HostConnection::get() New Host Connection established 0xf3e40080, tid 1891
11-15 14:00:46.333  1891  1891 E hwcomposer: unknown display attribute 6
11-15 14:00:46.333  1891  1891 I ServiceManagement: Removing namespace from process name android.hardware.graphics.composer@2.1-service to composer@2.1-service.
11-15 14:00:46.334  1891  1891 I android.hardware.graphics.composer@2.1-service: Registration complete for android.hardware.graphics.composer@2.1::IComposer/default.
11-15 14:00:46.343  1618  1618 D gralloc_ranchu: gralloc_alloc: Creating ashmem region of size 8298496
11-15 14:00:46.353  1721  1721 E HWComposer: getSupportedPerFrameMetadata: getSupportedPerFrameMetadata failed for display 0: Unsupported (8)
11-15 14:00:46.353  1618  1618 D gralloc_ranchu: gralloc_alloc: Creating ashmem region of size 8298496
11-15 14:00:46.355  1618  1618 D gralloc_ranchu: gralloc_alloc: Creating ashmem region of size 8298496
11-15 14:00:46.358  1721  1721 D EGL_emulation: eglMakeCurrent: 0xea9a0a80: ver 3 0 (tinfo 0xea99c310)
11-15 14:00:46.441  1721  1721 D SurfaceFlinger: shader cache generated - 24 shaders in 81.557884 ms
11-15 14:00:46.442  1721  1721 D SurfaceFlinger: Set power mode=2, type=0 flinger=0xea9c3000
11-15 14:00:46.444  1721  1721 D SurfaceFlinger: Finished set power mode=2, type=0
11-15 14:00:46.456  1721  1747 E SurfaceFlinger: ro.sf.lcd_density must be defined as a build property
11-15 14:00:46.457  1864  1886 E LocalDisplayAdapter: Default and active color mode is no longer available! Reverting to first available mode.
11-15 14:00:46.464  1864  1886 I DisplayManagerService: Display device added: DisplayDeviceInfo{"Built-in Screen": uniqueId="local:0", 1080 x 1920, modeId 1, defaultModeId 1, supportedModes [{id=1, width=1080, height=1920, fps=60.000004}], colorMode -1, supportedColorModes [-1], HdrCapabilities android.view.Display$HdrCapabilities@40f16308, density 420, 420.0 x 420.0 dpi, appVsyncOff 1000000, presDeadline 16666666, touch INTERNAL, rotation 0, type BUILT_IN, state UNKNOWN, FLAG_DEFAULT_DISPLAY, FLAG_ROTATES_WITH_CONTENT, FLAG_SECURE, FLAG_SUPPORTS_PROTECTED_BUFFERS}
11-15 14:00:46.465  1721  1721 D SurfaceFlinger: Set power mode=2, type=0 flinger=0xea9c3000
11-15 14:00:46.465  1554  1554 W hwservicemanager: getTransport: Cannot find entry android.hardware.light@2.0::ILight/default in either framework or device manifest.
11-15 14:00:46.465  1864  1886 E LightsService: Unable to get ILight interface.
11-15 14:00:46.466  1864  1886 I DisplayManagerService: Display device changed state: "Built-in Screen", ON
11-15 14:00:46.466  1864  1864 W SystemServiceManager: Service com.android.server.display.DisplayManagerService took 1744 ms in onBootPhase
11-15 14:00:46.466  1864  1864 I SystemServer: StartPackageManagerService
11-15 14:00:46.508  1864  1864 D SELinuxMMAC: Using policy file /system/etc/selinux/plat_mac_permissions.xml
11-15 14:00:46.509  1864  1864 D SELinuxMMAC: Using policy file /vendor/etc/selinux/vendor_mac_permissions.xml
11-15 14:00:46.512  1864  1864 D FallbackCategoryProvider: Found 387 fallback categories
11-15 14:00:46.540  1864  1864 W PackageManager: Unknown permission: com.google.android.gms.growth.permission.GROWTH_NOTIFICATION_BROADCAST
11-15 14:00:46.540  1864  1864 W PackageManager: Unknown permission: com.google.android.gms.permission.NOTIFICATION_CONTACTS
11-15 14:00:46.541  1864  1864 W PackageManager: Unknown permission: com.google.android.gms.growth.permission.GROWTH_NOTIFICATION_BROADCAST
11-15 14:00:46.541  1864  1864 W PackageManager: Unknown permission: com.google.android.gms.permission.NOTIFICATION_CONTACTS
11-15 14:00:46.546  1864  1864 W PackageManager: Unknown permission: com.google.android.gms.growth.permission.GROWTH_NOTIFICATION_BROADCAST
11-15 14:00:46.546  1864  1864 W PackageManager: Unknown permission: com.google.android.gms.permission.NOTIFICATION_CONTACTS
11-15 14:00:46.554  1721  1747 E SurfaceFlinger: ro.sf.lcd_density must be defined as a build property
11-15 14:00:46.556  1864  1864 W PackageManager: Unknown permission: com.google.android.videos.permission.C2D_MESSAGE
11-15 14:00:46.557  1900  1905 D libEGL  : Emulator has host GPU support, qemu.gles is set to 1.
11-15 14:00:46.557  1900  1905 E vndksupport: Could not load /vendor/lib/egl/libGLES_emulation.so from sphal namespace: dlopen failed: library "/vendor/lib/egl/libGLES_emulation.so" not found.
11-15 14:00:46.557  1900  1905 E libEGL  : load_driver(/vendor/lib/egl/libGLES_emulation.so): unknown
11-15 14:00:46.559  1864  1864 W PackageManager: Unknown permission: com.google.android.gms.growth.permission.GROWTH_NOTIFICATION_BROADCAST
11-15 14:00:46.559  1864  1864 W PackageManager: Unknown permission: com.google.android.gms.permission.NOTIFICATION_CONTACTS
11-15 14:00:46.559  1900  1905 D libEGL  : loaded /vendor/lib/egl/libEGL_emulation.so
11-15 14:00:46.560  1900  1905 D libEGL  : loaded /vendor/lib/egl/libGLESv1_CM_emulation.so
11-15 14:00:46.565  1900  1905 D libEGL  : loaded /vendor/lib/egl/libGLESv2_emulation.so
11-15 14:00:46.571  1900  1905 D         : HostConnection::get() New Host Connection established 0xe8110100, tid 1905
11-15 14:00:46.573  1900  1905 I ConfigStore: android::hardware::configstore::V1_0::ISurfaceFlingerConfigs::hasWideColorDisplay retrieved: 0
11-15 14:00:46.574  1900  1905 I ConfigStore: android::hardware::configstore::V1_0::ISurfaceFlingerConfigs::hasHDRDisplay retrieved: 0
11-15 14:00:46.575  1618  1618 D gralloc_ranchu: gralloc_alloc: Creating ashmem region of size 8298496
11-15 14:00:46.576  1734  1797 I ServiceManager: Waiting for service package_native...
11-15 14:00:46.578  1721  1747 D         : HostConnection::get() New Host Connection established 0xe99c9080, tid 1747
11-15 14:00:46.588  1900  1905 D EGL_emulation: eglCreateContext: 0xe81194e0: maj 1 min 0 rcv 1
11-15 14:00:46.600  1900  1905 D EGL_emulation: eglMakeCurrent: 0xe81194e0: ver 1 0 (tinfo 0xe810f0b0)
11-15 14:00:46.601  1864  1864 D PackageManager: No files in app dir /product/overlay
11-15 14:00:46.609  1864  1864 W PackageManager: Failed to parse /system/framework/x86: Missing base APK in /system/framework/x86
11-15 14:00:46.609  1864  1864 W PackageManager: Failed to parse /system/framework/oat: Missing base APK in /system/framework/oat
11-15 14:00:46.620  1900  1905 D BootAnimation: BootAnimationShownTiming start time: 7620ms
11-15 14:00:46.620  1900  1915 E BootAnimation: Could not add watch for /data/system
11-15 14:00:46.629  1618  1618 D gralloc_ranchu: gralloc_alloc: Creating ashmem region of size 8298496
11-15 14:00:46.641  1721  1721 I SurfaceFlinger: Enter boot animation
11-15 14:00:46.642  1891  1895 D         : HostConnection::get() New Host Connection established 0xf3a10080, tid 1895
11-15 14:00:46.690  1864  1864 W PackageManager: Failed to scan /system/priv-app/Phonesky: Package com.android.vending at /system/priv-app/Phonesky ignored: updated version 81731600 better than this 81014100
11-15 14:00:46.692  1864  1864 W PackageManager: Failed to scan /system/priv-app/Velvet: Package com.google.android.googlequicksearchbox at /system/priv-app/Velvet ignored: updated version 301049446 better than this 300773408
11-15 14:00:46.706  1864  1864 W PackageManager: Failed to scan /system/priv-app/WallpaperPickerGooglePrebuilt: Package com.google.android.apps.wallpaper at /system/priv-app/WallpaperPickerGooglePrebuilt ignored: updated version 169416333 better than this 166921241
11-15 14:00:46.708  1864  1864 W PackageManager: Failed to scan /system/priv-app/PrebuiltGmsCore: Package com.google.android.gms at /system/priv-app/PrebuiltGmsCore ignored: updated version 19629031 better than this 13280022
11-15 14:00:46.716  1864  1864 W PackageManager: Failed to scan /system/app/GoogleTTS: Package com.google.android.tts at /system/app/GoogleTTS ignored: updated version 210315838 better than this 210315200
11-15 14:00:46.726  1864  1864 W PackageManager: Failed to scan /system/app/CalendarGooglePrebuilt: Package com.google.android.calendar at /system/app/CalendarGooglePrebuilt ignored: updated version 2016383880 better than this 2015475782
11-15 14:00:46.727  1864  1864 W PackageManager: Failed to scan /system/app/YouTube: Package com.google.android.youtube at /system/app/YouTube ignored: updated version 1445523000 better than this 1315613700
11-15 14:00:46.731  1864  1864 W PackageManager: Failed to scan /system/app/LatinIMEGooglePrebuilt: Package com.google.android.inputmethod.latin at /system/app/LatinIMEGooglePrebuilt ignored: updated version 26881015 better than this 26712011
11-15 14:00:46.733  1864  1864 W PackageManager: Failed to scan /system/app/Chrome: Package com.android.chrome at /system/app/Chrome ignored: updated version 390409617 better than this 349710017
11-15 14:00:46.734  1864  1864 W PackageManager: Failed to scan /system/app/Drive: Package com.google.android.apps.docs at /system/app/Drive ignored: updated version 194320270 better than this 71832670
11-15 14:00:46.739  1864  1864 W PackageManager: Failed to scan /system/app/Maps: Package com.google.android.apps.maps at /system/app/Maps ignored: updated version 1029101040 better than this 977500040
11-15 14:00:46.741  1864  1864 W PackageManager: Failed to scan /system/app/Music2: Package com.google.android.music at /system/app/Music2 ignored: updated version 82611 better than this 72101
11-15 14:00:46.746  1864  1864 W PackageManager: Failed to scan /system/app/Photos: Package com.google.android.apps.photos at /system/app/Photos ignored: updated version 13320911 better than this 2543564
11-15 14:00:46.750  1864  1864 W PackageManager: Failed to scan /system/app/PrebuiltDeskClockGoogle: Package com.google.android.deskclock at /system/app/PrebuiltDeskClockGoogle ignored: updated version 62000712 better than this 52202302
11-15 14:00:46.754  1864  1864 W PackageManager: Failed to scan /system/app/Videos: Package com.google.android.videos at /system/app/Videos ignored: updated version 41600186 better than this 32800152
11-15 14:00:46.762  1864  1864 W PackageManager: Failed to scan /system/app/PrebuiltGmail: Package com.google.android.gm at /system/app/PrebuiltGmail ignored: updated version 61951672 better than this 60362702
11-15 14:00:46.764  1864  1864 D PackageManager: No files in app dir /vendor/priv-app
11-15 14:00:46.765  1864  1864 D PackageManager: No files in app dir /vendor/app
11-15 14:00:46.765  1864  1864 D PackageManager: No files in app dir /odm/priv-app
11-15 14:00:46.765  1864  1864 D PackageManager: No files in app dir /odm/app
11-15 14:00:46.765  1864  1864 D PackageManager: No files in app dir /oem/app
11-15 14:00:46.765  1864  1864 D PackageManager: No files in app dir /system/product/priv-app
11-15 14:00:46.765  1864  1864 D PackageManager: No files in app dir /system/product/app
11-15 14:00:46.766  1864  1864 W PackageManager: Expecting better updated system app for com.google.android.youtube; removing system app.  Last known codePath=/data/app/com.google.android.youtube-wu84LAmknjd7dhOPaH9IfQ==, versionCode=1445523000; scanned versionCode=1315613700
11-15 14:00:46.768  1864  1864 W PackageManager: Expecting better updated system app for com.google.android.googlequicksearchbox; removing system app.  Last known codePath=/data/app/com.google.android.googlequicksearchbox-zEERqSyaanH8DvUlzlRCbw==, versionCode=301049446; scanned versionCode=300773408
11-15 14:00:46.768  1864  1864 W PackageManager: Expecting better updated system app for com.google.android.apps.messaging; removing system app.  Last known codePath=/data/app/com.google.android.apps.messaging-F4DxLxgSANtaQtnSt6T2WQ==, versionCode=52056078; scanned versionCode=33039870
11-15 14:00:46.768  1864  1864 W PackageManager: Expecting better updated system app for com.android.vending; removing system app.  Last known codePath=/data/app/com.android.vending-bV8XAr7lJhigXkAz00_b7g==, versionCode=81731600; scanned versionCode=81014100
11-15 14:00:46.769  1864  1864 W PackageManager: Expecting better updated system app for com.google.android.deskclock; removing system app.  Last known codePath=/data/app/com.google.android.deskclock-JY4QPNnYlB402a0x6-nGsA==, versionCode=62000712; scanned versionCode=52202302
11-15 14:00:46.769  1864  1864 W PackageManager: Expecting better updated system app for com.google.android.gm; removing system app.  Last known codePath=/data/app/com.google.android.gm-A3Y7l-d3YE8Sn66kSDMElw==, versionCode=61951672; scanned versionCode=60362702
11-15 14:00:46.769  1864  1864 W PackageManager: Expecting better updated system app for com.google.android.music; removing system app.  Last known codePath=/data/app/com.google.android.music-TtCk3BNqtX6YxO-LvGhwhQ==, versionCode=82611; scanned versionCode=72101
11-15 14:00:46.770  1864  1864 W PackageManager: Expecting better updated system app for com.google.android.apps.docs; removing system app.  Last known codePath=/data/app/com.google.android.apps.docs-yLf49wuBUOX9D0SbmKnCTg==, versionCode=194320270; scanned versionCode=71832670
11-15 14:00:46.770  1864  1864 W PackageManager: Expecting better updated system app for com.google.android.apps.maps; removing system app.  Last known codePath=/data/app/com.google.android.apps.maps-hSxaJwI3jDBqkTPLRVYnUg==, versionCode=1029101040; scanned versionCode=977500040
11-15 14:00:46.771  1864  1864 W PackageManager: Expecting better updated system app for com.android.chrome; removing system app.  Last known codePath=/data/app/com.android.chrome-BhcBbqQlycobohx7cQr5Yg==, versionCode=390409617; scanned versionCode=349710017
11-15 14:00:46.771  1864  1864 W PackageManager: Expecting better updated system app for com.google.android.gms; removing system app.  Last known codePath=/data/app/com.google.android.gms-KiP97V5qtyjJeeEuoYGIzw==, versionCode=19629031; scanned versionCode=13280022
11-15 14:00:46.772  1864  1864 W PackageManager: Expecting better updated system app for com.google.android.tts; removing system app.  Last known codePath=/data/app/com.google.android.tts-PPyO5TM5gTozmFQrJ9g3jQ==, versionCode=210315838; scanned versionCode=210315200
11-15 14:00:46.773  1864  1864 W PackageManager: Expecting better updated system app for com.google.android.videos; removing system app.  Last known codePath=/data/app/com.google.android.videos-cpnUZblc5QHtpIkqsE8qwQ==, versionCode=41600186; scanned versionCode=32800152
11-15 14:00:46.773  1864  1864 W PackageManager: Expecting better updated system app for com.google.android.apps.photos; removing system app.  Last known codePath=/data/app/com.google.android.apps.photos-gvKF8n6tCtGKuhZvdD0mmQ==, versionCode=13320911; scanned versionCode=2543564
11-15 14:00:46.774  1864  1864 W PackageManager: Expecting better updated system app for com.google.android.calendar; removing system app.  Last known codePath=/data/app/com.google.android.calendar-QkSklktYxOUWb29f_-a3lQ==, versionCode=2016383880; scanned versionCode=2015475782
11-15 14:00:46.774  1864  1864 W PackageManager: Expecting better updated system app for com.google.android.apps.wallpaper; removing system app.  Last known codePath=/data/app/com.google.android.apps.wallpaper-IPmUdHx_0P7sa3VVuy12tw==, versionCode=169416333; scanned versionCode=166921241
11-15 14:00:46.774  1864  1864 W PackageManager: Expecting better updated system app for com.google.android.inputmethod.latin; removing system app.  Last known codePath=/data/app/com.google.android.inputmethod.latin-oP_rPVbgdhTGzSA3nPC8wg==, versionCode=26881015; scanned versionCode=26712011
11-15 14:00:46.775  1864  1864 I PackageManager: Finished scanning system apps. Time: 190 ms, packageCount: 91 , timePerPackage: 2 , cached: 108
11-15 14:00:46.785  1864  1864 W PackageManager: Relax SCAN_REQUIRE_KNOWN requirement for package com.android.vending
11-15 14:00:46.894  1864  1925 W PackageParser: No actions in intent filter at /data/app/com.google.android.apps.docs-yLf49wuBUOX9D0SbmKnCTg==/base.apk Binary XML file line #844
11-15 14:00:46.897  1864  1864 W PackageManager: Relax SCAN_REQUIRE_KNOWN requirement for package com.android.chrome
11-15 14:00:46.907  1864  1864 W PackageManager: Relax SCAN_REQUIRE_KNOWN requirement for package com.google.android.apps.docs
11-15 14:00:46.916  1864  1864 W PackageManager: Relax SCAN_REQUIRE_KNOWN requirement for package com.google.android.apps.maps
11-15 14:00:46.940  1864  1864 W PackageManager: Relax SCAN_REQUIRE_KNOWN requirement for package com.google.android.apps.wallpaper
11-15 14:00:46.960  1864  1864 W PackageManager: Relax SCAN_REQUIRE_KNOWN requirement for package com.google.android.gms
11-15 14:00:46.977  1864  1925 W PackageParser: No actions in intent filter at /data/app/com.google.android.apps.photos-gvKF8n6tCtGKuhZvdD0mmQ==/base.apk Binary XML file line #931
11-15 14:00:46.983  1864  1924 W PackageParser: No actions in intent filter at /data/app/com.google.android.apps.messaging-F4DxLxgSANtaQtnSt6T2WQ==/base.apk Binary XML file line #623
11-15 14:00:46.984  1864  1864 W PackageManager: Relax SCAN_REQUIRE_KNOWN requirement for package com.google.android.apps.photos
11-15 14:00:46.988  1864  1864 W PackageManager: Relax SCAN_REQUIRE_KNOWN requirement for package com.google.android.apps.messaging
11-15 14:00:47.015  1864  1922 W PackageParser: No actions in intent filter at /data/app/com.google.android.calendar-QkSklktYxOUWb29f_-a3lQ==/base.apk Binary XML file line #521
11-15 14:00:47.021  1864  1864 W PackageManager: Relax SCAN_REQUIRE_KNOWN requirement for package com.google.android.deskclock
11-15 14:00:47.023  1864  1864 W PackageManager: Relax SCAN_REQUIRE_KNOWN requirement for package com.google.android.calendar
11-15 14:00:47.083  1864  1925 W PackageParser: No actions in intent filter at /data/app/com.google.android.gm-A3Y7l-d3YE8Sn66kSDMElw==/base.apk Binary XML file line #426
11-15 14:00:47.083  1864  1925 W PackageParser: No actions in intent filter at /data/app/com.google.android.gm-A3Y7l-d3YE8Sn66kSDMElw==/base.apk Binary XML file line #447
11-15 14:00:47.084  1864  1864 W PackageManager: Relax SCAN_REQUIRE_KNOWN requirement for package com.google.android.music
11-15 14:00:47.092  1864  1864 W PackageManager: Relax SCAN_REQUIRE_KNOWN requirement for package com.google.android.gm
11-15 14:00:47.100  1864  1864 W PackageManager: Relax SCAN_REQUIRE_KNOWN requirement for package com.google.android.tts
11-15 14:00:47.158  1864  1864 W PackageManager: Relax SCAN_REQUIRE_KNOWN requirement for package com.google.android.youtube
11-15 14:00:47.161  1864  1864 W PackageManager: Relax SCAN_REQUIRE_KNOWN requirement for package com.google.android.inputmethod.latin
11-15 14:00:47.170  1864  1864 W PackageManager: Relax SCAN_REQUIRE_KNOWN requirement for package com.google.android.videos
11-15 14:00:47.223  1864  1924 W PackageParser: No actions in intent filter at /data/app/com.google.android.googlequicksearchbox-zEERqSyaanH8DvUlzlRCbw==/base.apk Binary XML file line #452
11-15 14:00:47.237  1864  1864 W PackageManager: Relax SCAN_REQUIRE_KNOWN requirement for package com.google.android.googlequicksearchbox
11-15 14:00:47.240  1864  1864 D PackageManager: No files in app dir /data/app-private
11-15 14:00:47.241  1864  1864 I PackageManager: Finished scanning non-system apps. Time: 465 ms, packageCount: 18 , timePerPackage: 25 , cached: 1
11-15 14:00:47.246  1864  1864 I PackageManager: Time to scan packages: 0.661 seconds
11-15 14:00:47.247  1864  1864 I PackageManager: Un-granting permission android.permission.INSTALL_GRANT_RUNTIME_PERMISSIONS from package com.android.vending (protectionLevel=770 flags=0x384abec5)
11-15 14:00:47.247  1864  1864 I PackageManager: Un-granting permission android.permission.GRANT_RUNTIME_PERMISSIONS from package com.android.vending (protectionLevel=770 flags=0x384abec5)
11-15 14:00:47.247  1864  1864 I PackageManager: Un-granting permission android.permission.REVOKE_RUNTIME_PERMISSIONS from package com.android.vending (protectionLevel=770 flags=0x384abec5)
11-15 14:00:47.247  1864  1864 I PackageManager: Un-granting permission android.permission.SET_PREFERRED_APPLICATIONS from package com.android.vending (protectionLevel=514 flags=0x384abec5)
11-15 14:00:47.247  1864  1864 I PackageManager: Un-granting permission android.permission.ACCESS_INSTANT_APPS from package com.android.vending (protectionLevel=770 flags=0x384abec5)
11-15 14:00:47.247  1864  1864 I PackageManager: Un-granting permission android.permission.MANAGE_APP_OPS_MODES from package com.android.vending (protectionLevel=770 flags=0x384abec5)
11-15 14:00:47.247  1864  1864 I PackageManager: Un-granting permission android.permission.SET_HARMFUL_APP_WARNINGS from package com.android.vending (protectionLevel=514 flags=0x384abec5)
11-15 14:00:47.248  1864  1864 I PackageManager: Un-granting permission android.permission.CLEAR_APP_USER_DATA from package com.google.android.packageinstaller (protectionLevel=258 flags=0x30483e45)
11-15 14:00:47.248  1864  1864 I PackageManager: Un-granting permission android.permission.GRANT_RUNTIME_PERMISSIONS from package com.google.android.packageinstaller (protectionLevel=770 flags=0x30483e45)
11-15 14:00:47.248  1864  1864 I PackageManager: Un-granting permission android.permission.REVOKE_RUNTIME_PERMISSIONS from package com.google.android.packageinstaller (protectionLevel=770 flags=0x30483e45)
11-15 14:00:47.248  1864  1864 I PackageManager: Un-granting permission android.permission.INSTALL_GRANT_RUNTIME_PERMISSIONS from package com.google.android.packageinstaller (protectionLevel=770 flags=0x30483e45)
11-15 14:00:47.248  1864  1864 I PackageManager: Un-granting permission android.permission.INTERACT_ACROSS_USERS_FULL from package com.google.android.packageinstaller (protectionLevel=258 flags=0x30483e45)
11-15 14:00:47.248  1864  1864 I PackageManager: Un-granting permission android.permission.MANAGE_APP_OPS_MODES from package com.google.android.packageinstaller (protectionLevel=770 flags=0x30483e45)
11-15 14:00:47.248  1864  1864 I PackageManager: Un-granting permission android.permission.KILL_UID from package com.google.android.packageinstaller (protectionLevel=258 flags=0x30483e45)
11-15 14:00:47.248  1864  1864 I PackageManager: Un-granting permission android.permission.MANAGE_APP_OPS_RESTRICTIONS from package com.google.android.packageinstaller (protectionLevel=258 flags=0x30483e45)
11-15 14:00:47.248  1864  1864 I PackageManager: Un-granting permission android.permission.HIDE_NON_SYSTEM_OVERLAY_WINDOWS from package com.google.android.packageinstaller (protectionLevel=258 flags=0x30483e45)
11-15 14:00:47.248  1864  1864 I PackageManager: Un-granting permission android.permission.ACCESS_INSTANT_APPS from package com.google.android.packageinstaller (protectionLevel=770 flags=0x30483e45)
11-15 14:00:47.249  1864  1864 V PackageManager: reconcileAppsData for null u0 0x3 migrateAppData=true
11-15 14:00:47.253  1726  1755 I SELinux : SELinux: Loaded file_contexts
11-15 14:00:47.301  1864  1864 V PackageManager: reconcileAppsData finished 18 packages
11-15 14:00:47.304  1726  1726 W installd: Ignoring /data/data/com.android.defcontainer/lib with unexpected GID 0 instead of 10020
11-15 14:00:47.305  1726  1726 W installd: Ignoring /data/data/com.google.android.inputmethod.latin/lib with unexpected GID 0 instead of 10058
11-15 14:00:47.306  1726  1726 W installd: Ignoring /data/data/com.android.cts.priv.ctsshim/lib with unexpected GID 0 instead of 10005
11-15 14:00:47.307  1726  1726 W installd: Ignoring /data/data/com.google.android.youtube/lib with unexpected GID 0 instead of 10057
