11-15 14:00:48.932  1864  1864 E AutofillManagerServiceImpl: Bad AutofillService name: com.google.android.gms/.autofill.service.AutofillService
11-15 14:00:48.933  1864  1986 I SyncManager: Got SyncJobService instance.
11-15 14:00:48.933  1864  1864 E AutofillManagerServiceImpl: Bad AutofillService name: com.google.android.gms/.autofill.service.AutofillService
11-15 14:00:48.934  2105  2105 E CarrierIdProvider: read carrier list from ota pb failure: java.io.FileNotFoundException: /data/misc/carrierid/carrier_list.pb (No such file or directory)
11-15 14:00:48.939  2105  2105 D CarrierIdProvider: latest version: 4 need update: false
11-15 14:00:48.941  2105  2105 D CarrierProvider: onCreate
11-15 14:00:48.942  1990  1990 I LatinApp: set BrellaInit fields for in-app training.
11-15 14:00:48.943  1864  1963 I WifiScanningService: wifi driver unloaded
11-15 14:00:48.946  1864  1864 D WifiP2pService: Wifi enabled=true, P2P Interface availability=true, Number of clients=0
11-15 14:00:48.946  1864  1963 E WifiVendorHal: getBgScanCapabilities(l.671) failed {.code = ERROR_NOT_SUPPORTED, .description = }
11-15 14:00:48.946  1864  1864 D WifiP2pService: Wifi enabled=true, P2P Interface availability=true
11-15 14:00:48.947  1864  1962 D WakeupController: reset()
11-15 14:00:48.947  1864  1962 I WifiStateMachine: disconnectedstate enter
11-15 14:00:48.950  1864  1929 W LocalDisplayAdapter: Unable to find color mode 0, ignoring request.
11-15 14:00:48.950  1864  1963 I WifiScanningService: wifi driver loaded with scan capabilities: max buckets=16
11-15 14:00:48.950  1864  1864 I FusedLocation: engine started (com.android.location.fused)
11-15 14:00:48.951  1864  1864 W Looper  : Drained
11-15 14:00:48.958  1864  1882 E BatteryExternalStatsWorker: no controller energy info supplied for wifi
11-15 14:00:48.962  1864  1886 I ActivityManager: Displayed com.android.settings/.FallbackHome: +473ms
11-15 14:00:48.963  2001  2001 I vol.Events: writeEvent collection_started
11-15 14:00:48.963  1864  1951 I InputReader: Reconfiguring input devices.  changes=0x00000004
11-15 14:00:48.966  1864  1882 E BatteryExternalStatsWorker: no controller energy info supplied for wifi
11-15 14:00:48.973  2001  2220 I OMXClient: IOmx service obtained
11-15 14:00:48.973  1736  2058 I OMXMaster: makeComponentInstance(OMX.google.vorbis.decoder) in omx@1.0-service process
11-15 14:00:48.974  1736  2058 E OMXNodeInstance: getConfig(0xf469c060:google.vorbis.decoder, ConfigAndroidVendorExtension(0x6f100004)) ERROR: Undefined(0x80001001)
11-15 14:00:48.975  1605  1605 W AshmemAllocator: ashmem_create_region(32768) returning hidl_memory(0xe721c180, 32768)
11-15 14:00:48.976  1990  1990 I DeviceStatusMonitor: getCurrentNetworkState(): no networks
11-15 14:00:48.980  1605  1605 W AshmemAllocator: ashmem_create_region(32768) returning hidl_memory(0xe721c180, 32768)
11-15 14:00:48.982  1605  1605 W AshmemAllocator: ashmem_create_region(32768) returning hidl_memory(0xe721c180, 32768)
11-15 14:00:48.982  1864  2226 I OMXClient: IOmx service obtained
11-15 14:00:48.982  1736  2058 I OMXMaster: makeComponentInstance(OMX.google.vorbis.decoder) in omx@1.0-service process
11-15 14:00:48.983  1605  1605 W AshmemAllocator: ashmem_create_region(32768) returning hidl_memory(0xe721c180, 32768)
11-15 14:00:48.984  2105  2105 I ImsResolver: Initializing cache and binding.
11-15 14:00:48.984  1605  1605 W AshmemAllocator: ashmem_create_region(32768) returning hidl_memory(0xe721c180, 32768)
11-15 14:00:48.985  1605  1605 I chatty  : uid=1000(system) allocator@1.0-s identical 2 lines
11-15 14:00:48.986  1605  1605 W AshmemAllocator: ashmem_create_region(32768) returning hidl_memory(0xe721c180, 32768)
11-15 14:00:48.986  1736  1736 E OMXNodeInstance: getConfig(0xf469c240:google.vorbis.decoder, ConfigAndroidVendorExtension(0x6f100004)) ERROR: Undefined(0x80001001)
11-15 14:00:48.989  2105  2105 I android_os_HwBinder: HwBinder: Starting thread pool for slot1::android.hardware.radio@1.0::IRadio
11-15 14:00:48.989  1563  1566 V vold    : DISK mbr
11-15 14:00:48.989  1563  1566 V vold    : 
11-15 14:00:48.989  1563  1566 W vold    : disk:253,80 has unknown partition table; trying entire device
11-15 14:00:48.989  1563  1566 V vold    : /system/bin/blkid
11-15 14:00:48.989  1563  1566 V vold    :     -c
11-15 14:00:48.989  1563  1566 V vold    :     /dev/null
11-15 14:00:48.989  1563  1566 V vold    :     -s
11-15 14:00:48.989  1563  1566 V vold    :     TYPE
11-15 14:00:48.989  1563  1566 V vold    :     -s
11-15 14:00:48.989  1563  1566 V vold    :     UUID
11-15 14:00:48.989  1563  1566 V vold    :     -s
11-15 14:00:48.989  1563  1566 V vold    :     LABEL
11-15 14:00:48.989  1563  1566 V vold    :     /dev/block/vold/disk:253,80
11-15 14:00:48.990  1605  1605 W AshmemAllocator: ashmem_create_region(32768) returning hidl_memory(0xe721c180, 32768)
11-15 14:00:48.996  1605  1605 I chatty  : uid=1000(system) allocator@1.0-s identical 4 lines
11-15 14:00:48.996  1605  1605 W AshmemAllocator: ashmem_create_region(32768) returning hidl_memory(0xe721c180, 32768)
11-15 14:00:48.999  1554  1554 W hwservicemanager: getTransport: Cannot find entry android.hardware.radio.deprecated@1.0::IOemHook/slot1 in either framework or device manifest.
11-15 14:00:49.001  1605  1605 W AshmemAllocator: ashmem_create_region(32768) returning hidl_memory(0xe721c180, 32768)
11-15 14:00:49.021  1563  1566 V vold    : /dev/block/vold/disk:253,80: LABEL="SDCARD" UUID="18F5-130F" TYPE="vfat" 
11-15 14:00:49.021  1563  1566 V vold    : 
11-15 14:00:49.025  1864  1878 W KeyguardServiceDelegate: onScreenTurningOn(): no keyguard service!
11-15 14:00:49.026  1563  1565 V vold    : /system/bin/blkid
11-15 14:00:49.026  1563  1565 V vold    :     -c
11-15 14:00:49.026  1563  1565 V vold    :     /dev/null
11-15 14:00:49.026  1563  1565 V vold    :     -s
11-15 14:00:49.026  1563  1565 V vold    :     TYPE
11-15 14:00:49.026  1563  1565 V vold    :     -s
11-15 14:00:49.026  1563  1565 V vold    :     UUID
11-15 14:00:49.026  1563  1565 V vold    :     -s
11-15 14:00:49.026  1563  1565 V vold    :     LABEL
11-15 14:00:49.026  1563  1565 V vold    :     /dev/block/vold/public:253,80
11-15 14:00:49.030  1605  1605 I chatty  : uid=1000(system) allocator@1.0-s identical 4 lines
11-15 14:00:49.031  1605  1605 W AshmemAllocator: ashmem_create_region(32768) returning hidl_memory(0xe721c180, 32768)
11-15 14:00:49.037  1990  1990 I TransientFileCleaner: Deleting 0 files
11-15 14:00:49.051  1990  1990 I TransientFileCleaner: Deleting 0 files
11-15 14:00:49.052  2001  2218 I vol.Events: writeEvent external_ringer_mode_changed normal
11-15 14:00:49.052  2001  2218 I vol.Events: writeEvent internal_ringer_mode_changed normal
11-15 14:00:49.055  1563  1565 V vold    : /dev/block/vold/public:253,80: LABEL="SDCARD" UUID="18F5-130F" TYPE="vfat" 
11-15 14:00:49.057  1563  1565 V vold    : 
11-15 14:00:49.057  1563  1565 V vold    : /system/bin/fsck_msdos
11-15 14:00:49.057  1563  1565 V vold    :     -p
11-15 14:00:49.057  1563  1565 V vold    :     -f
11-15 14:00:49.057  1563  1565 V vold    :     /dev/block/vold/public:253,80
11-15 14:00:49.063  1990  1990 I LatinApp: initialize()
11-15 14:00:49.071  1563  1565 I fsck_msdos: ** /dev/block/vold/public:253,80
11-15 14:00:49.071  1563  1565 I fsck_msdos: ** Phase 1 - Read and Compare FATs
11-15 14:00:49.071  1563  1565 I fsck_msdos: Attempting to allocate 1022 KB for FAT
11-15 14:00:49.080  1990  1990 I ConfigurationNotification: Get device mode by ui mode:1 and smallestScreenWidthDp:411
11-15 14:00:49.080  1990  1990 I ConfigurationNotification: Get device mode by ui mode:1 and smallestScreenWidthDp:411
11-15 14:00:49.080  1990  1990 I LatinApp: Getting imeListDef by xml parsing
11-15 14:00:49.083  1990  1990 I ConfigurationNotification: Get device mode by ui mode:1 and smallestScreenWidthDp:411
11-15 14:00:49.088  1990  1990 I ExperimentConfigurationManager: decontext == null false
11-15 14:00:49.089  1864  2246 I OMXClient: IOmx service obtained
11-15 14:00:49.089  2001  2218 I vol.Events: writeEvent level_changed STREAM_VOICE_CALL 4
11-15 14:00:49.090  1736  2236 I OMXMaster: makeComponentInstance(OMX.google.vorbis.decoder) in omx@1.0-service process
11-15 14:00:49.091  2001  2218 I vol.Events: writeEvent level_changed STREAM_SYSTEM 5
11-15 14:00:49.091  2001  2218 I vol.Events: writeEvent level_changed STREAM_RING 5
11-15 14:00:49.092  1736  1736 E OMXNodeInstance: getConfig(0xf469c480:google.vorbis.decoder, ConfigAndroidVendorExtension(0x6f100004)) ERROR: Undefined(0x80001001)
11-15 14:00:49.094  1605  1605 W AshmemAllocator: ashmem_create_region(32768) returning hidl_memory(0xe721c180, 32768)
11-15 14:00:49.096  1605  1605 I chatty  : uid=1000(system) allocator@1.0-s identical 4 lines
11-15 14:00:49.096  1605  1605 W AshmemAllocator: ashmem_create_region(32768) returning hidl_memory(0xe721c180, 32768)
11-15 14:00:49.096  2001  2218 I vol.Events: writeEvent level_changed STREAM_MUSIC 5
11-15 14:00:49.097  1605  1605 W AshmemAllocator: ashmem_create_region(32768) returning hidl_memory(0xe721c180, 32768)
11-15 14:00:49.097  1605  1605 W AshmemAllocator: ashmem_create_region(32768) returning hidl_memory(0xe721c180, 32768)
11-15 14:00:49.098  2001  2218 I vol.Events: writeEvent level_changed STREAM_ALARM 6
11-15 14:00:49.099  1990  2239 I ModuleManager: Unexpected key 'com.google.android.partnersetup.RLZ_BOUNTY_ACCESS_POINT' does not match 'module:'
11-15 14:00:49.100  2001  2218 I vol.Events: writeEvent level_changed STREAM_BLUETOOTH_SCO 7
11-15 14:00:49.106  1605  1605 W AshmemAllocator: ashmem_create_region(32768) returning hidl_memory(0xe721c180, 32768)
11-15 14:00:49.107  1605  1605 I chatty  : uid=1000(system) allocator@1.0-s identical 2 lines
11-15 14:00:49.108  1605  1605 W AshmemAllocator: ashmem_create_region(32768) returning hidl_memory(0xe721c180, 32768)
11-15 14:00:49.122  2001  2218 I vol.Events: writeEvent zen_mode_config_changed [disallowAlarms=false disallowMedia=false disallowSystem=true disallowRinger=false]
11-15 14:00:49.128  1721  2096 E SurfaceFlinger: ro.sf.lcd_density must be defined as a build property
11-15 14:00:49.135  1864  1875 I DefaultPermGrantPolicy: Revoking permissions from disabled data services for user:0
11-15 14:00:49.135  1864  1875 I DefaultPermGrantPolicy: Granting permissions to enabled data services for user:0
11-15 14:00:49.136  1563  1565 I fsck_msdos: Attempting to allocate 1022 KB for FAT
11-15 14:00:49.154  1864  1874 I WifiService: getWifiServiceMessenger uid=10028
11-15 14:00:49.159  1864  1875 D ConnectivityService: requestNetwork for uid/pid:10028/2001 NetworkRequest [ TRACK_DEFAULT id=9, [ Capabilities: INTERNET&NOT_RESTRICTED&TRUSTED Unwanted:  Uid: 10028] ]
11-15 14:00:49.164  1990  2239 I ModuleManager: Unexpected key 'com.google.android.gms.phenotype.registration.xml:com.google.android.gms.learning' does not match 'module:'
11-15 14:00:49.173  1990  1990 I GoogleInputMethodService: Apply keyboard theme: theme_stylesheet_googleblue_materiallight_assets:theme_package_metadata_google_blue_light.binarypb_port
11-15 14:00:49.174  1563  1565 I fsck_msdos: ** Phase 2 - Check Cluster Chains
11-15 14:00:49.175  1563  1565 I fsck_msdos: ** Phase 3 - Checking Directories
11-15 14:00:49.175  1563  1565 I fsck_msdos: ** Phase 4 - Checking for Lost Files
11-15 14:00:49.176  1563  1565 I fsck_msdos: Next free cluster in FSInfo block (18) not free
11-15 14:00:49.176  1563  1565 I fsck_msdos: FIXED
11-15 14:00:49.176  1563  1565 I fsck_msdos: 17 files, 522196 free (261098 clusters)
11-15 14:00:49.177  1563  1565 I vold    : Filesystem check completed OK
11-15 14:00:49.180  2105  2105 D ImsExternalCallTracker: Registering: Handler (com.android.internal.telephony.imsphone.ImsPhone) {a41b667}
11-15 14:00:49.182  1563  1565 V vold    : Waiting for FUSE to spin up...
11-15 14:00:49.184  2105  2105 D PhoneSwitcherNetworkRequstListener: Registering NetworkFactory
11-15 14:00:49.185  1864  1965 D ConnectivityService: Got NetworkFactory Messenger for PhoneSwitcherNetworkRequstListener
11-15 14:00:49.187  2262  2262 W sdcard  : Device explicitly enabled sdcardfs
11-15 14:00:49.189  1864  1965 D ConnectivityService: Got NetworkFactory Messenger for TelephonyNetworkFactory[0]
11-15 14:00:49.201  1864  2011 I Zygote  : Process: zygote socket ABSTRACT/com.android.internal.os.WebViewZygoteInit/5843fd53-32ca-45ab-bc89-e53286d045ac opened, supported ABIS: x86
11-15 14:00:49.201  1864  2011 D WebViewZygote: Preloading package /data/app/com.android.chrome-BhcBbqQlycobohx7cQr5Yg==/base.apk:/data/app/com.android.chrome-BhcBbqQlycobohx7cQr5Yg==/split_config.en.apk /data/app/com.android.chrome-BhcBbqQlycobohx7cQr5Yg==/lib/x86:/data/app/com.android.chrome-BhcBbqQlycobohx7cQr5Yg==/base.apk!/lib/x86:/data/app/com.android.chrome-BhcBbqQlycobohx7cQr5Yg==/split_config.en.apk!/lib/x86
11-15 14:00:49.201  2105  2105 D CarrierConfigLoader: CarrierConfigLoader has started
11-15 14:00:49.203  2105  2105 E BluetoothAdapter: Bluetooth binder is null
11-15 14:00:49.208  1990  2239 I ModuleManager: Unexpected key 'com.google.android.backup.api_key' does not match 'module:'
11-15 14:00:49.209  2105  2265 E ActivityThread: Failed to find provider info for com.android.contacts
11-15 14:00:49.209  2105  2265 W CallerInfoCache: cursor is null
11-15 14:00:49.210  1864  2163 W WallpaperManagerService: Cannot extract colors because wallpaper could not be read.
11-15 14:00:49.210  1864  2163 W WallpaperManagerService: Cannot get theme colors because WallpaperColors is null.
11-15 14:00:49.210  1864  2163 W WallpaperManagerService: Cannot extract colors because wallpaper could not be read.
11-15 14:00:49.210  1864  2163 W WallpaperManagerService: Cannot get theme colors because WallpaperColors is null.
11-15 14:00:49.212  1864  2011 I Zygote  : Process: zygote socket ABSTRACT/com.android.internal.os.WebViewZygoteInit/5843fd53-32ca-45ab-bc89-e53286d045ac opened, supported ABIS: x86
11-15 14:00:49.213  2105  2105 W ImsPhoneCallTracker: ImsManager is null when setting TTY mode
11-15 14:00:49.214  2105  2105 I TelecomFramework: TtyManager: updateUiTtyMode -1 -> 0
11-15 14:00:49.215  2001  2001 D StatusBar: disable<e i a s b h r c s > disable2<q i n >
11-15 14:00:49.216  1864  2163 I StatusBarManagerService: registerStatusBar bar=com.android.internal.statusbar.IStatusBar$Stub$Proxy@9517a77
11-15 14:00:49.217  1725  1725 D incidentd: Start uploading backlogs in /data/misc/incidents/
11-15 14:00:49.217  2105  2105 D ImsResolver: maybeAddedImsService, packageName: null
11-15 14:00:49.217  1725  1725 D incidentd: Successfully uploaded 0 files to Dropbox.
11-15 14:00:49.218  1554  1554 W hwservicemanager: getTransport: Cannot find entry android.hardware.radio.config@1.0::IRadioConfig/default in either framework or device manifest.
11-15 14:00:49.222  2036  2036 I WebViewZygoteInit: Beginning package preload
11-15 14:00:49.232  1864  2163 D AlarmManagerService: Kernel timezone updated to 300 minutes west of GMT
11-15 14:00:49.235  1864  2163 D AlarmManagerService: Setting time of day to sec=1573844449
11-15 14:00:49.404  1864  2163 W AlarmManagerService: Unable to set rtc to 1573844449: No such device
11-15 14:00:49.405  1864  1864 D DevicePolicyManager: updateSystemUpdateFreezePeriodsRecord
11-15 14:00:49.405  1864  1864 W SyncManager: Clock is valid now.
11-15 14:00:49.405  1864  1864 D ConditionProviders.SCP: onReceive android.intent.action.TIME_SET
11-15 14:00:49.405  1864  1864 D ConditionProviders.SCP: evaluateSubscriptionLocked cal=ScheduleCalendar[mDays={1, 2, 3, 4, 5, 6, 7}, mSchedule=ScheduleInfo{days=[1, 2, 3, 4, 5, 6, 7], startHour=22, startMinute=0, endHour=7, endMinute=0, exitAtAlarm=true, nextAlarm=Wed Dec 31 19:00:00 EST 1969 (0)}], now=Fri Nov 15 14:00:49 EST 2019 (1573844449405), nextUserAlarmTime=Wed Dec 31 19:00:00 EST 1969 (0)
11-15 14:00:49.405  1864  1864 D ConditionProviders.SCP: notifyCondition condition://android/schedule?days=1.2.3.4.5.6.7&start=22.0&end=7.0&exitAtAlarm=true STATE_FALSE reason=!meetsSchedule
11-15 14:00:49.410  1864  1864 D ConditionProviders.SCP: Scheduling evaluate for Fri Nov 15 22:00:00 EST 2019 (1573873200000), in +7h59m10s595ms, now=Fri Nov 15 14:00:49 EST 2019 (1573844449405)
11-15 14:00:49.410  1864  1971 E ActivityThread: Failed to find provider info for com.android.calendar
11-15 14:00:49.410  1864  1971 E ActivityThread: Failed to find provider info for com.android.calendar
11-15 14:00:49.415  1990  1990 I ShortcutsDataManager: startImportContentTask()
11-15 14:00:49.416  1990  1990 I ShortcutsDataManager: onImportAborted()
11-15 14:00:49.417  2272  2272 W droid.deskcloc: Unexpected CPU variant for X86 using defaults: x86
11-15 14:00:49.419  2272  2272 E droid.deskcloc: Not starting debugger since process cannot load the jdwp agent.
11-15 14:00:49.421  1864  1880 I ActivityManager: Start proc 2272:com.google.android.deskclock/u0a75 for broadcast com.google.android.deskclock/com.android.deskclock.AlarmInitReceiver
11-15 14:00:49.438  1990  2239 I ModuleManager: Unexpected key 'com.google.android.gms.version' does not match 'module:'
11-15 14:00:49.448  2272  2272 I droid.deskcloc: The ClassLoaderContext is a special shared library.
11-15 14:00:49.457  1990  2286 I ConfigurationNotification: Get device mode by ui mode:1 and smallestScreenWidthDp:411
11-15 14:00:49.463  2036  2036 I WebViewZygoteInit: Package preload done
11-15 14:00:49.474  1990  2239 I ModuleManager: initializeModules() : WaitTime = 1 ms : RunTime = 242 ms
11-15 14:00:49.500  2001  2001 I CameraManagerGlobal: Connecting to camera service
11-15 14:00:49.511  1990  1990 I GoogleInputMethodService: Apply keyboard theme: theme_stylesheet_googleblue_materiallight_assets:theme_package_metadata_google_blue_light.binarypb_port
11-15 14:00:49.525  2272  2272 W PrimesInit: Primes instant initialization
11-15 14:00:49.526  2272  2290 W Primes  : background initialization
11-15 14:00:49.536  2105  2105 I ImsExternalCallTracker: handleVideoCapabilitiesChanged : isVideoCapable = false
11-15 14:00:49.536  2105  2105 D ImsExternalCallTracker: refreshCallPullState
11-15 14:00:49.538  2001  2001 D NotificationEntryMgr: heads up is enabled
11-15 14:00:49.538  2272  2291 I GAv4    : Google Analytics 18.5.89 is starting up. To enable debug logging on a device run:
11-15 14:00:49.538  2272  2291 I GAv4    :   adb shell setprop log.tag.GAv4 DEBUG
11-15 14:00:49.538  2272  2291 I GAv4    :   adb logcat -s GAv4
11-15 14:00:49.540  2272  2290 E ActivityThread: Failed to find provider info for com.google.android.gsf.gservices
11-15 14:00:49.546  2105  2105 D PhoneSwitcherNetworkRequstListener: got request NetworkRequest [ REQUEST id=1, [ Capabilities: INTERNET&NOT_RESTRICTED&TRUSTED&NOT_VPN Unwanted: ] ] with score 0
11-15 14:00:49.546  2105  2105 D PhoneSwitcherNetworkRequstListener: got request NetworkRequest [ TRACK_DEFAULT id=9, [ Capabilities: INTERNET&NOT_RESTRICTED&TRUSTED Unwanted:  Uid: 10028] ] with score 0
11-15 14:00:49.546  2105  2105 D PhoneSwitcherNetworkRequstListener: got request NetworkRequest [ BACKGROUND_REQUEST id=2, [ Transports: CELLULAR Capabilities: INTERNET&NOT_RESTRICTED&TRUSTED&NOT_VPN Unwanted: ] ] with score 0
11-15 14:00:49.546  2105  2105 D PhoneSwitcherNetworkRequstListener: got request NetworkRequest [ TRACK_DEFAULT id=7, [ Capabilities: INTERNET&NOT_RESTRICTED&TRUSTED Unwanted:  Uid: 1000] ] with score 0
11-15 14:00:49.546  2105  2105 D TelephonyDebugService: TelephonyDebugService()
11-15 14:00:49.547  2272  2290 W Primes  : Primes failed to initialized in the background
11-15 14:00:49.547  2272  2290 W Primes  : java.lang.IllegalStateException: SharedPreferences in credential encrypted storage are not available until after user is unlocked
11-15 14:00:49.547  2272  2290 W Primes  : 	at android.app.ContextImpl.getSharedPreferences(ContextImpl.java:419)
11-15 14:00:49.547  2272  2290 W Primes  : 	at android.app.ContextImpl.getSharedPreferences(ContextImpl.java:404)
11-15 14:00:49.547  2272  2290 W Primes  : 	at android.content.ContextWrapper.getSharedPreferences(ContextWrapper.java:174)
11-15 14:00:49.547  2272  2290 W Primes  : 	at ctr.a(PG:4)
11-15 14:00:49.547  2272  2290 W Primes  : 	at ctl.run(PG:18)
11-15 14:00:49.547  2272  2290 W Primes  : 	at cti.run(PG:4)
11-15 14:00:49.547  2272  2290 W Primes  : 	at java.util.concurrent.Executors$RunnableAdapter.call(Executors.java:458)
11-15 14:00:49.547  2272  2290 W Primes  : 	at java.util.concurrent.FutureTask.run(FutureTask.java:266)
11-15 14:00:49.547  2272  2290 W Primes  : 	at java.util.concurrent.ThreadPoolExecutor.runWorker(ThreadPoolExecutor.java:1167)
11-15 14:00:49.547  2272  2290 W Primes  : 	at java.util.concurrent.ThreadPoolExecutor$Worker.run(ThreadPoolExecutor.java:641)
11-15 14:00:49.547  2272  2290 W Primes  : 	at cue.run(PG:5)
11-15 14:00:49.547  2272  2290 W Primes  : 	at java.lang.Thread.run(Thread.java:764)
11-15 14:00:49.547  2105  2105 D CarrierConfigLoader: mHandler: 12 phoneId: 0
11-15 14:00:49.557  2272  2272 I AlarmClock: AlarmInitReceiver android.intent.action.TIME_SET
11-15 14:00:49.569  2001  2001 E BluetoothAdapter: Bluetooth binder is null
11-15 14:00:49.570  1864  2158 I WifiService: WifiService trying to set country code to us
11-15 14:00:49.570  1864  2158 I WifiService: setCountryCode uid=1001
11-15 14:00:49.571  1864  2158 D WifiCountryCode: Succeeded to set country code to: US
11-15 14:00:49.574  2272  2298 E ActivityThread: Failed to find provider info for com.google.android.gsf.gservices
11-15 14:00:49.574  2272  2298 I AlarmClock: Connected Dock: null
11-15 14:00:49.575  2272  2298 I AlarmClock: Removing AlarmClockInfo
11-15 14:00:49.575  2272  2298 E ActivityThread: Failed to find provider info for com.google.android.gsf.gservices
11-15 14:00:49.579  2001  2001 V WifiManager: registerSoftApCallback: callback=com.android.systemui.statusbar.policy.HotspotControllerImpl@6a24dde, handler=Handler (android.os.Handler) {e88fbbf}
11-15 14:00:49.580  2001  2152 V WifiManager: SoftApCallbackProxy: onStateChanged: state=11, failureReason=0
11-15 14:00:49.580  2001  2152 V WifiManager: SoftApCallbackProxy: onNumClientsChanged: numClients=0
11-15 14:00:49.581  1864  1959 W BestClock: java.time.DateTimeException: Missing NTP fix
11-15 14:00:49.581  1864  1959 W BestClock: java.time.DateTimeException: Missing NTP fix
11-15 14:00:49.584  1864  1959 W BestClock: java.time.DateTimeException: Missing NTP fix
11-15 14:00:49.585  1864  1959 W BestClock: java.time.DateTimeException: Missing NTP fix
11-15 14:00:49.587  2001  2255 D OpenGLRenderer: profile bars disabled
11-15 14:00:49.587  2305  2305 W .gms.persisten: Unexpected CPU variant for X86 using defaults: x86
11-15 14:00:49.587  2001  2255 D OpenGLRenderer: ambientRatio = 1.50
11-15 14:00:49.589  1864  1880 I ActivityManager: Start proc 2305:com.google.android.gms.persistent/u0a8 for broadcast com.google.android.gms/.chimera.GmsIntentOperationService$PersistentTrustedReceiver
11-15 14:00:49.590  1852  1852 E hostapd : Using interface wlan1 with hwaddr 02:15:b2:00:01:00 and ssid "AndroidWifi"
11-15 14:00:49.591  1852  1852 I hostapd : wlan1: interface state HT_SCAN->ENABLED
11-15 14:00:49.591  1852  1852 I hostapd : wlan1: AP-ENABLED 
11-15 14:00:49.595  2305  2305 E .gms.persisten: Not starting debugger since process cannot load the jdwp agent.
11-15 14:00:49.601  2001  2001 D StatusBar: disable<e i a s b h r c s > disable2<q i n >
11-15 14:00:49.608  2105  2105 D ServiceStateProvider: subId=-2
11-15 14:00:49.614  2001  2001 V WifiManager: registerSoftApCallback: callback=com.android.systemui.statusbar.policy.HotspotControllerImpl@6a24dde, handler=Handler (android.os.Handler) {e88fbbf}
11-15 14:00:49.615  2001  2152 V WifiManager: SoftApCallbackProxy: onStateChanged: state=11, failureReason=0
11-15 14:00:49.615  2001  2152 V WifiManager: SoftApCallbackProxy: onNumClientsChanged: numClients=0
11-15 14:00:49.617  2105  2259 D IntentBroadcaster: Broadcasting and adding intent for rebroadcast: android.intent.action.SIM_STATE_CHANGED READY for slotId 0
11-15 14:00:49.619  2001  2145 I SecurityController: could not bind to KeyChainService
11-15 14:00:49.619  2305  2305 I .gms.persisten: The ClassLoaderContext is a special shared library.
11-15 14:00:49.620  2105  2105 E PhoneInterfaceManager: [PhoneIntfMgr] getIccId: No UICC
11-15 14:00:49.623  2305  2305 I .gms.persisten: The ClassLoaderContext is a special shared library.
11-15 14:00:49.626  2305  2305 I .gms.persisten: The ClassLoaderContext is a special shared library.
11-15 14:00:49.632  2001  2260 E ActivityThread: Failed to find provider info for com.android.contacts
11-15 14:00:49.632  2105  2105 D OpenGLRenderer: Skia GL Pipeline
11-15 14:00:49.634  2001  2001 D StorageNotification: Notifying about private volume: VolumeInfo{private}:
11-15 14:00:49.634  2001  2001 D StorageNotification:     type=PRIVATE diskId=null partGuid=null mountFlags=0 mountUserId=-1 
11-15 14:00:49.634  2001  2001 D StorageNotification:     state=MOUNTED 
11-15 14:00:49.634  2001  2001 D StorageNotification:     fsType=null fsUuid=null fsLabel=null 
11-15 14:00:49.634  2001  2001 D StorageNotification:     path=/data internalPath=null 
11-15 14:00:49.635  2001  2001 D StorageNotification: Notifying about public volume: VolumeInfo{public:253,80}:
11-15 14:00:49.635  2001  2001 D StorageNotification:     type=PUBLIC diskId=disk:253,80 partGuid= mountFlags=VISIBLE mountUserId=0 
11-15 14:00:49.635  2001  2001 D StorageNotification:     state=MOUNTED 
11-15 14:00:49.635  2001  2001 D StorageNotification:     fsType=vfat fsUuid=18F5-130F fsLabel=SDCARD 
11-15 14:00:49.635  2001  2001 D StorageNotification:     path=/storage/18F5-130F internalPath=/mnt/media_rw/18F5-130F 
11-15 14:00:49.648  1864  1875 I Telecom : CallsManager: Sending phone-account ComponentInfo{com.android.phone/com.android.services.telephony.TelephonyConnectionService}, ***, UserHandle{0} registered intent as user: TSI.rPA@AAg
11-15 14:00:49.649  1864  1875 I Telecom : CallsManager: Sending phone-account registered intent to default dialer: TSI.rPA@AAg
11-15 14:00:49.652  2105  2105 I TelecomFramework: PstnIncomingCallNotifier: Registering: Handler (com.android.internal.telephony.GsmCdmaPhone) {6c57fe}
11-15 14:00:49.654  2105  2105 I TelecomFramework: TelecomAccountRegistry: Unregistering phone account ComponentInfo{com.android.phone/com.android.services.telephony.TelephonyConnectionService}, ***, UserHandle{0}.
11-15 14:00:49.659  1864  2163 I Telecom : CallsManager: Sending phone-account ComponentInfo{com.android.phone/com.android.services.telephony.TelephonyConnectionService}, ***, UserHandle{0} unregistered intent as user: TSI.uPA@AAo
11-15 14:00:49.660  1864  2163 I Telecom : CallsManager: Sending phone-account unregistered intent to default dialer: TSI.uPA@AAo
11-15 14:00:49.673  2105  2105 I TelecomFramework: PstnIncomingCallNotifier: Unregistering: Handler (com.android.internal.telephony.GsmCdmaPhone) {6c57fe}
11-15 14:00:49.675  2105  2105 E PhoneInterfaceManager: [PhoneIntfMgr] getIccId: No UICC
11-15 14:00:49.689  1864  1875 I Telecom : PhoneAccountRegistrar: Modify account: [ComponentInfo{com.android.phone/com.android.services.telephony.TelephonyConnectionService}, ***, UserHandle{0}]: TSI.rPA@AAw
11-15 14:00:49.691  2105  2105 I TelecomFramework: PstnIncomingCallNotifier: Registering: Handler (com.android.internal.telephony.GsmCdmaPhone) {6c57fe}
11-15 14:00:49.738  1864  1874 W LocalDisplayAdapter: Unable to find color mode 0, ignoring request.
11-15 14:00:49.740  1864  1951 I InputReader: Reconfiguring input devices.  changes=0x00000004
11-15 14:00:49.750  1891  1899 D         : HostConnection::get() New Host Connection established 0xf3a10240, tid 1899
11-15 14:00:49.766  1864  1929 W LocalDisplayAdapter: Unable to find color mode 0, ignoring request.
11-15 14:00:49.771  1864  1951 I InputReader: Reconfiguring input devices.  changes=0x00000004
11-15 14:00:49.776  2001  2255 D         : HostConnection::get() New Host Connection established 0xe1455100, tid 2255
11-15 14:00:49.776  1618  1659 D gralloc_ranchu: gralloc_alloc: Creating ashmem region of size 544768
11-15 14:00:49.779  1864  1969 D NotificationSQLiteLog: Pruned event entries: 0
11-15 14:00:49.786  1618  1659 D gralloc_ranchu: gralloc_alloc: Creating ashmem region of size 544768
11-15 14:00:49.787  2001  2255 I ConfigStore: android::hardware::configstore::V1_0::ISurfaceFlingerConfigs::hasWideColorDisplay retrieved: 0
11-15 14:00:49.790  2001  2255 I ConfigStore: android::hardware::configstore::V1_0::ISurfaceFlingerConfigs::hasHDRDisplay retrieved: 0
11-15 14:00:49.790  2001  2255 I OpenGLRenderer: Initialized EGL, version 1.4
11-15 14:00:49.790  2001  2255 D OpenGLRenderer: Swap behavior 1
11-15 14:00:49.791  2001  2255 W OpenGLRenderer: Failed to choose config with EGL_SWAP_BEHAVIOR_PRESERVED, retrying without...
11-15 14:00:49.791  2001  2255 D OpenGLRenderer: Swap behavior 0
11-15 14:00:49.791  1618  1659 D gralloc_ranchu: gralloc_alloc: Creating ashmem region of size 544768
11-15 14:00:49.793  2001  2255 D EGL_emulation: eglCreateContext: 0xcb6c1000: maj 3 min 0 rcv 3
11-15 14:00:49.796  2001  2255 D EGL_emulation: eglMakeCurrent: 0xcb6c1000: ver 3 0 (tinfo 0xe144fdf0)
11-15 14:00:49.802  2001  2001 D ViewRootImpl[StatusBar]: changeCanvasOpacity: opaque=true
11-15 14:00:49.802  1721  1747 E SurfaceFlinger: ro.sf.lcd_density must be defined as a build property
11-15 14:00:49.809  2105  2105 I ImsExternalCallTracker: handleVideoCapabilitiesChanged : isVideoCapable = false
11-15 14:00:49.809  2105  2105 D ImsExternalCallTracker: refreshCallPullState
11-15 14:00:49.810  2105  2105 I TelecomFramework: PstnPhoneCapabilitiesNotifier: handleVideoCapabilitesChanged. Video capability - false
11-15 14:00:49.810  2105  2105 I ImsExternalCallTracker: handleVideoCapabilitiesChanged : isVideoCapable = false
11-15 14:00:49.810  2105  2105 D ImsExternalCallTracker: refreshCallPullState
11-15 14:00:49.810  2105  2105 I TelecomFramework: PstnPhoneCapabilitiesNotifier: handleVideoCapabilitesChanged. Video capability - false
11-15 14:00:49.813  2105  2105 E PhoneInterfaceManager: [PhoneIntfMgr] getIccId: No UICC
11-15 14:00:49.824  1864  2158 I Telecom : PhoneAccountRegistrar: Modify account: [ComponentInfo{com.android.phone/com.android.services.telephony.TelephonyConnectionService}, ***, UserHandle{0}]: TSI.rPA@AA8
11-15 14:00:49.843  2001  2261 E ActivityThread: Failed to find provider info for com.android.contacts
11-15 14:00:49.866  2105  2105 D MccTable: updateMccMncConfiguration mccmnc='310260' fromServiceState=false
11-15 14:00:49.871  2001  2260 E ActivityThread: Failed to find provider info for com.android.contacts
11-15 14:00:49.878  2105  2105 D MccTable: updateMccMncConfiguration defaultMccMnc=
11-15 14:00:49.878  2105  2105 D MccTable: updateMccMncConfiguration: mcc=310, mnc=260
11-15 14:00:49.878  2105  2105 D MccTable: updateMccMncConfiguration updateConfig config={0.0 310mcc260mnc ?localeList ?layoutDir ?swdp ?wdp ?hdp ?density ?lsize ?long ?ldr ?wideColorGamut ?orien ?uimode ?night ?touch ?keyb/?/? ?nav/? winConfig={ mBounds=Rect(0, 0 - 0, 0) mAppBounds=null mWindowingMode=undefined mActivityType=undefined}}
11-15 14:00:49.880  1864  1874 I ActivityManager: Config changes=3 {1.0 310mcc260mnc [en_US] ldltr sw411dp w411dp h659dp 420dpi nrml port finger qwerty/v/v -nav/h winConfig={ mBounds=Rect(0, 0 - 0, 0) mAppBounds=Rect(0, 0 - 1080, 1794) mWindowingMode=fullscreen mActivityType=undefined} s.6}
11-15 14:00:49.900  1864  1874 I ActivityManager: Override config changes=3 {1.0 310mcc260mnc [en_US] ldltr sw411dp w411dp h659dp 420dpi nrml port finger qwerty/v/v -nav/h winConfig={ mBounds=Rect(0, 0 - 1080, 1794) mAppBounds=Rect(0, 0 - 1080, 1794) mWindowingMode=fullscreen mActivityType=undefined} s.6} for displayId=0
11-15 14:00:49.906  1990  1990 W GoogleInputMethodService: onConfigurationChanged() : NewConfig = {1.0 310mcc260mnc [en_US] ldltr sw411dp w411dp h659dp 420dpi nrml port finger qwerty/v/v -nav/h winConfig={ mBounds=Rect(0, 0 - 0, 0) mAppBounds=Rect(0, 0 - 1080, 1794) mWindowingMode=fullscreen mActivityType=undefined} s.6}
11-15 14:00:49.936  1864  2158 W LocalDisplayAdapter: Unable to find color mode 0, ignoring request.
11-15 14:00:49.947  1864  1951 I InputReader: Reconfiguring input devices.  changes=0x00000004
11-15 14:00:49.952  2122  2175 D EGL_emulation: eglMakeCurrent: 0xe3405120: ver 3 0 (tinfo 0xe3403210)
11-15 14:00:49.955  1721  1747 D gralloc_ranchu: gralloc_unregister_buffer: exiting HostConnection (is buffer-handling thread)
11-15 14:00:49.956  1721  1747 D         : HostConnection::get() New Host Connection established 0xe99c9080, tid 1747
11-15 14:00:49.956  1721  1747 D gralloc_ranchu: gralloc_unregister_buffer: exiting HostConnection (is buffer-handling thread)
11-15 14:00:49.957  1721  1747 D         : HostConnection::get() New Host Connection established 0xea318380, tid 1747
11-15 14:00:49.957  1721  1747 D gralloc_ranchu: gralloc_unregister_buffer: exiting HostConnection (is buffer-handling thread)
11-15 14:00:49.957  1721  1747 D         : HostConnection::get() New Host Connection established 0xea318380, tid 1747
11-15 14:00:49.958  1721  1747 D gralloc_ranchu: gralloc_unregister_buffer: exiting HostConnection (is buffer-handling thread)
11-15 14:00:49.959  1618  1659 D gralloc_ranchu: gralloc_alloc: Creating ashmem region of size 8298496
11-15 14:00:49.979  2122  2175 D EGL_emulation: eglMakeCurrent: 0xe3405120: ver 3 0 (tinfo 0xe3403210)
11-15 14:00:49.991  1618  1659 D gralloc_ranchu: gralloc_alloc: Creating ashmem region of size 8298496
11-15 14:00:49.996  1864  1959 W BestClock: java.time.DateTimeException: Missing NTP fix
11-15 14:00:49.997  1864  1959 W BestClock: java.time.DateTimeException: Missing NTP fix
11-15 14:00:50.004  1721  1747 D         : HostConnection::get() New Host Connection established 0xea318380, tid 1747
11-15 14:00:50.012  1990  1990 I KeyboardViewUtil: systemKeyboardHeightRatio:1.000000; userKeyboardHeightRatio:1.000000.
11-15 14:00:50.018  2105  2105 D TelephonyProvider: subIdString = -2 subId = -2
11-15 14:00:50.023  1618  1659 D gralloc_ranchu: gralloc_alloc: Creating ashmem region of size 8298496
11-15 14:00:50.045  1864  1873 I system_server: Background concurrent copying GC freed 66061(4MB) AllocSpace objects, 44(1648KB) LOS objects, 39% free, 9MB/15MB, paused 21us total 163.006ms
11-15 14:00:50.045  1864  1929 W LocalDisplayAdapter: Unable to find color mode 0, ignoring request.
11-15 14:00:50.046  2105  2105 D TelephonyProvider: getPreferredApnIdFromApn: for subId -2
11-15 14:00:50.047  1864  1951 I InputReader: Reconfiguring input devices.  changes=0x00000004
11-15 14:00:50.062  1618  1659 D gralloc_ranchu: gralloc_alloc: Creating ashmem region of size 274432
11-15 14:00:50.077  2105  2105 I TelecomFramework: PstnIncomingCallNotifier: Unregistering: Handler (com.android.internal.telephony.GsmCdmaPhone) {6c57fe}
11-15 14:00:50.077  1618  1659 D gralloc_ranchu: gralloc_alloc: Creating ashmem region of size 274432
11-15 14:00:50.078  2105  2105 E PhoneInterfaceManager: [PhoneIntfMgr] getIccId: No UICC
11-15 14:00:50.079  1618  1659 D gralloc_ranchu: gralloc_alloc: Creating ashmem region of size 274432
11-15 14:00:50.087  1990  1990 I ShortcutsDataManager: startImportContentTask()
11-15 14:00:50.089  1990  1990 I DeviceStatusMonitor: onReceive() : Action = android.intent.action.CONFIGURATION_CHANGED
11-15 14:00:50.090  1990  1990 I ConfigurationNotification: Get device mode by ui mode:1 and smallestScreenWidthDp:411
11-15 14:00:50.090  1990  1990 I chatty  : uid=10058(com.google.android.inputmethod.latin) identical 2 lines
11-15 14:00:50.090  1990  1990 I ConfigurationNotification: Get device mode by ui mode:1 and smallestScreenWidthDp:411
11-15 14:00:50.091  1990  1990 I ShortcutsDataManager: onImportAborted()
11-15 14:00:50.093  2001  2001 D StatusBar: disable<e i a s b h r c s > disable2<q i n >
11-15 14:00:50.095  1864  1961 D WifiService: New client listening to asynchronous messages
11-15 14:00:50.106  1864  1874 I Telecom : PhoneAccountRegistrar: Modify account: [ComponentInfo{com.android.phone/com.android.services.telephony.TelephonyConnectionService}, ***, UserHandle{0}(addr: tel:************ -> tel:)(subAddr: tel:************ -> tel:)]: TSI.rPA@ABA
11-15 14:00:50.107  2305  2305 W .gms.persisten: Verification of void rya.attachBaseContext(android.content.Context) took 237.675ms
11-15 14:00:50.109  2105  2105 I TelecomFramework: PstnIncomingCallNotifier: Registering: Handler (com.android.internal.telephony.GsmCdmaPhone) {6c57fe}
11-15 14:00:50.116  2105  2105 I ImsExternalCallTracker: handleVideoCapabilitiesChanged : isVideoCapable = false
11-15 14:00:50.116  2105  2105 D ImsExternalCallTracker: refreshCallPullState
11-15 14:00:50.116  2105  2105 I TelecomFramework: PstnPhoneCapabilitiesNotifier: handleVideoCapabilitesChanged. Video capability - false
11-15 14:00:50.119  2105  2105 E PhoneInterfaceManager: [PhoneIntfMgr] getIccId: No UICC
11-15 14:00:50.126  1864  1987 I Telecom : PhoneAccountRegistrar: Modify account: [ComponentInfo{com.android.phone/com.android.services.telephony.TelephonyConnectionService}, ***, UserHandle{0}]: TSI.rPA@ABM
11-15 14:00:50.177  2105  2259 D MccTable: updateMccMncConfiguration mccmnc='310260' fromServiceState=false
11-15 14:00:50.178  2105  2259 D MccTable: updateMccMncConfiguration defaultMccMnc=310260
11-15 14:00:50.178  2105  2259 D MccTable: updateMccMncConfiguration: mcc=310, mnc=260
11-15 14:00:50.178  2105  2259 D MccTable: updateMccMncConfiguration updateConfig config={0.0 310mcc260mnc ?localeList ?layoutDir ?swdp ?wdp ?hdp ?density ?lsize ?long ?ldr ?wideColorGamut ?orien ?uimode ?night ?touch ?keyb/?/? ?nav/? winConfig={ mBounds=Rect(0, 0 - 0, 0) mAppBounds=null mWindowingMode=undefined mActivityType=undefined}}
11-15 14:00:50.187  2105  2105 I TelecomFramework: PstnIncomingCallNotifier: Unregistering: Handler (com.android.internal.telephony.GsmCdmaPhone) {6c57fe}
11-15 14:00:50.217  2305  2305 E ActivityThread: Failed to find provider info for com.google.android.gsf.gservices
11-15 14:00:50.229  1864  2325 I Telecom : CallsManager: Sending phone-account ComponentInfo{com.android.phone/com.android.services.telephony.TelephonyConnectionService}, ***, UserHandle{0} registered intent as user: TSI.rPA@ABQ
11-15 14:00:50.229  1864  2325 I Telecom : CallsManager: Sending phone-account registered intent to default dialer: TSI.rPA@ABQ
11-15 14:00:50.229  2105  2105 I TelecomFramework: PstnIncomingCallNotifier: Registering: Handler (com.android.internal.telephony.GsmCdmaPhone) {6c57fe}
11-15 14:00:50.233  2105  2105 I TelecomFramework: TelecomAccountRegistry: Unregistering phone account ComponentInfo{com.android.phone/com.android.services.telephony.TelephonyConnectionService}, ***, UserHandle{0}.
11-15 14:00:50.234  1864  2325 I Telecom : CallsManager: Sending phone-account ComponentInfo{com.android.phone/com.android.services.telephony.TelephonyConnectionService}, ***, UserHandle{0} unregistered intent as user: TSI.uPA@ABY
11-15 14:00:50.234  1864  2325 I Telecom : CallsManager: Sending phone-account unregistered intent to default dialer: TSI.uPA@ABY
11-15 14:00:50.238  2305  2305 E ActivityThread: Failed to find provider info for com.google.android.gsf.gservices
11-15 14:00:50.248  2105  2105 D TelephonyProvider: subIdString = 1 subId = 1
11-15 14:00:50.266  2305  2305 W DirectBootExitBR: User is in direct boot mode.
11-15 14:00:50.266  2305  2305 I chatty  : uid=10008 com.google.android.gms.persistent identical 5 lines
11-15 14:00:50.266  2305  2305 E ActivityThread: Failed to find provider info for com.google.android.gsf.gservices
11-15 14:00:50.275  2105  2259 D MccTable: updateMccMncConfiguration mccmnc='310260' fromServiceState=false
11-15 14:00:50.279  1864  1959 W BestClock: java.time.DateTimeException: Missing NTP fix
11-15 14:00:50.283  2305  2305 E ActivityThread: Failed to find provider info for com.google.android.gsf.gservices
11-15 14:00:50.285  2305  2305 I chatty  : uid=10008 com.google.android.gms.persistent identical 3 lines
11-15 14:00:50.285  2305  2305 E ActivityThread: Failed to find provider info for com.google.android.gsf.gservices
11-15 14:00:50.288  1864  1959 W BestClock: java.time.DateTimeException: Missing NTP fix
11-15 14:00:50.288  2105  2259 D MccTable: updateMccMncConfiguration defaultMccMnc=310260
11-15 14:00:50.288  2105  2259 D MccTable: updateMccMncConfiguration: mcc=310, mnc=260
11-15 14:00:50.288  2105  2259 D MccTable: updateMccMncConfiguration updateConfig config={0.0 310mcc260mnc ?localeList ?layoutDir ?swdp ?wdp ?hdp ?density ?lsize ?long ?ldr ?wideColorGamut ?orien ?uimode ?night ?touch ?keyb/?/? ?nav/? winConfig={ mBounds=Rect(0, 0 - 0, 0) mAppBounds=null mWindowingMode=undefined mActivityType=undefined}}
11-15 14:00:50.302  2305  2305 E ActivityThread: Failed to find provider info for com.google.android.gsf.gservices
11-15 14:00:50.303  2305  2305 E ActivityThread: Failed to find provider info for com.google.android.gsf.gservices
11-15 14:00:50.313  2105  2105 I ImsExternalCallTracker: handleVideoCapabilitiesChanged : isVideoCapable = false
11-15 14:00:50.313  2105  2105 D ImsExternalCallTracker: refreshCallPullState
11-15 14:00:50.313  2105  2105 I TelecomFramework: PstnPhoneCapabilitiesNotifier: handleVideoCapabilitesChanged. Video capability - false
11-15 14:00:50.323  1864  1959 W BestClock: java.time.DateTimeException: Missing NTP fix
11-15 14:00:50.330  1864  1987 I Telecom : PhoneAccountRegistrar: Modify account: [ComponentInfo{com.android.phone/com.android.services.telephony.TelephonyConnectionService}, ***, UserHandle{0}]: TSI.rPA@ABg
11-15 14:00:50.332  1864  1959 W BestClock: java.time.DateTimeException: Missing NTP fix
11-15 14:00:50.336  2105  2105 I TelecomFramework: PstnIncomingCallNotifier: Unregistering: Handler (com.android.internal.telephony.GsmCdmaPhone) {6c57fe}
11-15 14:00:50.349  2105  2259 D IntentBroadcaster: Broadcasting and adding intent for rebroadcast: android.intent.action.SIM_STATE_CHANGED LOADED for slotId 0
11-15 14:00:50.349  2305  2305 E ActivityThread: Failed to find provider info for com.google.android.gsf.gservices
11-15 14:00:50.349  1864  1959 W BestClock: java.time.DateTimeException: Missing NTP fix
11-15 14:00:50.350  2305  2305 E ActivityThread: Failed to find provider info for com.google.android.gsf.gservices
11-15 14:00:50.350  1864  1864 D WifiService: resetting networks because SIM was loaded
11-15 14:00:50.360  1864  2325 I Telecom : PhoneAccountRegistrar: Modify account: [ComponentInfo{com.android.phone/com.android.services.telephony.TelephonyConnectionService}, ***, UserHandle{0}]: TSI.rPA@ABk
11-15 14:00:50.361  1864  1962 D WifiStateMachine: resetting EAP-SIM/AKA/AKA' networks since SIM was changed
11-15 14:00:50.361  2105  2105 I TelecomFramework: PstnIncomingCallNotifier: Registering: Handler (com.android.internal.telephony.GsmCdmaPhone) {6c57fe}
11-15 14:00:50.366  2305  2305 W DynamiteModule: Local module descriptor class for providerinstaller not found.
11-15 14:00:50.369  1864  1987 W ContextImpl: Calling a method in the system process without a qualified user: android.app.ContextImpl.sendBroadcastAsUserMultiplePermissions:1053 com.android.server.TelephonyRegistry.broadcastCallStateChanged:1602 com.android.server.TelephonyRegistry.notifyCallStateForPhoneId:793 com.android.internal.telephony.ITelephonyRegistry$Stub.onTransact:122 android.os.Binder.execTransact:731 
11-15 14:00:50.371  2305  2305 W ProviderHelper: Unknown dynamite feature providerinstaller
11-15 14:00:50.372  2305  2305 E ActivityThread: Failed to find provider info for com.google.android.gsf.gservices
11-15 14:00:50.374  1864  1959 W BestClock: java.time.DateTimeException: Missing NTP fix
11-15 14:00:50.375  2305  2305 I DynamiteModule: Considering local module providerinstaller:0 and remote module providerinstaller:0
11-15 14:00:50.375  2305  2305 W ProviderInstaller: Failed to load providerinstaller module: No acceptable module found. Local version is 0 and remote version is 0.
11-15 14:00:50.379  2105  2259 D CarrierConfigLoader: update config for phoneId: 0 simState: LOADED
11-15 14:00:50.379  2105  2259 D CarrierSvcBindHelper: update binding for phoneId: 0 simState: LOADED
11-15 14:00:50.400  1864  1959 W BestClock: java.time.DateTimeException: Missing NTP fix
11-15 14:00:50.403  1864  1959 W BestClock: java.time.DateTimeException: Missing NTP fix
11-15 14:00:50.404  2305  2305 V NativeCrypto: Registering com/google/android/gms/org/conscrypt/NativeCrypto's 286 native methods...
11-15 14:00:50.422  1864  1959 W BestClock: java.time.DateTimeException: Missing NTP fix
11-15 14:00:50.431  2105  2105 D TelephonyProvider: subIdString = 1 subId = 1
11-15 14:00:50.443  1864  1959 W BestClock: java.time.DateTimeException: Missing NTP fix
11-15 14:00:50.458  2305  2305 D NetworkSecurityConfig: Using Network Security Config from resource network_security_config debugBuild: false
11-15 14:00:50.461  2305  2305 I ProviderInstaller: Installed default security provider GmsCore_OpenSSL
11-15 14:00:50.464  2305  2305 I chatty  : uid=10008 com.google.android.gms.persistent identical 6 lines
11-15 14:00:50.465  2305  2305 E ActivityThread: Failed to find provider info for com.google.android.gsf.gservices
11-15 14:00:50.465  2105  2105 D CallNotifier: updatePhoneStateListeners: update CF notifications.
11-15 14:00:50.466  2305  2305 I Safeboot: Checking safeboot...
11-15 14:00:50.466  2105  2105 I TelecomFramework: PstnIncomingCallNotifier: Unregistering: Handler (com.android.internal.telephony.GsmCdmaPhone) {6c57fe}
11-15 14:00:50.468  2305  2305 E ActivityThread: Failed to find provider info for com.google.android.gsf.gservices
11-15 14:00:50.479  2305  2305 I Safeboot Condition: No need to enter Safeboot.
11-15 14:00:50.483  2305  2305 I chatty  : uid=10008 com.google.android.gms.persistent identical 14 lines
11-15 14:00:50.484  2305  2305 E ActivityThread: Failed to find provider info for com.google.android.gsf.gservices
11-15 14:00:50.485  1864  2325 I Telecom : PhoneAccountRegistrar: Modify account: [ComponentInfo{com.android.phone/com.android.services.telephony.TelephonyConnectionService}, ***, UserHandle{0}]: TSI.rPA@ABw
11-15 14:00:50.486  2305  2336 E ActivityThread: Failed to find provider info for com.google.android.gsf.gservices
11-15 14:00:50.486  2305  2336 E ActivityThread: Failed to find provider info for com.google.android.gsf.gservices
11-15 14:00:50.486  2105  2105 I TelecomFramework: PstnIncomingCallNotifier: Registering: Handler (com.android.internal.telephony.GsmCdmaPhone) {6c57fe}
11-15 14:00:50.496  2305  2305 E ActivityThread: Failed to find provider info for com.google.android.gsf.gservices
11-15 14:00:50.498  2105  2105 D CallNotifier: updatePhoneStateListeners: update CF notifications.
11-15 14:00:50.498  2105  2105 I TelecomFramework: PstnIncomingCallNotifier: Unregistering: Handler (com.android.internal.telephony.GsmCdmaPhone) {6c57fe}
11-15 14:00:50.499  2305  2305 E ActivityThread: Failed to find provider info for com.google.android.gsf.gservices
11-15 14:00:50.508  2305  2305 I chatty  : uid=10008 com.google.android.gms.persistent identical 3 lines
11-15 14:00:50.513  2305  2305 E ActivityThread: Failed to find provider info for com.google.android.gsf.gservices
11-15 14:00:50.514  1864  2325 I Telecom : PhoneAccountRegistrar: Modify account: [ComponentInfo{com.android.phone/com.android.services.telephony.TelephonyConnectionService}, ***, UserHandle{0}]: TSI.rPA@AB8
11-15 14:00:50.515  2305  2305 E ActivityThread: Failed to find provider info for com.google.android.gsf.gservices
11-15 14:00:50.515  2105  2105 I TelecomFramework: PstnIncomingCallNotifier: Registering: Handler (com.android.internal.telephony.GsmCdmaPhone) {6c57fe}
11-15 14:00:50.524  2105  2105 I ImsExternalCallTracker: handleVideoCapabilitiesChanged : isVideoCapable = false
11-15 14:00:50.524  2105  2105 D ImsExternalCallTracker: refreshCallPullState
11-15 14:00:50.524  2105  2105 I TelecomFramework: PstnPhoneCapabilitiesNotifier: handleVideoCapabilitesChanged. Video capability - false
11-15 14:00:50.525  2105  2105 D CallNotifier: updatePhoneStateListeners: update CF notifications.
11-15 14:00:50.525  2105  2105 I NotificationMgr: updateMwi(): subId 1 update to false
11-15 14:00:50.531  2305  2305 E ActivityThread: Failed to find provider info for com.google.android.gsf.gservices
11-15 14:00:50.532  2305  2305 I chatty  : uid=10008 com.google.android.gms.persistent identical 1 line
11-15 14:00:50.542  2105  2105 I CallNotifier: onCallForwardingIndicatorChanged(): subId=1, visible=N
11-15 14:00:50.544  2105  2105 D CallNotifier: updatePhoneStateListeners: update CF notifications.
11-15 14:00:50.545  2105  2105 I NotificationMgr: updateCfi: subId= 1, visible=N
11-15 14:00:50.547  2305  2305 E ActivityThread: Failed to find provider info for com.google.android.gsf.gservices
11-15 14:00:50.550  2105  2105 I NotificationMgr: updateMwi(): subId 1 update to false
11-15 14:00:50.555  2105  2105 I CallNotifier: onCallForwardingIndicatorChanged(): subId=1, visible=N
11-15 14:00:50.556  2105  2105 D CallNotifier: updatePhoneStateListeners: update CF notifications.
11-15 14:00:50.556  2105  2105 I NotificationMgr: updateCfi: subId= 1, visible=N
11-15 14:00:50.556  1864  1880 I ActivityManager: Start proc 2339:com.google.android.dialer/u0a35 for broadcast com.google.android.dialer/com.android.dialer.app.voicemail.LegacyVoicemailNotificationReceiver
11-15 14:00:50.557  2105  2105 I NotificationMgr: updateMwi(): subId 1 update to false
11-15 14:00:50.566  2105  2105 D CarrierConfigLoader: mHandler: 7 phoneId: 0
11-15 14:00:50.569  2105  2105 D CarrierConfigLoader: Loaded config from XML. package=com.android.carrierconfig phoneId=0
11-15 14:00:50.569  2105  2105 D CarrierSvcBindHelper: mHandler: 0
