11-15 14:00:52.658  1891  1895 D gralloc_ranchu: gralloc_unregister_buffer: exiting HostConnection (is buffer-handling thread)
11-15 14:00:52.659  1891  1895 D         : HostConnection::get() New Host Connection established 0xf3a10080, tid 1895
11-15 14:00:52.659  1891  1895 D gralloc_ranchu: gralloc_unregister_buffer: exiting HostConnection (is buffer-handling thread)
11-15 14:00:52.659  1891  1895 D         : HostConnection::get() New Host Connection established 0xf3a10080, tid 1895
11-15 14:00:52.659  1891  1895 D gralloc_ranchu: gralloc_unregister_buffer: exiting HostConnection (is buffer-handling thread)
11-15 14:00:52.660  1891  1895 D         : HostConnection::get() New Host Connection established 0xf3a10080, tid 1895
11-15 14:00:52.660  1891  1895 D gralloc_ranchu: gralloc_unregister_buffer: exiting HostConnection (is buffer-handling thread)
11-15 14:00:52.660  1891  1895 D         : HostConnection::get() New Host Connection established 0xf3a10080, tid 1895
11-15 14:00:52.661  1891  1895 D gralloc_ranchu: gralloc_unregister_buffer: exiting HostConnection (is buffer-handling thread)
11-15 14:00:52.661  1891  1895 D         : HostConnection::get() New Host Connection established 0xf3a10080, tid 1895
11-15 14:00:52.661  1891  1895 D gralloc_ranchu: gralloc_unregister_buffer: exiting HostConnection (is buffer-handling thread)
11-15 14:00:52.665  1891  1895 D         : HostConnection::get() New Host Connection established 0xf3a10080, tid 1895
11-15 14:00:52.724  2001  2001 I vol.Events: writeEvent dismiss_dialog timeout
11-15 14:00:52.733  1864  1886 I WindowManager: ******* TELLING SURFACE FLINGER WE ARE BOOTED!
11-15 14:00:52.733  1721  1954 I SurfaceFlinger: Boot is finished (10155 ms)
11-15 14:00:52.735  1864  1886 I SystemServiceManager: Starting phase 1000
11-15 14:00:52.736  1864  1884 I UsbDeviceManager: Setting USB config to adb
11-15 14:00:52.742  1864  1886 D ActivityManager: Finishing user boot 0
11-15 14:00:52.742  1864  1886 I ActivityManager: User 0 state changed from BOOTING to RUNNING_LOCKED
11-15 14:00:52.742  1864  1886 D ActivityManager: Started unlocking user 0
11-15 14:00:52.742  1864  1886 D ActivityManager: Unlocking user 0 progress 0
11-15 14:00:52.742  1864  1886 D ActivityManager: Unlocking user 0 progress 5
11-15 14:00:52.744  2272  2272 I AlarmClock: AlarmInitReceiver android.intent.action.LOCKED_BOOT_COMPLETED
11-15 14:00:52.747  2272  2298 E ActivityThread: Failed to find provider info for com.google.android.gsf.gservices
11-15 14:00:52.747  2272  2298 I AlarmClock: Connected Dock: null
11-15 14:00:52.747  2272  2298 I AlarmClock: Removing AlarmClockInfo
11-15 14:00:52.748  2272  2298 E ActivityThread: Failed to find provider info for com.google.android.gsf.gservices
11-15 14:00:52.750  1864  1962 D WifiConfigStore: Reading from stores completed in 6 ms.
11-15 14:00:52.752  1563  1565 D vold    : e4crypt_prepare_user_storage for volume null, user 0, serial 0, flags 2
11-15 14:00:52.752  1563  1565 D vold    : Preparing: /data/system_ce/0
11-15 14:00:52.752  1563  1565 D vold    : Preparing: /data/misc_ce/0
11-15 14:00:52.752  1563  1565 D vold    : Preparing: /data/vendor_ce/0
11-15 14:00:52.757  1864  1962 D WIFI    : Registering NetworkFactory
11-15 14:00:52.757  1864  1962 D WIFI_UT : Registering NetworkFactory
11-15 14:00:52.757  1563  1565 D vold    : Preparing: /data/media/0
11-15 14:00:52.757  1563  1565 D vold    : Preparing: /data/data
11-15 14:00:52.757  1563  1565 V vold    : Starting restorecon of /data/system_ce/0
11-15 14:00:52.757  1864  1964 E WifiP2pService: Unhandled message { when=-1ms what=131203 target=com.android.internal.util.StateMachine$SmHandler }
11-15 14:00:52.759  1864  1965 D ConnectivityService: Got NetworkFactory Messenger for WIFI
11-15 14:00:52.759  1864  1965 D ConnectivityService: Got NetworkFactory Messenger for WIFI_UT
11-15 14:00:52.760  1864  1962 D WIFI    : got request NetworkRequest [ REQUEST id=1, [ Capabilities: INTERNET&NOT_RESTRICTED&TRUSTED&NOT_VPN Unwanted: ] ] with score 50
11-15 14:00:52.761  1864  1962 D WifiConnectivityHelper: Firmware supported feature set: 19
11-15 14:00:52.761  1864  1962 D WifiConnectivityHelper: Firmware roaming is not supported
11-15 14:00:52.764  2430  2430 W gle.android.gm: Unexpected CPU variant for X86 using defaults: x86
11-15 14:00:52.764  1864  1880 I ActivityManager: Start proc 2430:com.google.android.gms/u0a8 for service com.google.android.gms/.chimera.GmsIntentOperationService
11-15 14:00:52.765  1864  1962 D WIFI    : got request NetworkRequest [ TRACK_DEFAULT id=9, [ Capabilities: INTERNET&NOT_RESTRICTED&TRUSTED Unwanted:  Uid: 10028] ] with score 50
11-15 14:00:52.765  1864  1962 D WIFI    : got request NetworkRequest [ BACKGROUND_REQUEST id=2, [ Transports: CELLULAR Capabilities: INTERNET&NOT_RESTRICTED&TRUSTED&NOT_VPN Unwanted: ] ] with score 50
11-15 14:00:52.765  1864  1962 D WIFI    : got request NetworkRequest [ TRACK_DEFAULT id=7, [ Capabilities: INTERNET&NOT_RESTRICTED&TRUSTED Unwanted:  Uid: 1000] ] with score 50
11-15 14:00:52.765  1864  1962 D WIFI_UT : got request NetworkRequest [ REQUEST id=1, [ Capabilities: INTERNET&NOT_RESTRICTED&TRUSTED&NOT_VPN Unwanted: ] ] with score 50
11-15 14:00:52.766  1864  1962 D WIFI_UT : got request NetworkRequest [ TRACK_DEFAULT id=9, [ Capabilities: INTERNET&NOT_RESTRICTED&TRUSTED Unwanted:  Uid: 10028] ] with score 50
11-15 14:00:52.766  1864  1962 D WIFI_UT : got request NetworkRequest [ BACKGROUND_REQUEST id=2, [ Transports: CELLULAR Capabilities: INTERNET&NOT_RESTRICTED&TRUSTED&NOT_VPN Unwanted: ] ] with score 50
11-15 14:00:52.766  1864  1962 D WIFI_UT : got request NetworkRequest [ TRACK_DEFAULT id=7, [ Capabilities: INTERNET&NOT_RESTRICTED&TRUSTED Unwanted:  Uid: 1000] ] with score 50
11-15 14:00:52.768  2430  2430 E gle.android.gm: Not starting debugger since process cannot load the jdwp agent.
11-15 14:00:52.773  1864  1877 E memtrack: Couldn't load memtrack module
11-15 14:00:52.773  1864  1877 W android.os.Debug: failed to get memory consumption info: -1
11-15 14:00:52.775  1864  1877 E memtrack: Couldn't load memtrack module
11-15 14:00:52.775  1864  1877 W android.os.Debug: failed to get memory consumption info: -1
11-15 14:00:52.776  1864  1877 E memtrack: Couldn't load memtrack module
11-15 14:00:52.776  1864  1877 W android.os.Debug: failed to get memory consumption info: -1
11-15 14:00:52.776  1864  1877 E memtrack: Couldn't load memtrack module
11-15 14:00:52.776  1864  1877 W android.os.Debug: failed to get memory consumption info: -1
11-15 14:00:52.776  1864  1877 E memtrack: Couldn't load memtrack module
11-15 14:00:52.776  1864  1877 W android.os.Debug: failed to get memory consumption info: -1
11-15 14:00:52.777  1864  1877 E memtrack: Couldn't load memtrack module
11-15 14:00:52.777  1864  1877 W android.os.Debug: failed to get memory consumption info: -1
11-15 14:00:52.778  2441  2441 I bootstat: Service started: /system/bin/bootstat --set_system_boot_reason --record_boot_complete --record_boot_reason --record_time_since_factory_reset -l 
11-15 14:00:52.778  1864  1877 E memtrack: Couldn't load memtrack module
11-15 14:00:52.778  1864  1877 W android.os.Debug: failed to get memory consumption info: -1
11-15 14:00:52.778  2441  2441 I bootstat: Canonical boot reason: reboot,userrequested
11-15 14:00:52.779  1864  1877 E memtrack: Couldn't load memtrack module
11-15 14:00:52.779  1864  1877 W android.os.Debug: failed to get memory consumption info: -1
11-15 14:00:52.781  1864  1877 E memtrack: Couldn't load memtrack module
11-15 14:00:52.782  1864  1877 W android.os.Debug: failed to get memory consumption info: -1
11-15 14:00:52.786  1864  1877 E memtrack: Couldn't load memtrack module
11-15 14:00:52.786  1864  1877 W android.os.Debug: failed to get memory consumption info: -1
11-15 14:00:52.790  1864  1877 E memtrack: Couldn't load memtrack module
11-15 14:00:52.790  1864  1877 W android.os.Debug: failed to get memory consumption info: -1
11-15 14:00:52.791  1864  1877 E memtrack: Couldn't load memtrack module
11-15 14:00:52.791  1864  1877 W android.os.Debug: failed to get memory consumption info: -1
11-15 14:00:52.791  1864  1877 E memtrack: Couldn't load memtrack module
11-15 14:00:52.791  1864  1877 W android.os.Debug: failed to get memory consumption info: -1
11-15 14:00:52.793  1864  1877 E memtrack: Couldn't load memtrack module
11-15 14:00:52.793  1864  1877 W android.os.Debug: failed to get memory consumption info: -1
11-15 14:00:52.795  2430  2430 I gle.android.gm: The ClassLoaderContext is a special shared library.
11-15 14:00:52.796  2430  2430 I chatty  : uid=10008(com.google.android.gms) identical 1 line
11-15 14:00:52.796  2430  2430 I gle.android.gm: The ClassLoaderContext is a special shared library.
11-15 14:00:52.799  1864  1877 E memtrack: Couldn't load memtrack module
11-15 14:00:52.799  1864  1877 W android.os.Debug: failed to get memory consumption info: -1
11-15 14:00:52.800  1864  1877 E memtrack: Couldn't load memtrack module
11-15 14:00:52.800  1864  1877 W android.os.Debug: failed to get memory consumption info: -1
11-15 14:00:52.803  1864  1877 E memtrack: Couldn't load memtrack module
11-15 14:00:52.803  1864  1877 W android.os.Debug: failed to get memory consumption info: -1
11-15 14:00:52.804  1864  1877 E memtrack: Couldn't load memtrack module
11-15 14:00:52.805  1864  1877 W android.os.Debug: failed to get memory consumption info: -1
11-15 14:00:52.805  1864  1877 E memtrack: Couldn't load memtrack module
11-15 14:00:52.805  1864  1877 W android.os.Debug: failed to get memory consumption info: -1
11-15 14:00:52.807  1864  1877 E memtrack: Couldn't load memtrack module
11-15 14:00:52.807  1864  1877 W android.os.Debug: failed to get memory consumption info: -1
11-15 14:00:52.808  1864  1877 E memtrack: Couldn't load memtrack module
11-15 14:00:52.808  1864  1877 W android.os.Debug: failed to get memory consumption info: -1
11-15 14:00:52.809  1864  1877 E memtrack: Couldn't load memtrack module
11-15 14:00:52.809  1864  1877 W android.os.Debug: failed to get memory consumption info: -1
11-15 14:00:52.810  1864  1877 E memtrack: Couldn't load memtrack module
11-15 14:00:52.810  1864  1877 W android.os.Debug: failed to get memory consumption info: -1
11-15 14:00:52.812  1864  1877 E memtrack: Couldn't load memtrack module
11-15 14:00:52.813  1864  1877 W android.os.Debug: failed to get memory consumption info: -1
11-15 14:00:52.813  2430  2430 E ActivityThread: Failed to find provider info for com.google.android.gsf.gservices
11-15 14:00:52.816  1864  1877 E memtrack: Couldn't load memtrack module
11-15 14:00:52.816  1864  1877 W android.os.Debug: failed to get memory consumption info: -1
11-15 14:00:52.819  1864  1877 E memtrack: Couldn't load memtrack module
11-15 14:00:52.819  1864  1877 W android.os.Debug: failed to get memory consumption info: -1
11-15 14:00:52.819  1864  1877 E memtrack: Couldn't load memtrack module
11-15 14:00:52.819  1864  1877 W android.os.Debug: failed to get memory consumption info: -1
11-15 14:00:52.820  1864  1877 E memtrack: Couldn't load memtrack module
11-15 14:00:52.820  1864  1877 W android.os.Debug: failed to get memory consumption info: -1
11-15 14:00:52.821  1864  1877 E memtrack: Couldn't load memtrack module
11-15 14:00:52.821  2430  2430 W DirectBootExitBR: User is in direct boot mode.
11-15 14:00:52.821  1864  1877 W android.os.Debug: failed to get memory consumption info: -1
11-15 14:00:52.822  1864  1877 E memtrack: Couldn't load memtrack module
11-15 14:00:52.822  1864  1877 W android.os.Debug: failed to get memory consumption info: -1
11-15 14:00:52.825  1864  1877 E memtrack: Couldn't load memtrack module
11-15 14:00:52.825  1864  1877 W android.os.Debug: failed to get memory consumption info: -1
11-15 14:00:52.826  1864  1877 E memtrack: Couldn't load memtrack module
11-15 14:00:52.826  1864  1877 W android.os.Debug: failed to get memory consumption info: -1
11-15 14:00:52.826  2430  2430 W DynamiteModule: Local module descriptor class for providerinstaller not found.
11-15 14:00:52.827  1864  1877 E memtrack: Couldn't load memtrack module
11-15 14:00:52.827  1864  1877 W android.os.Debug: failed to get memory consumption info: -1
11-15 14:00:52.830  1864  1877 E memtrack: Couldn't load memtrack module
11-15 14:00:52.830  1864  1877 W android.os.Debug: failed to get memory consumption info: -1
11-15 14:00:52.832  2430  2430 W ProviderHelper: Unknown dynamite feature providerinstaller
11-15 14:00:52.832  2430  2430 I chatty  : uid=10008(com.google.android.gms) identical 14 lines
11-15 14:00:52.832  2430  2430 E ActivityThread: Failed to find provider info for com.google.android.gsf.gservices
11-15 14:00:52.832  2430  2430 I DynamiteModule: Considering local module providerinstaller:0 and remote module providerinstaller:0
11-15 14:00:52.833  2430  2430 W ProviderInstaller: Failed to load providerinstaller module: No acceptable module found. Local version is 0 and remote version is 0.
11-15 14:00:52.833  1864  1877 E memtrack: Couldn't load memtrack module
11-15 14:00:52.833  1864  1877 W android.os.Debug: failed to get memory consumption info: -1
11-15 14:00:52.836  2430  2430 V NativeCrypto: Registering com/google/android/gms/org/conscrypt/NativeCrypto's 286 native methods...
11-15 14:00:52.837  1864  1877 E memtrack: Couldn't load memtrack module
11-15 14:00:52.837  1864  1877 W android.os.Debug: failed to get memory consumption info: -1
11-15 14:00:52.841  1563  1565 V vold    : Finished restorecon of /data/system_ce/0
11-15 14:00:52.841  1563  1565 V vold    : Starting restorecon of /data/misc_ce/0
11-15 14:00:52.843  2430  2430 D NetworkSecurityConfig: Using Network Security Config from resource network_security_config debugBuild: false
11-15 14:00:52.844  2430  2430 I ProviderInstaller: Installed default security provider GmsCore_OpenSSL
11-15 14:00:52.845  2430  2430 E ActivityThread: Failed to find provider info for com.google.android.gsf.gservices
11-15 14:00:52.848  2430  2430 I Safeboot: Checking safeboot...
11-15 14:00:52.849  2430  2430 I Safeboot: Not entering safeboot; wrong process.
11-15 14:00:52.852  1864  1877 E memtrack: Couldn't load memtrack module
11-15 14:00:52.852  1864  1877 W android.os.Debug: failed to get memory consumption info: -1
11-15 14:00:52.852  2430  2430 I chatty  : uid=10008(com.google.android.gms) identical 10 lines
11-15 14:00:52.853  2430  2430 E ActivityThread: Failed to find provider info for com.google.android.gsf.gservices
11-15 14:00:52.853  2430  2451 E ActivityThread: Failed to find provider info for com.google.android.gsf.gservices
11-15 14:00:52.855  1864  1877 E memtrack: Couldn't load memtrack module
11-15 14:00:52.855  1864  1877 W android.os.Debug: failed to get memory consumption info: -1
11-15 14:00:52.857  2430  2451 I chatty  : uid=10008(com.google.android.gms) identical 4 lines
11-15 14:00:52.858  2430  2451 E ActivityThread: Failed to find provider info for com.google.android.gsf.gservices
11-15 14:00:52.858  1864  1877 E memtrack: Couldn't load memtrack module
11-15 14:00:52.858  1864  1877 W android.os.Debug: failed to get memory consumption info: -1
11-15 14:00:52.859  2430  2430 E ActivityThread: Failed to find provider info for com.google.android.gsf.gservices
11-15 14:00:52.859  2430  2451 E ActivityThread: Failed to find provider info for com.google.android.gsf.gservices
11-15 14:00:52.859  2430  2430 E ActivityThread: Failed to find provider info for com.google.android.gsf.gservices
11-15 14:00:52.859  1864  1877 E memtrack: Couldn't load memtrack module
11-15 14:00:52.859  1864  1877 W android.os.Debug: failed to get memory consumption info: -1
11-15 14:00:52.859  2430  2451 E ActivityThread: Failed to find provider info for com.google.android.gsf.gservices
11-15 14:00:52.860  2430  2430 E ActivityThread: Failed to find provider info for com.google.android.gsf.gservices
11-15 14:00:52.860  2430  2451 E ActivityThread: Failed to find provider info for com.google.android.gsf.gservices
11-15 14:00:52.860  1864  1877 E memtrack: Couldn't load memtrack module
11-15 14:00:52.860  1864  1877 W android.os.Debug: failed to get memory consumption info: -1
11-15 14:00:52.860  2430  2430 E ActivityThread: Failed to find provider info for com.google.android.gsf.gservices
11-15 14:00:52.861  2430  2451 E ActivityThread: Failed to find provider info for com.google.android.gsf.gservices
11-15 14:00:52.862  2430  2430 E ActivityThread: Failed to find provider info for com.google.android.gsf.gservices
11-15 14:00:52.863  1864  1877 E memtrack: Couldn't load memtrack module
11-15 14:00:52.863  1864  1877 W android.os.Debug: failed to get memory consumption info: -1
11-15 14:00:52.867  1864  1877 E memtrack: Couldn't load memtrack module
11-15 14:00:52.867  1864  1877 W android.os.Debug: failed to get memory consumption info: -1
11-15 14:00:52.871  1864  1877 E memtrack: Couldn't load memtrack module
11-15 14:00:52.871  1864  1877 W android.os.Debug: failed to get memory consumption info: -1
11-15 14:00:52.873  1864  1877 E memtrack: Couldn't load memtrack module
11-15 14:00:52.873  1864  1877 W android.os.Debug: failed to get memory consumption info: -1
11-15 14:00:52.876  1864  1877 E memtrack: Couldn't load memtrack module
11-15 14:00:52.876  1864  1877 W android.os.Debug: failed to get memory consumption info: -1
11-15 14:00:52.877  1864  1877 E memtrack: Couldn't load memtrack module
11-15 14:00:52.877  1864  1877 W android.os.Debug: failed to get memory consumption info: -1
11-15 14:00:52.883  1864  1877 E memtrack: Couldn't load memtrack module
11-15 14:00:52.884  1864  1877 W android.os.Debug: failed to get memory consumption info: -1
11-15 14:00:52.886  1864  1877 E memtrack: Couldn't load memtrack module
11-15 14:00:52.886  1864  1877 W android.os.Debug: failed to get memory consumption info: -1
11-15 14:00:52.886  2430  2430 W Primes  : Primes not initialized, returning default (no-op) Primes instance which will ignore all calls. Please call Primes.initialize(...) before using any Primes API.
11-15 14:00:52.887  1864  1877 E memtrack: Couldn't load memtrack module
11-15 14:00:52.887  1864  1877 W android.os.Debug: failed to get memory consumption info: -1
11-15 14:00:52.890  1864  1877 E memtrack: Couldn't load memtrack module
11-15 14:00:52.890  1864  1877 W android.os.Debug: failed to get memory consumption info: -1
11-15 14:00:52.892  1864  1877 E memtrack: Couldn't load memtrack module
11-15 14:00:52.892  1864  1877 W android.os.Debug: failed to get memory consumption info: -1
11-15 14:00:52.893  1864  1877 E memtrack: Couldn't load memtrack module
11-15 14:00:52.893  1864  1877 W android.os.Debug: failed to get memory consumption info: -1
11-15 14:00:52.894  1864  1877 E memtrack: Couldn't load memtrack module
11-15 14:00:52.894  1864  1877 W android.os.Debug: failed to get memory consumption info: -1
11-15 14:00:52.894  2430  2430 I chatty  : uid=10008(com.google.android.gms) identical 31 lines
11-15 14:00:52.895  1864  1877 E memtrack: Couldn't load memtrack module
11-15 14:00:52.895  1864  1877 W android.os.Debug: failed to get memory consumption info: -1
11-15 14:00:52.895  1864  1877 E memtrack: Couldn't load memtrack module
11-15 14:00:52.895  1864  1877 W android.os.Debug: failed to get memory consumption info: -1
11-15 14:00:52.896  1864  1877 E memtrack: Couldn't load memtrack module
11-15 14:00:52.896  1864  1877 W android.os.Debug: failed to get memory consumption info: -1
11-15 14:00:52.898  1864  1877 E memtrack: Couldn't load memtrack module
11-15 14:00:52.898  1864  1877 W android.os.Debug: failed to get memory consumption info: -1
11-15 14:00:52.901  1864  1877 E memtrack: Couldn't load memtrack module
11-15 14:00:52.901  1864  1877 W android.os.Debug: failed to get memory consumption info: -1
11-15 14:00:52.902  2430  2430 E ActivityThread: Failed to find provider info for com.google.android.gsf.gservices
11-15 14:00:52.903  1864  1877 E memtrack: Couldn't load memtrack module
11-15 14:00:52.903  1864  1877 W android.os.Debug: failed to get memory consumption info: -1
11-15 14:00:52.904  1864  1877 E memtrack: Couldn't load memtrack module
11-15 14:00:52.904  1864  1877 W android.os.Debug: failed to get memory consumption info: -1
11-15 14:00:52.905  1864  1877 E memtrack: Couldn't load memtrack module
11-15 14:00:52.905  1864  1877 W android.os.Debug: failed to get memory consumption info: -1
11-15 14:00:52.906  2430  2456 E ActivityThread: Failed to find provider info for com.google.android.gsf.gservices
11-15 14:00:52.906  1864  1877 E memtrack: Couldn't load memtrack module
11-15 14:00:52.906  1864  1877 W android.os.Debug: failed to get memory consumption info: -1
11-15 14:00:52.909  2430  2458 E ActivityThread: Failed to find provider info for com.google.android.gsf.gservices
11-15 14:00:52.910  1864  1877 E memtrack: Couldn't load memtrack module
11-15 14:00:52.910  1864  1877 W android.os.Debug: failed to get memory consumption info: -1
11-15 14:00:52.923  1563  1565 V vold    : Finished restorecon of /data/misc_ce/0
11-15 14:00:52.923  1563  1565 V vold    : /system/bin/vold_prepare_subdirs
11-15 14:00:52.923  1563  1565 V vold    :     prepare
11-15 14:00:52.923  1563  1565 V vold    :     
11-15 14:00:52.923  1563  1565 V vold    :     0
11-15 14:00:52.923  1563  1565 V vold    :     2
11-15 14:00:52.925  1864  1877 E memtrack: Couldn't load memtrack module
11-15 14:00:52.925  1864  1877 W android.os.Debug: failed to get memory consumption info: -1
11-15 14:00:52.927  1864  1877 E memtrack: Couldn't load memtrack module
11-15 14:00:52.927  1864  1877 W android.os.Debug: failed to get memory consumption info: -1
11-15 14:00:52.939  1563  1565 I vold_prepare_subdirs: SELinux: Loaded file_contexts
11-15 14:00:52.940  2459  2459 D vold_prepare_subdirs: Setting up mode 700 uid 0 gid 0 context u:object_r:vold_data_file:s0 on path: /data/misc_ce/0/vold
11-15 14:00:52.941  2459  2459 D vold_prepare_subdirs: Setting up mode 700 uid 0 gid 0 context u:object_r:storaged_data_file:s0 on path: /data/misc_ce/0/storaged
11-15 14:00:52.942  1864  1884 V UserDataPreparer: Found /data/user/0 with serial number 0
11-15 14:00:52.942  1864  1884 V UserDataPreparer: Found /data/system_ce/0 with serial number 0
11-15 14:00:52.942  1864  1884 D UserDataPreparer: Setting property: sys.user.0.ce_available=true
11-15 14:00:52.943  1864  1884 V PackageManager: reconcileAppsData for null u0 0x2 migrateAppData=false
11-15 14:00:52.945  1864  1877 E memtrack: Couldn't load memtrack module
11-15 14:00:52.945  1864  1877 W android.os.Debug: failed to get memory consumption info: -1
11-15 14:00:52.960  2430  2458 E ActivityThread: Failed to find provider info for com.google.android.gsf.gservices
11-15 14:00:52.960  2430  2458 E GservicesValue: Gservices key not whitelisted for directboot access: gms:chimera:dev_module_blacklist
11-15 14:00:52.961  1864  1877 E memtrack: Couldn't load memtrack module
11-15 14:00:52.961  1864  1877 W android.os.Debug: failed to get memory consumption info: -1
11-15 14:00:52.963  2430  2458 I GmsModuleFndr: Beginning GMS chimera module scan
11-15 14:00:52.980  1864  1877 E memtrack: Couldn't load memtrack module
11-15 14:00:52.980  1864  1877 W android.os.Debug: failed to get memory consumption info: -1
11-15 14:00:52.986  1726  1946 W cutils  : Expected path /data/data/com.google.android.gms with mode 700 but found 711
11-15 14:00:52.993  2430  2458 I ModuleSetMgr: Computing pending module set with APKs: [file:///data/app/com.google.android.gms-KiP97V5qtyjJeeEuoYGIzw%3D%3D/base.apk, zapp:/AdsFdrDynamite.integ/21001000000, zapp:/Payments.integ/19677002000700, zapp:/PaymentsDynamite.integ/19677002000700, zapp:/VisionFace.optional/19629000700, zapp:/VisionOcr.optional/19629000700]
11-15 14:00:52.997  2430  2458 I chatty  : uid=10008(com.google.android.gms) identical 12 lines
11-15 14:00:52.997  2430  2458 E ActivityThread: Failed to find provider info for com.google.android.gsf.gservices
11-15 14:00:53.004  1864  1877 E memtrack: Couldn't load memtrack module
11-15 14:00:53.004  1864  1877 W android.os.Debug: failed to get memory consumption info: -1
11-15 14:00:53.017  2460  2460 I adbd    : Calling send_auth_request...
11-15 14:00:53.027  2460  2460 I adbd    : Loading keys from /data/misc/adb/adb_keys
11-15 14:00:53.029  2460  2460 I adbd    : adb client authorized
11-15 14:00:53.029  1864  1877 E memtrack: Couldn't load memtrack module
11-15 14:00:53.029  1864  1877 W android.os.Debug: failed to get memory consumption info: -1
11-15 14:00:53.032  1864  1884 V PackageManager: reconcileAppsData finished 109 packages
11-15 14:00:53.032  1864  1884 I ActivityManager: User 0 state changed from RUNNING_LOCKED to RUNNING_UNLOCKING
11-15 14:00:53.032  1864  1884 D ActivityManager: Unlocking user 0 progress 20
11-15 14:00:53.032  1864  1884 W Looper  : Slow dispatch took 281ms android.fg h=android.os.Handler c=com.android.server.am.-$$Lambda$UserController$o6oQFjGYYIfx-I94cSakTLPLt6s@c12fa40 m=0
11-15 14:00:53.032  1864  1884 W Looper  : Slow delivery took 289ms android.fg h=com.android.server.AppStateTracker$MyHandler c=null m=11
11-15 14:00:53.032  1864  1878 I SystemServiceManager: Calling onUnlockUser u0
11-15 14:00:53.034  1864  1878 D StorageManagerService: onUnlockUser 0
11-15 14:00:53.038  1563  1565 D vold    : Linking /storage/emulated/0 to /mnt/user/0/primary
11-15 14:00:53.040  1864  1953 D StorageManagerService: Volume public:253,80 broadcasting mounted to UserHandle{0}
11-15 14:00:53.040  1864  1884 W Looper  : Drained
11-15 14:00:53.041  1864  1953 D StorageManagerService: Volume emulated broadcasting mounted to UserHandle{0}
11-15 14:00:53.049  1864  1864 W InputMethodManagerService: Illegal subtype state: old subtype = null, new subtype = android.view.inputmethod.InputMethodSubtype@70bfcd7e
11-15 14:00:53.053  1864  1877 E memtrack: Couldn't load memtrack module
11-15 14:00:53.053  1864  1877 W android.os.Debug: failed to get memory consumption info: -1
11-15 14:00:53.055  1864  1962 D WifiConfigStore: Reading from user store completed in 2 ms.
11-15 14:00:53.055  1864  1962 D WakeupConfigStoreData: WifiWake user data has been read
11-15 14:00:53.069  1864  2467 V BackupManagerService: Starting with transport com.google.android.gms/.backup.BackupTransportService
11-15 14:00:53.076  1864  1880 I ActivityManager: Start proc 2468:com.google.android.setupwizard/u0a19 for service com.google.android.setupwizard/.deferred.DeferredSetupScheduler
11-15 14:00:53.079  1864  1878 I ActivityManager: User 0 state changed from RUNNING_UNLOCKING to RUNNING_UNLOCKED
11-15 14:00:53.079  1864  1878 D SystemServerTiming: SystemUserUnlock took to complete: 337ms
11-15 14:00:53.080  1864  1962 D WifiConfigStore: Writing to stores completed in 24 ms.
11-15 14:00:53.082  2468  2468 W oid.setupwizar: Unexpected CPU variant for X86 using defaults: x86
11-15 14:00:53.082  1864  1878 V ActivityManager: Skipping ContentProviderInfo{name=com.google.android.gms.fileprovider className=com.google.android.gms.common.app.GmsFileProvider}
11-15 14:00:53.082  1864  1878 V ActivityManager: Skipping ContentProviderInfo{name=com.google.android.gms.appstate className=com.google.android.gms.appstate.provider.AppStateContentProvider}
11-15 14:00:53.082  1864  1878 V ActivityManager: Installing ContentProviderInfo{name=com.google.android.gms.auth.accountstate className=com.google.android.gms.auth.account.be.accountstate.AccountStateContentProvider}
11-15 14:00:53.083  1864  1878 V ActivityManager: Installing ContentProviderInfo{name=com.google.android.gms.auth.confirm className=com.google.android.gms.auth.account.be.accountstate.CredentialStateContentProvider}
11-15 14:00:53.083  1864  1878 V ActivityManager: Installing ContentProviderInfo{name=com.google.android.gms.auth.accounts className=com.google.android.gms.auth.account.be.legacy.AccountContentProvider}
11-15 14:00:53.083  1864  1878 V ActivityManager: Skipping ContentProviderInfo{name=com.google.android.gms.auth.proximity.multidevice.settings.provider className=com.google.android.gms.auth.proximity.multidevice.SettingsContentProvider}
11-15 14:00:53.084  1864  1878 V ActivityManager: Skipping ContentProviderInfo{name=com.google.android.location.drivingmode.provider;com.google.android.gms.carsetup.drivingmode.provider className=com.google.android.gms.carsetup.DrivingModeProvider}
11-15 14:00:53.084  1864  1878 V ActivityManager: Skipping ContentProviderInfo{name=com.google.android.gms.chromesync className=com.google.android.gms.chromesync.sync.SyncContentProvider}
11-15 14:00:53.084  1864  1878 V ActivityManager: Skipping ContentProviderInfo{name=com.google.android.gms.download className=com.google.android.gms.common.download.provider.DownloadsProvider}
11-15 14:00:53.084  1864  1878 V ActivityManager: Skipping ContentProviderInfo{name=com.google.android.gms.common.stats.net.contentprovider className=com.google.android.gms.common.stats.net.contentprovider.NetworkUsageContentProvider}
11-15 14:00:53.084  1864  1878 V ActivityManager: Skipping ContentProviderInfo{name=com.google.android.gms className=com.google.android.gms.app.search.GmsSearchIndexablesProvider}
11-15 14:00:53.084  1864  1878 V ActivityManager: Skipping ContentProviderInfo{name=com.google.android.gms.drive.sync className=com.google.android.gms.drive.metadata.sync.syncadapter.StubContentProvider}
11-15 14:00:53.084  1864  1878 V ActivityManager: Installing ContentProviderInfo{name=com.google.android.gms.fitness className=com.google.android.gms.fitness.sync.FitnessContentProvider}
11-15 14:00:53.084  1864  1878 V ActivityManager: Skipping ContentProviderInfo{name=com.google.android.gms.fonts className=com.google.android.gms.fonts.provider.FontsProvider}
11-15 14:00:53.084  1864  1878 V ActivityManager: Skipping ContentProviderInfo{name=com.google.android.gms.games.background className=com.google.android.gms.games.chimera.GamesContentProviderProxy}
11-15 14:00:53.084  1864  1878 V ActivityManager: Skipping ContentProviderInfo{name=com.google.android.gms.games className=com.google.android.gms.games.provider.NotificationStubContentProvider}
11-15 14:00:53.084  1864  1878 V ActivityManager: Skipping ContentProviderInfo{name=com.google.android.gms.icing.indexapi className=com.google.android.gms.icing.indexapi.IndexApiContentProvider}
11-15 14:00:53.084  1864  1878 V ActivityManager: Skipping ContentProviderInfo{name=com.google.android.gms.icing.proxy.sms className=com.google.android.gms.icing.proxy.SmsContentProvider}
11-15 14:00:53.084  1864  1878 V ActivityManager: Skipping ContentProviderInfo{name=com.google.android.gms.icing.proxy.apps className=com.google.android.gms.icing.proxy.AppsContentProvider}
11-15 14:00:53.084  1864  1878 V ActivityManager: Skipping ContentProviderInfo{name=com.google.android.gms.icing.proxy className=com.google.android.gms.icing.proxy.InternalIcingCorporaProvider}
11-15 14:00:53.084  1864  1878 V ActivityManager: Installing ContentProviderInfo{name=com.google.android.gms.instantapps.provider.api className=com.google.android.gms.instantapps.routing.InstantAppsContentProvider}
11-15 14:00:53.084  1864  1878 V ActivityManager: Installing ContentProviderInfo{name=com.google.android.gms.location.preferences className=com.google.android.gms.location.preferences.LocationPreferencesContentProvider}
11-15 14:00:53.085  1864  1878 V ActivityManager: Installing ContentProviderInfo{name=com.google.android.location.internal className=com.google.android.location.internal.LocationContentProvider}
11-15 14:00:53.085  1864  1878 V ActivityManager: Installing ContentProviderInfo{name=com.google.android.location.reporting className=com.google.android.location.reporting.service.utils.ReportingContentProvider}
11-15 14:00:53.085  1864  1878 V ActivityManager: Skipping ContentProviderInfo{name=com.google.android.gms.matchstick.dataprovider className=com.google.android.gms.matchstick.data.DatabaseProvider}
11-15 14:00:53.085  1864  1878 V ActivityManager: Skipping ContentProviderInfo{name=com.google.android.gms.matchstick.appdataprovider className=com.google.android.gms.matchstick.data.AppDataProvider}
11-15 14:00:53.086  1864  1878 V ActivityManager: Skipping ContentProviderInfo{name=com.google.android.gms.lighter.data className=com.google.android.gms.matchstick.data.LighterContentProvider}
11-15 14:00:53.086  1864  1878 V ActivityManager: Skipping ContentProviderInfo{name=com.google.android.gms.update.phone className=com.google.android.gms.update.OtaSuggestionSummaryProvider}
11-15 14:00:53.086  1864  1878 V ActivityManager: Skipping ContentProviderInfo{name=com.google.android.gms.people className=com.google.android.gms.people.service.PeopleContentProvider}
11-15 14:00:53.086  1864  1878 V ActivityManager: Skipping ContentProviderInfo{name=com.google.android.gms.plus;com.google.android.gms.plus.action className=com.google.android.gms.plus.provider.PlusProvider}
11-15 14:00:53.086  1864  1878 V ActivityManager: Skipping ContentProviderInfo{name=com.google.android.gms.reminders className=com.google.android.gms.reminders.provider.RemindersProvider}
11-15 14:00:53.086  1864  1878 V ActivityManager: Installing ContentProviderInfo{name=com.google.android.gms.security.provider className=com.google.android.gms.security.provider.SecurityProvider}
11-15 14:00:53.086  1864  1878 V ActivityManager: Skipping ContentProviderInfo{name=com.google.android.gms.subscribedfeeds className=com.google.android.gms.subscribedfeeds.GmsSubscribedFeedsProvider}
11-15 14:00:53.086  1864  1878 V ActivityManager: Skipping ContentProviderInfo{name=com.google.android.gms.thunderbird.config className=com.google.android.gms.thunderbird.config.EmergencyConfigContentProvider}
11-15 14:00:53.086  1864  1878 V ActivityManager: Skipping ContentProviderInfo{name=com.google.android.gms.thunderbird.settings className=com.google.android.gms.thunderbird.settings.ThunderbirdSettingsContentProvider}
11-15 14:00:53.086  1864  1878 V ActivityManager: Installing ContentProviderInfo{name=com.google.android.gms.trustagent.framework.model.be.provider className=com.google.android.gms.trustagent.framework.model.be.ModelContentProvider}
11-15 14:00:53.086  1864  1878 V ActivityManager: Skipping ContentProviderInfo{name=com.google.android.gms.wallet className=com.google.android.gms.wallet.setupwizard.PaymentsSetupWizardSuggestionStateProvider}
11-15 14:00:53.086  1864  1878 V ActivityManager: Skipping ContentProviderInfo{name=com.google.android.gms.chimera.container.sharedmoduleprovider className=com.google.android.gms.chimera.container.SharedModuleProvider}
11-15 14:00:53.086  1864  1878 V ActivityManager: Installing ContentProviderInfo{name=com.google.android.gms.lifecycle-process className=android.arch.lifecycle.ProcessLifecycleOwnerInitializer}
11-15 14:00:53.087  1864  1878 V ActivityManager: Installing ContentProviderInfo{name=com.google.android.dialer.cacheprovider className=com.google.android.apps.dialer.phonenumbercache.PhoneNumberCacheProvider}
11-15 14:00:53.087  1864  1878 V ActivityManager: Installing ContentProviderInfo{name=com.google.android.dialer.blocking.filterednumberprovider className=com.android.dialer.blocking.FilteredNumberProvider}
11-15 14:00:53.087  1864  1878 V ActivityManager: Installing ContentProviderInfo{name=com.google.android.dialer.files className=android.support.v4.content.FileProvider}
11-15 14:00:53.088  1864  1878 V ActivityManager: Installing ContentProviderInfo{name=com.google.android.dialer.annotatedcalllog className=com.android.dialer.calllog.database.AnnotatedCallLogContentProvider}
11-15 14:00:53.088  1864  1878 V ActivityManager: Installing ContentProviderInfo{name=com.google.android.dialer.phonelookuphistory className=com.android.dialer.phonelookup.database.PhoneLookupHistoryContentProvider}
11-15 14:00:53.088  1864  1878 V ActivityManager: Installing ContentProviderInfo{name=com.google.android.dialer.preferredsimfallback className=com.android.dialer.preferredsim.impl.PreferredSimFallbackProvider}
11-15 14:00:53.089  1864  1878 V ActivityManager: Installing ContentProviderInfo{name=contacts;com.android.contacts className=com.android.providers.contacts.ContactsProvider2}
11-15 14:00:53.090  1864  1878 V ActivityManager: Installing ContentProviderInfo{name=call_log className=com.android.providers.contacts.CallLogProvider}
11-15 14:00:53.090  1864  1878 V ActivityManager: Installing ContentProviderInfo{name=com.android.voicemail className=com.android.providers.contacts.VoicemailContentProvider}
11-15 14:00:53.090  1864  1878 V ActivityManager: Installing ContentProviderInfo{name=com.android.contacts.metadata className=com.android.providers.contacts.ContactMetadataProvider}
11-15 14:00:53.090  1864  1878 V ActivityManager: Installing ContentProviderInfo{name=com.android.contacts.dumpfile className=com.android.providers.contacts.debug.DumpFileProvider}
11-15 14:00:53.094  1864  1878 V ActivityManager: Installing ContentProviderInfo{name=com.google.android.inputmethod.latin.fileprovider className=com.google.android.libraries.inputmethod.fileprovider.CrashResistantFileProvider}
11-15 14:00:53.094  1864  1878 V ActivityManager: Installing ContentProviderInfo{name=com.google.android.inputmethod.latin className=com.google.android.apps.inputmethod.latin.preference.SettingsSearchIndexablesProvider}
11-15 14:00:53.094  1864  1878 V ActivityManager: Installing ContentProviderInfo{name=com.google.android.inputmethod.latin.clipboard_content className=com.google.android.apps.inputmethod.libs.clipboard.ClipboardContentProvider}
11-15 14:00:53.095  1864  1878 V ActivityManager: Skipping ContentProviderInfo{name=com.google.android.inputmethod.latin.dvrnn.trainingservice.provider className=com.google.android.apps.inputmethod.libs.dvrnn.trainingservice.ProcessNameInitializerContentProvider}
11-15 14:00:53.095  1864  1878 V ActivityManager: Installing ContentProviderInfo{name=com.google.android.inputmethod.latin.expressivestickers.megamodefileprovider className=com.google.android.libraries.stickers.megamode.MegamodeFileProvider}
11-15 14:00:53.095  1864  1878 I ActivityManager: Sending BOOT_COMPLETE user #0
11-15 14:00:53.098  2468  2468 E oid.setupwizar: Not starting debugger since process cannot load the jdwp agent.
11-15 14:00:53.111  2484  2484 W hbox:interacto: Unexpected CPU variant for X86 using defaults: x86
11-15 14:00:53.113  2105  2105 D CarrierSvcBindHelper: Received android.intent.action.USER_UNLOCKED
11-15 14:00:53.113  1864  2475 E system_server: No package ID 7f found for ID 0x7f080157.
11-15 14:00:53.113  1864  2475 E system_server: No package ID 7f found for ID 0x7f130328.
11-15 14:00:53.113  1864  2475 E system_server: No package ID 7f found for ID 0x7f130329.
11-15 14:00:53.115  1864  1880 I ActivityManager: Start proc 2484:com.google.android.googlequicksearchbox:interactor/u0a39 for service com.google.android.googlequicksearchbox/com.google.android.voiceinteraction.GsaVoiceInteractionService
11-15 14:00:53.124  1864  2475 E system_server: No package ID 7f found for ID 0x7f080158.
11-15 14:00:53.124  1864  2475 E system_server: No package ID 7f found for ID 0x7f13032a.
11-15 14:00:53.124  1864  2475 E system_server: No package ID 7f found for ID 0x7f13032b.
11-15 14:00:53.125  2122  2122 D FallbackHome: User unlocked and real home found; let's go!
11-15 14:00:53.128  2105  2105 D CarrierSvcBindHelper: No carrier app for: 0
11-15 14:00:53.128  2105  2105 D IntentBroadcaster: Rebroadcasting intent android.intent.action.SIM_STATE_CHANGED LOADED for slotId 0
11-15 14:00:53.139  1990  1990 W putmethod.lati: Accessing hidden method Landroid/os/storage/StorageManager;->inCryptKeeperBounce()Z (dark greylist, reflection)
11-15 14:00:53.144  1990  1990 W UserUnlockMonitor: Cannot find StorageManager.inCryptKeeperBounce()
11-15 14:00:53.144  1990  1990 W UserUnlockMonitor: java.lang.NoSuchMethodException: inCryptKeeperBounce []
11-15 14:00:53.144  1990  1990 W UserUnlockMonitor: 	at java.lang.Class.getMethod(Class.java:2068)
11-15 14:00:53.144  1990  1990 W UserUnlockMonitor: 	at java.lang.Class.getMethod(Class.java:1690)
11-15 14:00:53.144  1990  1990 W UserUnlockMonitor: 	at khl.b(PG:10)
11-15 14:00:53.144  1990  1990 W UserUnlockMonitor: 	at khk.onReceive(PG:4)
11-15 14:00:53.144  1990  1990 W UserUnlockMonitor: 	at android.app.LoadedApk$ReceiverDispatcher$Args.lambda$getRunnable$0(LoadedApk.java:1391)
11-15 14:00:53.144  1990  1990 W UserUnlockMonitor: 	at android.app.-$$Lambda$LoadedApk$ReceiverDispatcher$Args$_BumDX2UKsnxLVrE6UJsJZkotuA.run(Unknown Source:2)
11-15 14:00:53.144  1990  1990 W UserUnlockMonitor: 	at android.os.Handler.handleCallback(Handler.java:873)
11-15 14:00:53.144  1990  1990 W UserUnlockMonitor: 	at android.os.Handler.dispatchMessage(Handler.java:99)
11-15 14:00:53.144  1990  1990 W UserUnlockMonitor: 	at android.os.Looper.loop(Looper.java:193)
11-15 14:00:53.144  1990  1990 W UserUnlockMonitor: 	at android.app.ActivityThread.main(ActivityThread.java:6669)
11-15 14:00:53.144  1990  1990 W UserUnlockMonitor: 	at java.lang.reflect.Method.invoke(Native Method)
11-15 14:00:53.144  1990  1990 W UserUnlockMonitor: 	at com.android.internal.os.RuntimeInit$MethodAndArgsCaller.run(RuntimeInit.java:493)
11-15 14:00:53.144  1990  1990 W UserUnlockMonitor: 	at com.android.internal.os.ZygoteInit.main(ZygoteInit.java:858)
11-15 14:00:53.145  2484  2484 E hbox:interacto: Not starting debugger since process cannot load the jdwp agent.
11-15 14:00:53.151  2468  2468 I oid.setupwizar: The ClassLoaderContext is a special shared library.
11-15 14:00:53.151  1864  1880 W ActivityManager: Slow operation: 70ms so far, now at startProcess: returned from zygote!
11-15 14:00:53.160  2507  2507 W com.android.se: Unexpected CPU variant for X86 using defaults: x86
11-15 14:00:53.167  1864  1880 W ActivityManager: Slow operation: 85ms so far, now at startProcess: done updating battery stats
11-15 14:00:53.167  1864  1880 W ActivityManager: Slow operation: 86ms so far, now at startProcess: building log message
11-15 14:00:53.167  1864  1880 I ActivityManager: Start proc 2507:com.android.se/1068 for added application com.android.se
11-15 14:00:53.167  1864  1880 W ActivityManager: Slow operation: 86ms so far, now at startProcess: starting to update pids map
11-15 14:00:53.167  1864  1880 W ActivityManager: Slow operation: 86ms so far, now at startProcess: done updating pids map
11-15 14:00:53.168  1864  1880 W ActivityManager: Slow operation: 58ms so far, now at startProcess: asking zygote to start proc
11-15 14:00:53.174  1864  2475 E system_server: No package ID 7f found for ID 0x7f08015d.
11-15 14:00:53.174  1864  2475 E system_server: No package ID 7f found for ID 0x7f130393.
11-15 14:00:53.174  1864  2475 E system_server: No package ID 7f found for ID 0x7f130390.
11-15 14:00:53.174  1864  2475 E system_server: No package ID 7f found for ID 0x7f08015f.
11-15 14:00:53.174  1864  2475 E system_server: No package ID 7f found for ID 0x7f130394.
11-15 14:00:53.174  1864  2497 I ActivityManager: START u0 {act=android.intent.action.MAIN cat=[android.intent.category.HOME] flg=0x10000100 cmp=com.google.android.apps.nexuslauncher/.NexusLauncherActivity} from uid 0
11-15 14:00:53.174  1864  2475 E system_server: No package ID 7f found for ID 0x7f130391.
11-15 14:00:53.174  1864  2475 E system_server: No package ID 7f found for ID 0x7f080161.
11-15 14:00:53.174  1864  2475 E system_server: No package ID 7f found for ID 0x7f130395.
11-15 14:00:53.174  1864  2475 E system_server: No package ID 7f found for ID 0x7f130392.
11-15 14:00:53.180  2468  2468 I oid.setupwizar: The ClassLoaderContext is a special shared library.
11-15 14:00:53.191  1864  1880 W ActivityManager: Slow operation: 81ms so far, now at startProcess: returned from zygote!
11-15 14:00:53.195  2373  2500 D ContactsDatabaseHelper: WAL enabled for contacts2.db: true
11-15 14:00:53.196  2507  2507 E com.android.se: Not starting debugger since process cannot load the jdwp agent.
11-15 14:00:53.200  2517  2517 W d.process.medi: Unexpected CPU variant for X86 using defaults: x86
11-15 14:00:53.207  2517  2517 E d.process.medi: Not starting debugger since process cannot load the jdwp agent.
11-15 14:00:53.210  1864  2475 E system_server: No package ID 7f found for ID 0x7f0802d3.
11-15 14:00:53.210  1864  2475 E system_server: No package ID 7f found for ID 0x7f1303eb.
11-15 14:00:53.210  1864  2475 E system_server: No package ID 7f found for ID 0x7f0802d2.
11-15 14:00:53.210  1864  2475 E system_server: No package ID 7f found for ID 0x7f130105.
11-15 14:00:53.210  1864  2475 E system_server: No package ID 7f found for ID 0x7f1303ea.
11-15 14:00:53.210  1864  2475 E system_server: No package ID 7f found for ID 0x7f1302a4.
11-15 14:00:53.210  1864  2475 E ShortcutService: Ignoring excessive intent tag.
11-15 14:00:53.230  2430  2458 I ModuleSetMgr: Pending container Zapp APKs: [zapp:/VisionFace.optional/19629000700, zapp:/VisionOcr.optional/19629000700]
11-15 14:00:53.230  2430  2458 I ModuleSetMgr: Pending non-container Zapp APKs: [zapp:/AdsFdrDynamite.integ/21001000000, zapp:/Payments.integ/19677002000700, zapp:/PaymentsDynamite.integ/19677002000700]
11-15 14:00:53.231  1864  1864 W Looper  : Slow dispatch took 114ms main h=android.app.ActivityThread$H c=android.app.-$$Lambda$LoadedApk$ReceiverDispatcher$Args$_BumDX2UKsnxLVrE6UJsJZkotuA@afcd57e m=0
11-15 14:00:53.235  1864  1864 W NotificationListeners: Not binding notification listener service ComponentInfo{com.google.android.apps.restore/com.google.android.apps.pixelmigrate.component.NotificationConsolidatorService}: service not found
11-15 14:00:53.235  1864  1864 V NotificationAssistants: disabling notification assistant for user 0: ComponentInfo{com.google.android.ext.services/android.ext.services.notification.Assistant}
11-15 14:00:53.235  1864  1864 D NotificationListeners: Removing active service ComponentInfo{com.google.android.ext.services/android.ext.services.notification.Assistant}
11-15 14:00:53.237  1864  1880 W ActivityManager: Slow operation: 127ms so far, now at startProcess: done updating battery stats
11-15 14:00:53.237  1864  1880 W ActivityManager: Slow operation: 127ms so far, now at startProcess: building log message
11-15 14:00:53.237  1864  1880 I ActivityManager: Start proc 2517:android.process.media/u0a7 for broadcast com.android.providers.downloads/.DownloadReceiver
11-15 14:00:53.237  1864  1880 W ActivityManager: Slow operation: 127ms so far, now at startProcess: starting to update pids map
11-15 14:00:53.237  1864  1880 W ActivityManager: Slow operation: 127ms so far, now at startProcess: done updating pids map
11-15 14:00:53.237  1864  1880 W ActivityManager: Slow operation: 111ms so far, now at startProcess: asking zygote to start proc
11-15 14:00:53.238  1864  1884 I AppWidgetServiceImpl: Async processing of onUserUnlocked u0 took 179 ms
11-15 14:00:53.238  1864  1884 W Looper  : Slow dispatch took 179ms android.fg h=android.os.Handler c=com.android.server.appwidget.-$$Lambda$AppWidgetService$HIwvoPMyKqEhLVIiysgUKH8QJg8@715a1f5 m=0
11-15 14:00:53.244  1864  1864 V NotificationAssistants: enabling notification assistant for 0: ComponentInfo{com.google.android.ext.services/android.ext.services.notification.Assistant}
11-15 14:00:53.244  1864  1864 V NotificationAssistants: binding: Intent { act=android.service.notification.NotificationAssistantService cmp=com.google.android.ext.services/android.ext.services.notification.Assistant (has extras) }
11-15 14:00:53.247  1864  1884 I ActivityManager: Loading recents for user 0 into memory.
11-15 14:00:53.252  2484  2484 I hbox:interacto: The ClassLoaderContext is a special shared library.
11-15 14:00:53.262  1864  1864 I AccountManagerService: User 0 is unlocked - opening CE database
11-15 14:00:53.265  2373  2373 I ContactsPerf: VoicemailContentProvider.onCreate start
11-15 14:00:53.267  1864  1877 E memtrack: Couldn't load memtrack module
11-15 14:00:53.268  1864  1877 W android.os.Debug: failed to get memory consumption info: -1
11-15 14:00:53.284  1990  1990 I TransientFileCleaner: Deleting 0 files
11-15 14:00:53.299  2305  2305 I NetRec  : [2] NetworkRecommendationService.onCreate: Creating service.
11-15 14:00:53.301  1864  1880 W ActivityManager: Slow operation: 175ms so far, now at startProcess: returned from zygote!
11-15 14:00:53.301  1864  1880 W ActivityManager: Slow operation: 175ms so far, now at startProcess: done updating battery stats
11-15 14:00:53.301  1864  1880 W ActivityManager: Slow operation: 175ms so far, now at startProcess: building log message
11-15 14:00:53.301  1864  1880 I ActivityManager: Start proc 2545:com.google.android.googlequicksearchbox:search/u0a39 for broadcast com.google.android.googlequicksearchbox/com.google.android.apps.gsa.broadcastreceiver.external.PixelLauncherBroadcastReceiver
11-15 14:00:53.301  1864  1880 W ActivityManager: Slow operation: 175ms so far, now at startProcess: starting to update pids map
11-15 14:00:53.310  2545  2545 W earchbox:searc: Unexpected CPU variant for X86 using defaults: x86
11-15 14:00:53.317  2507  2507 I com.android.se: The ClassLoaderContext is a special shared library.
11-15 14:00:53.318  2545  2545 E earchbox:searc: Not starting debugger since process cannot load the jdwp agent.
11-15 14:00:53.318  2373  2373 I ContactsPerf: VoicemailContentProvider.onCreate finish
11-15 14:00:53.337  2517  2517 I d.process.medi: The ClassLoaderContext is a special shared library.
11-15 14:00:53.347  1864  1880 W ActivityManager: Slow operation: 175ms so far, now at startProcess: done updating pids map
11-15 14:00:53.347  1864  1880 W ActivityManager: Slow operation: 200ms so far, now at startProcess: asking zygote to start proc
11-15 14:00:53.348  1864  2475 E system_server: No package ID 7f found for ID 0x7f0803c6.
11-15 14:00:53.348  1864  2475 E system_server: No package ID 7f found for ID 0x7f130916.
